PASS __tests__/event-vocabulary.test.js (23.874 s)
  the event vocabulary cannot drift
    ✓ docs/UNIFIED_SEMANTICS.md embeds the table (3 ms)
    ✓ the Rust mapping tests read the same table (2 ms)
    ✓ every backend differs only with a stated reason (1 ms)
    ✓ restoration hands the same names to both phones (issue #212) (1 ms)
    ✓ restoration does not promise an Apple automatic reconnect (issue #212) (1 ms)
  the connection supervisor decides the same for the same event on every backend
    ✓ link-lost on react-native-android (14 ms)
    ✓ link-lost on react-native-ios (13 ms)
    ✓ link-lost on desktop-macos (11 ms)
    ✓ link-lost on desktop-windows (11 ms)
    ✓ link-lost on desktop-linux (12 ms)
    ✓ link-lost on web (13 ms)
    ✓ link-lost on tauri (13 ms)
    ✓ link-lost-during-operation on react-native-android (6 ms)
    ✓ link-lost-during-operation on react-native-ios (7 ms)
    ✓ link-lost-during-operation on desktop-macos (6 ms)
    ✓ link-lost-during-operation on desktop-windows (6 ms)
    ✓ link-lost-during-operation on desktop-linux (5 ms)
    ✓ link-lost-during-operation on web (5 ms)
    ✓ link-lost-during-operation on tauri (7 ms)
    ✓ requested-disconnect on react-native-android (12 ms)
    ✓ requested-disconnect on react-native-ios (12 ms)
    ✓ requested-disconnect on desktop-macos (12 ms)
    ✓ requested-disconnect on desktop-windows (12 ms)
    ✓ requested-disconnect on desktop-linux (12 ms)
    ✓ requested-disconnect on web (12 ms)
    ✓ requested-disconnect on tauri (12 ms)
    ✓ requested-disconnect-during-operation on react-native-android (682 ms)
    ✓ requested-disconnect-during-operation on react-native-ios (668 ms)
    ✓ requested-disconnect-during-operation on desktop-macos (727 ms)
    ✓ requested-disconnect-during-operation on desktop-windows (659 ms)
    ✓ requested-disconnect-during-operation on desktop-linux (664 ms)
    ✓ requested-disconnect-during-operation on web (639 ms)
    ✓ requested-disconnect-during-operation on tauri (626 ms)
    ✓ adapter-loss on react-native-android (11 ms)
    ✓ adapter-loss on react-native-ios (13 ms)
    ✓ adapter-loss on desktop-macos (13 ms)
    ✓ adapter-loss on desktop-windows (11 ms)
    ✓ adapter-loss on desktop-linux (12 ms)
    ✓ adapter-loss on web (13 ms)
    ✓ adapter-loss on tauri (13 ms)
    ✓ adapter-loss-during-operation on react-native-android (8 ms)
    ✓ adapter-loss-during-operation on react-native-ios (8 ms)
    ✓ adapter-loss-during-operation on desktop-macos (8 ms)
    ✓ adapter-loss-during-operation on desktop-windows (8 ms)
    ✓ adapter-loss-during-operation on desktop-linux (7 ms)
    ✓ adapter-loss-during-operation on web (8 ms)
    ✓ adapter-loss-during-operation on tauri (7 ms)
    ✓ connect-not-established on react-native-android (9 ms)
    ✓ connect-not-established on react-native-ios (7 ms)
    ✓ connect-not-established on desktop-macos (7 ms)
    ✓ connect-not-established on desktop-windows (7 ms)
    ✓ connect-not-established on desktop-linux (5 ms)
    ✓ connect-not-established on web (11 ms)
    ✓ connect-not-established on tauri (11 ms)
    ✓ connect-deadline-expired on react-native-android (6 ms)
    ✓ connect-deadline-expired on react-native-ios (7 ms)
    ✓ connect-deadline-expired on desktop-macos (6 ms)
    ✓ connect-deadline-expired on desktop-windows (8 ms)
    ✓ connect-deadline-expired on desktop-linux (10 ms)
    ✓ connect-deadline-expired on web (7 ms)
    ✓ connect-deadline-expired on tauri (8 ms)
    ✓ peer-not-found on react-native-android (643 ms)
    ✓ peer-not-found on react-native-ios (649 ms)
    ✓ peer-not-found on desktop-macos (669 ms)
    ✓ peer-not-found on desktop-windows (659 ms)
    ✓ peer-not-found on desktop-linux (662 ms)
    ✓ peer-not-found on web (648 ms)
    ✓ peer-not-found on tauri (689 ms)
    ✓ security-refused on react-native-android (658 ms)
    ✓ security-refused on react-native-ios (686 ms)
    ✓ security-refused on desktop-macos (672 ms)
    ✓ security-refused on desktop-windows (682 ms)
    ✓ security-refused on desktop-linux (659 ms)
    ✓ security-refused on web (632 ms)
    ✓ security-refused on tauri (660 ms)
    ✓ operation-timed-out on react-native-android (668 ms)
    ✓ operation-timed-out on react-native-ios (671 ms)
    ✓ operation-timed-out on desktop-macos (654 ms)
    ✓ operation-timed-out on desktop-windows (668 ms)
    ✓ operation-timed-out on desktop-linux (686 ms)
    ✓ operation-timed-out on web (667 ms)
    ✓ operation-timed-out on tauri (657 ms)
    ✓ operation-cancelled on react-native-android (666 ms)
    ✓ operation-cancelled on react-native-ios (642 ms)
    ✓ operation-cancelled on desktop-macos (654 ms)
    ✓ operation-cancelled on desktop-windows (694 ms)
    ✓ operation-cancelled on desktop-linux (639 ms)
    ✓ operation-cancelled on web (655 ms)
    ✓ operation-cancelled on tauri (652 ms)

Test Suites: 1 passed, 1 total
Tests:       89 passed, 89 total
Snapshots:   0 total
Time:        23.928 s, estimated 25 s
Ran all test suites matching /__tests__\/event-vocabulary.test.js/i.
