
> unified-ble-manager@5.0.0-rc.21 native:refresh /Users/sfourdrinier/src/trackourhealth/unified-ble-manager-rc21
> node scripts/native/native-refresh.js --only android

refresh-prebuilt-jniLibs: building armeabi-v7a/release
build-rust-cdylib: identity sourceDigest=cd9ba4a5ecdbb787c9c8868046283b17e3fef99daed66c145e6a203786a980e1 bindingSchema=034ff00cd3a144242504544cb7e707a7c4a066b269cf0ab8e06add0732bacc37
build-rust-cdylib: abi=armeabi-v7a target=armv7-linux-androideabi profile=release ndk=/Users/sfourdrinier/Library/Android/sdk/ndk/27.1.12297006 minsdk=24 toolchain=1.98.1
   Compiling ubm5_jni_echo v0.1.0 (/Users/sfourdrinier/src/trackourhealth/unified-ble-manager-rc21/bindings/jni)
    Finished `release` profile [optimized] target(s) in 4.25s
build-rust-cdylib: JNI symbols verified (gatt + echo)
build-rust-cdylib: OK /var/folders/x6/fx6xhn0j7kqbv_kndmcl_4tc0000gn/T/tmp.VXekD4SOYX/armeabi-v7a/libubm5_jni_echo.so ( 7972764 bytes)
refresh-prebuilt-jniLibs: WARN readelf absent — machine check skipped
check-elf-16k-pages: PASS abi=armeabi-v7a so=/var/folders/x6/fx6xhn0j7kqbv_kndmcl_4tc0000gn/T/tmp.VXekD4SOYX/armeabi-v7a/libubm5_jni_echo.so (4 PT_LOAD segments, all Align >= 0x4000, via /Users/sfourdrinier/Library/Android/sdk/ndk/27.1.12297006/toolchains/llvm/prebuilt/darwin-x86_64/bin/llvm-readelf)
refresh-prebuilt-jniLibs: OK armeabi-v7a (7972764 bytes)
refresh-prebuilt-jniLibs: building arm64-v8a/release
build-rust-cdylib: identity sourceDigest=cd9ba4a5ecdbb787c9c8868046283b17e3fef99daed66c145e6a203786a980e1 bindingSchema=034ff00cd3a144242504544cb7e707a7c4a066b269cf0ab8e06add0732bacc37
build-rust-cdylib: abi=arm64-v8a target=aarch64-linux-android profile=release ndk=/Users/sfourdrinier/Library/Android/sdk/ndk/27.1.12297006 minsdk=24 toolchain=1.98.1
   Compiling ubm5_jni_echo v0.1.0 (/Users/sfourdrinier/src/trackourhealth/unified-ble-manager-rc21/bindings/jni)
    Finished `release` profile [optimized] target(s) in 3.83s
build-rust-cdylib: JNI symbols verified (gatt + echo)
build-rust-cdylib: OK /var/folders/x6/fx6xhn0j7kqbv_kndmcl_4tc0000gn/T/tmp.VXekD4SOYX/arm64-v8a/libubm5_jni_echo.so ( 10208496 bytes)
refresh-prebuilt-jniLibs: WARN readelf absent — machine check skipped
check-elf-16k-pages: PASS abi=arm64-v8a so=/var/folders/x6/fx6xhn0j7kqbv_kndmcl_4tc0000gn/T/tmp.VXekD4SOYX/arm64-v8a/libubm5_jni_echo.so (4 PT_LOAD segments, all Align >= 0x4000, via /Users/sfourdrinier/Library/Android/sdk/ndk/27.1.12297006/toolchains/llvm/prebuilt/darwin-x86_64/bin/llvm-readelf)
refresh-prebuilt-jniLibs: OK arm64-v8a (10208496 bytes)
refresh-prebuilt-jniLibs: building x86_64/release
build-rust-cdylib: identity sourceDigest=cd9ba4a5ecdbb787c9c8868046283b17e3fef99daed66c145e6a203786a980e1 bindingSchema=034ff00cd3a144242504544cb7e707a7c4a066b269cf0ab8e06add0732bacc37
build-rust-cdylib: abi=x86_64 target=x86_64-linux-android profile=release ndk=/Users/sfourdrinier/Library/Android/sdk/ndk/27.1.12297006 minsdk=24 toolchain=1.98.1
   Compiling ubm5_jni_echo v0.1.0 (/Users/sfourdrinier/src/trackourhealth/unified-ble-manager-rc21/bindings/jni)
    Finished `release` profile [optimized] target(s) in 3.62s
build-rust-cdylib: JNI symbols verified (gatt + echo)
build-rust-cdylib: OK /var/folders/x6/fx6xhn0j7kqbv_kndmcl_4tc0000gn/T/tmp.VXekD4SOYX/x86_64/libubm5_jni_echo.so ( 10303200 bytes)
refresh-prebuilt-jniLibs: WARN readelf absent — machine check skipped
check-elf-16k-pages: PASS abi=x86_64 so=/var/folders/x6/fx6xhn0j7kqbv_kndmcl_4tc0000gn/T/tmp.VXekD4SOYX/x86_64/libubm5_jni_echo.so (4 PT_LOAD segments, all Align >= 0x4000, via /Users/sfourdrinier/Library/Android/sdk/ndk/27.1.12297006/toolchains/llvm/prebuilt/darwin-x86_64/bin/llvm-readelf)
refresh-prebuilt-jniLibs: OK x86_64 (10303200 bytes)
native-build-identity: wrote /Users/sfourdrinier/src/trackourhealth/unified-ble-manager-rc21/android/src/main/jniLibs/build-identity.json
native-build-identity: committed Android jniLibs verified (hash chain + current sources)
refresh-prebuilt-jniLibs: wrote /Users/sfourdrinier/src/trackourhealth/unified-ble-manager-rc21/android/src/main/jniLibs/build-identity.json
{
  "schema": "ubm-android-jnilibs-identity/1",
  "binding": "jni",
  "contractRevision": "C-UBM.0.1.2-DRAFT",
  "sourceDigest": "cd9ba4a5ecdbb787c9c8868046283b17e3fef99daed66c145e6a203786a980e1",
  "bindingSchema": "034ff00cd3a144242504544cb7e707a7c4a066b269cf0ab8e06add0732bacc37",
  "profile": "release",
  "toolchain": "1.98.1 (rustc 1.98.1 (48a229cea 2026-09-01))",
  "ndk": "27.1.12297006",
  "abis": [
    {
      "abi": "armeabi-v7a",
      "target": "armv7-linux-androideabi",
      "file": "libubm5_jni_echo.so",
      "sha256": "45c4a885154d820be69d6050daf19a69d6ede4f365625e882ab3f18c33721ec2",
      "bytes": 7972764
    },
    {
      "abi": "arm64-v8a",
      "target": "aarch64-linux-android",
      "file": "libubm5_jni_echo.so",
      "sha256": "a3a312530bb395792a4ef1774558694ea3e1597b38679a978c58dad91a24a9ae",
      "bytes": 10208496
    },
    {
      "abi": "x86_64",
      "target": "x86_64-linux-android",
      "file": "libubm5_jni_echo.so",
      "sha256": "f54da85c1a856e5ea433e3e83a70587a050364bbbfd0c0de7fec8bdde87be769",
      "bytes": 10303200
    }
  ]
}
native:refresh: android rebuilt (sourceDigest 1bb2f641b0226c4f5e7e7a3dfa7d2bfb2ab6db807b6ef3b59e587b20de58551a -> cd9ba4a5ecdbb787c9c8868046283b17e3fef99daed66c145e6a203786a980e1; bindingSchema 034ff00cd3a144242504544cb7e707a7c4a066b269cf0ab8e06add0732bacc37 -> 034ff00cd3a144242504544cb7e707a7c4a066b269cf0ab8e06add0732bacc37)
