[1mpreflight[0m FETCH_HEAD (92b89ce6d)
  workspace: /home/sfourdrinier/.cache/ubm-preflight/tree-92b89ce6d
  cargo target (shared): /home/sfourdrinier/.cache/ubm-preflight/cargo-target

[1m▶ install (frozen lockfile)[0m
  ✓ 7s
[1m▶ cargo cache (locked, all targets)[0m
[1m▶ package + tauri-plugin (parallel)[0m

[1m── summary ──[0m
[31m  ✗ package          190s  (exit 1)[0m
          + | `peer-not-found`: The peer was never observed (or chosen, on Web), so there is nothing to connect to.                                                                                                                                                                                                                                                                                                                                                                                                                                                                                                                                                                                                                                                                                                                                                                                                                                                         | `peer.not-found`         | `never`          | —                                       | —                 | connect → stop                  | none                                                                                                                                                                                                                                                                                                                                                                                                                                                                                                                                                                                                                                                                                                                                                              |
          + | `security-refused`: The peer refused an operation for lack of authentication, authorization or encryption (ATT 0x05/0x08/0x0C/0x0F, Android 137, CoreBluetooth peerRemovedPairingInformation/encryptionTimedOut, BlueZ NotAuthorized/"Not paired", Web SecurityError). Recovery: pair or repair.                                                                                                                                                                                                                                                                                                                                                                                                                                                                                                                                                                                                                                                              | `platform.security`      | `never`          | —                                       | —                 | configure → stop                | none                                                                                                                                                                                                                                                                                                                                                                                                                                                                                                                                                                                                                                                                                                                                                              |
          + | `operation-timed-out`: The operation's deadline expired before the platform answered — except a dispatched connect, whose deadline expiring before any link came up is `connect-deadline-expired` (one name for the peer not answering).                                                                                                                                                                                                                                                                                                                                                                                                                                                                                                                                                                                                                                                                                                                      | `operation.timed-out`    | `caller-decides` | —                                       | —                 | configure → stop                | none                                                                                                                                                                                                                                                                                                                                                                                                                                                                                                                                                                                                                                                                                                                                                              |
          + | `operation-cancelled`: The caller aborted the operation before the platform answered.                                                                                                                                                                                                                                                                                                                                                                                                                                                                                                                                                                                                                                                                                                                                                                                                                                                                         | `operation.aborted`      | `caller-decides` | —                                       | —                 | configure → stop                | none                                                                                                                                                                                                                                                                                                                                                                                                                                                                                                                                                                                                                                                                                                                                                              |
          + | `restoration-received`: The OS handed back known peers after the app was gone: iOS relaunched the app on a BLE event and delivered restored peripherals through `willRestoreState`; Android woke the process through Companion Device Manager device presence (API 31+) for an armed associated peer. Both phones report `restoration-received` and list the peer under `peers.restored`; a restored record does not prove that a link is live. Reconnect remains app-controlled: Android may call public `connect` with Android `when-available`; iOS may call `connect` with `when-available` for a known restored `PeerReference`, which keeps the CoreBluetooth connect outstanding until that peripheral is available. That pending connect is not automatic post-loss reconnection. After a connection succeeds, the app replays subscriptions through `subscribe`. Presence observation below API 31 has no wake; it reports `capability.unsupported`. | —                        | —                | —                                       | —                 | restore → stop                  | desktop-macos: — macOS has no OS restoration journal for a terminated app and no presence wake; the event never fires and presence observation reports `capability.unsupported` with a reason.<br>desktop-windows: — Windows has no OS restoration journal for a terminated app and no presence wake; the event never fires and presence observation reports `capability.unsupported` with a reason.<br>desktop-linux: — Linux has no OS restoration journal for a terminated app and no presence wake; the event never fires and presence observation reports `capability.unsupported` with a reason.<br>web: — Web Bluetooth has no background relaunch or presence wake; the event never fires and restoration reports `capability.unsupported` with a reason. |
          +
            <!-- EVENT-VOCABULARY:END -->
      
            43 |     }
            44 |     expect(start).toBeGreaterThanOrEqual(0)
          > 45 |     expect(doc.slice(start, end + END.length)).toBe(docBlock())
               |                                                ^
            46 |   })
            47 |
            48 |   test('the Rust mapping tests read the same table', () => {
      
            at Object.toBe (__tests__/event-vocabulary.test.js:45:48)
      
      
      Test Suites: 5 failed, 425 passed, 430 total
      Tests:       13 failed, 5420 passed, 5433 total
      Snapshots:   0 total
      Time:        138.111 s
      Ran all test suites.
       ELIFECYCLE  Command failed with exit code 1.
      full log: /home/sfourdrinier/.cache/ubm-preflight/package.log
[32m  ✓ tauri-plugin     190s[0m
[33m  – android          skipped (--fast; includes Expo reference typecheck)[0m
  total 197s

Not covered: windows/macos legs, the apple job, CoreBluetooth and WinRT
boundaries, the Node matrix, and the runner OS. Push for those.
workspace kept: /home/sfourdrinier/.cache/ubm-preflight/tree-92b89ce6d
