   Compiling windows-interface v0.59.3
   Compiling windows-implement v0.60.2
   Compiling regex-automata v0.4.18
   Compiling libsqlite3-sys v0.38.2
   Compiling ubm-desktop v0.1.0 (/Users/sfourdrinier/src/trackourhealth/unified-ble-manager-rc21/crates/ubm-desktop)
    Checking ubm-core v0.1.0 (/Users/sfourdrinier/src/trackourhealth/unified-ble-manager-rc21/crates/ubm-core)
   Compiling ubm5_napi_echo v0.1.0 (/Users/sfourdrinier/src/trackourhealth/unified-ble-manager-rc21/bindings/napi)
   Compiling ctor v0.2.9
    Checking napi v2.16.17
    Checking windows-core v0.62.2
warning: libsqlite3-sys@0.38.2: In file included from sqlite3/sqlite3.c:15053:
warning: libsqlite3-sys@0.38.2: In file included from /Applications/Xcode.app/Contents/Developer/Toolchains/XcodeDefault.xctoolchain/usr/lib/clang/21/include/intrin.h:22:
warning: libsqlite3-sys@0.38.2: In file included from /Applications/Xcode.app/Contents/Developer/Toolchains/XcodeDefault.xctoolchain/usr/lib/clang/21/include/x86intrin.h:15:
warning: libsqlite3-sys@0.38.2: In file included from /Applications/Xcode.app/Contents/Developer/Toolchains/XcodeDefault.xctoolchain/usr/lib/clang/21/include/immintrin.h:21:
warning: libsqlite3-sys@0.38.2: In file included from /Applications/Xcode.app/Contents/Developer/Toolchains/XcodeDefault.xctoolchain/usr/lib/clang/21/include/xmmintrin.h:31:
warning: libsqlite3-sys@0.38.2: /Applications/Xcode.app/Contents/Developer/Toolchains/XcodeDefault.xctoolchain/usr/lib/clang/21/include/mm_malloc.h:13:10: fatal error: 'stdlib.h' file not found
warning: libsqlite3-sys@0.38.2:    13 | #include <stdlib.h>
warning: libsqlite3-sys@0.38.2:       |          ^~~~~~~~~~
warning: libsqlite3-sys@0.38.2: 1 error generated.
error: failed to run custom build command for `libsqlite3-sys v0.38.2`

Caused by:
  process didn't exit successfully: `/Users/sfourdrinier/src/trackourhealth/unified-ble-manager-rc21/target/debug/build/libsqlite3-sys-792a84d47241e476/build-script-build` (exit status: 1)
  --- stdout
  cargo:rerun-if-env-changed=LIBSQLITE3_SYS_USE_PKG_CONFIG
  cargo:include=/Users/sfourdrinier/.cargo/registry/src/index.crates.io-1949cf8c6b5b557f/libsqlite3-sys-0.38.2/sqlite3
  cargo:rerun-if-changed=sqlite3/sqlite3.c
  cargo:rerun-if-changed=sqlite3/wasm32-wasi-vfs.c
  cargo:rerun-if-env-changed=SQLITE_MAX_VARIABLE_NUMBER
  cargo:rerun-if-env-changed=SQLITE_MAX_EXPR_DEPTH
  cargo:rerun-if-env-changed=SQLITE_MAX_COLUMN
  cargo:rerun-if-env-changed=LIBSQLITE3_FLAGS
  cargo:rerun-if-env-changed=CC_FORCE_DISABLE
  CC_FORCE_DISABLE = None
  cargo:rerun-if-env-changed=VCINSTALLDIR
  VCINSTALLDIR = None
  cargo:rerun-if-env-changed=CC_x86_64-pc-windows-msvc
  CC_x86_64-pc-windows-msvc = None
  cargo:rerun-if-env-changed=CC_x86_64_pc_windows_msvc
  CC_x86_64_pc_windows_msvc = None
  cargo:rerun-if-env-changed=TARGET_CC
  TARGET_CC = None
  cargo:rerun-if-env-changed=CC
  CC = None
  cargo:rerun-if-env-changed=CROSS_COMPILE
  CROSS_COMPILE = None
  cargo:rerun-if-env-changed=CC_ENABLE_DEBUG_OUTPUT
  cargo:rerun-if-env-changed=CRATE_CC_NO_DEFAULTS
  CRATE_CC_NO_DEFAULTS = None
  cargo:rerun-if-env-changed=CRATE_CC_NO_DEFAULTS
  CRATE_CC_NO_DEFAULTS = None
  cargo:rerun-if-env-changed=CFLAGS
  CFLAGS = None
  cargo:rerun-if-env-changed=TARGET_CFLAGS
  TARGET_CFLAGS = None
  cargo:rerun-if-env-changed=CFLAGS_x86_64_pc_windows_msvc
  CFLAGS_x86_64_pc_windows_msvc = None
  cargo:rerun-if-env-changed=CFLAGS_x86_64-pc-windows-msvc
  CFLAGS_x86_64-pc-windows-msvc = None
  cargo:rerun-if-env-changed=CFLAGS
  CFLAGS = None
  cargo:rerun-if-env-changed=TARGET_CFLAGS
  TARGET_CFLAGS = None
  cargo:rerun-if-env-changed=CFLAGS_x86_64_pc_windows_msvc
  CFLAGS_x86_64_pc_windows_msvc = None
  cargo:rerun-if-env-changed=CFLAGS_x86_64-pc-windows-msvc
  CFLAGS_x86_64-pc-windows-msvc = None
  cargo:warning=In file included from sqlite3/sqlite3.c:15053:
  cargo:warning=In file included from /Applications/Xcode.app/Contents/Developer/Toolchains/XcodeDefault.xctoolchain/usr/lib/clang/21/include/intrin.h:22:
  cargo:warning=In file included from /Applications/Xcode.app/Contents/Developer/Toolchains/XcodeDefault.xctoolchain/usr/lib/clang/21/include/x86intrin.h:15:
  cargo:warning=In file included from /Applications/Xcode.app/Contents/Developer/Toolchains/XcodeDefault.xctoolchain/usr/lib/clang/21/include/immintrin.h:21:
  cargo:warning=In file included from /Applications/Xcode.app/Contents/Developer/Toolchains/XcodeDefault.xctoolchain/usr/lib/clang/21/include/xmmintrin.h:31:
  cargo:warning=/Applications/Xcode.app/Contents/Developer/Toolchains/XcodeDefault.xctoolchain/usr/lib/clang/21/include/mm_malloc.h:13:10: fatal error: 'stdlib.h' file not found
  cargo:warning=   13 | #include <stdlib.h>
  cargo:warning=      |          ^~~~~~~~~~
  cargo:warning=1 error generated.

  --- stderr


  error occurred in cc-rs: command did not execute successfully (status code exit status: 1): LC_ALL="C" "cc" "-O0" "-ffunction-sections" "-fdata-sections" "-g" "-fno-omit-frame-pointer" "-mno-omit-leaf-frame-pointer" "-m64" "--target=x86_64-pc-windows-msvc" "-w" "-DSQLITE_CORE" "-DSQLITE_DEFAULT_FOREIGN_KEYS=1" "-DSQLITE_ENABLE_API_ARMOR" "-DSQLITE_ENABLE_COLUMN_METADATA" "-DSQLITE_ENABLE_DBSTAT_VTAB" "-DSQLITE_ENABLE_FTS3" "-DSQLITE_ENABLE_FTS3_PARENTHESIS" "-DSQLITE_ENABLE_FTS5" "-DSQLITE_ENABLE_JSON1" "-DSQLITE_ENABLE_LOAD_EXTENSION=1" "-DSQLITE_ENABLE_MEMORY_MANAGEMENT" "-DSQLITE_ENABLE_RTREE" "-DSQLITE_ENABLE_STAT4" "-DSQLITE_SOUNDEX" "-DSQLITE_THREADSAFE=1" "-DSQLITE_USE_URI" "-DHAVE_USLEEP=1" "-DHAVE_ISNAN" "-D_POSIX_THREAD_SAFE_FUNCTIONS" "-o" "/Users/sfourdrinier/src/trackourhealth/unified-ble-manager-rc21/target/x86_64-pc-windows-msvc/debug/build/libsqlite3-sys-6a3d8939f177554d/out/c877a2978823c39d-sqlite3.o" "-c" "sqlite3/sqlite3.c"


warning: build failed, waiting for other jobs to finish...
