$ logcat mount poll 0
[exit=0]
--------- beginning of system
W/ActivityTaskManager(  537): callingPackage for (uid=2000, pid=5332) has no WPC
D/CompatibilityChangeReporter(  537): Compat change id reported: 265464455; UID 10196; state: DISABLED
D/CompatibilityChangeReporter(  537): Compat change id reported: 265452344; UID 10196; state: DISABLED
D/CompatibilityChangeReporter(  537): Compat change id reported: 266124927; UID 10196; state: DISABLED
D/CompatibilityChangeReporter(  537): Compat change id reported: 265451093; UID 10196; state: DISABLED
D/CompatibilityChangeReporter(  537): Compat change id reported: 265456536; UID 10196; state: DISABLED
D/CompatibilityChangeReporter(  537): Compat change id reported: 255940284; UID 10196; state: DISABLED
D/CompatibilityChangeReporter(  537): Compat change id reported: 236283604; UID 10196; state: DISABLED
D/CompatibilityChangeReporter(  537): Compat change id reported: 263959004; UID 10196; state: DISABLED
D/CompatibilityChangeReporter(  537): Compat change id reported: 264304459; UID 10196; state: DISABLED
D/CompatibilityChangeReporter(  537): Compat change id reported: 264301586; UID 10196; state: DISABLED
D/CompatibilityChangeReporter(  537): Compat change id reported: 254631730; UID 10196; state: DISABLED
D/CompatibilityChangeReporter(  537): Compat change id reported: 273509367; UID 10196; state: DISABLED
D/CompatibilityChangeReporter(  537): Compat change id reported: 263259275; UID 10196; state: DISABLED
D/CompatibilityChangeReporter(  537): Compat change id reported: 174042980; UID 10196; state: DISABLED
D/CompatibilityChangeReporter(  537): Compat change id reported: 174042936; UID 10196; state: DISABLED
D/CompatibilityChangeReporter(  537): Compat change id reported: 181136395; UID 10196; state: DISABLED
D/CompatibilityChangeReporter(  537): Compat change id reported: 194480991; UID 10196; state: ENABLED
D/CompatibilityChangeReporter(  537): Compat change id reported: 184838306; UID 10196; state: DISABLED
D/CompatibilityChangeReporter(  537): Compat change id reported: 185004937; UID 10196; state: DISABLED
D/CompatibilityChangeReporter(  537): Compat change id reported: 205907456; UID 10196; state: ENABLED
I/ActivityTaskManager(  537): START u0 {flg=0x10000000 cmp=com.ubmprobe/.MainActivity} with LAUNCH_SINGLE_TASK from uid 2000 (BAL_ALLOW_PERMISSION) result code=0
D/CompatibilityChangeReporter(  537): Compat change id reported: 168419799; UID 10196; state: DISABLED
D/CompatibilityChangeReporter(  537): Compat change id reported: 273564678; UID 10196; state: DISABLED
V/WindowManagerShell(  749): Transition requested: android.os.BinderProxy@880a79d TransitionRequestInfo { type = OPEN, triggerTask = TaskInfo{userId=0 taskId=21 displayId=0 isRunning=true baseIntent=Intent { flg=0x10000000 cmp=com.ubmprobe/.MainActivity } baseActivity=ComponentInfo{com.ubmprobe/com.ubmprobe.MainActivity} topActivity=ComponentInfo{com.ubmprobe/com.ubmprobe.MainActivity} origActivity=null realActivity=ComponentInfo{com.ubmprobe/com.ubmprobe.MainActivity} numActivities=1 lastActiveTime=597115 supportsMultiWindow=true resizeMode=1 isResizeable=true minWidth=-1 minHeight=-1 defaultMinSize=220 token=WCT{android.window.IWindowContainerToken$Stub$Proxy@2476412} topActivityType=1 pictureInPictureParams=null shouldDockBigOverlays=false launchIntoPipHostTaskId=-1 lastParentTaskIdBeforePip=-1 displayCutoutSafeInsets=null topActivityInfo=ActivityInfo{cf47e3 com.ubmprobe.MainActivity} launchCookies=[] positionInParent=Point(0, 0) parentTaskId=-1 isFocused=false isVisible=false isVisibleRequested=false isSleeping=false topActivityInSizeCompat=false topActivityEligibleForLetterboxEducation= false topActivityLetterboxed= false isFromDoubleTap= false topActivityLetterboxVerticalPosition= -1 topActivityLetterboxHorizontalPosition= -1 topActivityLetterboxWidth=-1 topActivityLetterboxHeight=-1 locusId=null displayAreaFeatureId=1 cameraCompatControlState=hidden}, remoteTransition = null, displayChange = null }
D/CompatibilityChangeReporter(  537): Compat change id reported: 135634846; UID 10196; state: DISABLED
D/CompatibilityChangeReporter(  537): Compat change id reported: 143937733; UID 10196; state: ENABLED
--------- beginning of main
D/SplashScreenView(  749): Build android.window.SplashScreenView{c33af5e V.E...... ......ID 0,0-0,0}
D/SplashScreenView(  749): Icon: view: android.widget.ImageView{2247f3f V.ED..... ......I. 0,0-0,0 #10204f0 android:id/splashscreen_icon_view} drawable: com.android.wm.shell.startingsurface.SplashscreenIconDrawableFactory$ImmobileIconDrawable@209900c size: 420
D/SplashScreenView(  749): Branding: view: android.view.View{d3e2d55 G.ED..... ......I. 0,0-0,0 #10204ef android:id/splashscreen_branding_view} drawable: null size w: 0 h: 0
D/CompatibilityChangeReporter(  537): Compat change id reported: 265195908; UID 10196; state: ENABLED
D/CoreBackPreview(  537): Window{7044d4a u0 Splash Screen com.ubmprobe}: Setting back callback OnBackInvokedCallbackInfo{mCallback=android.window.IOnBackInvokedCallback$Stub$Proxy@2f32531, mPriority=0, mIsAnimationCallback=false}
D/Zygote  (  356): Forked child process 5335
I/ActivityManager(  537): Start proc 5335:com.ubmprobe/u0a196 for next-top-activity {com.ubmprobe/com.ubmprobe.MainActivity}
I/BpBinder(  413): onLastStrongRef automatically unlinking death recipients: 
I/com.ubmprobe( 5335): Late-enabling -Xcheck:jni
V/WindowManager(  537): Sent Transition #18 createdAt=09-17 16:27:51.985 via request=TransitionRequestInfo { type = OPEN, triggerTask = TaskInfo{userId=0 taskId=21 displayId=0 isRunning=true baseIntent=Intent { flg=0x10000000 cmp=com.ubmprobe/.MainActivity } baseActivity=ComponentInfo{com.ubmprobe/com.ubmprobe.MainActivity} topActivity=ComponentInfo{com.ubmprobe/com.ubmprobe.MainActivity} origActivity=null realActivity=ComponentInfo{com.ubmprobe/com.ubmprobe.MainActivity} numActivities=1 lastActiveTime=597115 supportsMultiWindow=true resizeMode=1 isResizeable=true minWidth=-1 minHeight=-1 defaultMinSize=220 token=WCT{RemoteToken{b5df033 Task{47fcd9f #21 type=standard A=10196:com.ubmprobe}}} topActivityType=1 pictureInPictureParams=null shouldDockBigOverlays=false launchIntoPipHostTaskId=-1 lastParentTaskIdBeforePip=-1 displayCutoutSafeInsets=null topActivityInfo=ActivityInfo{a0fff0 com.ubmprobe.MainActivity} launchCookies=[] positionInParent=Point(0, 0) parentTaskId=-1 isFocused=false isVisible=false isVisibleRequested=false isSleeping=false topActivityInSizeCompat=false topActivityEligibleForLetterboxEducation= false topActivityLetterboxed= false isFromDoubleTap= false topActivityLetterboxVerticalPosition= -1 topActivityLetterboxHorizontalPosition= -1 topActivityLetterboxWidth=-1 topActivityLetterboxHeight=-1 locusId=null displayAreaFeatureId=1 cameraCompatControlState=hidden}, remoteTransition = null, displayChange = null }
V/WindowManager(  537):     startWCT=WindowContainerTransaction { changes = {} hops = [] errorCallbackToken=null taskFragmentOrganizer=null }
V/WindowManager(  537):     info={id=18 t=OPEN f=0x0 trk=0 r=[0@Point(0, 0)] c=[{WCT{RemoteToken{b5df033 Task{47fcd9f #21 type=standard A=10196:com.ubmprobe}}} m=OPEN f=NONE leash=Surface(name=Task=21)/@0x8f7d197 sb=Rect(0, 0 - 1080, 1920) eb=Rect(0, 0 - 1080, 1920) d=0},{WCT{RemoteToken{ce8741b Task{5ab74cf #1 type=home}}} m=TO_BACK f=SHOW_WALLPAPER leash=Surface(name=Task=1)/@0xdf80a45 sb=Rect(0, 0 - 1080, 1920) eb=Rect(0, 0 - 1080, 1920) d=0}]}
V/WindowManagerShell(  749): onTransitionReady android.os.BinderProxy@880a79d: {id=18 t=OPEN f=0x0 trk=0 r=[0@Point(0, 0)] c=[{WCT{android.window.IWindowContainerToken$Stub$Proxy@2cf5c2} m=OPEN f=NONE leash=Surface(name=Task=21)/@0x90d1737 sb=Rect(0, 0 - 1080, 1920) eb=Rect(0, 0 - 1080, 1920) d=0},{WCT{android.window.IWindowContainerToken$Stub$Proxy@c11efd3} m=TO_BACK f=SHOW_WALLPAPER leash=Surface(name=Task=1)/@0x32fd4a4 sb=Rect(0, 0 - 1080, 1920) eb=Rect(0, 0 - 1080, 1920) d=0}]}
V/WindowManagerShell(  749): Playing animation for (#18)android.os.BinderProxy@880a79d@0
V/WindowManagerShell(  749):  try handler com.android.wm.shell.transition.DefaultMixedHandler@c1bbb0b
V/WindowManagerShell(  749):  try handler com.android.wm.shell.keyguard.KeyguardTransitionHandler@4e2de8
V/WindowManagerShell(  749):  try handler com.android.wm.shell.activityembedding.ActivityEmbeddingController@cb66c01
V/WindowManagerShell(  749):  try handler com.android.wm.shell.recents.RecentsTransitionHandler@85a7aa6
V/ShellRecents(  749): RecentsTransitionHandler.startAnimation: no controller found
V/WindowManagerShell(  749):  try handler com.android.wm.shell.pip.PipTransition@248fce7
V/WindowManagerShell(  749):  try handler com.android.wm.shell.splitscreen.StageCoordinator@7cc4094
V/WindowManagerShell(  749):  try handler com.android.wm.shell.transition.RemoteTransitionHandler@41cc73d
V/WindowManagerShell(  749): Transition doesn't have explicit remote, search filters for match for {id=18 t=OPEN f=0x0 trk=0 r=[0@Point(0, 0)] c=[{WCT{android.window.IWindowContainerToken$Stub$Proxy@2cf5c2} m=OPEN f=NONE leash=Surface(name=Task=21)/@0x90d1737 sb=Rect(0, 0 - 1080, 1920) eb=Rect(0, 0 - 1080, 1920) d=0},{WCT{android.window.IWindowContainerToken$Stub$Proxy@c11efd3} m=TO_BACK f=SHOW_WALLPAPER leash=Surface(name=Task=1)/@0x32fd4a4 sb=Rect(0, 0 - 1080, 1920) eb=Rect(0, 0 - 1080, 1920) d=0}]}
V/WindowManagerShell(  749):  Checking filter Pair{{types=[] flags=0x0] notFlags=0x0 checks=[{atype=dream independent=true modes=[OPEN,TO_FRONT] flags=NONE mustBeTask=false order=ANY topActivity=null},{atype=home independent=true modes=[CLOSE,TO_BACK] flags=NONE mustBeTask=false order=ANY topActivity=null}]} RemoteTransition { remoteTransition = android.window.IRemoteTransition$Stub$Proxy@90d18e6, appThread = android.app.IApplicationThread$Stub$Proxy@dde27, debugName = LauncherToDream }}
V/WindowManagerShell(  749):  Checking filter Pair{{types=[] flags=0x0] notFlags=0x100 checks=[{atype=home independent=true modes=[OPEN,TO_FRONT] flags=NONE mustBeTask=false order=TOP topActivity=ComponentInfo{com.google.android.apps.nexuslauncher/com.google.android.apps.nexuslauncher.NexusLauncherActivity}},{atype=standard independent=true modes=[CLOSE,TO_BACK] flags=NONE mustBeTask=false order=ANY topActivity=null}]} RemoteTransition { remoteTransition = android.window.IRemoteTransition$Stub$Proxy@8c1a8d4, appThread = android.app.IApplicationThread$Stub$Proxy@3ddaa7d, debugName = QuickstepLaunchHome }}
V/WindowManagerShell(  749):  Delegate animation for #18 to null
V/WindowManagerShell(  749):  try handler com.android.wm.shell.transition.DefaultTransitionHandler@cec387e
V/WindowManagerShell(  749): start default transition animation, info = {id=18 t=OPEN f=0x0 trk=0 r=[0@Point(0, 0)] c=[{WCT{android.window.IWindowContainerToken$Stub$Proxy@2cf5c2} m=OPEN f=NONE leash=Surface(name=Task=21)/@0x90d1737 sb=Rect(0, 0 - 1080, 1920) eb=Rect(0, 0 - 1080, 1920) d=0},{WCT{android.window.IWindowContainerToken$Stub$Proxy@c11efd3} m=TO_BACK f=SHOW_WALLPAPER leash=Surface(name=Task=1)/@0x32fd4a4 sb=Rect(0, 0 - 1080, 1920) eb=Rect(0, 0 - 1080, 1920) d=0}]}
V/WindowManagerShell(  749): loadAnimation: anim=android.view.animation.AnimationSet@e17143c animAttr=0x13 type=OPEN isEntrance=false
V/WindowManagerShell(  749): loadAnimation: anim=android.view.animation.AnimationSet@a5f3828 animAttr=0x12 type=OPEN isEntrance=true
V/WindowManagerShell(  749):  animated by com.android.wm.shell.transition.DefaultTransitionHandler@cec387e
D/EGL_emulation( 1281): app_time_stats: avg=257.60ms min=13.95ms max=1928.39ms count=8
I/com.ubmprobe( 5335): Using CollectorTypeCC GC.
W/com.ubmprobe( 5335): Unexpected CPU variant for x86: x86_64.
W/com.ubmprobe( 5335): Known variants: atom, sandybridge, silvermont, goldmont, goldmont-plus, tremont, kabylake, default
D/EGL_emulation(  749): app_time_stats: avg=10506.30ms min=10506.30ms max=10506.30ms count=1
I/adbd    (  436): jdwp connection from 5335
D/CompatibilityChangeReporter( 5335): Compat change id reported: 171979766; UID 10196; state: ENABLED
D/CompatibilityChangeReporter( 5335): Compat change id reported: 242716250; UID 10196; state: ENABLED
D/CompatibilityChangeReporter(  537): Compat change id reported: 170503758; UID 10196; state: ENABLED
D/ApplicationLoaders( 5335): Returning zygote-cached class loader: /system_ext/framework/androidx.window.extensions.jar
D/ApplicationLoaders( 5335): Returning zygote-cached class loader: /system_ext/framework/androidx.window.sidecar.jar
W/ziparchive( 5335): Unable to open '/data/app/~~lgztls_FEgpxGC91z4vIsQ==/com.ubmprobe-bLTFeWMKNR5a5jxS6DUsPg==/base.dm': No such file or directory
W/ziparchive( 5335): Unable to open '/data/app/~~lgztls_FEgpxGC91z4vIsQ==/com.ubmprobe-bLTFeWMKNR5a5jxS6DUsPg==/base.dm': No such file or directory
D/nativeloader( 5335): Configuring clns-6 for other apk /data/app/~~lgztls_FEgpxGC91z4vIsQ==/com.ubmprobe-bLTFeWMKNR5a5jxS6DUsPg==/base.apk. target_sdk_version=36, uses_libraries=, library_path=/data/app/~~lgztls_FEgpxGC91z4vIsQ==/com.ubmprobe-bLTFeWMKNR5a5jxS6DUsPg==/lib/x86_64:/data/app/~~lgztls_FEgpxGC91z4vIsQ==/com.ubmprobe-bLTFeWMKNR5a5jxS6DUsPg==/base.apk!/lib/x86_64, permitted_path=/data:/mnt/expand:/data/user/0/com.ubmprobe
V/GraphicsEnvironment( 5335): Currently set values for:
V/GraphicsEnvironment( 5335):   angle_gl_driver_selection_pkgs=[]
V/GraphicsEnvironment( 5335):   angle_gl_driver_selection_values=[]
V/GraphicsEnvironment( 5335): ANGLE GameManagerService for com.ubmprobe: false
V/GraphicsEnvironment( 5335): com.ubmprobe is not listed in per-application setting
V/GraphicsEnvironment( 5335): Neither updatable production driver nor prerelease driver is supported.
W/SoLoader( 5335): Initializing SoLoader: 0
W/SoLoader( 5335): Recording new base apk path: /data/app/~~lgztls_FEgpxGC91z4vIsQ==/com.ubmprobe-bLTFeWMKNR5a5jxS6DUsPg==/base.apk
W/SoLoader( 5335): Previously recorded 0 base apk paths.
I/SoLoader( 5335): Preparing SO source: DirectorySoSource[root = /vendor/lib64 flags = 2]
I/SoLoader( 5335): Preparing SO source: DirectorySoSource[root = /system/lib64 flags = 2]
I/SoLoader( 5335): Preparing SO source: DirectApkSoSource[root = [/data/app/~~lgztls_FEgpxGC91z4vIsQ==/com.ubmprobe-bLTFeWMKNR5a5jxS6DUsPg==/base.apk!/lib/x86_64]]
I/SoLoader( 5335): Preparing SO source: ApplicationSoSource[DirectorySoSource[root = /data/app/~~lgztls_FEgpxGC91z4vIsQ==/com.ubmprobe-bLTFeWMKNR5a5jxS6DUsPg==/lib/x86_64 flags = 0]]
I/SoLoader( 5335): init finish: 4 SO sources prepared
W/SoLoader( 5335): SoLoader initialized: 8
V/WindowManagerShell(  749): Transition animation finished (aborted=false), notifying core (#18)android.os.BinderProxy@880a79d@0
V/WindowManager(  537): Finish Transition #18: created at 09-17 16:27:51.985 collect-started=0.023ms request-sent=3.268ms started=5.397ms ready=38.99ms sent=40.171ms finished=329.078ms
V/WindowManagerShell(  749): Track 0 became idle
V/WindowManagerShell(  749): All active transition animations finished
D/EGL_emulation(  749): app_time_stats: avg=111.83ms min=16.73ms max=617.08ms count=11
D/jni_lib_merge( 5335): Entering merged library JNI_OnLoad.
D/jni_lib_merge( 5335): Preparing 13 pre-merged libs (including stub)
D/jni_lib_merge( 5335): Preparing to register libfabricjni_so.  onload_func: 0x70fd65c89530
D/jni_lib_merge( 5335): Preparing to register libreact_devsupportjni_so.  onload_func: 0x70fd65ed5110
D/jni_lib_merge( 5335): Preparing to register libreact_featureflagsjni_so.  onload_func: 0x70fd65ee79a0
D/jni_lib_merge( 5335): Preparing to register libreact_newarchdefaults_so.  onload_func: 0x70fd65f90560
D/jni_lib_merge( 5335): Preparing to register libreact_tracingjni_so.  onload_func: 0x70fd66292bb0
D/jni_lib_merge( 5335): Preparing to register libreactnativeblob_so.  onload_func: 0x70fd662a5b00
D/jni_lib_merge( 5335): Preparing to register libreactnativejni_so.  onload_func: 0x70fd662c8d70
D/jni_lib_merge( 5335): Preparing to register libreactnativejni_common_so.  onload_func: 0x70fd662ce860
D/jni_lib_merge( 5335): Preparing to register librninstance_so.  onload_func: 0x70fd6634b590
D/jni_lib_merge( 5335): Preparing to register libturbomodulejsijni_so.  onload_func: 0x70fd664ae3b0
D/jni_lib_merge( 5335): Preparing to register libuimanagerjni_so.  onload_func: 0x70fd664c4780
D/jni_lib_merge( 5335): Preparing to register libyoga_so.  onload_func: 0x70fd664d3780
D/jni_lib_merge( 5335): About to register 12 actual methods.
I/ActivityManager(  537): Flag disabled. Ignoring finishAttachApplication from uid: 10196. pid: 5335
D/libEGL  ( 5335): loaded /vendor/lib64/egl/libEGL_emulation.so
D/libEGL  ( 5335): loaded /vendor/lib64/egl/libGLESv1_CM_emulation.so
D/libEGL  ( 5335): loaded /vendor/lib64/egl/libGLESv2_emulation.so
D/AppCompatDelegate( 5335): Checking for metadata for AppLocalesMetadataHolderService : Service not found
D/jni_lib_merge( 5335): Entering merged library JNI_OnLoad.
D/jni_lib_merge( 5335): Preparing 4 pre-merged libs (including stub)
D/jni_lib_merge( 5335): Preparing to register libhermes_executor_so.  onload_func: 0x70fd6bac06e0
D/jni_lib_merge( 5335): Preparing to register libhermesinstancejni_so.  onload_func: 0x70fd6baecb60
D/jni_lib_merge( 5335): Preparing to register libjsijniprofiler_so.  onload_func: 0x70fd6baee900
D/jni_lib_merge( 5335): About to register 3 actual methods.
D/CompatibilityChangeReporter(  537): Compat change id reported: 161145287; UID 10196; state: ENABLED
D/TrafficStats( 5335): tagSocket(79) with statsTag=0xffffffff, statsUid=-1
W/unknown:BridgelessReact( 5335): ReactHost{0}.startSurface(surfaceId = 0): Schedule
W/unknown:BridgelessReact( 5335): ReactHost{0}.attachSurface(surfaceId = 0)
W/unknown:BridgelessReact( 5335): ReactHost{0}.getOrCreateReactInstanceTask()
W/unknown:BridgelessReact( 5335): ReactHost{0}.getOrCreateReactInstanceTask(): Start
W/unknown:BridgelessReact( 5335): ReactHost{0}.getJSBundleLoader()
W/unknown:BridgelessReact( 5335): ReactHost{0}.isMetroRunning()
D/TrafficStats( 5335): tagSocket(81) with statsTag=0xffffffff, statsUid=-1
W/com.ubmprobe( 5335): Accessing hidden method Landroid/view/ViewGroup;->makeOptionalFitsSystemWindows()V (unsupported, reflection, allowed)
W/unknown:BridgelessReact( 5335): ReactHost{0}.onHostResume(activity)
W/unknown:ReactNative( 5335): Packager connection already open, nooping.
D/CompatibilityChangeReporter( 5335): Compat change id reported: 237531167; UID 10196; state: DISABLED
W/OpenGLRenderer( 5335): Unknown dataspace 0
D/CoreBackPreview(  537): Window{259b09e u0 com.ubmprobe/com.ubmprobe.MainActivity}: Setting back callback OnBackInvokedCallbackInfo{mCallback=android.window.IOnBackInvokedCallback$Stub$Proxy@b480f95, mPriority=0, mIsAnimationCallback=false}
W/OpenGLRenderer( 5335): Failed to initialize 101010-2 format, error = EGL_SUCCESS
I/hwservicemanager(  162): getTransport: Cannot find entry android.hardware.graphics.mapper@4.0::IMapper/default in either framework or device VINTF manifest.
I/Gralloc4( 5335): mapper 4.x is not supported
--------- beginning of kernel
I/servicemanager(    0): Could not find android.hardware.graphics.allocator.IAllocator/default in the VINTF manifest.
W/ziparchive(  537): Unable to open '/data/app/~~lgztls_FEgpxGC91z4vIsQ==/com.ubmprobe-bLTFeWMKNR5a5jxS6DUsPg==/base.dm': No such file or directory
I/ActivityTaskManager(  537): Displayed com.ubmprobe/.MainActivity for user 0: +742ms
D/OneSearchSuggestProvider( 1281): Shut down the binder channel
I/IPCThreadState( 1281): oneway function results for code 2 on binder at 0x70ff237dc990 will be dropped but finished with status UNKNOWN_TRANSACTION
I/ImeTracker( 1281): com.google.android.apps.nexuslauncher:4df47a28: onRequestHide at ORIGIN_CLIENT_HIDE_SOFT_INPUT reason HIDE_SOFT_INPUT
I/ImeTracker(  537): com.google.android.apps.nexuslauncher:4df47a28: onCancelled at PHASE_SERVER_SHOULD_HIDE
W/unknown:BridgelessReact( 5335): ReactHost{0}.raiseSoftException(onWindowFocusChange(hasFocus = "true")): Tried to access onWindowFocusChange while context is not ready
E/unknown:ReactHost( 5335): Unhandled SoftException
E/unknown:ReactHost( 5335): com.facebook.react.bridge.ReactNoCrashSoftException: raiseSoftException(onWindowFocusChange(hasFocus = "true")): Tried to access onWindowFocusChange while context is not ready
E/unknown:ReactHost( 5335): 	at com.facebook.react.runtime.ReactHostImpl.raiseSoftException(ReactHostImpl.kt:919)
E/unknown:ReactHost( 5335): 	at com.facebook.react.runtime.ReactHostImpl.raiseSoftException$default(ReactHostImpl.kt:910)
E/unknown:ReactHost( 5335): 	at com.facebook.react.runtime.ReactHostImpl.onWindowFocusChange(ReactHostImpl.kt:682)
E/unknown:ReactHost( 5335): 	at com.facebook.react.ReactDelegate.onWindowFocusChanged(ReactDelegate.kt:229)
E/unknown:ReactHost( 5335): 	at com.facebook.react.ReactActivityDelegate.onWindowFocusChanged(ReactActivityDelegate.java:235)
E/unknown:ReactHost( 5335): 	at com.facebook.react.ReactActivity.onWindowFocusChanged(ReactActivity.java:161)
E/unknown:ReactHost( 5335): 	at androidx.appcompat.view.WindowCallbackWrapper.onWindowFocusChanged(WindowCallbackWrapper.java:124)
E/unknown:ReactHost( 5335): 	at com.android.internal.policy.DecorView.onWindowFocusChanged(DecorView.java:1788)
E/unknown:ReactHost( 5335): 	at android.view.View.dispatchWindowFocusChanged(View.java:15933)
E/unknown:ReactHost( 5335): 	at android.view.ViewGroup.dispatchWindowFocusChanged(ViewGroup.java:1509)
E/unknown:ReactHost( 5335): 	at android.view.ViewRootImpl.dispatchFocusEvent(ViewRootImpl.java:4059)
E/unknown:ReactHost( 5335): 	at android.view.ViewRootImpl.handleWindowFocusChanged(ViewRootImpl.java:3963)
E/unknown:ReactHost( 5335): 	at android.view.ViewRootImpl.-$$Nest$mhandleWindowFocusChanged(Unknown Source:0)
E/unknown:ReactHost( 5335): 	at android.view.ViewRootImpl$ViewRootHandler.handleMessageImpl(ViewRootImpl.java:5954)
E/unknown:ReactHost( 5335): 	at android.view.ViewRootImpl$ViewRootHandler.handleMessage(ViewRootImpl.java:5862)
E/unknown:ReactHost( 5335): 	at android.os.Handler.dispatchMessage(Handler.java:106)
E/unknown:ReactHost( 5335): 	at android.os.Looper.loopOnce(Looper.java:205)
E/unknown:ReactHost( 5335): 	at android.os.Looper.loop(Looper.java:294)
E/unknown:ReactHost( 5335): 	at android.app.ActivityThread.main(ActivityThread.java:8177)
E/unknown:ReactHost( 5335): 	at java.lang.reflect.Method.invoke(Native Method)
E/unknown:ReactHost( 5335): 	at com.android.internal.os.RuntimeInit$MethodAndArgsCaller.run(RuntimeInit.java:552)
E/unknown:ReactHost( 5335): 	at com.android.internal.os.ZygoteInit.main(ZygoteInit.java:971)
D/CompatibilityChangeReporter(  537): Compat change id reported: 214016041; UID 10196; state: ENABLED
I/ImeTracker(  537): com.ubmprobe:39c3c642: onRequestHide at ORIGIN_SERVER_HIDE_INPUT reason HIDE_UNSPECIFIED_WINDOW
I/ImeTracker(  537): com.ubmprobe:39c3c642: onCancelled at PHASE_SERVER_SHOULD_HIDE
D/BtGatt.ScanManager(  864): uid 10128 isForeground true scanMode -1
I/GoogleInputMethodService( 1416): GoogleInputMethodService.onFinishInput():3227 
I/GoogleInputMethodService( 1416): GoogleInputMethodService.updateDeviceLockedStatus():2087 repeatCheckTimes = 0, unlocked = true
I/GoogleInputMethodService( 1416): GoogleInputMethodService.onStartInput():1877 onStartInput(EditorInfo{inputType=0x0(NULL) imeOptions=0x0 privateImeOptions=null actionName=UNSPECIFIED actionLabel=null actionId=0 initialSelStart=-1 initialSelEnd=-1 initialCapsMode=0x0 hintText=null label=null packageName=com.ubmprobe fieldId=0 fieldName=null extras=null}, false)
I/GoogleInputMethodService( 1416): GoogleInputMethodService.shouldHideHeaderOnInitialState():4008 ShouldHideHeaderOnInitialState = false
I/GoogleInputMethodService( 1416): GoogleInputMethodService.updateDeviceLockedStatus():2087 repeatCheckTimes = 2, unlocked = true
D/BtGatt.ScanManager(  864): uid 10128 isForeground true scanMode -1
I/FontLog ( 1150): Received query Noto Color Emoji Compat, URI content://com.google.android.gms.fonts [CONTEXT service_id=132 ]
I/FontLog ( 1150): Query [emojicompat-emoji-font] resolved to {Noto Color Emoji Compat, wdth 100.0, wght 400, ital 0.0, bestEffort false} [CONTEXT service_id=132 ]
I/FontLog ( 1150): Fetch {Noto Color Emoji Compat, wdth 100.0, wght 400, ital 0.0, bestEffort false} end status Status{statusCode=SUCCESS, resolution=null} [CONTEXT service_id=132 ]
I/FontLog ( 1150): Pulling font file for id = 15, cache size = 6 [CONTEXT service_id=132 ]
I/FontLog ( 1150): Pulling font file for id = 15, cache size = 6 [CONTEXT service_id=132 ]
W/WindowOnBackDispatcher(  749): sendCancelIfRunning: isInProgress=falsecallback=android.view.ViewRootImpl$$ExternalSyntheticLambda17@a07636a
W/InputManager-JNI(  537): Input channel object '7044d4a Splash Screen com.ubmprobe (client)' was disposed without first being removed with the input manager!
D/CoreBackPreview(  537): Window{7044d4a u0 Splash Screen com.ubmprobe EXITING}: Setting back callback null
D/EGL_emulation(  749): app_time_stats: avg=16.80ms min=0.59ms max=50.79ms count=54
W/unknown:BridgelessReact( 5335): ReactHost{0}.isMetroRunning(): Async result = true
W/unknown:BridgelessReact( 5335): ReactHost{0}.loadJSBundleFromMetro()
D/CompatibilityChangeReporter( 5335): Compat change id reported: 210923482; UID 10196; state: ENABLED
D/CoreBackPreview(  537): Window{7119803 u0 PopupWindow:29f2c9e}: Setting back callback OnBackInvokedCallbackInfo{mCallback=android.window.IOnBackInvokedCallback$Stub$Proxy@76b3db9, mPriority=0, mIsAnimationCallback=false}
W/WindowOnBackDispatcher( 5335): sendCancelIfRunning: isInProgress=falsecallback=android.view.ViewRootImpl$$ExternalSyntheticLambda17@b82a89b
W/unknown:BridgelessReact( 5335): ReactHost{0}.loadJSBundleFromMetro(): Creating BundleLoader
D/CoreBackPreview(  537): Window{7119803 u0 PopupWindow:29f2c9e}: Setting back callback null
W/unknown:BridgelessReact( 5335): ReactHost{0}.getOrCreateReactInstanceTask(): Creating BridgelessReactContext
W/InputManager-JNI(  537): Input channel object '7119803 PopupWindow:29f2c9e (client)' was disposed without first being removed with the input manager!
W/unknown:BridgelessReact( 5335): ReactHost{0}.getOrCreateReactInstanceTask(): Creating ReactInstance
D/TrafficStats( 5335): tagSocket(104) with statsTag=0xffffffff, statsUid=-1
W/unknown:BridgelessReact( 5335): ReactHost{0}.getOrCreateReactInstanceTask(): Loading JS Bundle
W/unknown:BridgelessReact( 5335): ReactHost{0}.getOrCreateReactInstanceTask(): DevSupportManager.onNewReactContextCreated()
W/unknown:ReactNative( 5335): Packager connection already open, nooping.
W/unknown:BridgelessReact( 5335): ReactHost{0}.startSurface(surfaceId = 0): Execute
W/unknown:BridgelessReact( 5335): ReactHost{0}.ReactContext.onHostResume()
W/unknown:BridgelessReact( 5335): ReactHost{0}.getOrCreateReactInstanceTask(): Executing ReactInstanceEventListeners
I/WebViewFactory( 5335): Loading com.google.android.webview version 113.0.5672.136 (code 567263637)
W/ziparchive( 5335): Unable to open '/data/app/~~bUmJ5FC0feGZjAMnkSYJmg==/com.google.android.trichromelibrary_567263637-u7uBci3WP44XNugmNcd9bQ==/TrichromeLibrary.dm': No such file or directory
W/ziparchive( 5335): Unable to open '/data/app/~~bUmJ5FC0feGZjAMnkSYJmg==/com.google.android.trichromelibrary_567263637-u7uBci3WP44XNugmNcd9bQ==/TrichromeLibrary.dm': No such file or directory
W/com.ubmprobe( 5335): Entry not found
D/nativeloader( 5335): Configuring clns-7 for other apk /data/app/~~bUmJ5FC0feGZjAMnkSYJmg==/com.google.android.trichromelibrary_567263637-u7uBci3WP44XNugmNcd9bQ==/TrichromeLibrary.apk. target_sdk_version=34, uses_libraries=ALL, library_path=/data/app/~~748pTeMuw3lqJa8vQRkT1A==/com.google.android.webview-CfXryH9_KbTZ6IIS5ngpww==/lib/x86_64:/data/app/~~748pTeMuw3lqJa8vQRkT1A==/com.google.android.webview-CfXryH9_KbTZ6IIS5ngpww==/WebViewGoogle.apk!/lib/x86_64:/data/app/~~bUmJ5FC0feGZjAMnkSYJmg==/com.google.android.trichromelibrary_567263637-u7uBci3WP44XNugmNcd9bQ==/TrichromeLibrary.apk!/lib/x86_64, permitted_path=/data:/mnt/expand
D/nativeloader( 5335): Configuring clns-8 for other apk /data/app/~~748pTeMuw3lqJa8vQRkT1A==/com.google.android.webview-CfXryH9_KbTZ6IIS5ngpww==/WebViewGoogle.apk. target_sdk_version=34, uses_libraries=, library_path=/data/app/~~748pTeMuw3lqJa8vQRkT1A==/com.google.android.webview-CfXryH9_KbTZ6IIS5ngpww==/lib/x86_64:/data/app/~~748pTeMuw3lqJa8vQRkT1A==/com.google.android.webview-CfXryH9_KbTZ6IIS5ngpww==/WebViewGoogle.apk!/lib/x86_64:/data/app/~~bUmJ5FC0feGZjAMnkSYJmg==/com.google.android.trichromelibrary_567263637-u7uBci3WP44XNugmNcd9bQ==/TrichromeLibrary.apk!/lib/x86_64, permitted_path=/data:/mnt/expand
I/AppsFilter(  537): interaction: PackageSetting{164047b com.ubmprobe/10196} -> PackageSetting{524c350 com.android.cts.priv.ctsshim/10178} BLOCKED
I/AppsFilter(  537): interaction: PackageSetting{164047b com.ubmprobe/10196} -> PackageSetting{409b949 com.google.android.youtube/10139} BLOCKED
I/AppsFilter(  537): interaction: PackageSetting{164047b com.ubmprobe/10196} -> PackageSetting{caec9cb com.android.internal.display.cutout.emulation.corner/10022} BLOCKED
I/AppsFilter(  537): interaction: PackageSetting{164047b com.ubmprobe/10196} -> PackageSetting{5e9f5a8 com.android.internal.display.cutout.emulation.double/10045} BLOCKED
I/AppsFilter(  537): interaction: PackageSetting{164047b com.ubmprobe/10196} -> PackageSetting{60e524e com.google.android.googlequicksearchbox/10132} BLOCKED
I/AppsFilter(  537): interaction: PackageSetting{164047b com.ubmprobe/10196} -> PackageSetting{780ff6f com.google.android.onetimeinitializer/10125} BLOCKED
I/AppsFilter(  537): interaction: PackageSetting{164047b com.ubmprobe/10196} -> PackageSetting{e9ac47c com.google.android.ext.shared/10101} BLOCKED
I/AppsFilter(  537): interaction: PackageSetting{164047b com.ubmprobe/10196} -> PackageSetting{dbcc454 com.android.internal.systemui.navbar.gestural_wide_back/10004} BLOCKED
I/AppsFilter(  537): interaction: PackageSetting{164047b com.ubmprobe/10196} -> PackageSetting{3aba105 com.android.virtualmachine.res/10189} BLOCKED
I/AppsFilter(  537): interaction: PackageSetting{164047b com.ubmprobe/10196} -> PackageSetting{a01455a com.google.android.federatedcompute/10172} BLOCKED
I/AppsFilter(  537): interaction: PackageSetting{164047b com.ubmprobe/10196} -> PackageSetting{aaca743 com.android.managedprovisioning.auto_generated_rro_product__/10021} BLOCKED
I/AppsFilter(  537): interaction: PackageSetting{164047b com.ubmprobe/10196} -> PackageSetting{74bd1c0 com.android.carrierconfig.auto_generated_rro_vendor__/10079} BLOCKED
I/AppsFilter(  537): interaction: PackageSetting{164047b com.ubmprobe/10196} -> PackageSetting{fb0fef9 com.android.systemui.emulation.pixel_3_xl/10031} BLOCKED
I/AppsFilter(  537): interaction: PackageSetting{164047b com.ubmprobe/10196} -> PackageSetting{9a29e3e com.android.systemui.emulation.pixel_4_xl/10059} BLOCKED
I/AppsFilter(  537): interaction: PackageSetting{164047b com.ubmprobe/10196} -> PackageSetting{868749f com.android.systemui.emulation.pixel_fold/10006} BLOCKED
I/AppsFilter(  537): interaction: PackageSetting{164047b com.ubmprobe/10196} -> PackageSetting{9fc49ec com.android.simappdialog.auto_generated_rro_product__/10027} BLOCKED
I/AppsFilter(  537): interaction: PackageSetting{164047b com.ubmprobe/10196} -> PackageSetting{348238b com.android.htmlviewer/10116} BLOCKED
I/AppsFilter(  537): interaction: PackageSetting{164047b com.ubmprobe/10196} -> PackageSetting{90dac68 com.google.android.health.connect.backuprestore/10191} BLOCKED
I/AppsFilter(  537): interaction: PackageSetting{164047b com.ubmprobe/10196} -> PackageSetting{4e9bbbb com.android.systemui.auto_generated_rro_product__/10028} BLOCKED
I/AppsFilter(  537): interaction: PackageSetting{164047b com.ubmprobe/10196} -> PackageSetting{5ca4881 com.google.android.apps.messaging/10131} BLOCKED
I/AppsFilter(  537): interaction: PackageSetting{164047b com.ubmprobe/10196} -> PackageSetting{dfe5d26 com.google.android.soundpicker/10137} BLOCKED
I/AppsFilter(  537): interaction: PackageSetting{164047b com.ubmprobe/10196} -> PackageSetting{723716 com.google.android.marvin.talkbackoverlay/10075} BLOCKED
I/AppsFilter(  537): interaction: PackageSetting{164047b com.ubmprobe/10196} -> PackageSetting{7136d67 com.google.android.configupdater/10129} BLOCKED
I/AppsFilter(  537): interaction: PackageSetting{164047b com.ubmprobe/10196} -> PackageSetting{fc3ea84 com.android.internal.emulation.pixel_3a_xl/10044} BLOCKED
I/AppsFilter(  537): interaction: PackageSetting{164047b com.ubmprobe/10196} -> PackageSetting{df7426d com.android.internal.emulation.pixel_6_pro/10018} BLOCKED
I/AppsFilter(  537): interaction: PackageSetting{164047b com.ubmprobe/10196} -> PackageSetting{5d2aea2 com.android.internal.emulation.pixel_7_pro/10015} BLOCKED
I/AppsFilter(  537): interaction: PackageSetting{164047b com.ubmprobe/10196} -> PackageSetting{f35e733 com.android.internal.emulation.pixel_8_pro/10058} BLOCKED
I/AppsFilter(  537): interaction: PackageSetting{164047b com.ubmprobe/10196} -> PackageSetting{ad72af0 com.android.internal.emulation.pixel_3a/10053} BLOCKED
I/AppsFilter(  537): interaction: PackageSetting{164047b com.ubmprobe/10196} -> PackageSetting{2529869 com.android.internal.emulation.pixel_4a/10008} BLOCKED
I/AppsFilter(  537): interaction: PackageSetting{164047b com.ubmprobe/10196} -> PackageSetting{1d112ee com.android.internal.emulation.pixel_6a/10036} BLOCKED
I/AppsFilter(  537): interaction: PackageSetting{164047b com.ubmprobe/10196} -> PackageSetting{bddc38f com.android.internal.emulation.pixel_7a/10030} BLOCKED
I/AppsFilter(  537): interaction: PackageSetting{164047b com.ubmprobe/10196} -> PackageSetting{e9c061c com.google.android.overlay.googlewebview/10049} BLOCKED
I/AppsFilter(  537): interaction: PackageSetting{164047b com.ubmprobe/10196} -> PackageSetting{3452714 com.google.android.hotspot2.osulogin/10176} BLOCKED
I/AppsFilter(  537): interaction: PackageSetting{164047b com.ubmprobe/10196} -> PackageSetting{3d1ebbd com.android.simappdialog/10112} BLOCKED
I/AppsFilter(  537): interaction: PackageSetting{164047b com.ubmprobe/10196} -> PackageSetting{b7d09ab com.android.internal.display.cutout.emulation.hole/10073} BLOCKED
I/AppsFilter(  537): interaction: PackageSetting{164047b com.ubmprobe/10196} -> PackageSetting{2716808 com.android.internal.display.cutout.emulation.tall/10065} BLOCKED
I/AppsFilter(  537): interaction: PackageSetting{164047b com.ubmprobe/10196} -> PackageSetting{62beba1 com.android.internal.systemui.navbar.threebutton/10068} BLOCKED
I/AppsFilter(  537): interaction: PackageSetting{164047b com.ubmprobe/10196} -> PackageSetting{76325b2 com.android.camera2/10145} BLOCKED
I/AppsFilter(  537): interaction: PackageSetting{164047b com.ubmprobe/10196} -> PackageSetting{5809587 com.android.systemui.auto_generated_rro_vendor__/10076} BLOCKED
I/AppsFilter(  537): interaction: PackageSetting{164047b com.ubmprobe/10196} -> PackageSetting{45f7903 com.google.android.deskclock/10153} BLOCKED
I/AppsFilter(  537): interaction: PackageSetting{164047b com.ubmprobe/10196} -> PackageSetting{cfaa0dd com.android.internal.systemui.navbar.twobutton/10019} BLOCKED
I/AppsFilter(  537): interaction: PackageSetting{164047b com.ubmprobe/10196} -> PackageSetting{ed7a080 com.google.android.as/10127} BLOCKED
I/AppsFilter(  537): interaction: PackageSetting{164047b com.ubmprobe/10196} -> PackageSetting{7b686b9 com.google.android.gm/10142} BLOCKED
I/AppsFilter(  537): interaction: PackageSetting{164047b com.ubmprobe/10196} -> PackageSetting{e433020 com.android.internal.systemui.navbar.gestural_extra_wide_back/10048} BLOCKED
I/AppsFilter(  537): interaction: PackageSetting{164047b com.ubmprobe/10196} -> PackageSetting{4056dd9 com.android.systemui.emulation.pixel_3/10012} BLOCKED
I/AppsFilter(  537): interaction: PackageSetting{164047b com.ubmprobe/10196} -> PackageSetting{c9e139e com.android.systemui.emulation.pixel_4/10037} BLOCKED
I/AppsFilter(  537): interaction: PackageSetting{164047b com.ubmprobe/10196} -> PackageSetting{37cae7f com.android.systemui.emulation.pixel_5/10071} BLOCKED
I/AppsFilter(  537): interaction: PackageSetting{164047b com.ubmprobe/10196} -> PackageSetting{e7b2e4c com.android.systemui.emulation.pixel_6/10074} BLOCKED
I/AppsFilter(  537): interaction: PackageSetting{164047b com.ubmprobe/10196} -> PackageSetting{d560e95 com.android.systemui.emulation.pixel_7/10072} BLOCKED
I/AppsFilter(  537): interaction: PackageSetting{164047b com.ubmprobe/10196} -> PackageSetting{253cbaa com.android.systemui.emulation.pixel_8/10070} BLOCKED
I/AppsFilter(  537): interaction: PackageSetting{164047b com.ubmprobe/10196} -> PackageSetting{537b39b com.android.nfc.auto_generated_rro_product__/10024} BLOCKED
I/AppsFilter(  537): interaction: PackageSetting{164047b com.ubmprobe/10196} -> PackageSetting{1d9eafe com.android.printspooler/10104} BLOCKED
I/AppsFilter(  537): interaction: PackageSetting{164047b com.ubmprobe/10196} -> PackageSetting{7d5ff11 com.android.emergency.auto_generated_rro_product__/10041} BLOCKED
I/AppsFilter(  537): interaction: PackageSetting{164047b com.ubmprobe/10196} -> PackageSetting{1faf876 com.google.android.connectivity.resources.goldfish.overlay/10078} BLOCKED
I/AppsFilter(  537): interaction: PackageSetting{164047b com.ubmprobe/10196} -> PackageSetting{dd6a25f com.android.dreams.basic/10103} BLOCKED
I/AppsFilter(  537): interaction: PackageSetting{164047b com.ubmprobe/10196} -> PackageSetting{3eefae4 com.google.android.networkstack.tethering.emulator/10020} BLOCKED
I/AppsFilter(  537): interaction: PackageSetting{164047b com.ubmprobe/10196} -> PackageSetting{d8a7b4d com.android.providers.settings.auto_generated_rro_product__/10000} BLOCKED
I/AppsFilter(  537): interaction: PackageSetting{164047b com.ubmprobe/10196} -> PackageSetting{e5644ac com.google.android.as.oss/10121} BLOCKED
I/AppsFilter(  537): interaction: PackageSetting{164047b com.ubmprobe/10196} -> PackageSetting{8efb13 com.android.traceur.auto_generated_rro_product__/10013} BLOCKED
I/AppsFilter(  537): interaction: PackageSetting{164047b com.ubmprobe/10196} -> PackageSetting{cafd575 com.google.android.devicelockcontroller/10184} BLOCKED
I/AppsFilter(  537): interaction: PackageSetting{164047b com.ubmprobe/10196} -> PackageSetting{765b90a com.google.android.dialer/10130} BLOCKED
I/AppsFilter(  537): interaction: PackageSetting{164047b com.ubmprobe/10196} -> PackageSetting{4c4a04e com.android.internal.emulation.pixel_3/10046} BLOCKED
I/AppsFilter(  537): interaction: PackageSetting{164047b com.ubmprobe/10196} -> PackageSetting{ae4356f com.android.internal.emulation.pixel_4/10060} BLOCKED
I/AppsFilter(  537): interaction: PackageSetting{164047b com.ubmprobe/10196} -> PackageSetting{e4cc27c com.android.internal.emulation.pixel_5/10009} BLOCKED
I/AppsFilter(  537): interaction: PackageSetting{164047b com.ubmprobe/10196} -> PackageSetting{1d8c705 com.android.internal.emulation.pixel_6/10038} BLOCKED
I/AppsFilter(  537): interaction: PackageSetting{164047b com.ubmprobe/10196} -> PackageSetting{8ce735a com.android.internal.emulation.pixel_7/10067} BLOCKED
I/AppsFilter(  537): interaction: PackageSetting{164047b com.ubmprobe/10196} -> PackageSetting{8a8b98b com.android.internal.emulation.pixel_8/10039} BLOCKED
I/AppsFilter(  537): interaction: PackageSetting{164047b com.ubmprobe/10196} -> PackageSetting{c6d057b com.google.android.captiveportallogin/10113} BLOCKED
I/AppsFilter(  537): interaction: PackageSetting{164047b com.ubmprobe/10196} -> PackageSetting{a38ff98 com.android.musicfx/10088} BLOCKED
I/AppsFilter(  537): interaction: PackageSetting{164047b com.ubmprobe/10196} -> PackageSetting{fb553f1 com.google.android.apps.docs/10154} BLOCKED
I/AppsFilter(  537): interaction: PackageSetting{164047b com.ubmprobe/10196} -> PackageSetting{b2c629 com.google.android.apps.maps/10152} BLOCKED
I/AppsFilter(  537): interaction: PackageSetting{164047b com.ubmprobe/10196} -> PackageSetting{d2e5bd6 com.google.android.modulemetadata/10147} BLOCKED
I/AppsFilter(  537): interaction: PackageSetting{164047b com.ubmprobe/10196} -> PackageSetting{a3c7e57 com.google.android.markup/10135} BLOCKED
I/AppsFilter(  537): interaction: PackageSetting{164047b com.ubmprobe/10196} -> PackageSetting{9bdd1bd com.android.providers.settings.auto_generated_rro_vendor__/10080} BLOCKED
I/AppsFilter(  537): interaction: PackageSetting{164047b com.ubmprobe/10196} -> PackageSetting{88a7d44 com.google.android.rkpdapp/10183} BLOCKED
I/AppsFilter(  537): interaction: PackageSetting{164047b com.ubmprobe/10196} -> PackageSetting{bba3e2d com.google.android.contacts/10156} BLOCKED
I/AppsFilter(  537): interaction: PackageSetting{164047b com.ubmprobe/10196} -> PackageSetting{9893e80 com.android.server.telecom.auto_generated_rro_product__/10029} BLOCKED
I/AppsFilter(  537): interaction: PackageSetting{164047b com.ubmprobe/10196} -> PackageSetting{77accb9 com.google.android.overlay.googleconfig/10055} BLOCKED
I/AppsFilter(  537): interaction: PackageSetting{164047b com.ubmprobe/10196} -> PackageSetting{10c5f62 com.android.chrome/10149} BLOCKED
I/AppsFilter(  537): interaction: PackageSetting{164047b com.ubmprobe/10196} -> PackageSetting{373585f com.android.bips.auto_generated_rro_product__/10032} BLOCKED
I/AppsFilter(  537): interaction: PackageSetting{164047b com.ubmprobe/10196} -> PackageSetting{f20a8f3 com.google.android.apps.customization.pixel/10144} BLOCKED
I/AppsFilter(  537): interaction: PackageSetting{164047b com.ubmprobe/10196} -> PackageSetting{35429b0 com.google.android.tag/10082} BLOCKED
I/AppsFilter(  537): interaction: PackageSetting{164047b com.ubmprobe/10196} -> PackageSetting{2da670a com.google.android.overlay.permissioncontroller/10002} BLOCKED
I/AppsFilter(  537): interaction: PackageSetting{164047b com.ubmprobe/10196} -> PackageSetting{da99029 com.google.android.partnersetup/10124} BLOCKED
I/AppsFilter(  537): interaction: PackageSetting{164047b com.ubmprobe/10196} -> PackageSetting{3d50fae com.google.android.apps.wallpaper.nexus/10141} BLOCKED
I/AppsFilter(  537): interaction: PackageSetting{164047b com.ubmprobe/10196} -> PackageSetting{b12e14f com.google.android.apps.nexuslauncher/10169} BLOCKED
I/AppsFilter(  537): interaction: PackageSetting{164047b com.ubmprobe/10196} -> PackageSetting{9ca30dc com.google.android.nearby.halfsheet/10181} BLOCKED
I/AppsFilter(  537): interaction: PackageSetting{164047b com.ubmprobe/10196} -> PackageSetting{3f9f457 com.android.theme.font.notoserifsource/10066} BLOCKED
I/AppsFilter(  537): interaction: PackageSetting{164047b com.ubmprobe/10196} -> PackageSetting{c2205e5 com.google.android.safetycenter.resources/10170} BLOCKED
I/AppsFilter(  537): interaction: PackageSetting{164047b com.ubmprobe/10196} -> PackageSetting{f6ba42d com.android.internal.display.cutout.emulation.waterfall/10040} BLOCKED
I/AppsFilter(  537): interaction: PackageSetting{164047b com.ubmprobe/10196} -> PackageSetting{4a8cd62 com.android.internal.systemui.navbar.transparent/10026} BLOCKED
I/AppsFilter(  537): interaction: PackageSetting{164047b com.ubmprobe/10196} -> PackageSetting{c6678ba com.google.android.connectivity.resources/10180} BLOCKED
I/AppsFilter(  537): interaction: PackageSetting{164047b com.ubmprobe/10196} -> PackageSetting{4a947b0 com.android.providers.contacts.auto_generated_rro_product__/10035} BLOCKED
I/AppsFilter(  537): interaction: PackageSetting{164047b com.ubmprobe/10196} -> PackageSetting{a46436b com.google.android.feedback/10162} BLOCKED
I/AppsFilter(  537): interaction: PackageSetting{164047b com.ubmprobe/10196} -> PackageSetting{8377ec8 com.google.android.printservice.recommendation/10110} BLOCKED
I/AppsFilter(  537): interaction: PackageSetting{164047b com.ubmprobe/10196} -> PackageSetting{ef21b61 com.google.android.apps.photos/10143} BLOCKED
I/AppsFilter(  537): interaction: PackageSetting{164047b com.ubmprobe/10196} -> PackageSetting{57c142d com.google.android.calendar/10140} BLOCKED
I/AppsFilter(  537): interaction: PackageSetting{164047b com.ubmprobe/10196} -> PackageSetting{f736686 com.google.android.documentsui/10098} BLOCKED
I/AppsFilter(  537): interaction: PackageSetting{164047b com.ubmprobe/10196} -> PackageSetting{bda2be5 com.android.systemui.emulation.pixel_3a_xl/10034} BLOCKED
I/AppsFilter(  537): interaction: PackageSetting{164047b com.ubmprobe/10196} -> PackageSetting{d62a6ba com.android.systemui.emulation.pixel_6_pro/10063} BLOCKED
I/AppsFilter(  537): interaction: PackageSetting{164047b com.ubmprobe/10196} -> PackageSetting{fa9d96b com.android.systemui.emulation.pixel_7_pro/10054} BLOCKED
I/AppsFilter(  537): interaction: PackageSetting{164047b com.ubmprobe/10196} -> PackageSetting{f525cc8 com.android.systemui.emulation.pixel_8_pro/10014} BLOCKED
I/AppsFilter(  537): interaction: PackageSetting{164047b com.ubmprobe/10196} -> PackageSetting{f03ab47 com.google.mainline.telemetry/10151} BLOCKED
I/AppsFilter(  537): interaction: PackageSetting{164047b com.ubmprobe/10196} -> PackageSetting{f047486 com.android.carrierconfig.auto_generated_rro_product__/10064} BLOCKED
I/AppsFilter(  537): interaction: PackageSetting{164047b com.ubmprobe/10196} -> PackageSetting{2a9bf74 com.android.providers.partnerbookmarks/10100} BLOCKED
I/AppsFilter(  537): interaction: PackageSetting{164047b com.ubmprobe/10196} -> PackageSetting{2540c9d com.android.wallpaper.livepicker/10090} BLOCKED
I/AppsFilter(  537): interaction: PackageSetting{164047b com.ubmprobe/10196} -> PackageSetting{2af29d com.android.providers.telephony.auto_generated_rro_product__/10062} BLOCKED
I/AppsFilter(  537): interaction: PackageSetting{164047b com.ubmprobe/10196} -> PackageSetting{aa35312 com.android.phone.auto_generated_rro_vendor__/10081} BLOCKED
I/AppsFilter(  537): interaction: PackageSetting{164047b com.ubmprobe/10196} -> PackageSetting{80f6512 com.google.mainline.adservices/10136} BLOCKED
I/AppsFilter(  537): interaction: PackageSetting{164047b com.ubmprobe/10196} -> PackageSetting{d45b4e3 com.android.imsserviceentitlement/10117} BLOCKED
I/AppsFilter(  537): interaction: PackageSetting{164047b com.ubmprobe/10196} -> PackageSetting{e5d5ee0 com.google.android.healthconnect.controller/10190} BLOCKED
I/AppsFilter(  537): interaction: PackageSetting{164047b com.ubmprobe/10196} -> PackageSetting{fdf8e5e com.android.internal.emulation.pixel_2_xl/10017} BLOCKED
I/AppsFilter(  537): interaction: PackageSetting{164047b com.ubmprobe/10196} -> PackageSetting{a44723f com.android.internal.emulation.pixel_3_xl/10056} BLOCKED
I/AppsFilter(  537): interaction: PackageSetting{164047b com.ubmprobe/10196} -> PackageSetting{5ae070c com.android.internal.emulation.pixel_4_xl/10047} BLOCKED
I/AppsFilter(  537): interaction: PackageSetting{164047b com.ubmprobe/10196} -> PackageSetting{86d855 com.android.internal.emulation.pixel_fold/10003} BLOCKED
I/AppsFilter(  537): interaction: PackageSetting{164047b com.ubmprobe/10196} -> PackageSetting{1e9d599 com.android.bookmarkprovider/10115} BLOCKED
I/AppsFilter(  537): interaction: PackageSetting{164047b com.ubmprobe/10196} -> PackageSetting{917f35b com.google.android.overlay.pixelconfigcommon/10011} BLOCKED
I/AppsFilter(  537): interaction: PackageSetting{164047b com.ubmprobe/10196} -> PackageSetting{eba87f8 com.android.systemui.accessibility.accessibilitymenu.auto_generated_rro_product__/10050} BLOCKED
I/AppsFilter(  537): interaction: PackageSetting{164047b com.ubmprobe/10196} -> PackageSetting{ca9a4d1 com.android.systemui.emulation.pixel_3a/10010} BLOCKED
I/AppsFilter(  537): interaction: PackageSetting{164047b com.ubmprobe/10196} -> PackageSetting{f190b36 com.android.systemui.emulation.pixel_4a/10001} BLOCKED
I/AppsFilter(  537): interaction: PackageSetting{164047b com.ubmprobe/10196} -> PackageSetting{d86a37 com.android.systemui.emulation.pixel_6a/10042} BLOCKED
I/AppsFilter(  537): interaction: PackageSetting{164047b com.ubmprobe/10196} -> PackageSetting{a0c2ba4 com.android.systemui.emulation.pixel_7a/10016} BLOCKED
I/AppsFilter(  537): interaction: PackageSetting{164047b com.ubmprobe/10196} -> PackageSetting{cfac05e com.google.android.settings.intelligence/10119} BLOCKED
I/AppsFilter(  537): interaction: PackageSetting{164047b com.ubmprobe/10196} -> PackageSetting{f305ba4 com.google.android.projection.gearhead/10123} BLOCKED
I/AppsFilter(  537): interaction: PackageSetting{164047b com.ubmprobe/10196} -> PackageSetting{414bc3f com.google.android.uwb.resources/10182} BLOCKED
I/AppsFilter(  537): interaction: PackageSetting{164047b com.ubmprobe/10196} -> PackageSetting{85b2d0d com.android.cts.ctsshim/10179} BLOCKED
I/AppsFilter(  537): interaction: PackageSetting{164047b com.ubmprobe/10196} -> PackageSetting{5e9890c com.google.android.wifi.resources/10174} BLOCKED
I/AppsFilter(  537): interaction: PackageSetting{164047b com.ubmprobe/10196} -> PackageSetting{7793255 com.google.android.wifi.dialog/10175} BLOCKED
I/AppsFilter(  537): interaction: PackageSetting{164047b com.ubmprobe/10196} -> PackageSetting{eae846a com.google.android.apps.wallpaper/10161} BLOCKED
I/AppsFilter(  537): interaction: PackageSetting{164047b com.ubmprobe/10196} -> PackageSetting{a2dd5b com.google.android.odad/10122} BLOCKED
I/AppsFilter(  537): interaction: PackageSetting{164047b com.ubmprobe/10196} -> PackageSetting{804692f com.android.settings.auto_generated_rro_product__/10025} BLOCKED
I/AppsFilter(  537): interaction: PackageSetting{164047b com.ubmprobe/10196} -> PackageSetting{b474b3c com.android.internal.systemui.navbar.gestural/10051} BLOCKED
I/AppsFilter(  537): interaction: PackageSetting{164047b com.ubmprobe/10196} -> PackageSetting{42c29f8 com.google.android.apps.youtube.music/10155} BLOCKED
I/AppsFilter(  537): interaction: PackageSetting{164047b com.ubmprobe/10196} -> PackageSetting{9679ed1 com.android.bluetoothmidiservice/10106} BLOCKED
I/AppsFilter(  537): interaction: PackageSetting{164047b com.ubmprobe/10196} -> PackageSetting{7f8694b com.android.storagemanager.auto_generated_rro_product__/10023} BLOCKED
I/AppsFilter(  537): interaction: PackageSetting{164047b com.ubmprobe/10196} -> PackageSetting{a287d36 com.google.android.cellbroadcastreceiver/10188} BLOCKED
I/AppsFilter(  537): interaction: PackageSetting{164047b com.ubmprobe/10196} -> PackageSetting{f8c6441 com.android.phone.auto_generated_rro_product__/10061} BLOCKED
I/AppsFilter(  537): interaction: PackageSetting{164047b com.ubmprobe/10196} -> PackageSetting{98ade6 android.auto_generated_rro_product__/10069} BLOCKED
I/AppsFilter(  537): interaction: PackageSetting{164047b com.ubmprobe/10196} -> PackageSetting{be24f27 com.android.internal.systemui.navbar.gestural_narrow_back/10052} BLOCKED
I/AppsFilter(  537): interaction: PackageSetting{164047b com.ubmprobe/10196} -> PackageSetting{727f437 com.google.android.inputmethod.latin/10146} BLOCKED
I/AppsFilter(  537): interaction: PackageSetting{164047b com.ubmprobe/10196} -> PackageSetting{bfa037d android.auto_generated_rro_vendor__/10077} BLOCKED
I/AppsFilter(  537): interaction: PackageSetting{164047b com.ubmprobe/10196} -> PackageSetting{1f5eda4 com.google.android.apps.restore/10120} BLOCKED
W/com.ubmprobe( 5335): Accessing hidden method Landroid/os/Trace;->isTagEnabled(J)Z (unsupported, reflection, allowed)
W/com.ubmprobe( 5335): Accessing hidden method Landroid/os/Trace;->traceBegin(JLjava/lang/String;)V (unsupported, reflection, allowed)
W/com.ubmprobe( 5335): Accessing hidden method Landroid/os/Trace;->traceEnd(J)V (unsupported, reflection, allowed)
W/com.ubmprobe( 5335): Accessing hidden method Landroid/os/Trace;->asyncTraceBegin(JLjava/lang/String;I)V (unsupported, reflection, allowed)
W/com.ubmprobe( 5335): Accessing hidden method Landroid/os/Trace;->asyncTraceEnd(JLjava/lang/String;I)V (unsupported, reflection, allowed)
I/cr_WVCFactoryProvider( 5335): Loaded version=113.0.5672.136 minSdkVersion=29 isBundle=false multiprocess=true packageId=2
I/cr_LibraryLoader( 5335): Successfully loaded native library
I/cr_CachingUmaRecorder( 5335): Flushed 8 samples from 8 histograms.
D/TrafficStats( 5335): tagSocket(115) with statsTag=0xffffffff, statsUid=-1
I/ReactNativeJS( 5335): Running "UbmProbe" with {"rootTag":1,"initialProps":{},"fabric":true}
W/unknown:ViewManagerPropertyUpdater( 5335): Could not find generated setter for class com.facebook.react.views.debuggingoverlay.DebuggingOverlayManager
W/unknown:ViewManagerPropertyUpdater( 5335): Could not find generated setter for class com.facebook.react.uimanager.LayoutShadowNode
W/unknown:ViewManagerPropertyUpdater( 5335): Could not find generated setter for class com.facebook.react.views.safeareaview.ReactSafeAreaViewManager
W/unknown:ViewManagerPropertyUpdater( 5335): Could not find generated setter for class com.facebook.react.views.modal.ReactModalHostManager
W/unknown:ViewManagerPropertyUpdater( 5335): Could not find generated setter for class com.facebook.react.views.progressbar.ReactProgressBarViewManager
W/unknown:ViewManagerPropertyUpdater( 5335): Could not find generated setter for class com.facebook.react.views.scroll.ReactHorizontalScrollViewManager
W/unknown:ViewManagerPropertyUpdater( 5335): Could not find generated setter for class com.facebook.react.views.image.ReactImageManager
W/unknown:ViewManagerPropertyUpdater( 5335): Could not find generated setter for class com.facebook.react.views.text.ReactTextViewManager
W/unknown:ViewManagerPropertyUpdater( 5335): Could not find generated setter for class com.facebook.react.views.scroll.ReactHorizontalScrollContainerViewManager
W/unknown:ViewManagerPropertyUpdater( 5335): Could not find generated setter for class com.facebook.react.views.unimplementedview.ReactUnimplementedViewManager
W/unknown:ViewManagerPropertyUpdater( 5335): Could not find generated setter for class com.facebook.react.views.scroll.ReactScrollViewManager
W/unknown:ViewManagerPropertyUpdater( 5335): Could not find generated setter for class com.facebook.react.views.view.ReactViewManager
W/unknown:ViewManagerPropertyUpdater( 5335): Could not find generated setter for class com.facebook.react.views.drawer.ReactDrawerLayoutManager
W/unknown:ViewManagerPropertyUpdater( 5335): Could not find generated setter for class com.facebook.react.views.switchview.ReactSwitchManager
W/unknown:ViewManagerPropertyUpdater( 5335): Could not find generated setter for class com.facebook.react.views.swiperefresh.SwipeRefreshLayoutManager
W/unknown:ViewManagerPropertyUpdater( 5335): Could not find generated setter for class com.facebook.react.views.textinput.ReactTextInputManager
W/unknown:ViewManagerPropertyUpdater( 5335): Could not find generated setter for class com.facebook.react.views.text.SelectableTextViewManager
W/unknown:ViewManagerPropertyUpdater( 5335): Could not find generated setter for class com.facebook.react.views.virtual.view.ReactVirtualViewManager
E/TaskPersister(  537): File error accessing recents directory (directory doesn't exist?).
D/TrafficStats( 5335): tagSocket(106) with statsTag=0xffffffff, statsUid=-1
D/CompatibilityChangeReporter( 5335): Compat change id reported: 289878283; UID 10196; state: ENABLED
D/EGL_emulation(  749): app_time_stats: avg=17.03ms min=11.22ms max=50.06ms count=54
I/ReactNativeJS( 5335): [UBM_PROBE] app-mounted
D/CompatibilityChangeReporter( 5335): Compat change id reported: 171228096; UID 10196; state: ENABLED
W/com.ubmprobe( 5335): Accessing hidden field Landroid/widget/ScrollView;->mScroller:Landroid/widget/OverScroller; (unsupported, reflection, allowed)
I/netd    (  355): tetherGetStats() -> {[]} <0.62ms>
I/netd    (  355): bandwidthSetGlobalAlert(2097152) <0.09ms>
I/wpa_supplicant(  729): wlan0: CTRL-EVENT-BEACON-LOSS 
D/EGL_emulation( 5335): app_time_stats: avg=823.56ms min=2.99ms max=1867.66ms count=4
D/ProfileInstaller( 5335): Installing profile for com.ubmprobe
D/BtGatt.ScanManager(  864): uid 10128 isForeground true scanMode -1
D/ActivityManager(  537): freezing 1417 com.google.android.apps.wellbeing
I/AiAiEcho( 1480): Predicting[0]: 
I/AiAiEcho( 1480): EchoTargets: 
I/AiAiEcho( 1480): Filtered by AiAi flag check: 
I/AiAiEcho( 1480): Ranked targets strategy: SORT, count: 0, ranking metadata: 
I/AiAiEcho( 1480): #postPredictionTargets: Sending updates to UISurface lockscreen with targets# 0 (types=[])
D/EGL_emulation(  749): app_time_stats: avg=498.92ms min=9.25ms max=7101.48ms count=16
W/PageIndicator(  749): Total number of pages invalid: 0. Assuming 1 page.
D/ActivityManager(  537): freezing 1716 com.google.android.gms
D/ActivityManager(  537): freezing 1763 com.android.keychain
D/ActivityManager(  537): freezing 902 com.android.settings
D/ActivityManager(  537): freezing 3397 com.google.android.settings.intelligence
D/ActivityManager(  537): freezing 2841 com.android.dynsystem:dynsystem
D/ActivityManager(  537): freezing 2734 com.android.dynsystem
D/ActivityManager(  537): freezing 2643 com.android.localtransport
W/healthd (    0): battery l=100 v=5000 t=25.0 h=2 st=2 c=900000 fc=3000000 cc=10 chg=a
D/StatusBarIconController(  749): ignoring old pipeline callbacks, because the new mobile icons are enabled


