$ dumpsys package (host-matched)
[exit=0]
Activity Resolver Table:
  Non-Data Actions:
      android.intent.action.MAIN:
        eea0187 com.ubmprobe/.MainActivity filter b83f8b4
          Action: "android.intent.action.MAIN"
          Category: "android.intent.category.LAUNCHER"

Receiver Resolver Table:
  Non-Data Actions:
      androidx.profileinstaller.action.SAVE_PROFILE:
        c2fecdd com.ubmprobe/androidx.profileinstaller.ProfileInstallReceiver filter ec1ec20
          Action: "androidx.profileinstaller.action.SAVE_PROFILE"
      androidx.profileinstaller.action.INSTALL_PROFILE:
        c2fecdd com.ubmprobe/androidx.profileinstaller.ProfileInstallReceiver filter a816052
          Action: "androidx.profileinstaller.action.INSTALL_PROFILE"
      androidx.profileinstaller.action.SKIP_FILE:
        c2fecdd com.ubmprobe/androidx.profileinstaller.ProfileInstallReceiver filter 5db2f23
          Action: "androidx.profileinstaller.action.SKIP_FILE"
      androidx.profileinstaller.action.BENCHMARK_OPERATION:
        c2fecdd com.ubmprobe/androidx.profileinstaller.ProfileInstallReceiver filter f4379d9
          Action: "androidx.profileinstaller.action.BENCHMARK_OPERATION"

Domain verification status:

Permissions:
  Permission [com.ubmprobe.DYNAMIC_RECEIVER_NOT_EXPORTED_PERMISSION] (1d34ca6):
    sourcePackage=com.ubmprobe
    uid=10202 gids=[] type=0 prot=signature
    perm=PermissionInfo{6b666e7 com.ubmprobe.DYNAMIC_RECEIVER_NOT_EXPORTED_PERMISSION}
    flags=0x0

Registered ContentProviders:
  com.ubmprobe/androidx.startup.InitializationProvider:
    Provider{cae6294 com.ubmprobe/androidx.startup.InitializationProvider}

ContentProvider Authorities:
  [com.ubmprobe.androidx-startup]:
    Provider{cae6294 com.ubmprobe/androidx.startup.InitializationProvider}
      applicationInfo=ApplicationInfo{8578d32 com.ubmprobe}

Key Set Manager:
  [com.ubmprobe]
      Signing KeySets: 66

Packages:
  Package [com.ubmprobe] (8591400):
    appId=10202
    pkg=Package{a05b439 com.ubmprobe}
    codePath=/data/app/~~kQaoG96ID6OHzhvxNlGzEg==/com.ubmprobe-IWkKNU5ihkqRhf9XvAGhrQ==
    resourcePath=/data/app/~~kQaoG96ID6OHzhvxNlGzEg==/com.ubmprobe-IWkKNU5ihkqRhf9XvAGhrQ==
    legacyNativeLibraryDir=/data/app/~~kQaoG96ID6OHzhvxNlGzEg==/com.ubmprobe-IWkKNU5ihkqRhf9XvAGhrQ==/lib
    extractNativeLibs=false
    primaryCpuAbi=x86_64
    secondaryCpuAbi=null
    cpuAbiOverride=null
    versionCode=1 minSdk=24 targetSdk=36
    minExtensionVersions=[]
    versionName=1.0
    usesNonSdkApi=false
    splits=[base]
    apkSigningVersion=2
    flags=[ DEBUGGABLE HAS_CODE ALLOW_CLEAR_USER_DATA ]
    privateFlags=[ PRIVATE_FLAG_ACTIVITIES_RESIZE_MODE_RESIZEABLE_VIA_SDK_VERSION ALLOW_AUDIO_PLAYBACK_CAPTURE PRIVATE_FLAG_ALLOW_NATIVE_HEAP_POINTER_TAGGING ]
    forceQueryable=false
    dataDir=/data/user/0/com.ubmprobe
    supportsScreens=[small, medium, large, xlarge, resizeable, anyDensity]
    usesOptionalLibraries:
      androidx.window.extensions
      androidx.window.sidecar
    usesLibraryFiles:
      /system_ext/framework/androidx.window.extensions.jar
      /system_ext/framework/androidx.window.sidecar.jar
    timeStamp=2026-09-17 17:27:02
    lastUpdateTime=2026-09-17 17:27:02
    installerPackageName=null
    installerPackageUid=-1
    initiatingPackageName=com.android.shell
    originatingPackageName=null
    packageSource=1
    appMetadataFilePath=null
    signatures=PackageSignatures{d3b702c version:2, signatures:[7b964403], past signatures:[]}
    installPermissionsFixed=true
    pkgFlags=[ DEBUGGABLE HAS_CODE ALLOW_CLEAR_USER_DATA ]
    privatePkgFlags=[ PRIVATE_FLAG_ACTIVITIES_RESIZE_MODE_RESIZEABLE_VIA_SDK_VERSION ALLOW_AUDIO_PLAYBACK_CAPTURE PRIVATE_FLAG_ALLOW_NATIVE_HEAP_POINTER_TAGGING ]
    apexModuleName=null
    declared permissions:
      com.ubmprobe.DYNAMIC_RECEIVER_NOT_EXPORTED_PERMISSION: prot=signature
    requested permissions:
      android.permission.SYSTEM_ALERT_WINDOW
      android.permission.INTERNET
      android.permission.BLUETOOTH_SCAN
      android.permission.BLUETOOTH_CONNECT
      com.ubmprobe.DYNAMIC_RECEIVER_NOT_EXPORTED_PERMISSION
    install permissions:
      android.permission.SYSTEM_ALERT_WINDOW: granted=false
      android.permission.INTERNET: granted=true
      com.ubmprobe.DYNAMIC_RECEIVER_NOT_EXPORTED_PERMISSION: granted=true
    User 0: ceDataInode=327789 installed=true hidden=false suspended=false distractionFlags=0 stopped=true notLaunched=true enabled=0 instant=false virtual=false
      installReason=0
      firstInstallTime=2026-09-17 17:27:02
      uninstallReason=0
      overlay paths:
        /product/overlay/NavigationBarModeGestural/NavigationBarModeGesturalOverlay.apk
        /data/resource-cache/com.android.systemui-neutral-0cMw.frro
        /data/resource-cache/com.android.systemui-accent-ILwU.frro
        /data/resource-cache/com.android.systemui-dynamic-eFCN.frro
      legacy overlay paths:
        /product/overlay/NavigationBarModeGestural/NavigationBarModeGesturalOverlay.apk
      gids=[3003]
      runtime permissions:
        android.permission.BLUETOOTH_CONNECT: granted=false, flags=[ USER_SENSITIVE_WHEN_GRANTED|USER_SENSITIVE_WHEN_DENIED]
        android.permission.BLUETOOTH_SCAN: granted=false, flags=[ USER_SENSITIVE_WHEN_GRANTED|USER_SENSITIVE_WHEN_DENIED]

Queries:
  system apps queryable: false
  queries via forceQueryable:
  queries via package name:
  queries via component:
    com.google.android.settings.intelligence:
      com.ubmprobe
  queryable via interaction:
    User 0:
  queryable via uses-library:

Dexopt state:
  [com.ubmprobe]
    path: /data/app/~~kQaoG96ID6OHzhvxNlGzEg==/com.ubmprobe-IWkKNU5ihkqRhf9XvAGhrQ==/base.apk
      x86_64: [status=run-from-apk] [reason=unknown] [primary-abi]
        [location is error]

Compiler stats:
  [com.ubmprobe]
    (No recorded stats)


