$ logcat after launch
[exit=0]
--------- beginning of system
D/CompatibilityChangeReporter(  542): Compat change id reported: 161252188; UID 10196; state: DISABLED
W/ActivityTaskManager(  542): callingPackage for (uid=2000, pid=10787) has no WPC
D/CompatibilityChangeReporter(  542): Compat change id reported: 265464455; UID 10196; state: DISABLED
D/CompatibilityChangeReporter(  542): Compat change id reported: 265452344; UID 10196; state: DISABLED
D/CompatibilityChangeReporter(  542): Compat change id reported: 266124927; UID 10196; state: DISABLED
D/CompatibilityChangeReporter(  542): Compat change id reported: 265451093; UID 10196; state: DISABLED
D/CompatibilityChangeReporter(  542): Compat change id reported: 265456536; UID 10196; state: DISABLED
D/CompatibilityChangeReporter(  542): Compat change id reported: 255940284; UID 10196; state: DISABLED
D/CompatibilityChangeReporter(  542): Compat change id reported: 236283604; UID 10196; state: DISABLED
D/CompatibilityChangeReporter(  542): Compat change id reported: 263959004; UID 10196; state: DISABLED
D/CompatibilityChangeReporter(  542): Compat change id reported: 264304459; UID 10196; state: DISABLED
D/CompatibilityChangeReporter(  542): Compat change id reported: 264301586; UID 10196; state: DISABLED
D/CompatibilityChangeReporter(  542): Compat change id reported: 254631730; UID 10196; state: DISABLED
D/CompatibilityChangeReporter(  542): Compat change id reported: 273509367; UID 10196; state: DISABLED
D/CompatibilityChangeReporter(  542): Compat change id reported: 263259275; UID 10196; state: DISABLED
D/CompatibilityChangeReporter(  542): Compat change id reported: 174042980; UID 10196; state: DISABLED
D/CompatibilityChangeReporter(  542): Compat change id reported: 174042936; UID 10196; state: DISABLED
D/CompatibilityChangeReporter(  542): Compat change id reported: 181136395; UID 10196; state: DISABLED
D/CompatibilityChangeReporter(  542): Compat change id reported: 194480991; UID 10196; state: ENABLED
D/CompatibilityChangeReporter(  542): Compat change id reported: 184838306; UID 10196; state: DISABLED
D/CompatibilityChangeReporter(  542): Compat change id reported: 185004937; UID 10196; state: DISABLED
D/CompatibilityChangeReporter(  542): Compat change id reported: 197654537; UID 10196; state: ENABLED
D/CompatibilityChangeReporter(  542): Compat change id reported: 205907456; UID 10196; state: ENABLED
V/WindowManagerShell(  885): Transition requested: android.os.BinderProxy@7911f57 TransitionRequestInfo { type = OPEN, triggerTask = TaskInfo{userId=0 taskId=38 displayId=0 isRunning=true baseIntent=Intent { flg=0x10000000 cmp=com.ubmprobe/.MainActivity } baseActivity=ComponentInfo{com.ubmprobe/com.ubmprobe.MainActivity} topActivity=ComponentInfo{com.ubmprobe/com.ubmprobe.MainActivity} origActivity=null realActivity=ComponentInfo{com.ubmprobe/com.ubmprobe.MainActivity} numActivities=1 lastActiveTime=3359569 supportsMultiWindow=true resizeMode=1 isResizeable=true minWidth=-1 minHeight=-1 defaultMinSize=220 token=WCT{android.window.IWindowContainerToken$Stub$Proxy@4a10a44} topActivityType=1 pictureInPictureParams=null shouldDockBigOverlays=false launchIntoPipHostTaskId=-1 lastParentTaskIdBeforePip=-1 displayCutoutSafeInsets=null topActivityInfo=ActivityInfo{e4a472d com.ubmprobe.MainActivity} launchCookies=[] positionInParent=Point(0, 0) parentTaskId=-1 isFocused=false isVisible=false isVisibleRequested=false isSleeping=false topActivityInSizeCompat=false topActivityEligibleForLetterboxEducation= false topActivityLetterboxed= false isFromDoubleTap= false topActivityLetterboxVerticalPosition= -1 topActivityLetterboxHorizontalPosition= -1 topActivityLetterboxWidth=-1 topActivityLetterboxHeight=-1 locusId=null displayAreaFeatureId=1 cameraCompatControlState=hidden}, remoteTransition = null, displayChange = null }
I/ActivityTaskManager(  542): START u0 {flg=0x10000000 cmp=com.ubmprobe/.MainActivity} with LAUNCH_SINGLE_TASK from uid 2000 (BAL_ALLOW_PERMISSION) result code=0
D/CompatibilityChangeReporter(  542): Compat change id reported: 135634846; UID 10196; state: DISABLED
D/CompatibilityChangeReporter(  542): Compat change id reported: 143937733; UID 10196; state: ENABLED
--------- beginning of main
D/SplashScreenView(  885): Build android.window.SplashScreenView{4fd8236 V.E...... ......ID 0,0-0,0}
D/SplashScreenView(  885): Icon: view: android.widget.ImageView{9611537 V.ED..... ......I. 0,0-0,0 #10204f0 android:id/splashscreen_icon_view} drawable: com.android.wm.shell.startingsurface.SplashscreenIconDrawableFactory$ImmobileIconDrawable@256faa4 size: 160
D/SplashScreenView(  885): Branding: view: android.view.View{e3ee00d G.ED..... ......I. 0,0-0,0 #10204ef android:id/splashscreen_branding_view} drawable: null size w: 0 h: 0
D/Zygote  (  359): Forked child process 10790
D/CompatibilityChangeReporter(  542): Compat change id reported: 265195908; UID 10196; state: ENABLED
I/ActivityManager(  542): Start proc 10790:com.ubmprobe/u0a196 for next-top-activity {com.ubmprobe/com.ubmprobe.MainActivity}
I/BpBinder(  423): onLastStrongRef automatically unlinking death recipients: 
D/CoreBackPreview(  542): Window{4555dba u0 Splash Screen com.ubmprobe}: Setting back callback OnBackInvokedCallbackInfo{mCallback=android.window.IOnBackInvokedCallback$Stub$Proxy@5d97c74, mPriority=0, mIsAnimationCallback=false}
I/com.ubmprobe(10790): Late-enabling -Xcheck:jni
V/WindowManager(  542): Sent Transition #81 createdAt=09-15 16:27:59.501 via request=TransitionRequestInfo { type = OPEN, triggerTask = TaskInfo{userId=0 taskId=38 displayId=0 isRunning=true baseIntent=Intent { flg=0x10000000 cmp=com.ubmprobe/.MainActivity } baseActivity=ComponentInfo{com.ubmprobe/com.ubmprobe.MainActivity} topActivity=ComponentInfo{com.ubmprobe/com.ubmprobe.MainActivity} origActivity=null realActivity=ComponentInfo{com.ubmprobe/com.ubmprobe.MainActivity} numActivities=1 lastActiveTime=3359569 supportsMultiWindow=true resizeMode=1 isResizeable=true minWidth=-1 minHeight=-1 defaultMinSize=220 token=WCT{RemoteToken{e71de99 Task{7c60fb9 #38 type=standard A=10196:com.ubmprobe}}} topActivityType=1 pictureInPictureParams=null shouldDockBigOverlays=false launchIntoPipHostTaskId=-1 lastParentTaskIdBeforePip=-1 displayCutoutSafeInsets=null topActivityInfo=ActivityInfo{ba4955e com.ubmprobe.MainActivity} launchCookies=[] positionInParent=Point(0, 0) parentTaskId=-1 isFocused=false isVisible=false isVisibleRequested=false isSleeping=false topActivityInSizeCompat=false topActivityEligibleForLetterboxEducation= false topActivityLetterboxed= false isFromDoubleTap= false topActivityLetterboxVerticalPosition= -1 topActivityLetterboxHorizontalPosition= -1 topActivityLetterboxWidth=-1 topActivityLetterboxHeight=-1 locusId=null displayAreaFeatureId=1 cameraCompatControlState=hidden}, remoteTransition = null, displayChange = null }
V/WindowManager(  542):     startWCT=WindowContainerTransaction { changes = {} hops = [] errorCallbackToken=null taskFragmentOrganizer=null }
V/WindowManager(  542):     info={id=81 t=OPEN f=0x0 trk=0 r=[0@Point(0, 0)] c=[{WCT{RemoteToken{e71de99 Task{7c60fb9 #38 type=standard A=10196:com.ubmprobe}}} m=OPEN f=NONE leash=Surface(name=Task=38)/@0x73d859d sb=Rect(0, 0 - 320, 640) eb=Rect(0, 0 - 320, 640) d=0},{WCT{RemoteToken{c3e5e8f Task{138c2a5 #1 type=home}}} m=TO_BACK f=SHOW_WALLPAPER leash=Surface(name=Task=1)/@0xd4f8ee1 sb=Rect(0, 0 - 320, 640) eb=Rect(0, 0 - 320, 640) d=0}]}
V/WindowManagerShell(  885): onTransitionReady android.os.BinderProxy@7911f57: {id=81 t=OPEN f=0x0 trk=0 r=[0@Point(0, 0)] c=[{WCT{android.window.IWindowContainerToken$Stub$Proxy@9fd7e28} m=OPEN f=NONE leash=Surface(name=Task=38)/@0x69d03c5 sb=Rect(0, 0 - 320, 640) eb=Rect(0, 0 - 320, 640) d=0},{WCT{android.window.IWindowContainerToken$Stub$Proxy@84f1741} m=TO_BACK f=SHOW_WALLPAPER leash=Surface(name=Task=1)/@0x75ed11a sb=Rect(0, 0 - 320, 640) eb=Rect(0, 0 - 320, 640) d=0}]}
V/WindowManagerShell(  885): Playing animation for (#81)android.os.BinderProxy@7911f57@0
V/WindowManagerShell(  885):  try handler com.android.wm.shell.transition.DefaultMixedHandler@582048e
V/WindowManagerShell(  885):  try handler com.android.wm.shell.keyguard.KeyguardTransitionHandler@99364af
V/WindowManagerShell(  885):  try handler com.android.wm.shell.activityembedding.ActivityEmbeddingController@ac960bc
V/WindowManagerShell(  885):  try handler com.android.wm.shell.recents.RecentsTransitionHandler@9fa845
V/ShellRecents(  885): RecentsTransitionHandler.startAnimation: no controller found
V/WindowManagerShell(  885):  try handler com.android.wm.shell.pip.PipTransition@39ddb9a
V/WindowManagerShell(  885):  try handler com.android.wm.shell.splitscreen.StageCoordinator@63b9ccb
V/WindowManagerShell(  885):  try handler com.android.wm.shell.transition.RemoteTransitionHandler@129cca8
V/WindowManagerShell(  885): Transition doesn't have explicit remote, search filters for match for {id=81 t=OPEN f=0x0 trk=0 r=[0@Point(0, 0)] c=[{WCT{android.window.IWindowContainerToken$Stub$Proxy@9fd7e28} m=OPEN f=NONE leash=Surface(name=Task=38)/@0x69d03c5 sb=Rect(0, 0 - 320, 640) eb=Rect(0, 0 - 320, 640) d=0},{WCT{android.window.IWindowContainerToken$Stub$Proxy@84f1741} m=TO_BACK f=SHOW_WALLPAPER leash=Surface(name=Task=1)/@0x75ed11a sb=Rect(0, 0 - 320, 640) eb=Rect(0, 0 - 320, 640) d=0}]}
V/WindowManagerShell(  885):  Checking filter Pair{{types=[] flags=0x0] notFlags=0x0 checks=[{atype=dream independent=true modes=[OPEN,TO_FRONT] flags=NONE mustBeTask=false order=ANY topActivity=null},{atype=home independent=true modes=[CLOSE,TO_BACK] flags=NONE mustBeTask=false order=ANY topActivity=null}]} RemoteTransition { remoteTransition = android.window.IRemoteTransition$Stub$Proxy@ab78f79, appThread = android.app.IApplicationThread$Stub$Proxy@e7524be, debugName = LauncherToDream }}
V/WindowManagerShell(  885):  Checking filter Pair{{types=[] flags=0x0] notFlags=0x100 checks=[{atype=home independent=true modes=[OPEN,TO_FRONT] flags=NONE mustBeTask=false order=TOP topActivity=ComponentInfo{com.google.android.apps.nexuslauncher/com.google.android.apps.nexuslauncher.NexusLauncherActivity}},{atype=standard independent=true modes=[CLOSE,TO_BACK] flags=NONE mustBeTask=false order=ANY topActivity=null}]} RemoteTransition { remoteTransition = android.window.IRemoteTransition$Stub$Proxy@206b91f, appThread = android.app.IApplicationThread$Stub$Proxy@63e746c, debugName = QuickstepLaunchHome }}
V/WindowManagerShell(  885):  Delegate animation for #81 to null
V/WindowManagerShell(  885):  try handler com.android.wm.shell.transition.DefaultTransitionHandler@3d79afd
V/WindowManagerShell(  885): start default transition animation, info = {id=81 t=OPEN f=0x0 trk=0 r=[0@Point(0, 0)] c=[{WCT{android.window.IWindowContainerToken$Stub$Proxy@9fd7e28} m=OPEN f=NONE leash=Surface(name=Task=38)/@0x69d03c5 sb=Rect(0, 0 - 320, 640) eb=Rect(0, 0 - 320, 640) d=0},{WCT{android.window.IWindowContainerToken$Stub$Proxy@84f1741} m=TO_BACK f=SHOW_WALLPAPER leash=Surface(name=Task=1)/@0x75ed11a sb=Rect(0, 0 - 320, 640) eb=Rect(0, 0 - 320, 640) d=0}]}
V/WindowManagerShell(  885): loadAnimation: anim=android.view.animation.AnimationSet@96bba27 animAttr=0x13 type=OPEN isEntrance=false
V/WindowManagerShell(  885): loadAnimation: anim=android.view.animation.AnimationSet@6cfd1c3 animAttr=0x12 type=OPEN isEntrance=true
V/WindowManagerShell(  885):  animated by com.android.wm.shell.transition.DefaultTransitionHandler@3d79afd
I/com.ubmprobe(10790): Using CollectorTypeCC GC.
W/com.ubmprobe(10790): Unexpected CPU variant for x86: x86_64.
W/com.ubmprobe(10790): Known variants: atom, sandybridge, silvermont, goldmont, goldmont-plus, tremont, kabylake, default
D/EGL_emulation(  885): app_time_stats: avg=3038.08ms min=3038.08ms max=3038.08ms count=1
I/adbd    (  434): jdwp connection from 10790
D/CompatibilityChangeReporter(10790): Compat change id reported: 171979766; UID 10196; state: ENABLED
D/CompatibilityChangeReporter(10790): Compat change id reported: 242716250; UID 10196; state: ENABLED
D/CompatibilityChangeReporter(  542): Compat change id reported: 170503758; UID 10196; state: ENABLED
D/ApplicationLoaders(10790): Returning zygote-cached class loader: /system_ext/framework/androidx.window.extensions.jar
D/ApplicationLoaders(10790): Returning zygote-cached class loader: /system_ext/framework/androidx.window.sidecar.jar
W/ziparchive(10790): Unable to open '/data/app/~~OVA5MXGJe0NpolzK_Qgm0A==/com.ubmprobe-WdfAGJyKfNCl7uoG6kgGOg==/base.dm': No such file or directory
W/ziparchive(10790): Unable to open '/data/app/~~OVA5MXGJe0NpolzK_Qgm0A==/com.ubmprobe-WdfAGJyKfNCl7uoG6kgGOg==/base.dm': No such file or directory
D/nativeloader(10790): Configuring clns-6 for other apk /data/app/~~OVA5MXGJe0NpolzK_Qgm0A==/com.ubmprobe-WdfAGJyKfNCl7uoG6kgGOg==/base.apk. target_sdk_version=36, uses_libraries=, library_path=/data/app/~~OVA5MXGJe0NpolzK_Qgm0A==/com.ubmprobe-WdfAGJyKfNCl7uoG6kgGOg==/lib/x86_64:/data/app/~~OVA5MXGJe0NpolzK_Qgm0A==/com.ubmprobe-WdfAGJyKfNCl7uoG6kgGOg==/base.apk!/lib/x86_64, permitted_path=/data:/mnt/expand:/data/user/0/com.ubmprobe
V/GraphicsEnvironment(10790): Currently set values for:
V/GraphicsEnvironment(10790):   angle_gl_driver_selection_pkgs=[]
V/GraphicsEnvironment(10790):   angle_gl_driver_selection_values=[]
V/GraphicsEnvironment(10790): ANGLE GameManagerService for com.ubmprobe: false
V/GraphicsEnvironment(10790): com.ubmprobe is not listed in per-application setting
V/GraphicsEnvironment(10790): Neither updatable production driver nor prerelease driver is supported.
W/SoLoader(10790): Initializing SoLoader: 0
W/SoLoader(10790): Recording new base apk path: /data/app/~~OVA5MXGJe0NpolzK_Qgm0A==/com.ubmprobe-WdfAGJyKfNCl7uoG6kgGOg==/base.apk
W/SoLoader(10790): Previously recorded 0 base apk paths.
I/SoLoader(10790): Preparing SO source: DirectorySoSource[root = /vendor/lib64 flags = 2]
I/SoLoader(10790): Preparing SO source: DirectorySoSource[root = /system/lib64 flags = 2]
I/SoLoader(10790): Preparing SO source: DirectApkSoSource[root = [/data/app/~~OVA5MXGJe0NpolzK_Qgm0A==/com.ubmprobe-WdfAGJyKfNCl7uoG6kgGOg==/base.apk!/lib/x86_64]]
I/SoLoader(10790): Preparing SO source: ApplicationSoSource[DirectorySoSource[root = /data/app/~~OVA5MXGJe0NpolzK_Qgm0A==/com.ubmprobe-WdfAGJyKfNCl7uoG6kgGOg==/lib/x86_64 flags = 0]]
I/SoLoader(10790): init finish: 4 SO sources prepared
W/SoLoader(10790): SoLoader initialized: 8
D/EGL_emulation( 1156): app_time_stats: avg=35.38ms min=13.47ms max=314.92ms count=29
I/ActivityTaskManager(  542): Destroy timeout of remove-task, attempt to kill Task{aa081c6 #37 type=standard A=10195:com.ubmprobe}
D/jni_lib_merge(10790): Entering merged library JNI_OnLoad.
D/jni_lib_merge(10790): Preparing 13 pre-merged libs (including stub)
D/jni_lib_merge(10790): Preparing to register libfabricjni_so.  onload_func: 0x73b372c74530
D/jni_lib_merge(10790): Preparing to register libreact_devsupportjni_so.  onload_func: 0x73b372ec0110
D/jni_lib_merge(10790): Preparing to register libreact_featureflagsjni_so.  onload_func: 0x73b372ed29a0
D/jni_lib_merge(10790): Preparing to register libreact_newarchdefaults_so.  onload_func: 0x73b372f7b560
D/jni_lib_merge(10790): Preparing to register libreact_tracingjni_so.  onload_func: 0x73b37327dbb0
D/jni_lib_merge(10790): Preparing to register libreactnativeblob_so.  onload_func: 0x73b373290b00
D/jni_lib_merge(10790): Preparing to register libreactnativejni_so.  onload_func: 0x73b3732b3d70
D/jni_lib_merge(10790): Preparing to register libreactnativejni_common_so.  onload_func: 0x73b3732b9860
D/jni_lib_merge(10790): Preparing to register librninstance_so.  onload_func: 0x73b373336590
D/jni_lib_merge(10790): Preparing to register libturbomodulejsijni_so.  onload_func: 0x73b3734993b0
D/jni_lib_merge(10790): Preparing to register libuimanagerjni_so.  onload_func: 0x73b3734af780
D/jni_lib_merge(10790): Preparing to register libyoga_so.  onload_func: 0x73b3734be780
D/jni_lib_merge(10790): About to register 12 actual methods.
I/GsaVoiceInteractionSrv( 1763): O received Intent { act=android.intent.action.PACKAGE_ADDED dat=package: flg=0x4000010 (has extras) }
D/ControlsListingControllerImpl(  885): ServiceConfig reloaded, count: 0
D/ControlsListingControllerImpl(  885): ServiceConfig reloaded, count: 0
D/CompatibilityChangeReporter(  542): Compat change id reported: 161252188; UID 10196; state: DISABLED
I/Fitness ( 5045): OnPackageChangedOperation got intent: Intent { act=android.intent.action.PACKAGE_CHANGED dat=package: flg=0x5000010 pkg=com.google.android.gms cmp=com.google.android.gms/.chimera.PersistentIntentOperationService (has extras) } [CONTEXT service_id=17 ]
I/ActivityManager(  542): Flag disabled. Ignoring finishAttachApplication from uid: 10196. pid: 10790
D/libEGL  (10790): loaded /vendor/lib64/egl/libEGL_emulation.so
D/BoundBrokerSvc( 5045): onBind: Intent { act=com.google.android.contextmanager.service.ContextManagerService.START pkg=com.google.android.gms }
D/BoundBrokerSvc( 5045): Loading bound service for intent: Intent { act=com.google.android.contextmanager.service.ContextManagerService.START pkg=com.google.android.gms }
I/Fitness ( 5045): FitCleanupIntentOperation received Intent android.intent.action.PACKAGE_CHANGED [CONTEXT service_id=17 ]
I/Auth    ( 5144): [SupervisedAccountIntentOperation] onHandleIntent(): android.intent.action.PACKAGE_ADDED
I/BlockstoreStorage( 5144): Clearing Blockstore Data for package com.ubmprobe [CONTEXT service_id=258 ]
I/BlockstoreStorage( 5144): Keyless data not found or its IsLastInstallationData = false. [CONTEXT service_id=258 ]
I/Dck     ( 5144): doesDeviceHaveSupportedWirelessCapabilities: wccSysProp:0, wccMendel:3, deviceWccOverride:false [CONTEXT service_id=289 ]
I/Dck     ( 5144): isDckModuleEligible: isAtLeastR:true, hasWccSupport:false, downloadAllowed:false [CONTEXT service_id=289 ]
W/Dck     ( 5144): Dck module not eligible for asynchronous downloading [CONTEXT service_id=289 ]
W/DynamiteModule(10703): Local module descriptor class for com.google.android.gms.googlecertificates not found.
D/libEGL  (10790): loaded /vendor/lib64/egl/libGLESv1_CM_emulation.so
D/BoundBrokerSvc( 5144): onBind: Intent { act=com.google.android.gms.common.BIND_SHARED_PREFS pkg=com.google.android.gms }
D/BoundBrokerSvc( 5144): Loading bound service for intent: Intent { act=com.google.android.gms.common.BIND_SHARED_PREFS pkg=com.google.android.gms }
W/ziparchive(10703): Unable to open '/data/user_de/0/com.google.android.gms/app_chimera/m/00000002/DynamiteLoader.dm': No such file or directory
W/ziparchive(10703): Unable to open '/data/user_de/0/com.google.android.gms/app_chimera/m/00000002/DynamiteLoader.dm': No such file or directory
V/WindowManagerShell(  885): Transition animation finished (aborted=false), notifying core (#81)android.os.BinderProxy@7911f57@0
D/libEGL  (10790): loaded /vendor/lib64/egl/libGLESv2_emulation.so
I/DynamiteModule(10703): Considering local module com.google.android.gms.googlecertificates:0 and remote module com.google.android.gms.googlecertificates:7
I/DynamiteModule(10703): Selected remote version of com.google.android.gms.googlecertificates, version >= 7
D/AppCompatDelegate(10790): Checking for metadata for AppLocalesMetadataHolderService : Service not found
D/CompatibilityChangeReporter(  542): Compat change id reported: 161145287; UID 10118; state: DISABLED
V/WindowManager(  542): Finish Transition #81: created at 09-15 16:27:59.501 collect-started=0.014ms request-sent=5.267ms started=6.399ms ready=23.983ms sent=24.81ms finished=323.043ms
V/WindowManagerShell(  885): Track 0 became idle
V/WindowManagerShell(  885): All active transition animations finished
I/ProximityAuth( 5045): [RecentAppsMediator] Package added: (user=UserHandle{0}) com.ubmprobe
W/GCM     ( 5045): Unexpected forwarded intent: Intent { act=android.intent.action.PACKAGE_ADDED dat=package: flg=0x4000010 pkg=com.google.android.gms cmp=com.google.android.gms/.chimera.PersistentIntentOperationService (has extras) }
D/BoundBrokerSvc( 5144): onUnbind: Intent { act=com.google.android.gms.common.BIND_SHARED_PREFS pkg=com.google.android.gms }
W/ChimeraUtils( 5045): Module com.google.android.gms.nearby_en missing resource null(0)
I/A       ( 1959): onApplyWindowInsets: systemWindowInsets=Insets{left=0, top=24, right=0, bottom=0}
I/A       ( 1959): onApplyWindowInsets: systemWindowInsets=Insets{left=0, top=24, right=0, bottom=0}
W/ChimeraUtils( 5045): Module com.google.android.gms.nearby_en missing resource null(0)
I/Icing   ( 5144): Indexing com.google.android.gms-apps from com.google.android.gms
W/ziparchive(10703): Unable to open '/data/user_de/0/com.google.android.gms/app_chimera/m/00000005/GoogleCertificates.dm': No such file or directory
W/ziparchive(10703): Unable to open '/data/user_de/0/com.google.android.gms/app_chimera/m/00000005/GoogleCertificates.dm': No such file or directory
I/Icing   ( 5144): Indexing done com.google.android.gms-apps
I/Icing   ( 5144): Indexing com.google.android.gms-apps from com.google.android.gms
I/Icing   ( 5144): Indexing done com.google.android.gms-apps
D/CompatibilityChangeReporter(10703): Compat change id reported: 160794467; UID 10118; state: ENABLED
W/GCM     ( 5045): Unexpected forwarded intent: Intent { act=android.intent.action.PACKAGE_ADDED dat=package: flg=0x4000010 pkg=com.google.android.gms cmp=com.google.android.gms/.chimera.PersistentIntentOperationService (has extras) }
I/Fitness ( 5045): OnPackageChangedOperation got intent: Intent { act=android.intent.action.PACKAGE_CHANGED dat=package: flg=0x5000010 pkg=com.google.android.gms cmp=com.google.android.gms/.chimera.PersistentIntentOperationService (has extras) } [CONTEXT service_id=17 ]
I/Fitness ( 5045): FitCleanupIntentOperation received Intent android.intent.action.PACKAGE_CHANGED [CONTEXT service_id=17 ]
W/ChimeraUtils( 5045): Module com.google.android.gms.nearby_en missing resource null(0)
W/ChimeraUtils( 5045): Module com.google.android.gms.nearby_en missing resource null(0)
D/jni_lib_merge(10790): Entering merged library JNI_OnLoad.
D/jni_lib_merge(10790): Preparing 4 pre-merged libs (including stub)
D/jni_lib_merge(10790): Preparing to register libhermes_executor_so.  onload_func: 0x73b3795306e0
D/jni_lib_merge(10790): Preparing to register libhermesinstancejni_so.  onload_func: 0x73b37955cb60
D/jni_lib_merge(10790): Preparing to register libjsijniprofiler_so.  onload_func: 0x73b37955e900
D/jni_lib_merge(10790): About to register 3 actual methods.
I/Icing   ( 5144): Indexing com.google.android.gms-apps from com.google.android.gms
W/ChimeraUtils( 5045): Module com.google.android.gms.nearby_en missing resource null(0)
W/ChimeraUtils( 5045): Module com.google.android.gms.nearby_en missing resource null(0)
I/Icing   ( 5144): Indexing done com.google.android.gms-apps
I/RoleService(  542): Granting default roles...
E/RoleControllerServiceImpl(  890): Default/fallback role holder package doesn't qualify for the role, package: com.google.android.gms.supervision, role: android.app.role.SYSTEM_SUPERVISION
I/Role    (  890): com.google.android.gms not qualified for android.app.role.SYSTEM_CALL_STREAMING due to missing RequiredComponent{mIntentFilterData=IntentFilterData{mAction='android.telecom.CallStreamingService', mCategories='[]', mDataScheme='null', mDataType='null'}, mMinTargetSdkVersion=1, mFlags='0', mPermission='android.permission.BIND_CALL_STREAMING_SERVICE', mQueryFlags=0, mMetaData=[]}
E/RoleControllerServiceImpl(  890): Default/fallback role holder package doesn't qualify for the role, package: com.google.android.gms, role: android.app.role.SYSTEM_CALL_STREAMING
W/Role    (  890): Default holder doesn't have required signing certificate: com.google.android.apps.work.clouddpc:23962F4B43B9857638EA66F4D419518EAE282491ACDA4B94707BD59003C45E58
D/CompatibilityChangeReporter(  542): Compat change id reported: 161145287; UID 10196; state: ENABLED
D/TrafficStats(10790): tagSocket(79) with statsTag=0xffffffff, statsUid=-1
W/unknown:BridgelessReact(10790): ReactHost{0}.startSurface(surfaceId = 0): Schedule
W/unknown:BridgelessReact(10790): ReactHost{0}.attachSurface(surfaceId = 0)
W/unknown:BridgelessReact(10790): ReactHost{0}.getOrCreateReactInstanceTask()
W/unknown:BridgelessReact(10790): ReactHost{0}.getOrCreateReactInstanceTask(): Start
W/unknown:BridgelessReact(10790): ReactHost{0}.getJSBundleLoader()
W/unknown:BridgelessReact(10790): ReactHost{0}.isMetroRunning()
D/TrafficStats(10790): tagSocket(81) with statsTag=0xffffffff, statsUid=-1
W/com.ubmprobe(10790): Accessing hidden method Landroid/view/ViewGroup;->makeOptionalFitsSystemWindows()V (unsupported, reflection, allowed)
W/unknown:BridgelessReact(10790): ReactHost{0}.onHostResume(activity)
W/unknown:ReactNative(10790): Packager connection already open, nooping.
D/CompatibilityChangeReporter(10790): Compat change id reported: 237531167; UID 10196; state: DISABLED
W/OpenGLRenderer(10790): Unknown dataspace 0
D/CoreBackPreview(  542): Window{bb8f5ca u0 com.ubmprobe/com.ubmprobe.MainActivity}: Setting back callback OnBackInvokedCallbackInfo{mCallback=android.window.IOnBackInvokedCallback$Stub$Proxy@fe7f817, mPriority=0, mIsAnimationCallback=false}
W/ServiceManagerCppClient(  423): Permission failure: android.permission.ROTATE_SURFACE_FLINGER from uid=10196 pid=0
D/PermissionCache(  423): checking android.permission.ROTATE_SURFACE_FLINGER for uid=10196 => denied (101 us)
W/ServiceManagerCppClient(  423): Permission failure: android.permission.INTERNAL_SYSTEM_WINDOW from uid=10196 pid=0
D/PermissionCache(  423): checking android.permission.INTERNAL_SYSTEM_WINDOW for uid=10196 => denied (62 us)
W/ServiceManagerCppClient(  423): Permission failure: android.permission.ACCESS_SURFACE_FLINGER from uid=10196 pid=0
D/PermissionCache(  423): checking android.permission.ACCESS_SURFACE_FLINGER for uid=10196 => denied (99 us)
W/ServiceManagerCppClient(  423): Permission failure: android.permission.ACCESS_SURFACE_FLINGER from uid=10196 pid=10790
D/PermissionCache(  423): checking android.permission.ACCESS_SURFACE_FLINGER for uid=10196 => denied (111 us)
I/AiAiEcho( 1703): Predicting[0]: 
I/AiAiEcho( 1703): EchoTargets: 
I/AiAiEcho( 1703): Filtered by AiAi flag check: 
I/AiAiEcho( 1703): Ranked targets strategy: SORT, count: 0, ranking metadata: 
I/AiAiEcho( 1703): #postPredictionTargets: Sending updates to UISurface lockscreen with targets# 0 (types=[])
W/OpenGLRenderer(10790): Failed to initialize 101010-2 format, error = EGL_SUCCESS
W/PageIndicator(  885): Total number of pages invalid: 0. Assuming 1 page.
I/hwservicemanager(  154): getTransport: Cannot find entry android.hardware.graphics.mapper@4.0::IMapper/default in either framework or device VINTF manifest.
I/Gralloc4(10790): mapper 4.x is not supported
--------- beginning of kernel
I/servicemanager(    0): Could not find android.hardware.graphics.allocator.IAllocator/default in the VINTF manifest.
I/AiAiEcho( 1703): Predicting[0]: 
I/AiAiEcho( 1703): EchoTargets: 
I/AiAiEcho( 1703): Filtered by AiAi flag check: 
I/AiAiEcho( 1703): Ranked targets strategy: SORT, count: 0, ranking metadata: 
I/AiAiEcho( 1703): #postPredictionTargets: Sending updates to UISurface lockscreen with targets# 0 (types=[])
W/PageIndicator(  885): Total number of pages invalid: 0. Assuming 1 page.
W/ServiceManagerCppClient(  542): Permission failure: android.permission.ROTATE_SURFACE_FLINGER from uid=10196 pid=0
D/PermissionCache(  542): checking android.permission.ROTATE_SURFACE_FLINGER for uid=10196 => denied (147 us)
W/ServiceManagerCppClient(  542): Permission failure: android.permission.INTERNAL_SYSTEM_WINDOW from uid=10196 pid=0
D/PermissionCache(  542): checking android.permission.INTERNAL_SYSTEM_WINDOW for uid=10196 => denied (32 us)
W/ServiceManagerCppClient(  542): Permission failure: android.permission.ACCESS_SURFACE_FLINGER from uid=10196 pid=0
D/PermissionCache(  542): checking android.permission.ACCESS_SURFACE_FLINGER for uid=10196 => denied (28 us)
W/ziparchive(  542): Unable to open '/data/app/~~OVA5MXGJe0NpolzK_Qgm0A==/com.ubmprobe-WdfAGJyKfNCl7uoG6kgGOg==/base.dm': No such file or directory
I/ActivityTaskManager(  542): Displayed com.ubmprobe/.MainActivity for user 0: +647ms
D/BtGatt.ScanManager(10030): uid 10128 isForeground true scanMode -1
D/BtGatt.ScanManager(10030): uid 10128 isForeground true scanMode -1
D/OneSearchSuggestProvider( 1156): Shut down the binder channel
I/IPCThreadState( 1156): oneway function results for code 2 on binder at 0x73b52af36b80 will be dropped but finished with status UNKNOWN_TRANSACTION
I/ImeTracker( 1156): com.google.android.apps.nexuslauncher:69500b9d: onRequestHide at ORIGIN_CLIENT_HIDE_SOFT_INPUT reason HIDE_SOFT_INPUT
I/ImeTracker(  542): com.google.android.apps.nexuslauncher:69500b9d: onCancelled at PHASE_SERVER_SHOULD_HIDE
W/unknown:BridgelessReact(10790): ReactHost{0}.raiseSoftException(onWindowFocusChange(hasFocus = "true")): Tried to access onWindowFocusChange while context is not ready
E/unknown:ReactHost(10790): Unhandled SoftException
E/unknown:ReactHost(10790): com.facebook.react.bridge.ReactNoCrashSoftException: raiseSoftException(onWindowFocusChange(hasFocus = "true")): Tried to access onWindowFocusChange while context is not ready
E/unknown:ReactHost(10790): 	at com.facebook.react.runtime.ReactHostImpl.raiseSoftException(ReactHostImpl.kt:919)
E/unknown:ReactHost(10790): 	at com.facebook.react.runtime.ReactHostImpl.raiseSoftException$default(ReactHostImpl.kt:910)
E/unknown:ReactHost(10790): 	at com.facebook.react.runtime.ReactHostImpl.onWindowFocusChange(ReactHostImpl.kt:682)
E/unknown:ReactHost(10790): 	at com.facebook.react.ReactDelegate.onWindowFocusChanged(ReactDelegate.kt:229)
E/unknown:ReactHost(10790): 	at com.facebook.react.ReactActivityDelegate.onWindowFocusChanged(ReactActivityDelegate.java:235)
E/unknown:ReactHost(10790): 	at com.facebook.react.ReactActivity.onWindowFocusChanged(ReactActivity.java:161)
E/unknown:ReactHost(10790): 	at androidx.appcompat.view.WindowCallbackWrapper.onWindowFocusChanged(WindowCallbackWrapper.java:124)
E/unknown:ReactHost(10790): 	at com.android.internal.policy.DecorView.onWindowFocusChanged(DecorView.java:1788)
E/unknown:ReactHost(10790): 	at android.view.View.dispatchWindowFocusChanged(View.java:15933)
E/unknown:ReactHost(10790): 	at android.view.ViewGroup.dispatchWindowFocusChanged(ViewGroup.java:1509)
E/unknown:ReactHost(10790): 	at android.view.ViewRootImpl.dispatchFocusEvent(ViewRootImpl.java:4059)
E/unknown:ReactHost(10790): 	at android.view.ViewRootImpl.handleWindowFocusChanged(ViewRootImpl.java:3963)
E/unknown:ReactHost(10790): 	at android.view.ViewRootImpl.-$$Nest$mhandleWindowFocusChanged(Unknown Source:0)
E/unknown:ReactHost(10790): 	at android.view.ViewRootImpl$ViewRootHandler.handleMessageImpl(ViewRootImpl.java:5954)
E/unknown:ReactHost(10790): 	at android.view.ViewRootImpl$ViewRootHandler.handleMessage(ViewRootImpl.java:5862)
E/unknown:ReactHost(10790): 	at android.os.Handler.dispatchMessage(Handler.java:106)
E/unknown:ReactHost(10790): 	at android.os.Looper.loopOnce(Looper.java:205)
E/unknown:ReactHost(10790): 	at android.os.Looper.loop(Looper.java:294)
E/unknown:ReactHost(10790): 	at android.app.ActivityThread.main(ActivityThread.java:8177)
E/unknown:ReactHost(10790): 	at java.lang.reflect.Method.invoke(Native Method)
E/unknown:ReactHost(10790): 	at com.android.internal.os.RuntimeInit$MethodAndArgsCaller.run(RuntimeInit.java:552)
E/unknown:ReactHost(10790): 	at com.android.internal.os.ZygoteInit.main(ZygoteInit.java:971)
D/CompatibilityChangeReporter(  542): Compat change id reported: 214016041; UID 10196; state: ENABLED
I/ImeTracker(  542): com.ubmprobe:77524858: onRequestHide at ORIGIN_SERVER_HIDE_INPUT reason HIDE_UNSPECIFIED_WINDOW
I/ImeTracker(  542): com.ubmprobe:77524858: onCancelled at PHASE_SERVER_SHOULD_HIDE
I/PBSessionCacheImpl( 1959): Deleted sessionId[8617562626799791] from persistence.
I/GoogleInputMethodService( 1574): GoogleInputMethodService.onFinishInput():3227 
I/A       ( 1959): Using proto config with mendel
I/GoogleInputMethodService( 1574): GoogleInputMethodService.updateDeviceLockedStatus():2087 repeatCheckTimes = 0, unlocked = true
I/GoogleInputMethodService( 1574): GoogleInputMethodService.onStartInput():1877 onStartInput(EditorInfo{inputType=0x0(NULL) imeOptions=0x0 privateImeOptions=null actionName=UNSPECIFIED actionLabel=null actionId=0 initialSelStart=-1 initialSelEnd=-1 initialCapsMode=0x0 hintText=null label=null packageName=com.ubmprobe fieldId=0 fieldName=null extras=null}, false)
I/A       ( 1959): Using proto config with mendel
I/GoogleInputMethodService( 1574): GoogleInputMethodService.shouldHideHeaderOnInitialState():4008 ShouldHideHeaderOnInitialState = false
W/SearchServiceCore( 1959): Abort, client detached.
I/GoogleInputMethodService( 1574): GoogleInputMethodService.updateDeviceLockedStatus():2087 repeatCheckTimes = 2, unlocked = true
I/MicroDetectionState( 1959): Should stop hotword detection immediately - true
I/A       ( 1959): Using proto config with mendel
I/A       ( 1959): Using proto config with mendel
D/BtGatt.ScanManager(10030): uid 10128 isForeground true scanMode -1
D/BtGatt.ScanManager(10030): uid 10128 isForeground true scanMode -1
I/FontLog ( 5045): Received query Noto Color Emoji Compat, URI content://com.google.android.gms.fonts [CONTEXT service_id=132 ]
I/FontLog ( 5045): Query [emojicompat-emoji-font] resolved to {Noto Color Emoji Compat, wdth 100.0, wght 400, ital 0.0, bestEffort false} [CONTEXT service_id=132 ]
I/FontLog ( 5045): Fetch {Noto Color Emoji Compat, wdth 100.0, wght 400, ital 0.0, bestEffort false} end status Status{statusCode=SUCCESS, resolution=null} [CONTEXT service_id=132 ]
I/FontLog ( 5045): Pulling font file for id = 39, cache size = 4 [CONTEXT service_id=132 ]
W/WindowOnBackDispatcher(  885): sendCancelIfRunning: isInProgress=falsecallback=android.view.ViewRootImpl$$ExternalSyntheticLambda17@c5b1d10
D/CoreBackPreview(  542): Window{4555dba u0 Splash Screen com.ubmprobe EXITING}: Setting back callback null
W/InputManager-JNI(  542): Input channel object '4555dba Splash Screen com.ubmprobe (client)' was disposed without first being removed with the input manager!
I/FontLog ( 5045): Pulling font file for id = 39, cache size = 4 [CONTEXT service_id=132 ]
W/unknown:BridgelessReact(10790): ReactHost{0}.isMetroRunning(): Async result = true
W/unknown:BridgelessReact(10790): ReactHost{0}.loadJSBundleFromMetro()
D/CompatibilityChangeReporter(10790): Compat change id reported: 210923482; UID 10196; state: ENABLED
D/CoreBackPreview(  542): Window{cf7fdce u0 PopupWindow:cb51ed5}: Setting back callback OnBackInvokedCallbackInfo{mCallback=android.window.IOnBackInvokedCallback$Stub$Proxy@c9d1bfc, mPriority=0, mIsAnimationCallback=false}
I/wpa_supplicant(  872): wlan0: CTRL-EVENT-BEACON-LOSS 
W/WindowOnBackDispatcher(10790): sendCancelIfRunning: isInProgress=falsecallback=android.view.ViewRootImpl$$ExternalSyntheticLambda17@73d7b6
D/CoreBackPreview(  542): Window{cf7fdce u0 PopupWindow:cb51ed5}: Setting back callback null
W/unknown:BridgelessReact(10790): ReactHost{0}.loadJSBundleFromMetro(): Creating BundleLoader
W/unknown:BridgelessReact(10790): ReactHost{0}.getOrCreateReactInstanceTask(): Creating BridgelessReactContext
W/InputManager-JNI(  542): Input channel object 'cf7fdce PopupWindow:cb51ed5 (client)' was disposed without first being removed with the input manager!
W/unknown:BridgelessReact(10790): ReactHost{0}.getOrCreateReactInstanceTask(): Creating ReactInstance
D/TrafficStats(10790): tagSocket(103) with statsTag=0xffffffff, statsUid=-1
W/unknown:BridgelessReact(10790): ReactHost{0}.getOrCreateReactInstanceTask(): Loading JS Bundle
W/unknown:BridgelessReact(10790): ReactHost{0}.getOrCreateReactInstanceTask(): DevSupportManager.onNewReactContextCreated()
W/unknown:ReactNative(10790): Packager connection already open, nooping.
W/unknown:BridgelessReact(10790): ReactHost{0}.ReactContext.onHostResume()
W/unknown:BridgelessReact(10790): ReactHost{0}.startSurface(surfaceId = 0): Execute
W/unknown:BridgelessReact(10790): ReactHost{0}.getOrCreateReactInstanceTask(): Executing ReactInstanceEventListeners
I/WebViewFactory(10790): Loading com.google.android.webview version 113.0.5672.136 (code 567263637)
W/ziparchive(10790): Unable to open '/data/app/~~IellNjAFWLjWOkSUQVzFeg==/com.google.android.trichromelibrary_567263637-Z8mqHYxrAT3lx_MTQJ8-ug==/TrichromeLibrary.dm': No such file or directory
W/ziparchive(10790): Unable to open '/data/app/~~IellNjAFWLjWOkSUQVzFeg==/com.google.android.trichromelibrary_567263637-Z8mqHYxrAT3lx_MTQJ8-ug==/TrichromeLibrary.dm': No such file or directory
W/com.ubmprobe(10790): Entry not found
D/nativeloader(10790): Configuring clns-7 for other apk /data/app/~~IellNjAFWLjWOkSUQVzFeg==/com.google.android.trichromelibrary_567263637-Z8mqHYxrAT3lx_MTQJ8-ug==/TrichromeLibrary.apk. target_sdk_version=34, uses_libraries=ALL, library_path=/data/app/~~mkNtqLJYzCYyc16CXNdzdg==/com.google.android.webview-47U80BhOb9CpiO5AOVbQAg==/lib/x86_64:/data/app/~~mkNtqLJYzCYyc16CXNdzdg==/com.google.android.webview-47U80BhOb9CpiO5AOVbQAg==/WebViewGoogle.apk!/lib/x86_64:/data/app/~~IellNjAFWLjWOkSUQVzFeg==/com.google.android.trichromelibrary_567263637-Z8mqHYxrAT3lx_MTQJ8-ug==/TrichromeLibrary.apk!/lib/x86_64, permitted_path=/data:/mnt/expand
D/nativeloader(10790): Configuring clns-8 for other apk /data/app/~~mkNtqLJYzCYyc16CXNdzdg==/com.google.android.webview-47U80BhOb9CpiO5AOVbQAg==/WebViewGoogle.apk. target_sdk_version=34, uses_libraries=, library_path=/data/app/~~mkNtqLJYzCYyc16CXNdzdg==/com.google.android.webview-47U80BhOb9CpiO5AOVbQAg==/lib/x86_64:/data/app/~~mkNtqLJYzCYyc16CXNdzdg==/com.google.android.webview-47U80BhOb9CpiO5AOVbQAg==/WebViewGoogle.apk!/lib/x86_64:/data/app/~~IellNjAFWLjWOkSUQVzFeg==/com.google.android.trichromelibrary_567263637-Z8mqHYxrAT3lx_MTQJ8-ug==/TrichromeLibrary.apk!/lib/x86_64, permitted_path=/data:/mnt/expand
I/AppsFilter(  542): interaction: PackageSetting{c01f8a6 com.ubmprobe/10196} -> PackageSetting{cfda2e7 com.android.cts.priv.ctsshim/10185} BLOCKED
I/AppsFilter(  542): interaction: PackageSetting{c01f8a6 com.ubmprobe/10196} -> PackageSetting{54aee94 com.google.android.youtube/10139} BLOCKED
I/AppsFilter(  542): interaction: PackageSetting{c01f8a6 com.ubmprobe/10196} -> PackageSetting{536dd93 com.android.internal.display.cutout.emulation.corner/10022} BLOCKED
I/AppsFilter(  542): interaction: PackageSetting{c01f8a6 com.ubmprobe/10196} -> PackageSetting{29151d0 com.android.internal.display.cutout.emulation.double/10045} BLOCKED
I/AppsFilter(  542): interaction: PackageSetting{c01f8a6 com.ubmprobe/10196} -> PackageSetting{10dd3d com.google.android.googlequicksearchbox/10132} BLOCKED
I/AppsFilter(  542): interaction: PackageSetting{c01f8a6 com.ubmprobe/10196} -> PackageSetting{4c4f932 com.google.android.onetimeinitializer/10125} BLOCKED
I/AppsFilter(  542): interaction: PackageSetting{c01f8a6 com.ubmprobe/10196} -> PackageSetting{a778683 com.google.android.ext.shared/10101} BLOCKED
I/AppsFilter(  542): interaction: PackageSetting{c01f8a6 com.ubmprobe/10196} -> PackageSetting{481bafc com.android.internal.systemui.navbar.gestural_wide_back/10004} BLOCKED
I/AppsFilter(  542): interaction: PackageSetting{c01f8a6 com.ubmprobe/10196} -> PackageSetting{c326000 com.android.virtualmachine.res/10183} BLOCKED
I/AppsFilter(  542): interaction: PackageSetting{c01f8a6 com.ubmprobe/10196} -> PackageSetting{ab31039 com.google.android.federatedcompute/10187} BLOCKED
I/AppsFilter(  542): interaction: PackageSetting{c01f8a6 com.ubmprobe/10196} -> PackageSetting{91a6c0b com.android.managedprovisioning.auto_generated_rro_product__/10021} BLOCKED
I/AppsFilter(  542): interaction: PackageSetting{c01f8a6 com.ubmprobe/10196} -> PackageSetting{8ad8ae8 com.android.carrierconfig.auto_generated_rro_vendor__/10076} BLOCKED
I/AppsFilter(  542): interaction: PackageSetting{c01f8a6 com.ubmprobe/10196} -> PackageSetting{9a70501 com.android.systemui.emulation.pixel_3_xl/10037} BLOCKED
I/AppsFilter(  542): interaction: PackageSetting{c01f8a6 com.ubmprobe/10196} -> PackageSetting{f699fa6 com.android.systemui.emulation.pixel_4_xl/10062} BLOCKED
I/AppsFilter(  542): interaction: PackageSetting{c01f8a6 com.ubmprobe/10196} -> PackageSetting{f01bde7 com.android.systemui.emulation.pixel_fold/10006} BLOCKED
I/AppsFilter(  542): interaction: PackageSetting{c01f8a6 com.ubmprobe/10196} -> PackageSetting{3446d94 com.android.simappdialog.auto_generated_rro_product__/10027} BLOCKED
I/AppsFilter(  542): interaction: PackageSetting{c01f8a6 com.ubmprobe/10196} -> PackageSetting{245767e com.android.htmlviewer/10115} BLOCKED
I/AppsFilter(  542): interaction: PackageSetting{c01f8a6 com.ubmprobe/10196} -> PackageSetting{52207df com.google.android.health.connect.backuprestore/10182} BLOCKED
I/AppsFilter(  542): interaction: PackageSetting{c01f8a6 com.ubmprobe/10196} -> PackageSetting{8225183 com.android.systemui.auto_generated_rro_product__/10028} BLOCKED
I/AppsFilter(  542): interaction: PackageSetting{c01f8a6 com.ubmprobe/10196} -> PackageSetting{35d7c2c com.google.android.apps.messaging/10131} BLOCKED
I/AppsFilter(  542): interaction: PackageSetting{c01f8a6 com.ubmprobe/10196} -> PackageSetting{ab76f5 com.google.android.soundpicker/10137} BLOCKED
I/AppsFilter(  542): interaction: PackageSetting{c01f8a6 com.ubmprobe/10196} -> PackageSetting{81afd7e com.google.android.marvin.talkbackoverlay/10081} BLOCKED
I/AppsFilter(  542): interaction: PackageSetting{c01f8a6 com.ubmprobe/10196} -> PackageSetting{dbe7c8a com.google.android.configupdater/10130} BLOCKED
I/AppsFilter(  542): interaction: PackageSetting{c01f8a6 com.ubmprobe/10196} -> PackageSetting{927db2c com.android.internal.emulation.pixel_3a_xl/10044} BLOCKED
I/AppsFilter(  542): interaction: PackageSetting{c01f8a6 com.ubmprobe/10196} -> PackageSetting{ac7e9f5 com.android.internal.emulation.pixel_6_pro/10031} BLOCKED
I/AppsFilter(  542): interaction: PackageSetting{c01f8a6 com.ubmprobe/10196} -> PackageSetting{8e5738a com.android.internal.emulation.pixel_7_pro/10002} BLOCKED
I/AppsFilter(  542): interaction: PackageSetting{c01f8a6 com.ubmprobe/10196} -> PackageSetting{9a26dfb com.android.internal.emulation.pixel_8_pro/10055} BLOCKED
I/AppsFilter(  542): interaction: PackageSetting{c01f8a6 com.ubmprobe/10196} -> PackageSetting{2cd7e18 com.android.internal.emulation.pixel_3a/10050} BLOCKED
I/AppsFilter(  542): interaction: PackageSetting{c01f8a6 com.ubmprobe/10196} -> PackageSetting{c7a3071 com.android.internal.emulation.pixel_4a/10009} BLOCKED
I/AppsFilter(  542): interaction: PackageSetting{c01f8a6 com.ubmprobe/10196} -> PackageSetting{32f3e56 com.android.internal.emulation.pixel_6a/10020} BLOCKED
I/AppsFilter(  542): interaction: PackageSetting{c01f8a6 com.ubmprobe/10196} -> PackageSetting{c9feed7 com.android.internal.emulation.pixel_7a/10036} BLOCKED
I/AppsFilter(  542): interaction: PackageSetting{c01f8a6 com.ubmprobe/10196} -> PackageSetting{c2863c4 com.google.android.overlay.googlewebview/10052} BLOCKED
I/AppsFilter(  542): interaction: PackageSetting{c01f8a6 com.ubmprobe/10196} -> PackageSetting{c942fb com.google.android.hotspot2.osulogin/10172} BLOCKED
I/AppsFilter(  542): interaction: PackageSetting{c01f8a6 com.ubmprobe/10196} -> PackageSetting{13c2f18 com.android.simappdialog/10112} BLOCKED
I/AppsFilter(  542): interaction: PackageSetting{c01f8a6 com.ubmprobe/10196} -> PackageSetting{f8aa173 com.android.internal.display.cutout.emulation.hole/10073} BLOCKED
I/AppsFilter(  542): interaction: PackageSetting{c01f8a6 com.ubmprobe/10196} -> PackageSetting{d29f830 com.android.internal.display.cutout.emulation.tall/10068} BLOCKED
I/AppsFilter(  542): interaction: PackageSetting{c01f8a6 com.ubmprobe/10196} -> PackageSetting{99d7ca9 com.android.internal.systemui.navbar.threebutton/10065} BLOCKED
I/AppsFilter(  542): interaction: PackageSetting{c01f8a6 com.ubmprobe/10196} -> PackageSetting{1898d71 com.android.camera2/10143} BLOCKED
I/AppsFilter(  542): interaction: PackageSetting{c01f8a6 com.ubmprobe/10196} -> PackageSetting{763e1cf com.android.systemui.auto_generated_rro_vendor__/10075} BLOCKED
I/AppsFilter(  542): interaction: PackageSetting{c01f8a6 com.ubmprobe/10196} -> PackageSetting{70fd756 com.google.android.deskclock/10152} BLOCKED
I/AppsFilter(  542): interaction: PackageSetting{c01f8a6 com.ubmprobe/10196} -> PackageSetting{4a83a65 com.android.internal.systemui.navbar.twobutton/10018} BLOCKED
I/AppsFilter(  542): interaction: PackageSetting{c01f8a6 com.ubmprobe/10196} -> PackageSetting{7df13d7 com.google.android.as/10127} BLOCKED
I/AppsFilter(  542): interaction: PackageSetting{c01f8a6 com.ubmprobe/10196} -> PackageSetting{15124c4 com.google.android.gm/10142} BLOCKED
I/AppsFilter(  542): interaction: PackageSetting{c01f8a6 com.ubmprobe/10196} -> PackageSetting{289d48 com.android.internal.systemui.navbar.gestural_extra_wide_back/10051} BLOCKED
I/AppsFilter(  542): interaction: PackageSetting{c01f8a6 com.ubmprobe/10196} -> PackageSetting{ee717e1 com.android.systemui.emulation.pixel_3/10012} BLOCKED
I/AppsFilter(  542): interaction: PackageSetting{c01f8a6 com.ubmprobe/10196} -> PackageSetting{ab1e906 com.android.systemui.emulation.pixel_4/10034} BLOCKED
I/AppsFilter(  542): interaction: PackageSetting{c01f8a6 com.ubmprobe/10196} -> PackageSetting{3643bc7 com.android.systemui.emulation.pixel_5/10071} BLOCKED
I/AppsFilter(  542): interaction: PackageSetting{c01f8a6 com.ubmprobe/10196} -> PackageSetting{ece45f4 com.android.systemui.emulation.pixel_6/10074} BLOCKED
I/AppsFilter(  542): interaction: PackageSetting{c01f8a6 com.ubmprobe/10196} -> PackageSetting{5dc511d com.android.systemui.emulation.pixel_7/10072} BLOCKED
I/AppsFilter(  542): interaction: PackageSetting{c01f8a6 com.ubmprobe/10196} -> PackageSetting{8f38f92 com.android.systemui.emulation.pixel_8/10070} BLOCKED
I/AppsFilter(  542): interaction: PackageSetting{c01f8a6 com.ubmprobe/10196} -> PackageSetting{25ecd63 com.android.nfc.auto_generated_rro_product__/10024} BLOCKED
I/AppsFilter(  542): interaction: PackageSetting{c01f8a6 com.ubmprobe/10196} -> PackageSetting{c588fad com.android.printspooler/10104} BLOCKED
I/AppsFilter(  542): interaction: PackageSetting{c01f8a6 com.ubmprobe/10196} -> PackageSetting{2f1e219 com.android.emergency.auto_generated_rro_product__/10041} BLOCKED
I/AppsFilter(  542): interaction: PackageSetting{c01f8a6 com.ubmprobe/10196} -> PackageSetting{c3712de com.google.android.connectivity.resources.goldfish.overlay/10080} BLOCKED
I/AppsFilter(  542): interaction: PackageSetting{c01f8a6 com.ubmprobe/10196} -> PackageSetting{a4a12e2 com.android.dreams.basic/10102} BLOCKED
I/AppsFilter(  542): interaction: PackageSetting{c01f8a6 com.ubmprobe/10196} -> PackageSetting{7d8fc26 com.bleplxexample/10193} BLOCKED
I/AppsFilter(  542): interaction: PackageSetting{c01f8a6 com.ubmprobe/10196} -> PackageSetting{4485f8c com.google.android.networkstack.tethering.emulator/10038} BLOCKED
I/AppsFilter(  542): interaction: PackageSetting{c01f8a6 com.ubmprobe/10196} -> PackageSetting{23586d5 com.android.providers.settings.auto_generated_rro_product__/10001} BLOCKED
I/AppsFilter(  542): interaction: PackageSetting{c01f8a6 com.ubmprobe/10196} -> PackageSetting{171673 com.google.android.as.oss/10120} BLOCKED
I/AppsFilter(  542): interaction: PackageSetting{c01f8a6 com.ubmprobe/10196} -> PackageSetting{bb685db com.android.traceur.auto_generated_rro_product__/10013} BLOCKED
I/AppsFilter(  542): interaction: PackageSetting{c01f8a6 com.ubmprobe/10196} -> PackageSetting{29dc930 com.google.android.devicelockcontroller/10170} BLOCKED
I/AppsFilter(  542): interaction: PackageSetting{c01f8a6 com.ubmprobe/10196} -> PackageSetting{b9b79a9 com.google.android.dialer/10129} BLOCKED
I/AppsFilter(  542): interaction: PackageSetting{c01f8a6 com.ubmprobe/10196} -> PackageSetting{54c9fb6 com.android.internal.emulation.pixel_3/10046} BLOCKED
I/AppsFilter(  542): interaction: PackageSetting{c01f8a6 com.ubmprobe/10196} -> PackageSetting{70da4b7 com.android.internal.emulation.pixel_4/10060} BLOCKED
I/AppsFilter(  542): interaction: PackageSetting{c01f8a6 com.ubmprobe/10196} -> PackageSetting{5891424 com.android.internal.emulation.pixel_5/10015} BLOCKED
I/AppsFilter(  542): interaction: PackageSetting{c01f8a6 com.ubmprobe/10196} -> PackageSetting{758bb8d com.android.internal.emulation.pixel_6/10035} BLOCKED
I/AppsFilter(  542): interaction: PackageSetting{c01f8a6 com.ubmprobe/10196} -> PackageSetting{5fb0142 com.android.internal.emulation.pixel_7/10067} BLOCKED
I/AppsFilter(  542): interaction: PackageSetting{c01f8a6 com.ubmprobe/10196} -> PackageSetting{14dd553 com.android.internal.emulation.pixel_8/10039} BLOCKED
I/AppsFilter(  542): interaction: PackageSetting{c01f8a6 com.ubmprobe/10196} -> PackageSetting{1fa7b2e com.google.android.captiveportallogin/10113} BLOCKED
I/AppsFilter(  542): interaction: PackageSetting{c01f8a6 com.ubmprobe/10196} -> PackageSetting{cc2a6cf com.android.musicfx/10088} BLOCKED
I/AppsFilter(  542): interaction: PackageSetting{c01f8a6 com.ubmprobe/10196} -> PackageSetting{ce485c com.google.android.apps.docs/10153} BLOCKED
I/AppsFilter(  542): interaction: PackageSetting{c01f8a6 com.ubmprobe/10196} -> PackageSetting{5e80816 com.google.android.apps.maps/10154} BLOCKED
I/AppsFilter(  542): interaction: PackageSetting{c01f8a6 com.ubmprobe/10196} -> PackageSetting{5090765 com.google.android.modulemetadata/10147} BLOCKED
I/AppsFilter(  542): interaction: PackageSetting{c01f8a6 com.ubmprobe/10196} -> PackageSetting{2371c3a com.google.android.markup/10135} BLOCKED
I/AppsFilter(  542): interaction: PackageSetting{c01f8a6 com.ubmprobe/10196} -> PackageSetting{6a6cf45 com.android.providers.settings.auto_generated_rro_vendor__/10077} BLOCKED
I/AppsFilter(  542): interaction: PackageSetting{c01f8a6 com.ubmprobe/10196} -> PackageSetting{aece0eb com.google.android.rkpdapp/10178} BLOCKED
I/AppsFilter(  542): interaction: PackageSetting{c01f8a6 com.ubmprobe/10196} -> PackageSetting{4258e48 com.google.android.contacts/10156} BLOCKED
I/AppsFilter(  542): interaction: PackageSetting{c01f8a6 com.ubmprobe/10196} -> PackageSetting{fdc5fa8 com.android.server.telecom.auto_generated_rro_product__/10029} BLOCKED
I/AppsFilter(  542): interaction: PackageSetting{c01f8a6 com.ubmprobe/10196} -> PackageSetting{9ea1ac1 com.google.android.overlay.googleconfig/10061} BLOCKED
I/AppsFilter(  542): interaction: PackageSetting{c01f8a6 com.ubmprobe/10196} -> PackageSetting{907b4e1 com.android.chrome/10149} BLOCKED
I/AppsFilter(  542): interaction: PackageSetting{c01f8a6 com.ubmprobe/10196} -> PackageSetting{91b29a7 com.android.bips.auto_generated_rro_product__/10032} BLOCKED
I/AppsFilter(  542): interaction: PackageSetting{c01f8a6 com.ubmprobe/10196} -> PackageSetting{86ac206 com.google.android.apps.customization.pixel/10144} BLOCKED
I/AppsFilter(  542): interaction: PackageSetting{c01f8a6 com.ubmprobe/10196} -> PackageSetting{336a0c7 com.google.android.tag/10083} BLOCKED
I/AppsFilter(  542): interaction: PackageSetting{c01f8a6 com.ubmprobe/10196} -> PackageSetting{5a3ef2 com.google.android.overlay.permissioncontroller/10003} BLOCKED
I/AppsFilter(  542): interaction: PackageSetting{c01f8a6 com.ubmprobe/10196} -> PackageSetting{42946f4 com.google.android.partnersetup/10124} BLOCKED
I/AppsFilter(  542): interaction: PackageSetting{c01f8a6 com.ubmprobe/10196} -> PackageSetting{de9be1d com.google.android.apps.wallpaper.nexus/10141} BLOCKED
I/AppsFilter(  542): interaction: PackageSetting{c01f8a6 com.ubmprobe/10196} -> PackageSetting{be0f892 com.google.android.apps.nexuslauncher/10169} BLOCKED
I/AppsFilter(  542): interaction: PackageSetting{c01f8a6 com.ubmprobe/10196} -> PackageSetting{d728263 com.google.android.nearby.halfsheet/10191} BLOCKED
I/AppsFilter(  542): interaction: PackageSetting{c01f8a6 com.ubmprobe/10196} -> PackageSetting{111a69f com.android.theme.font.notoserifsource/10066} BLOCKED
I/AppsFilter(  542): interaction: PackageSetting{c01f8a6 com.ubmprobe/10196} -> PackageSetting{90dde60 com.google.android.safetycenter.resources/10179} BLOCKED
I/AppsFilter(  542): interaction: PackageSetting{c01f8a6 com.ubmprobe/10196} -> PackageSetting{f313b5 com.android.internal.display.cutout.emulation.waterfall/10040} BLOCKED
I/AppsFilter(  542): interaction: PackageSetting{c01f8a6 com.ubmprobe/10196} -> PackageSetting{a7eba4a com.android.internal.systemui.navbar.transparent/10026} BLOCKED
I/AppsFilter(  542): interaction: PackageSetting{c01f8a6 com.ubmprobe/10196} -> PackageSetting{2e91f19 com.google.android.connectivity.resources/10190} BLOCKED
I/AppsFilter(  542): interaction: PackageSetting{c01f8a6 com.ubmprobe/10196} -> PackageSetting{4bb02d8 com.android.providers.contacts.auto_generated_rro_product__/10017} BLOCKED
I/AppsFilter(  542): interaction: PackageSetting{c01f8a6 com.ubmprobe/10196} -> PackageSetting{b120bde com.google.android.feedback/10165} BLOCKED
I/AppsFilter(  542): interaction: PackageSetting{c01f8a6 com.ubmprobe/10196} -> PackageSetting{200e1bf com.google.android.printservice.recommendation/10110} BLOCKED
I/AppsFilter(  542): interaction: PackageSetting{c01f8a6 com.ubmprobe/10196} -> PackageSetting{7e2808c com.google.android.apps.photos/10140} BLOCKED
I/AppsFilter(  542): interaction: PackageSetting{c01f8a6 com.ubmprobe/10196} -> PackageSetting{931214a com.google.android.calendar/10145} BLOCKED
I/AppsFilter(  542): interaction: PackageSetting{c01f8a6 com.ubmprobe/10196} -> PackageSetting{6e393d5 com.google.android.documentsui/10098} BLOCKED
I/AppsFilter(  542): interaction: PackageSetting{c01f8a6 com.ubmprobe/10196} -> PackageSetting{8df046d com.android.systemui.emulation.pixel_3a_xl/10019} BLOCKED
I/AppsFilter(  542): interaction: PackageSetting{c01f8a6 com.ubmprobe/10196} -> PackageSetting{39c48a2 com.android.systemui.emulation.pixel_6_pro/10063} BLOCKED
I/AppsFilter(  542): interaction: PackageSetting{c01f8a6 com.ubmprobe/10196} -> PackageSetting{6f87933 com.android.systemui.emulation.pixel_7_pro/10054} BLOCKED
I/AppsFilter(  542): interaction: PackageSetting{c01f8a6 com.ubmprobe/10196} -> PackageSetting{d2b54f0 com.android.systemui.emulation.pixel_8_pro/10010} BLOCKED
I/AppsFilter(  542): interaction: PackageSetting{c01f8a6 com.ubmprobe/10196} -> PackageSetting{1af07ea com.google.mainline.telemetry/10151} BLOCKED
I/AppsFilter(  542): interaction: PackageSetting{c01f8a6 com.ubmprobe/10196} -> PackageSetting{b9a4cee com.android.carrierconfig.auto_generated_rro_product__/10064} BLOCKED
I/AppsFilter(  542): interaction: PackageSetting{c01f8a6 com.ubmprobe/10196} -> PackageSetting{4ebdadb com.android.providers.partnerbookmarks/10100} BLOCKED
I/AppsFilter(  542): interaction: PackageSetting{c01f8a6 com.ubmprobe/10196} -> PackageSetting{57d1978 com.android.wallpaper.livepicker/10090} BLOCKED
I/AppsFilter(  542): interaction: PackageSetting{c01f8a6 com.ubmprobe/10196} -> PackageSetting{bd15425 com.android.providers.telephony.auto_generated_rro_product__/10059} BLOCKED
I/AppsFilter(  542): interaction: PackageSetting{c01f8a6 com.ubmprobe/10196} -> PackageSetting{96249fa com.android.phone.auto_generated_rro_vendor__/10078} BLOCKED
I/AppsFilter(  542): interaction: PackageSetting{c01f8a6 com.ubmprobe/10196} -> PackageSetting{ed69851 com.google.mainline.adservices/10136} BLOCKED
I/AppsFilter(  542): interaction: PackageSetting{c01f8a6 com.ubmprobe/10196} -> PackageSetting{36db8b6 com.android.imsserviceentitlement/10117} BLOCKED
I/AppsFilter(  542): interaction: PackageSetting{c01f8a6 com.ubmprobe/10196} -> PackageSetting{6c349b7 com.google.android.healthconnect.controller/10181} BLOCKED
I/AppsFilter(  542): interaction: PackageSetting{c01f8a6 com.ubmprobe/10196} -> PackageSetting{7b0bc6 com.android.internal.emulation.pixel_2_xl/10014} BLOCKED
I/AppsFilter(  542): interaction: PackageSetting{c01f8a6 com.ubmprobe/10196} -> PackageSetting{31e8787 com.android.internal.emulation.pixel_3_xl/10056} BLOCKED
I/AppsFilter(  542): interaction: PackageSetting{c01f8a6 com.ubmprobe/10196} -> PackageSetting{ab506b4 com.android.internal.emulation.pixel_4_xl/10047} BLOCKED
I/AppsFilter(  542): interaction: PackageSetting{c01f8a6 com.ubmprobe/10196} -> PackageSetting{a56e2dd com.android.internal.emulation.pixel_fold/10008} BLOCKED
I/AppsFilter(  542): interaction: PackageSetting{c01f8a6 com.ubmprobe/10196} -> PackageSetting{c265524 com.android.bookmarkprovider/10114} BLOCKED
I/AppsFilter(  542): interaction: PackageSetting{c01f8a6 com.ubmprobe/10196} -> PackageSetting{fd21523 com.google.android.overlay.pixelconfigcommon/10011} BLOCKED
I/AppsFilter(  542): interaction: PackageSetting{c01f8a6 com.ubmprobe/10196} -> PackageSetting{af5da20 com.android.systemui.accessibility.accessibilitymenu.auto_generated_rro_product__/10053} BLOCKED
I/AppsFilter(  542): interaction: PackageSetting{c01f8a6 com.ubmprobe/10196} -> PackageSetting{7e3cfd9 com.android.systemui.emulation.pixel_3a/10030} BLOCKED
I/AppsFilter(  542): interaction: PackageSetting{c01f8a6 com.ubmprobe/10196} -> PackageSetting{29cd9e com.android.systemui.emulation.pixel_4a/10000} BLOCKED
I/AppsFilter(  542): interaction: PackageSetting{c01f8a6 com.ubmprobe/10196} -> PackageSetting{4a6e07f com.android.systemui.emulation.pixel_6a/10042} BLOCKED
I/AppsFilter(  542): interaction: PackageSetting{c01f8a6 com.ubmprobe/10196} -> PackageSetting{4ae784c com.android.systemui.emulation.pixel_7a/10016} BLOCKED
I/AppsFilter(  542): interaction: PackageSetting{c01f8a6 com.ubmprobe/10196} -> PackageSetting{81b688d com.google.android.settings.intelligence/10119} BLOCKED
I/AppsFilter(  542): interaction: PackageSetting{c01f8a6 com.ubmprobe/10196} -> PackageSetting{835b395 com.google.android.projection.gearhead/10123} BLOCKED
I/AppsFilter(  542): interaction: PackageSetting{c01f8a6 com.ubmprobe/10196} -> PackageSetting{794aa42 com.google.android.uwb.resources/10177} BLOCKED
I/AppsFilter(  542): interaction: PackageSetting{c01f8a6 com.ubmprobe/10196} -> PackageSetting{5d30caa com.android.cts.ctsshim/10186} BLOCKED
I/AppsFilter(  542): interaction: PackageSetting{c01f8a6 com.ubmprobe/10196} -> PackageSetting{738ca53 com.google.android.wifi.resources/10171} BLOCKED
I/AppsFilter(  542): interaction: PackageSetting{c01f8a6 com.ubmprobe/10196} -> PackageSetting{59f90 com.google.android.wifi.dialog/10173} BLOCKED
I/AppsFilter(  542): interaction: PackageSetting{c01f8a6 com.ubmprobe/10196} -> PackageSetting{2630089 com.google.android.apps.wallpaper/10161} BLOCKED
I/AppsFilter(  542): interaction: PackageSetting{c01f8a6 com.ubmprobe/10196} -> PackageSetting{147288e com.google.android.odad/10122} BLOCKED
I/AppsFilter(  542): interaction: PackageSetting{c01f8a6 com.ubmprobe/10196} -> PackageSetting{2d26077 com.android.settings.auto_generated_rro_product__/10025} BLOCKED
I/AppsFilter(  542): interaction: PackageSetting{c01f8a6 com.ubmprobe/10196} -> PackageSetting{184e4 com.android.internal.systemui.navbar.gestural/10048} BLOCKED
I/AppsFilter(  542): interaction: PackageSetting{c01f8a6 com.ubmprobe/10196} -> PackageSetting{57bb8af com.google.android.apps.youtube.music/10155} BLOCKED
I/AppsFilter(  542): interaction: PackageSetting{c01f8a6 com.ubmprobe/10196} -> PackageSetting{e4d24bc com.android.bluetoothmidiservice/10108} BLOCKED
I/AppsFilter(  542): interaction: PackageSetting{c01f8a6 com.ubmprobe/10196} -> PackageSetting{9028d13 com.android.storagemanager.auto_generated_rro_product__/10023} BLOCKED
I/AppsFilter(  542): interaction: PackageSetting{c01f8a6 com.ubmprobe/10196} -> PackageSetting{d721c45 com.google.android.cellbroadcastreceiver/10176} BLOCKED
I/AppsFilter(  542): interaction: PackageSetting{c01f8a6 com.ubmprobe/10196} -> PackageSetting{acb6149 com.android.phone.auto_generated_rro_product__/10058} BLOCKED
I/AppsFilter(  542): interaction: PackageSetting{c01f8a6 com.ubmprobe/10196} -> PackageSetting{7b2da4e android.auto_generated_rro_product__/10069} BLOCKED
I/AppsFilter(  542): interaction: PackageSetting{c01f8a6 com.ubmprobe/10196} -> PackageSetting{bfee76f com.android.internal.systemui.navbar.gestural_narrow_back/10049} BLOCKED
I/AppsFilter(  542): interaction: PackageSetting{c01f8a6 com.ubmprobe/10196} -> PackageSetting{913f9a com.google.android.inputmethod.latin/10146} BLOCKED
I/AppsFilter(  542): interaction: PackageSetting{c01f8a6 com.ubmprobe/10196} -> PackageSetting{8dfc905 android.auto_generated_rro_vendor__/10079} BLOCKED
I/AppsFilter(  542): interaction: PackageSetting{c01f8a6 com.ubmprobe/10196} -> PackageSetting{a5530cb com.google.android.apps.restore/10121} BLOCKED
W/com.ubmprobe(10790): Accessing hidden method Landroid/os/Trace;->isTagEnabled(J)Z (unsupported, reflection, allowed)
W/com.ubmprobe(10790): Accessing hidden method Landroid/os/Trace;->traceBegin(JLjava/lang/String;)V (unsupported, reflection, allowed)
W/com.ubmprobe(10790): Accessing hidden method Landroid/os/Trace;->traceEnd(J)V (unsupported, reflection, allowed)
W/com.ubmprobe(10790): Accessing hidden method Landroid/os/Trace;->asyncTraceBegin(JLjava/lang/String;I)V (unsupported, reflection, allowed)
W/com.ubmprobe(10790): Accessing hidden method Landroid/os/Trace;->asyncTraceEnd(JLjava/lang/String;I)V (unsupported, reflection, allowed)
I/cr_WVCFactoryProvider(10790): Loaded version=113.0.5672.136 minSdkVersion=29 isBundle=false multiprocess=true packageId=2
I/cr_VariationsUtils(10790): Failed reading seed file "/data/user/0/com.ubmprobe/app_webview/variations_seed_new"
I/cr_VariationsUtils(10790): Failed reading seed file "/data/user/0/com.ubmprobe/app_webview/variations_seed"
I/cr_VariationsUtils(10790): Requesting new seed from IVariationsSeedServer
I/cr_LibraryLoader(10790): Successfully loaded native library
I/cr_CachingUmaRecorder(10790): Flushed 8 samples from 8 histograms.
D/TrafficStats(10790): tagSocket(118) with statsTag=0xffffffff, statsUid=-1
I/ReactNativeJS(10790): Running "UbmProbe" with {"rootTag":1,"initialProps":{},"fabric":true}
W/unknown:ViewManagerPropertyUpdater(10790): Could not find generated setter for class com.facebook.react.views.debuggingoverlay.DebuggingOverlayManager
D/ActivityManager(  542): sync unfroze 8175 com.google.android.webview:webview_service for 6
D/CompatibilityChangeReporter(  542): Compat change id reported: 261072174; UID 10196; state: ENABLED
W/unknown:ViewManagerPropertyUpdater(10790): Could not find generated setter for class com.facebook.react.uimanager.LayoutShadowNode
I/cr_VariationsUtils( 8175): Throttling seed download job
I/cr_VariationsUtils( 8175): Writing new seed to app's data directory
W/unknown:ViewManagerPropertyUpdater(10790): Could not find generated setter for class com.facebook.react.views.safeareaview.ReactSafeAreaViewManager
W/unknown:ViewManagerPropertyUpdater(10790): Could not find generated setter for class com.facebook.react.views.modal.ReactModalHostManager
W/unknown:ViewManagerPropertyUpdater(10790): Could not find generated setter for class com.facebook.react.views.progressbar.ReactProgressBarViewManager
W/unknown:ViewManagerPropertyUpdater(10790): Could not find generated setter for class com.facebook.react.views.scroll.ReactHorizontalScrollViewManager
W/unknown:ViewManagerPropertyUpdater(10790): Could not find generated setter for class com.facebook.react.views.image.ReactImageManager
W/unknown:ViewManagerPropertyUpdater(10790): Could not find generated setter for class com.facebook.react.views.text.ReactTextViewManager
W/unknown:ViewManagerPropertyUpdater(10790): Could not find generated setter for class com.facebook.react.views.scroll.ReactHorizontalScrollContainerViewManager
W/unknown:ViewManagerPropertyUpdater(10790): Could not find generated setter for class com.facebook.react.views.unimplementedview.ReactUnimplementedViewManager
W/unknown:ViewManagerPropertyUpdater(10790): Could not find generated setter for class com.facebook.react.views.scroll.ReactScrollViewManager
W/unknown:ViewManagerPropertyUpdater(10790): Could not find generated setter for class com.facebook.react.views.view.ReactViewManager
W/unknown:ViewManagerPropertyUpdater(10790): Could not find generated setter for class com.facebook.react.views.drawer.ReactDrawerLayoutManager
W/unknown:ViewManagerPropertyUpdater(10790): Could not find generated setter for class com.facebook.react.views.switchview.ReactSwitchManager
W/unknown:ViewManagerPropertyUpdater(10790): Could not find generated setter for class com.facebook.react.views.swiperefresh.SwipeRefreshLayoutManager
W/unknown:ViewManagerPropertyUpdater(10790): Could not find generated setter for class com.facebook.react.views.textinput.ReactTextInputManager
W/unknown:ViewManagerPropertyUpdater(10790): Could not find generated setter for class com.facebook.react.views.text.SelectableTextViewManager
W/unknown:ViewManagerPropertyUpdater(10790): Could not find generated setter for class com.facebook.react.views.virtual.view.ReactVirtualViewManager
D/TrafficStats(10790): tagSocket(106) with statsTag=0xffffffff, statsUid=-1
D/CompatibilityChangeReporter(10790): Compat change id reported: 289878283; UID 10196; state: ENABLED
D/CompatibilityChangeReporter(10790): Compat change id reported: 171228096; UID 10196; state: ENABLED
W/com.ubmprobe(10790): Accessing hidden field Landroid/widget/ScrollView;->mScroller:Landroid/widget/OverScroller; (unsupported, reflection, allowed)
I/ReactNativeJS(10790): [UBM_PROBE] app-mounted
I/netd    (  358): tetherGetStats() -> {[]} <0.81ms>
I/netd    (  358): bandwidthSetGlobalAlert(2097152) <0.14ms>
I/netd    (  358): bandwidthRemoveInterfaceQuota(eth0) <0.61ms>
I/netd    (  358): bandwidthSetInterfaceQuota(eth0, 9223372036854775807) <0.36ms>
D/NetworkStatsObservers(  542): Unregistering RequestInfo from pid/uid:542/1000(android) for DataUsageRequest [ requestId=15, networkTemplate=NetworkTemplate: matchRule=MOBILE, matchSubscriberIds=[310260...], matchWifiNetworkKeys=[], metered=YES, defaultNetwork=NO, thresholdInBytes=3515525 ] accessLevel:3
D/NetworkStatsObservers(  542): Registering observer for RequestInfo from pid/uid:542/1000(android) for DataUsageRequest [ requestId=16, networkTemplate=NetworkTemplate: matchRule=MOBILE, matchSubscriberIds=[310260...], matchWifiNetworkKeys=[], metered=YES, defaultNetwork=NO, thresholdInBytes=3515140 ] accessLevel:3
I/netd    (  358): tetherGetStats() -> {[]} <0.25ms>
E/TaskPersister(  542): File error accessing recents directory (directory doesn't exist?).
D/EGL_emulation(10790): app_time_stats: avg=771.65ms min=1.09ms max=1653.12ms count=4
D/ProfileInstaller(10790): Installing profile for com.ubmprobe
D/ActivityManager(  542): sync unfroze 1726 com.google.process.gservices for 7
D/StatusBarIconController(  885): ignoring old pipeline callbacks, because the new mobile icons are enabled
D/BtGatt.ScanManager(10030): uid 10128 isForeground true scanMode -1
D/BtGatt.ScanManager(10030): uid 10128 isForeground true scanMode -1


