$ dumpsys activities while backgrounded
[exit=0]
ACTIVITY MANAGER ACTIVITIES (dumpsys activity activities)
Display #0 (activities from top to bottom):
  * Task{138c2a5 #1 type=home U=0 visible=true visibleRequested=true mode=fullscreen translucent=false sz=1}
    * Task{1e89a4c #7 type=home I=com.google.android.apps.nexuslauncher/.NexusLauncherActivity U=0 rootTaskId=1 visible=true visibleRequested=true mode=fullscreen translucent=false sz=1}
      mLastNonFullscreenBounds=Rect(77, 172 - 243, 492)
      isSleeping=false
      topResumedActivity=ActivityRecord{54ca9d9 u0 com.google.android.apps.nexuslauncher/.NexusLauncherActivity t7}
      * Hist  #0: ActivityRecord{54ca9d9 u0 com.google.android.apps.nexuslauncher/.NexusLauncherActivity t7}
        packageName=com.google.android.apps.nexuslauncher processName=com.google.android.apps.nexuslauncher
        launchedFromUid=0 launchedFromPackage=null launchedFromFeature=null userId=0
        app=ProcessRecord{e299f5d 1156:com.google.android.apps.nexuslauncher/u0a169}
        Intent { act=android.intent.action.MAIN cat=[android.intent.category.HOME] flg=0x10000100 cmp=com.google.android.apps.nexuslauncher/.NexusLauncherActivity (has extras) }
        rootOfTask=true task=Task{1e89a4c #7 type=home I=com.google.android.apps.nexuslauncher/.NexusLauncherActivity}
        taskAffinity=null
        mActivityComponent=com.google.android.apps.nexuslauncher/.NexusLauncherActivity
        baseDir=/system_ext/priv-app/NexusLauncherRelease/NexusLauncherRelease.apk
        dataDir=/data/user/0/com.google.android.apps.nexuslauncher
        stateNotNeeded=true componentSpecified=false mActivityType=home
        compat={160dpi} labelRes=0x7f130067 icon=0x7f080291 theme=0x7f140014
        mLastReportedConfigurations:
          mGlobalConfig={1.0 310mcc260mnc [en_US] ldltr sw320dp w320dp h616dp 160dpi nrml long port finger qwerty/v/v -nav/h winConfig={ mBounds=Rect(0, 0 - 320, 640) mAppBounds=Rect(0, 0 - 320, 640) mMaxBounds=Rect(0, 0 - 320, 640) mDisplayRotation=ROTATION_0 mWindowingMode=fullscreen mDisplayWindowingMode=fullscreen mActivityType=undefined mAlwaysOnTop=undefined mRotation=ROTATION_0} as.2 s.41 fontWeightAdjustment=0}
          mOverrideConfig={1.0 310mcc260mnc [en_US] ldltr sw320dp w320dp h616dp 160dpi nrml long port finger qwerty/v/v -nav/h winConfig={ mBounds=Rect(0, 0 - 320, 640) mAppBounds=Rect(0, 0 - 320, 640) mMaxBounds=Rect(0, 0 - 320, 640) mDisplayRotation=ROTATION_0 mWindowingMode=fullscreen mDisplayWindowingMode=fullscreen mActivityType=home mAlwaysOnTop=undefined mRotation=ROTATION_0} as.2 s.3 fontWeightAdjustment=0}
        CurrentConfiguration={1.0 310mcc260mnc [en_US] ldltr sw320dp w320dp h616dp 160dpi nrml long port finger qwerty/v/v -nav/h winConfig={ mBounds=Rect(0, 0 - 320, 640) mAppBounds=Rect(0, 0 - 320, 640) mMaxBounds=Rect(0, 0 - 320, 640) mDisplayRotation=ROTATION_0 mWindowingMode=fullscreen mDisplayWindowingMode=fullscreen mActivityType=home mAlwaysOnTop=undefined mRotation=ROTATION_0} as.2 s.3 fontWeightAdjustment=0}
        RequestedOverrideConfiguration={0.0 ?mcc0mnc ?localeList ?layoutDir ?swdp ?wdp ?hdp ?density ?lsize ?long ?ldr ?wideColorGamut ?orien ?uimode ?night ?touch ?keyb/?/? ?nav/? winConfig={ mBounds=Rect(0, 0 - 0, 0) mAppBounds=null mMaxBounds=Rect(0, 0 - 0, 0) mDisplayRotation=undefined mWindowingMode=undefined mDisplayWindowingMode=undefined mActivityType=home mAlwaysOnTop=undefined mRotation=undefined} ?fontWeightAdjustment}
        taskDescription: label="null" icon=null iconResource=/0 iconFilename=null primaryColor=fff1f0f7
          backgroundColor=fff1f0f7 statusBarColor=0 navigationBarColor=0
         backgroundColorFloating=fff1f0f7
        launchFailed=false launchCount=0 lastLaunchTime=-55m57s495ms
        mHaveState=false mIcicle=null
        state=RESUMED delayedResume=false finishing=false
        keysPaused=false inHistory=true idle=true
        occludesParent=true noDisplay=false immersive=false launchMode=2
        frozenBeforeDestroy=false forceNewConfig=false
        mActivityType=home
        mImeInsetsFrozenUntilStartInput=false
        windows=[Window{111f5d0 u0 com.google.android.apps.nexuslauncher/com.google.android.apps.nexuslauncher.NexusLauncherActivity}, Window{b7bfdf5 u0 com.google.android.apps.nexuslauncher/com.google.android.apps.nexuslauncher.NexusLauncherActivity}]
        windowType=2 waitingToShow=true
        mOccludesParent=true
        overrideOrientation=SCREEN_ORIENTATION_NOSENSOR
        requestedOrientation=SCREEN_ORIENTATION_NOSENSOR
        mVisibleRequested=true mVisible=true mClientVisible=true reportedDrawn=true reportedVisible=true
        mNumInterestingWindows=2 mNumDrawnWindows=2 allDrawn=true lastAllDrawn=true)
        startingData=null firstWindowDrawn=true mIsExiting=false
        nowVisible=true lastVisibleTime=-2s16ms
        connections={ConnectionRecord{a13a934 u0 com.google.android.apps.nexuslauncher/com.android.quickstep.TouchInteractionService:@1202407 flags=0x0}, ConnectionRecord{cc7ef8d u0 CR IMP com.google.android.googlequicksearchbox/com.google.android.apps.gsa.nowoverlayservice.DrawerOverlayService:@3249824 flags=0x41}}
        resizeMode=RESIZE_MODE_RESIZEABLE
        mLastReportedMultiWindowMode=false mLastReportedPictureInPictureMode=false
        supportsSizeChanges=SIZE_CHANGES_UNSUPPORTED_METADATA
        configChanges=0xdf3
        neverSandboxDisplayApis=false
        alwaysSandboxDisplayApis=false
        areBoundsLetterboxed=false
        mCameraCompatControlState=hidden
        mCameraCompatControlEnabled=true

  * Task{44b6a46 #39 type=standard A=10196:com.ubmprobe U=0 visible=false visibleRequested=false mode=fullscreen translucent=true sz=1}
    mLastPausedActivity: ActivityRecord{95cd621 u0 com.ubmprobe/.MainActivity t39}
    mLastNonFullscreenBounds=Rect(77, 172 - 243, 492)
    isSleeping=false
    * Hist  #0: ActivityRecord{95cd621 u0 com.ubmprobe/.MainActivity t39}
      packageName=com.ubmprobe processName=com.ubmprobe
      launchedFromUid=2000 launchedFromPackage=com.android.shell launchedFromFeature=null userId=0
      app=ProcessRecord{104c934 10899:com.ubmprobe/u0a196}
      Intent { flg=0x10000000 cmp=com.ubmprobe/.MainActivity }
      rootOfTask=true task=Task{44b6a46 #39 type=standard A=10196:com.ubmprobe}
      taskAffinity=10196:com.ubmprobe
      mActivityComponent=com.ubmprobe/.MainActivity
      baseDir=/data/app/~~OVA5MXGJe0NpolzK_Qgm0A==/com.ubmprobe-WdfAGJyKfNCl7uoG6kgGOg==/base.apk
      dataDir=/data/user/0/com.ubmprobe
      stateNotNeeded=false componentSpecified=false mActivityType=standard
      compat={160dpi} labelRes=0x7f0c001d icon=0x10d0000 theme=0x7f0d0007
      mLastReportedConfigurations:
        mGlobalConfig={1.0 310mcc260mnc [en_US] ldltr sw320dp w320dp h616dp 160dpi nrml long port finger qwerty/v/v -nav/h winConfig={ mBounds=Rect(0, 0 - 320, 640) mAppBounds=Rect(0, 0 - 320, 640) mMaxBounds=Rect(0, 0 - 320, 640) mDisplayRotation=ROTATION_0 mWindowingMode=fullscreen mDisplayWindowingMode=fullscreen mActivityType=undefined mAlwaysOnTop=undefined mRotation=ROTATION_0} as.2 s.36 fontWeightAdjustment=0}
        mOverrideConfig={1.0 310mcc260mnc [en_US] ldltr sw320dp w320dp h616dp 160dpi nrml long port finger qwerty/v/v -nav/h winConfig={ mBounds=Rect(0, 0 - 320, 640) mAppBounds=Rect(0, 0 - 320, 640) mMaxBounds=Rect(0, 0 - 320, 640) mDisplayRotation=ROTATION_0 mWindowingMode=fullscreen mDisplayWindowingMode=fullscreen mActivityType=standard mAlwaysOnTop=undefined mRotation=ROTATION_0} as.2 s.2 fontWeightAdjustment=0}
      CurrentConfiguration={1.0 310mcc260mnc [en_US] ldltr sw320dp w320dp h616dp 160dpi nrml long port finger qwerty/v/v -nav/h winConfig={ mBounds=Rect(0, 0 - 320, 640) mAppBounds=Rect(0, 0 - 320, 640) mMaxBounds=Rect(0, 0 - 320, 640) mDisplayRotation=ROTATION_0 mWindowingMode=fullscreen mDisplayWindowingMode=fullscreen mActivityType=standard mAlwaysOnTop=undefined mRotation=ROTATION_0} as.2 s.2 fontWeightAdjustment=0}
      RequestedOverrideConfiguration={0.0 ?mcc0mnc ?localeList ?layoutDir ?swdp ?wdp ?hdp ?density ?lsize ?long ?ldr ?wideColorGamut ?orien ?uimode ?night ?touch ?keyb/?/? ?nav/? winConfig={ mBounds=Rect(0, 0 - 0, 0) mAppBounds=null mMaxBounds=Rect(0, 0 - 0, 0) mDisplayRotation=undefined mWindowingMode=undefined mDisplayWindowingMode=undefined mActivityType=standard mAlwaysOnTop=undefined mRotation=undefined} ?fontWeightAdjustment}
      ResolvedOverrideConfiguration={0.0 ?mcc0mnc ?localeList ?layoutDir ?swdp ?wdp ?hdp ?density ?lsize ?long ?ldr ?wideColorGamut ?orien ?uimode ?night ?touch ?keyb/?/? ?nav/? winConfig={ mBounds=Rect(0, 0 - 0, 0) mAppBounds=null mMaxBounds=Rect(0, 0 - 0, 0) mDisplayRotation=undefined mWindowingMode=undefined mDisplayWindowingMode=undefined mActivityType=undefined mAlwaysOnTop=undefined mRotation=undefined} s.2 ?fontWeightAdjustment}
      taskDescription: label="null" icon=null iconResource=/0 iconFilename=null primaryColor=fff5f5f5
        backgroundColor=fffafafa statusBarColor=ff757575 navigationBarColor=808080
       backgroundColorFloating=ffffffff
      launchFailed=false launchCount=0 lastLaunchTime=-7s994ms
      mHaveState=true mIcicle=Bundle[mParcelledData.dataSize=3604]
      state=STOPPED delayedResume=false finishing=false
      keysPaused=false inHistory=true idle=true
      occludesParent=true noDisplay=false immersive=false launchMode=2
      frozenBeforeDestroy=false forceNewConfig=false
      mActivityType=standard
      mImeInsetsFrozenUntilStartInput=true
      windows=[Window{9c1400b u0 com.ubmprobe/com.ubmprobe.MainActivity}]
      windowType=2
      mOccludesParent=true
      overrideOrientation=SCREEN_ORIENTATION_UNSPECIFIED
      requestedOrientation=SCREEN_ORIENTATION_UNSPECIFIED
      mVisibleRequested=false mVisible=false mClientVisible=false reportedDrawn=false reportedVisible=false
      mAppStopped=true
      mNumInterestingWindows=2 mNumDrawnWindows=2 allDrawn=true lastAllDrawn=true)
      nowVisible=false lastVisibleTime=-7s26ms
      resizeMode=RESIZE_MODE_RESIZEABLE_VIA_SDK_VERSION
      mLastReportedMultiWindowMode=false mLastReportedPictureInPictureMode=false
      supportsSizeChanges=SIZE_CHANGES_UNSUPPORTED_METADATA
      configChanges=0xfb3
      neverSandboxDisplayApis=false
      alwaysSandboxDisplayApis=false
      areBoundsLetterboxed=false
      mCameraCompatControlState=hidden
      mCameraCompatControlEnabled=true

  * Task{ab072ca #18 type=standard A=10193:com.bleplxexample U=0 visible=false visibleRequested=false mode=fullscreen translucent=true sz=1}
    mLastPausedActivity: ActivityRecord{d6e5e35 u0 com.bleplxexample/.MainActivity t18}
    mLastNonFullscreenBounds=Rect(77, 172 - 243, 492)
    isSleeping=false
    * Hist  #0: ActivityRecord{d6e5e35 u0 com.bleplxexample/.MainActivity t18}
      packageName=com.bleplxexample processName=com.bleplxexample
      launchedFromUid=2000 launchedFromPackage=com.android.shell launchedFromFeature=null userId=0
      app=ProcessRecord{31caf58 7546:com.bleplxexample/u0a193}
      Intent { flg=0x10000000 cmp=com.bleplxexample/.MainActivity }
      rootOfTask=true task=Task{ab072ca #18 type=standard A=10193:com.bleplxexample}
      taskAffinity=10193:com.bleplxexample
      mActivityComponent=com.bleplxexample/.MainActivity
      baseDir=/data/app/~~HFINdJuHMX5q0yS0w2P2Lw==/com.bleplxexample-jL63w-UMk2qXFvV1l6k5zQ==/base.apk
      dataDir=/data/user/0/com.bleplxexample
      stateNotNeeded=false componentSpecified=false mActivityType=standard
      compat={160dpi} labelRes=0x7f0f001d icon=0x7f0d0001 theme=0x7f10000d
      mLastReportedConfigurations:
        mGlobalConfig={1.0 310mcc260mnc [en_US] ldltr sw320dp w320dp h616dp 160dpi nrml long port finger qwerty/v/v -nav/h winConfig={ mBounds=Rect(0, 0 - 320, 640) mAppBounds=Rect(0, 0 - 320, 640) mMaxBounds=Rect(0, 0 - 320, 640) mDisplayRotation=ROTATION_0 mWindowingMode=fullscreen mDisplayWindowingMode=fullscreen mActivityType=undefined mAlwaysOnTop=undefined mRotation=ROTATION_0} as.2 s.36 fontWeightAdjustment=0}
        mOverrideConfig={1.0 310mcc260mnc [en_US] ldltr sw320dp w320dp h616dp 160dpi nrml long port finger qwerty/v/v -nav/h winConfig={ mBounds=Rect(0, 0 - 320, 640) mAppBounds=Rect(0, 0 - 320, 640) mMaxBounds=Rect(0, 0 - 320, 640) mDisplayRotation=ROTATION_0 mWindowingMode=fullscreen mDisplayWindowingMode=fullscreen mActivityType=standard mAlwaysOnTop=undefined mRotation=ROTATION_0} as.2 s.2 fontWeightAdjustment=0}
      CurrentConfiguration={1.0 310mcc260mnc [en_US] ldltr sw320dp w320dp h616dp 160dpi nrml long port finger qwerty/v/v -nav/h winConfig={ mBounds=Rect(0, 0 - 320, 640) mAppBounds=Rect(0, 0 - 320, 640) mMaxBounds=Rect(0, 0 - 320, 640) mDisplayRotation=ROTATION_0 mWindowingMode=fullscreen mDisplayWindowingMode=fullscreen mActivityType=standard mAlwaysOnTop=undefined mRotation=ROTATION_0} as.2 s.2 fontWeightAdjustment=0}
      RequestedOverrideConfiguration={0.0 ?mcc0mnc ?localeList ?layoutDir ?swdp ?wdp ?hdp ?density ?lsize ?long ?ldr ?wideColorGamut ?orien ?uimode ?night ?touch ?keyb/?/? ?nav/? winConfig={ mBounds=Rect(0, 0 - 0, 0) mAppBounds=null mMaxBounds=Rect(0, 0 - 0, 0) mDisplayRotation=undefined mWindowingMode=undefined mDisplayWindowingMode=undefined mActivityType=standard mAlwaysOnTop=undefined mRotation=undefined} ?fontWeightAdjustment}
      ResolvedOverrideConfiguration={0.0 ?mcc0mnc ?localeList ?layoutDir ?swdp ?wdp ?hdp ?density ?lsize ?long ?ldr ?wideColorGamut ?orien ?uimode ?night ?touch ?keyb/?/? ?nav/? winConfig={ mBounds=Rect(0, 0 - 0, 0) mAppBounds=null mMaxBounds=Rect(0, 0 - 0, 0) mDisplayRotation=undefined mWindowingMode=undefined mDisplayWindowingMode=undefined mActivityType=undefined mAlwaysOnTop=undefined mRotation=undefined} s.2 ?fontWeightAdjustment}
      taskDescription: label="null" icon=null iconResource=/0 iconFilename=null primaryColor=fff5f5f5
        backgroundColor=fffafafa statusBarColor=ff757575 navigationBarColor=808080
       backgroundColorFloating=ffffffff
      launchFailed=false launchCount=0 lastLaunchTime=-44m43s376ms
      mHaveState=true mIcicle=Bundle[mParcelledData.dataSize=1968]
      state=STOPPED delayedResume=false finishing=false
      keysPaused=false inHistory=true idle=true
      occludesParent=true noDisplay=false immersive=false launchMode=2
      frozenBeforeDestroy=false forceNewConfig=false
      mActivityType=standard
      mImeInsetsFrozenUntilStartInput=true
      windows=[Window{19ed41b u0 com.bleplxexample/com.bleplxexample.MainActivity}]
      windowType=2
      mOccludesParent=true
      overrideOrientation=SCREEN_ORIENTATION_UNSPECIFIED
      requestedOrientation=SCREEN_ORIENTATION_UNSPECIFIED
      mVisibleRequested=false mVisible=false mClientVisible=false reportedDrawn=false reportedVisible=false
      mAppStopped=true
      mNumInterestingWindows=1 mNumDrawnWindows=1 allDrawn=true lastAllDrawn=true)
      nowVisible=false lastVisibleTime=-10m39s361ms
      resizeMode=RESIZE_MODE_RESIZEABLE_VIA_SDK_VERSION
      mLastReportedMultiWindowMode=false mLastReportedPictureInPictureMode=false
      supportsSizeChanges=SIZE_CHANGES_UNSUPPORTED_METADATA
      configChanges=0xfb3
      neverSandboxDisplayApis=false
      alwaysSandboxDisplayApis=false
      areBoundsLetterboxed=false
      mCameraCompatControlState=hidden
      mCameraCompatControlEnabled=true

  * Task{f59aa66 #2 type=undefined U=0 visible=false visibleRequested=false mode=fullscreen translucent=true sz=2}
    mCreatedByOrganizer=true
    * Task{b05654 #4 type=undefined U=0 rootTaskId=2 visible=false visibleRequested=false mode=multi-window translucent=true sz=0}
      mBounds=Rect(0, 640 - 320, 960)
      mCreatedByOrganizer=true
      isSleeping=false
    * Task{bfcd1a7 #3 type=undefined U=0 rootTaskId=2 visible=false visibleRequested=false mode=multi-window translucent=true sz=0}
      mCreatedByOrganizer=true
      isSleeping=false

  Resumed activities in task display areas (from top to bottom):
    Resumed: ActivityRecord{54ca9d9 u0 com.google.android.apps.nexuslauncher/.NexusLauncherActivity t7}

  ResumedActivity: ActivityRecord{54ca9d9 u0 com.google.android.apps.nexuslauncher/.NexusLauncherActivity t7}

ActivityTaskSupervisor state:
  topDisplayFocusedRootTask=Task{138c2a5 #1 type=home}
  Display: mDisplayId=0 (organized)
    init=320x640 160dpi mMinSizeOfResizeableTaskDp=220 cur=320x640 app=320x640 rng=320x296-640x616
    deferred=false mLayoutNeeded=true mTouchExcludeRegion=SkRegion((0,0,320,640))

  mLastOrientationSource=WindowedMagnification:0:31@137666575
  deepestLastOrientationSource=ActivityRecord{54ca9d9 u0 com.google.android.apps.nexuslauncher/.NexusLauncherActivity t7}
  overrideConfig={1.0 310mcc260mnc [en_US] ldltr sw320dp w320dp h616dp 160dpi nrml long port finger qwerty/v/v -nav/h winConfig={ mBounds=Rect(0, 0 - 320, 640) mAppBounds=Rect(0, 0 - 320, 640) mMaxBounds=Rect(0, 0 - 320, 640) mDisplayRotation=ROTATION_0 mWindowingMode=fullscreen mDisplayWindowingMode=fullscreen mActivityType=undefined mAlwaysOnTop=undefined mRotation=ROTATION_0} as.2 s.36 fontWeightAdjustment=0}
  mLayoutSeq=1070
  mCurrentFocus=Window{111f5d0 u0 com.google.android.apps.nexuslauncher/com.google.android.apps.nexuslauncher.NexusLauncherActivity}
  mFocusedApp=ActivityRecord{54ca9d9 u0 com.google.android.apps.nexuslauncher/.NexusLauncherActivity t7}

  mHoldScreenWindow=null
  mObscuringWindow=Window{9123919 u0 com.android.systemui.wallpapers.ImageWallpaper}
  mLastWakeLockHoldingWindow=null
  mLastWakeLockObscuringWindow=null

  displayId=0
  mWallpaperTarget=Window{111f5d0 u0 com.google.android.apps.nexuslauncher/com.google.android.apps.nexuslauncher.NexusLauncherActivity}
  mLastWallpaperX=0.0 mLastWallpaperY=0.5

  mSystemGestureExclusion=SkRegion((0,24,320,640))

  Display areas in top down Z order:
    * Leaf:36:36
    * HideDisplayCutout:32:35
      * OneHanded:34:35
        * FullscreenMagnification:34:35
          * Leaf:34:35
      * FullscreenMagnification:33:33
        * Leaf:33:33
      * OneHanded:32:32
        * Leaf:32:32
    * WindowedMagnification:0:31
      * HideDisplayCutout:26:31
        * OneHanded:26:31
          * FullscreenMagnification:29:31
            * Leaf:29:31
          * Leaf:28:28
          * FullscreenMagnification:26:27
            * Leaf:26:27
      * Leaf:24:25
      * HideDisplayCutout:18:23
        * OneHanded:18:23
          * FullscreenMagnification:18:23
            * Leaf:18:23
      * OneHanded:17:17
        * FullscreenMagnification:17:17
          * Leaf:17:17
      * HideDisplayCutout:16:16
        * OneHanded:16:16
          * FullscreenMagnification:16:16
            * Leaf:16:16
      * OneHanded:15:15
        * FullscreenMagnification:15:15
          * Leaf:15:15
      * HideDisplayCutout:0:14
        * OneHanded:0:14
          * ImePlaceholder:13:14
            * ImeContainer
          * FullscreenMagnification:0:12
            * Leaf:3:12
            * DefaultTaskDisplayArea (organized)
            * Leaf:0:1

  Task display areas in top down Z order:
    TaskDisplayArea DefaultTaskDisplayArea
      overrideConfig={0.0 ?mcc0mnc ?localeList ?layoutDir ?swdp ?wdp ?hdp ?density ?lsize ?long ?ldr ?wideColorGamut ?orien ?uimode ?night ?touch ?keyb/?/? ?nav/? winConfig={ mBounds=Rect(0, 0 - 0, 0) mAppBounds=null mMaxBounds=Rect(0, 0 - 0, 0) mDisplayRotation=undefined mWindowingMode=fullscreen mDisplayWindowingMode=fullscreen mActivityType=undefined mAlwaysOnTop=undefined mRotation=undefined} ?fontWeightAdjustment}
      mPreferredTopFocusableRootTask=Task{138c2a5 #1 type=home}
      mLastFocusedRootTask=Task{138c2a5 #1 type=home}
      Application tokens in top down Z order:
      * Task{138c2a5 #1 type=home U=0 visible=true visibleRequested=true mode=fullscreen translucent=false sz=1}
        bounds=[0,0][320,640]
        * Task{1e89a4c #7 type=home I=com.google.android.apps.nexuslauncher/.NexusLauncherActivity U=0 rootTaskId=1 visible=true visibleRequested=true mode=fullscreen translucent=false sz=1}
          bounds=[0,0][320,640]
          * ActivityRecord{54ca9d9 u0 com.google.android.apps.nexuslauncher/.NexusLauncherActivity t7}
      * Task{44b6a46 #39 type=standard A=10196:com.ubmprobe U=0 visible=false visibleRequested=false mode=fullscreen translucent=true sz=1}
        bounds=[0,0][320,640]
        * ActivityRecord{95cd621 u0 com.ubmprobe/.MainActivity t39}
      * Task{ab072ca #18 type=standard A=10193:com.bleplxexample U=0 visible=false visibleRequested=false mode=fullscreen translucent=true sz=1}
        bounds=[0,0][320,640]
        * ActivityRecord{d6e5e35 u0 com.bleplxexample/.MainActivity t18}
      * Task{f59aa66 #2 type=undefined U=0 visible=false visibleRequested=false mode=fullscreen translucent=true sz=2}
        bounds=[0,0][320,640]
        * Task{b05654 #4 type=undefined U=0 rootTaskId=2 visible=false visibleRequested=false mode=multi-window translucent=true sz=0}
          bounds=[0,640][320,960]
        * Task{bfcd1a7 #3 type=undefined U=0 rootTaskId=2 visible=false visibleRequested=false mode=multi-window translucent=true sz=0}
          bounds=[0,0][320,640]

  no ScreenRotationAnimation 

  rootHomeTask=Task=1

  PinnedTaskController
    mIsImeShowing=false
    mImeHeight=0
    mMinAspectRatio=0.41841003
    mMaxAspectRatio=2.39

  DisplayFrames w=320 h=640 r=0

  DisplayPolicy
    mCarDockEnablesAccelerometer=true mDeskDockEnablesAccelerometer=true
    mDockMode=EXTRA_DOCK_STATE_UNDOCKED mLidState=LID_OPEN
    mAwake=true mScreenOnEarly=true mScreenOnFully=true
    mKeyguardDrawComplete=true mWindowManagerDrawComplete=true
    mHdmiPlugged=false
    mLastBehavior=DEFAULT
    mShowingDream=false mDreamingLockscreen=false
    mStatusBar=Window{d2fb233 u0 StatusBar}
    mExpandedPanel=Window{d9e0d88 u0 NotificationShade}
    isKeyguardShowing=false
    mTopGestureHost=Window{d2fb233 u0 StatusBar}
    mFocusedWindow=Window{111f5d0 u0 com.google.android.apps.nexuslauncher/com.google.android.apps.nexuslauncher.NexusLauncherActivity}
    mTopFullscreenOpaqueWindowState=Window{111f5d0 u0 com.google.android.apps.nexuslauncher/com.google.android.apps.nexuslauncher.NexusLauncherActivity}
    mSystemBarColorApps={ActivityRecord{54ca9d9 u0 com.google.android.apps.nexuslauncher/.NexusLauncherActivity t7}}
    mLastStatusBarAppearanceRegions=
      AppearanceRegion{ bounds=[0,0][320,640]}
    mLastLetterboxDetails=
    mStatusBarBackgroundWindows=
      Window{111f5d0 u0 com.google.android.apps.nexuslauncher/com.google.android.apps.nexuslauncher.NexusLauncherActivity}
    mTopIsFullscreen=false
    mForceShowNavigationBarEnabled=false mAllowLockscreenWhenOn=false
    mRemoteInsetsControllerControlsSystemBars=false
    mDecorInsetsInfo:
      ROTATION_0={nonDecorInsets=[0,0][0,0], configInsets=[0,24][0,0], nonDecorFrame=[0,0][320,640], configFrame=[0,24][320,640]}
      ROTATION_90={nonDecorInsets=[0,0][0,0], configInsets=[0,24][0,0], nonDecorFrame=[0,0][640,320], configFrame=[0,24][640,320]}
      ROTATION_180={nonDecorInsets=[0,0][0,0], configInsets=[0,24][0,0], nonDecorFrame=[0,0][320,640], configFrame=[0,24][320,640]}
      ROTATION_270={nonDecorInsets=[0,0][0,0], configInsets=[0,24][0,0], nonDecorFrame=[0,0][640,320], configFrame=[0,24][640,320]}
    SystemGestures:
      mDisplayCutoutTouchableRegionSize=0
      mSwipeStartThreshold=Rect(24, 24 - 24, 24)
      mSwipeDistanceThreshold=24
    Looper state:
      Looper (android.ui, tid 22) {42979a6}
        (Total messages: 0, polling=true, quitting=false)

  DisplayRotation
    mCurrentAppOrientation=SCREEN_ORIENTATION_NOSENSOR
    mLastOrientation=5
    mRotation=0 mDeferredRotationPauseCount=0
    mLandscapeRotation=ROTATION_90 mSeascapeRotation=ROTATION_270
    mPortraitRotation=ROTATION_0 mUpsideDownRotation=ROTATION_180
    mSupportAutoRotation=true
    WindowOrientationListener
      mEnabled=true
      mCurrentRotation=ROTATION_0
      mSensorType=null
      mSensor={Sensor name="Goldfish 3-axis Accelerometer", vendor="The Android Open Source Project", version=1, type=1, maxRange=39.300102, resolution=2.480159E-4, power=3.0, minDelay=10000}
      mRate=2
      AccelSensorJudge
        mProposedRotation=0
        mPredictedRotation=0
        mLastFilteredX=0.0
        mLastFilteredY=9.776321
        mLastFilteredZ=0.812345
        mLastFilteredTimestampNanos=3383816067646 (12.703285ms ago)
        mTiltHistory={last: 5.0}
        mFlat=false
        mSwinging=false
        mAccelerating=false
        mOverhead=false
        mTouched=false
        mTiltToleranceConfig=[[-25, 70], [-25, 65], [-25, 60], [-25, 65]]

    mCarDockRotation=-1 mDeskDockRotation=-1
    mUserRotationMode=USER_ROTATION_FREE mUserRotation=ROTATION_0 mCameraRotationMode=0 mAllowAllRotations=false
    mDemoHdmiRotation=ROTATION_90 mDemoHdmiRotationLock=false mUndockedHdmiRotation=-1
    mLidOpenRotation=-1
    mFixedToUserRotation=false

  InputConsumers:
    name=recents_animation_input_consumer pid=1156 user=UserHandle{0}

  WindowInsetsStateController
    InsetsState
      mDisplayFrame=Rect(0, 0 - 320, 640)
      mDisplayCutout=DisplayCutout{insets=Rect(0, 0 - 0, 0) waterfall=Insets{left=0, top=0, right=0, bottom=0} boundingRect={Bounds=[Rect(0, 0 - 0, 0), Rect(0, 0 - 0, 0), Rect(0, 0 - 0, 0), Rect(0, 0 - 0, 0)]} cutoutPathParserInfo={CutoutPathParserInfo{displayWidth=0 displayHeight=0 physicalDisplayWidth=0 physicalDisplayHeight=0 density={0.0} cutoutSpec={} rotation={0} scale={0.0} physicalPixelDisplaySizeRatio={0.0}}}}
      mRoundedCorners=RoundedCorners{[RoundedCorner{position=TopLeft, radius=0, center=Point(0, 0)}, RoundedCorner{position=TopRight, radius=0, center=Point(0, 0)}, RoundedCorner{position=BottomRight, radius=0, center=Point(0, 0)}, RoundedCorner{position=BottomLeft, radius=0, center=Point(0, 0)}]}
      mRoundedCornerFrame=Rect(0, 0 - 0, 0)
      mPrivacyIndicatorBounds=PrivacyIndicatorBounds {static bounds=Rect(224, 0 - 306, 24) rotation=0}
      mDisplayShape=DisplayShape{ spec=-2047665221 displayWidth=320 displayHeight=640 physicalPixelDisplaySizeRatio=1.0 rotation=0 offsetX=0 offsetY=0 scale=1.0}
        InsetsSource id=991a0000 type=statusBars frame=[0,0][320,24] visible=true flags= insetsRoundedCornerFrame=false
        InsetsSource id=991a0005 type=mandatorySystemGestures frame=[0,0][320,24] visible=true flags= insetsRoundedCornerFrame=false
        InsetsSource id=991a0006 type=tappableElement frame=[0,0][320,24] visible=true flags= insetsRoundedCornerFrame=false
        InsetsSource id=3 type=ime frame=[0,0][0,0] visible=false flags= insetsRoundedCornerFrame=false
    Control map:
      Window{111f5d0 u0 com.google.android.apps.nexuslauncher/com.google.android.apps.nexuslauncher.NexusLauncherActivity}:
        InsetsSourceControl: {3 mType=ime mSurfacePosition=Point(0, 0) mInsetsHint=Insets{left=0, top=0, right=0, bottom=0}}
        InsetsSourceControl: {991a0000 mType=statusBars initiallyVisible mSurfacePosition=Point(0, 0) mInsetsHint=Insets{left=0, top=24, right=0, bottom=0}}
    InsetsSourceProviders:
      ImeInsetsSourceProvider
        mSource=InsetsSource id=3 type=ime frame=[0,0][0,0] visible=false flags= insetsRoundedCornerFrame=false
        mSourceFrame=Rect(0, 640 - 320, 640)
        mControl=InsetsSourceControl mId=3 mType=ime mLeash=Surface(name=Surface(name=bf9fc13 InputMethod)/@0x13ff7c - animation-leash of insets_animation)/@0x2df1516 mInitiallyVisible=false mSurfacePosition=Point(0, 0) mInsetsHint=Insets{left=0, top=0, right=0, bottom=0} mSkipAnimationOnce=false
        mIsLeashReadyForDispatching=true
        mWindowContainer=Window{bf9fc13 u0 InputMethod}
        mAdapter=ControlAdapter mCapturedLeash=Surface(name=Surface(name=bf9fc13 InputMethod)/@0x13ff7c - animation-leash of insets_animation)/@0x2df1516
        mControlTarget=Window{111f5d0 u0 com.google.android.apps.nexuslauncher/com.google.android.apps.nexuslauncher.NexusLauncherActivity}
        mImeShowing=false
      InsetsSourceProvider
        mSource=InsetsSource id=991a0006 type=tappableElement frame=[0,0][320,24] visible=true flags= insetsRoundedCornerFrame=false
        mSourceFrame=Rect(0, 0 - 320, 24)
        mIsLeashReadyForDispatching=true
        mWindowContainer=Window{d2fb233 u0 StatusBar}
      InsetsSourceProvider
        mSource=InsetsSource id=991a0005 type=mandatorySystemGestures frame=[0,0][320,24] visible=true flags= insetsRoundedCornerFrame=false
        mSourceFrame=Rect(0, 0 - 320, 24)
        mIsLeashReadyForDispatching=true
        mWindowContainer=Window{d2fb233 u0 StatusBar}
      InsetsSourceProvider
        mSource=InsetsSource id=991a0000 type=statusBars frame=[0,0][320,24] visible=true flags= insetsRoundedCornerFrame=false
        mSourceFrame=Rect(0, 0 - 320, 24)
        mControl=InsetsSourceControl mId=991a0000 mType=statusBars mLeash=Surface(name=Surface(name=d2fb233 StatusBar)/@0xb7bb3cb - animation-leash of insets_animation)/@0x66cde97 mInitiallyVisible=true mSurfacePosition=Point(0, 0) mInsetsHint=Insets{left=0, top=24, right=0, bottom=0} mSkipAnimationOnce=false
        mIsLeashReadyForDispatching=true
        mWindowContainer=Window{d2fb233 u0 StatusBar}
        mAdapter=ControlAdapter mCapturedLeash=Surface(name=Surface(name=d2fb233 StatusBar)/@0xb7bb3cb - animation-leash of insets_animation)/@0x66cde97
        mControlTarget=Window{111f5d0 u0 com.google.android.apps.nexuslauncher/com.google.android.apps.nexuslauncher.NexusLauncherActivity}

  KeyguardController:
    mKeyguardShowing=false
    mAodShowing=false
    mKeyguardGoingAway=false
   KeyguardShowing=false AodShowing=false KeyguardGoingAway=false DismissalRequested=false  Occluded=false DismissingKeyguardActivity=null TurnScreenOnActivity=null at display=0
    mDismissalRequested=false

  LockTaskController:
    mLockTaskModeState=NONE
    mLockTaskModeTasks=
    mLockTaskPackages (userId:packages)=

  mCurTaskIdForUser={0=39}
  mUserRootTaskInFront={}
  mVisibilityTransactionDepth=0
  isHomeRecentsComponent=true
  mNoHistoryActivities=[]

  TaskOrganizerController:
      android.window.ITaskOrganizer$Stub$Proxy@7435acd uid=10168:
        (fullscreen) Task{138c2a5 #1 type=home}
        (fullscreen) Task{f59aa66 #2 type=undefined}
        (multi-window) Task{bfcd1a7 #3 type=undefined}
        (multi-window) Task{b05654 #4 type=undefined}
        (fullscreen) Task{ab072ca #18 type=standard A=10193:com.bleplxexample}
        (fullscreen) Task{44b6a46 #39 type=standard A=10196:com.ubmprobe}

  VisibleActivityProcess:[ ProcessRecord{e299f5d 1156:com.google.android.apps.nexuslauncher/u0a169}]
  NumNonAppVisibleWindowUidMap:[ 10168:2]


