$ logcat denial ping
[exit=0]
--------- beginning of system
W/ActivityTaskManager(  542): callingPackage for (uid=2000, pid=11015) has no WPC
D/CompatibilityChangeReporter(  542): Compat change id reported: 205907456; UID 10196; state: ENABLED
V/WindowManagerShell(  885): Transition requested: android.os.BinderProxy@a0b03ab TransitionRequestInfo { type = OPEN, triggerTask = TaskInfo{userId=0 taskId=40 displayId=0 isRunning=true baseIntent=Intent { flg=0x10000000 cmp=com.ubmprobe/.MainActivity } baseActivity=ComponentInfo{com.ubmprobe/com.ubmprobe.MainActivity} topActivity=ComponentInfo{com.ubmprobe/com.ubmprobe.MainActivity} origActivity=null realActivity=ComponentInfo{com.ubmprobe/com.ubmprobe.MainActivity} numActivities=1 lastActiveTime=3389995 supportsMultiWindow=true resizeMode=1 isResizeable=true minWidth=-1 minHeight=-1 defaultMinSize=220 token=WCT{android.window.IWindowContainerToken$Stub$Proxy@310da08} topActivityType=1 pictureInPictureParams=null shouldDockBigOverlays=false launchIntoPipHostTaskId=-1 lastParentTaskIdBeforePip=-1 displayCutoutSafeInsets=null topActivityInfo=ActivityInfo{acb75a1 com.ubmprobe.MainActivity} launchCookies=[] positionInParent=Point(0, 0) parentTaskId=-1 isFocused=false isVisible=false isVisibleRequested=false isSleeping=false topActivityInSizeCompat=false topActivityEligibleForLetterboxEducation= false topActivityLetterboxed= false isFromDoubleTap= false topActivityLetterboxVerticalPosition= -1 topActivityLetterboxHorizontalPosition= -1 topActivityLetterboxWidth=-1 topActivityLetterboxHeight=-1 locusId=null displayAreaFeatureId=1 cameraCompatControlState=hidden}, remoteTransition = null, displayChange = null }
I/ActivityTaskManager(  542): START u0 {flg=0x10000000 cmp=com.ubmprobe/.MainActivity} with LAUNCH_SINGLE_TASK from uid 2000 (BAL_ALLOW_PERMISSION) result code=0
D/CompatibilityChangeReporter(  542): Compat change id reported: 135634846; UID 10196; state: DISABLED
D/CompatibilityChangeReporter(  542): Compat change id reported: 143937733; UID 10196; state: ENABLED
--------- beginning of main
D/SplashScreenView(  885): Build android.window.SplashScreenView{7cc37d9 V.E...... ......ID 0,0-0,0}
D/SplashScreenView(  885): Icon: view: android.widget.ImageView{5ce159e V.ED..... ......I. 0,0-0,0 #10204f0 android:id/splashscreen_icon_view} drawable: com.android.wm.shell.startingsurface.SplashscreenIconDrawableFactory$ImmobileIconDrawable@989887f size: 160
D/SplashScreenView(  885): Branding: view: android.view.View{860004c G.ED..... ......I. 0,0-0,0 #10204ef android:id/splashscreen_branding_view} drawable: null size w: 0 h: 0
D/CoreBackPreview(  542): Window{c016ae0 u0 Splash Screen com.ubmprobe}: Setting back callback OnBackInvokedCallbackInfo{mCallback=android.window.IOnBackInvokedCallback$Stub$Proxy@de1383f, mPriority=0, mIsAnimationCallback=false}
D/Zygote  (  359): Forked child process 11019
I/ActivityManager(  542): Start proc 11019:com.ubmprobe/u0a196 for next-top-activity {com.ubmprobe/com.ubmprobe.MainActivity}
V/WindowManager(  542): Sent Transition #88 createdAt=09-15 16:28:29.929 via request=TransitionRequestInfo { type = OPEN, triggerTask = TaskInfo{userId=0 taskId=40 displayId=0 isRunning=true baseIntent=Intent { flg=0x10000000 cmp=com.ubmprobe/.MainActivity } baseActivity=ComponentInfo{com.ubmprobe/com.ubmprobe.MainActivity} topActivity=ComponentInfo{com.ubmprobe/com.ubmprobe.MainActivity} origActivity=null realActivity=ComponentInfo{com.ubmprobe/com.ubmprobe.MainActivity} numActivities=1 lastActiveTime=3389995 supportsMultiWindow=true resizeMode=1 isResizeable=true minWidth=-1 minHeight=-1 defaultMinSize=220 token=WCT{RemoteToken{bb195b Task{fbb689d #40 type=standard A=10196:com.ubmprobe}}} topActivityType=1 pictureInPictureParams=null shouldDockBigOverlays=false launchIntoPipHostTaskId=-1 lastParentTaskIdBeforePip=-1 displayCutoutSafeInsets=null topActivityInfo=ActivityInfo{8c5b5f8 com.ubmprobe.MainActivity} launchCookies=[] positionInParent=Point(0, 0) parentTaskId=-1 isFocused=false isVisible=false isVisibleRequested=false isSleeping=false topActivityInSizeCompat=false topActivityEligibleForLetterboxEducation= false topActivityLetterboxed= false isFromDoubleTap= false topActivityLetterboxVerticalPosition= -1 topActivityLetterboxHorizontalPosition= -1 topActivityLetterboxWidth=-1 topActivityLetterboxHeight=-1 locusId=null displayAreaFeatureId=1 cameraCompatControlState=hidden}, remoteTransition = null, displayChange = null }
V/WindowManager(  542):     startWCT=WindowContainerTransaction { changes = {} hops = [] errorCallbackToken=null taskFragmentOrganizer=null }
V/WindowManager(  542):     info={id=88 t=OPEN f=0x0 trk=0 r=[0@Point(0, 0)] c=[{WCT{RemoteToken{bb195b Task{fbb689d #40 type=standard A=10196:com.ubmprobe}}} m=OPEN f=NONE leash=Surface(name=Task=40)/@0x6f00e55 sb=Rect(0, 0 - 320, 640) eb=Rect(0, 0 - 320, 640) d=0},{WCT{RemoteToken{c3e5e8f Task{138c2a5 #1 type=home}}} m=TO_BACK f=SHOW_WALLPAPER leash=Surface(name=Task=1)/@0xd4f8ee1 sb=Rect(0, 0 - 320, 640) eb=Rect(0, 0 - 320, 640) d=0}]}
V/WindowManagerShell(  885): onTransitionReady android.os.BinderProxy@a0b03ab: {id=88 t=OPEN f=0x0 trk=0 r=[0@Point(0, 0)] c=[{WCT{android.window.IWindowContainerToken$Stub$Proxy@a77254d} m=OPEN f=NONE leash=Surface(name=Task=40)/@0xce93a76 sb=Rect(0, 0 - 320, 640) eb=Rect(0, 0 - 320, 640) d=0},{WCT{android.window.IWindowContainerToken$Stub$Proxy@8a68802} m=TO_BACK f=SHOW_WALLPAPER leash=Surface(name=Task=1)/@0xc620877 sb=Rect(0, 0 - 320, 640) eb=Rect(0, 0 - 320, 640) d=0}]}
V/WindowManagerShell(  885): Playing animation for (#88)android.os.BinderProxy@a0b03ab@0
V/WindowManagerShell(  885):  try handler com.android.wm.shell.transition.DefaultMixedHandler@582048e
V/WindowManagerShell(  885):  try handler com.android.wm.shell.keyguard.KeyguardTransitionHandler@99364af
V/WindowManagerShell(  885):  try handler com.android.wm.shell.activityembedding.ActivityEmbeddingController@ac960bc
V/WindowManagerShell(  885):  try handler com.android.wm.shell.recents.RecentsTransitionHandler@9fa845
V/ShellRecents(  885): RecentsTransitionHandler.startAnimation: no controller found
V/WindowManagerShell(  885):  try handler com.android.wm.shell.pip.PipTransition@39ddb9a
V/WindowManagerShell(  885):  try handler com.android.wm.shell.splitscreen.StageCoordinator@63b9ccb
V/WindowManagerShell(  885):  try handler com.android.wm.shell.transition.RemoteTransitionHandler@129cca8
V/WindowManagerShell(  885): Transition doesn't have explicit remote, search filters for match for {id=88 t=OPEN f=0x0 trk=0 r=[0@Point(0, 0)] c=[{WCT{android.window.IWindowContainerToken$Stub$Proxy@a77254d} m=OPEN f=NONE leash=Surface(name=Task=40)/@0xce93a76 sb=Rect(0, 0 - 320, 640) eb=Rect(0, 0 - 320, 640) d=0},{WCT{android.window.IWindowContainerToken$Stub$Proxy@8a68802} m=TO_BACK f=SHOW_WALLPAPER leash=Surface(name=Task=1)/@0xc620877 sb=Rect(0, 0 - 320, 640) eb=Rect(0, 0 - 320, 640) d=0}]}
V/WindowManagerShell(  885):  Checking filter Pair{{types=[] flags=0x0] notFlags=0x0 checks=[{atype=dream independent=true modes=[OPEN,TO_FRONT] flags=NONE mustBeTask=false order=ANY topActivity=null},{atype=home independent=true modes=[CLOSE,TO_BACK] flags=NONE mustBeTask=false order=ANY topActivity=null}]} RemoteTransition { remoteTransition = android.window.IRemoteTransition$Stub$Proxy@ab78f79, appThread = android.app.IApplicationThread$Stub$Proxy@e7524be, debugName = LauncherToDream }}
V/WindowManagerShell(  885):  Checking filter Pair{{types=[] flags=0x0] notFlags=0x100 checks=[{atype=home independent=true modes=[OPEN,TO_FRONT] flags=NONE mustBeTask=false order=TOP topActivity=ComponentInfo{com.google.android.apps.nexuslauncher/com.google.android.apps.nexuslauncher.NexusLauncherActivity}},{atype=standard independent=true modes=[CLOSE,TO_BACK] flags=NONE mustBeTask=false order=ANY topActivity=null}]} RemoteTransition { remoteTransition = android.window.IRemoteTransition$Stub$Proxy@206b91f, appThread = android.app.IApplicationThread$Stub$Proxy@63e746c, debugName = QuickstepLaunchHome }}
V/WindowManagerShell(  885):  Delegate animation for #88 to null
V/WindowManagerShell(  885):  try handler com.android.wm.shell.transition.DefaultTransitionHandler@3d79afd
V/WindowManagerShell(  885): start default transition animation, info = {id=88 t=OPEN f=0x0 trk=0 r=[0@Point(0, 0)] c=[{WCT{android.window.IWindowContainerToken$Stub$Proxy@a77254d} m=OPEN f=NONE leash=Surface(name=Task=40)/@0xce93a76 sb=Rect(0, 0 - 320, 640) eb=Rect(0, 0 - 320, 640) d=0},{WCT{android.window.IWindowContainerToken$Stub$Proxy@8a68802} m=TO_BACK f=SHOW_WALLPAPER leash=Surface(name=Task=1)/@0xc620877 sb=Rect(0, 0 - 320, 640) eb=Rect(0, 0 - 320, 640) d=0}]}
V/WindowManagerShell(  885): loadAnimation: anim=android.view.animation.AnimationSet@2f9224e animAttr=0x13 type=OPEN isEntrance=false
V/WindowManagerShell(  885): loadAnimation: anim=android.view.animation.AnimationSet@2c9155a animAttr=0x12 type=OPEN isEntrance=true
V/WindowManagerShell(  885):  animated by com.android.wm.shell.transition.DefaultTransitionHandler@3d79afd
D/EGL_emulation(  885): app_time_stats: avg=750.11ms min=12.50ms max=13418.32ms count=19
D/EGL_emulation( 1156): app_time_stats: avg=264.16ms min=15.77ms max=1968.12ms count=8
I/BpBinder(  423): onLastStrongRef automatically unlinking death recipients: 
I/com.ubmprobe(11019): Late-enabling -Xcheck:jni
I/com.ubmprobe(11019): Using CollectorTypeCC GC.
W/com.ubmprobe(11019): Unexpected CPU variant for x86: x86_64.
W/com.ubmprobe(11019): Known variants: atom, sandybridge, silvermont, goldmont, goldmont-plus, tremont, kabylake, default
I/adbd    (  434): jdwp connection from 11019
D/CompatibilityChangeReporter(11019): Compat change id reported: 171979766; UID 10196; state: ENABLED
D/CompatibilityChangeReporter(11019): Compat change id reported: 242716250; UID 10196; state: ENABLED
D/CompatibilityChangeReporter(  542): Compat change id reported: 170503758; UID 10196; state: ENABLED
D/ApplicationLoaders(11019): Returning zygote-cached class loader: /system_ext/framework/androidx.window.extensions.jar
D/ApplicationLoaders(11019): Returning zygote-cached class loader: /system_ext/framework/androidx.window.sidecar.jar
W/ziparchive(11019): Unable to open '/data/app/~~OVA5MXGJe0NpolzK_Qgm0A==/com.ubmprobe-WdfAGJyKfNCl7uoG6kgGOg==/base.dm': No such file or directory
W/ziparchive(11019): Unable to open '/data/app/~~OVA5MXGJe0NpolzK_Qgm0A==/com.ubmprobe-WdfAGJyKfNCl7uoG6kgGOg==/base.dm': No such file or directory
D/nativeloader(11019): Configuring clns-6 for other apk /data/app/~~OVA5MXGJe0NpolzK_Qgm0A==/com.ubmprobe-WdfAGJyKfNCl7uoG6kgGOg==/base.apk. target_sdk_version=36, uses_libraries=, library_path=/data/app/~~OVA5MXGJe0NpolzK_Qgm0A==/com.ubmprobe-WdfAGJyKfNCl7uoG6kgGOg==/lib/x86_64:/data/app/~~OVA5MXGJe0NpolzK_Qgm0A==/com.ubmprobe-WdfAGJyKfNCl7uoG6kgGOg==/base.apk!/lib/x86_64, permitted_path=/data:/mnt/expand:/data/user/0/com.ubmprobe
V/GraphicsEnvironment(11019): Currently set values for:
V/GraphicsEnvironment(11019):   angle_gl_driver_selection_pkgs=[]
V/GraphicsEnvironment(11019):   angle_gl_driver_selection_values=[]
V/GraphicsEnvironment(11019): ANGLE GameManagerService for com.ubmprobe: false
V/GraphicsEnvironment(11019): com.ubmprobe is not listed in per-application setting
V/GraphicsEnvironment(11019): Neither updatable production driver nor prerelease driver is supported.
W/SoLoader(11019): Initializing SoLoader: 0
W/SoLoader(11019): Recording new base apk path: /data/app/~~OVA5MXGJe0NpolzK_Qgm0A==/com.ubmprobe-WdfAGJyKfNCl7uoG6kgGOg==/base.apk
W/SoLoader(11019): Previously recorded 0 base apk paths.
I/SoLoader(11019): Preparing SO source: DirectorySoSource[root = /vendor/lib64 flags = 2]
I/SoLoader(11019): Preparing SO source: DirectorySoSource[root = /system/lib64 flags = 2]
I/SoLoader(11019): Preparing SO source: DirectApkSoSource[root = [/data/app/~~OVA5MXGJe0NpolzK_Qgm0A==/com.ubmprobe-WdfAGJyKfNCl7uoG6kgGOg==/base.apk!/lib/x86_64]]
V/WindowManagerShell(  885): Transition animation finished (aborted=false), notifying core (#88)android.os.BinderProxy@a0b03ab@0
V/WindowManager(  542): Finish Transition #88: created at 09-15 16:28:29.929 collect-started=0.028ms request-sent=3.447ms started=4.448ms ready=18.744ms sent=19.932ms finished=308.039ms
V/WindowManagerShell(  885): Track 0 became idle
V/WindowManagerShell(  885): All active transition animations finished
I/SoLoader(11019): Preparing SO source: ApplicationSoSource[DirectorySoSource[root = /data/app/~~OVA5MXGJe0NpolzK_Qgm0A==/com.ubmprobe-WdfAGJyKfNCl7uoG6kgGOg==/lib/x86_64 flags = 0]]
I/SoLoader(11019): init finish: 4 SO sources prepared
W/SoLoader(11019): SoLoader initialized: 8
I/A       ( 1959): onApplyWindowInsets: systemWindowInsets=Insets{left=0, top=24, right=0, bottom=0}
I/A       ( 1959): onApplyWindowInsets: systemWindowInsets=Insets{left=0, top=24, right=0, bottom=0}
D/jni_lib_merge(11019): Entering merged library JNI_OnLoad.
D/jni_lib_merge(11019): Preparing 13 pre-merged libs (including stub)
D/jni_lib_merge(11019): Preparing to register libfabricjni_so.  onload_func: 0x73b374a72530
D/jni_lib_merge(11019): Preparing to register libreact_devsupportjni_so.  onload_func: 0x73b374cbe110
D/jni_lib_merge(11019): Preparing to register libreact_featureflagsjni_so.  onload_func: 0x73b374cd09a0
D/jni_lib_merge(11019): Preparing to register libreact_newarchdefaults_so.  onload_func: 0x73b374d79560
D/jni_lib_merge(11019): Preparing to register libreact_tracingjni_so.  onload_func: 0x73b37507bbb0
D/jni_lib_merge(11019): Preparing to register libreactnativeblob_so.  onload_func: 0x73b37508eb00
D/jni_lib_merge(11019): Preparing to register libreactnativejni_so.  onload_func: 0x73b3750b1d70
D/jni_lib_merge(11019): Preparing to register libreactnativejni_common_so.  onload_func: 0x73b3750b7860
D/jni_lib_merge(11019): Preparing to register librninstance_so.  onload_func: 0x73b375134590
D/jni_lib_merge(11019): Preparing to register libturbomodulejsijni_so.  onload_func: 0x73b3752973b0
D/jni_lib_merge(11019): Preparing to register libuimanagerjni_so.  onload_func: 0x73b3752ad780
D/jni_lib_merge(11019): Preparing to register libyoga_so.  onload_func: 0x73b3752bc780
D/jni_lib_merge(11019): About to register 12 actual methods.
I/ActivityManager(  542): Flag disabled. Ignoring finishAttachApplication from uid: 10196. pid: 11019
D/libEGL  (11019): loaded /vendor/lib64/egl/libEGL_emulation.so
D/libEGL  (11019): loaded /vendor/lib64/egl/libGLESv1_CM_emulation.so
D/libEGL  (11019): loaded /vendor/lib64/egl/libGLESv2_emulation.so
D/AppCompatDelegate(11019): Checking for metadata for AppLocalesMetadataHolderService : Service not found
D/jni_lib_merge(11019): Entering merged library JNI_OnLoad.
D/jni_lib_merge(11019): Preparing 4 pre-merged libs (including stub)
D/jni_lib_merge(11019): Preparing to register libhermes_executor_so.  onload_func: 0x73b3793256e0
D/jni_lib_merge(11019): Preparing to register libhermesinstancejni_so.  onload_func: 0x73b379351b60
D/jni_lib_merge(11019): Preparing to register libjsijniprofiler_so.  onload_func: 0x73b379353900
D/jni_lib_merge(11019): About to register 3 actual methods.
D/TrafficStats(11019): tagSocket(79) with statsTag=0xffffffff, statsUid=-1
W/unknown:BridgelessReact(11019): ReactHost{0}.startSurface(surfaceId = 0): Schedule
W/unknown:BridgelessReact(11019): ReactHost{0}.attachSurface(surfaceId = 0)
W/unknown:BridgelessReact(11019): ReactHost{0}.getOrCreateReactInstanceTask()
W/unknown:BridgelessReact(11019): ReactHost{0}.getOrCreateReactInstanceTask(): Start
W/unknown:BridgelessReact(11019): ReactHost{0}.getJSBundleLoader()
W/unknown:BridgelessReact(11019): ReactHost{0}.isMetroRunning()
D/TrafficStats(11019): tagSocket(81) with statsTag=0xffffffff, statsUid=-1
W/com.ubmprobe(11019): Accessing hidden method Landroid/view/ViewGroup;->makeOptionalFitsSystemWindows()V (unsupported, reflection, allowed)
W/unknown:BridgelessReact(11019): ReactHost{0}.onHostResume(activity)
W/unknown:ReactNative(11019): Packager connection already open, nooping.
D/CompatibilityChangeReporter(11019): Compat change id reported: 237531167; UID 10196; state: DISABLED
W/OpenGLRenderer(11019): Unknown dataspace 0
D/CoreBackPreview(  542): Window{e0be6 u0 com.ubmprobe/com.ubmprobe.MainActivity}: Setting back callback OnBackInvokedCallbackInfo{mCallback=android.window.IOnBackInvokedCallback$Stub$Proxy@fd797d, mPriority=0, mIsAnimationCallback=false}
W/OpenGLRenderer(11019): Failed to initialize 101010-2 format, error = EGL_SUCCESS
--------- beginning of kernel
I/servicemanager(    0): Could not find android.hardware.graphics.allocator.IAllocator/default in the VINTF manifest.
I/hwservicemanager(  154): getTransport: Cannot find entry android.hardware.graphics.mapper@4.0::IMapper/default in either framework or device VINTF manifest.
I/Gralloc4(11019): mapper 4.x is not supported
W/ziparchive(  542): Unable to open '/data/app/~~OVA5MXGJe0NpolzK_Qgm0A==/com.ubmprobe-WdfAGJyKfNCl7uoG6kgGOg==/base.dm': No such file or directory
I/ActivityTaskManager(  542): Displayed com.ubmprobe/.MainActivity for user 0: +734ms
D/OneSearchSuggestProvider( 1156): Shut down the binder channel
I/IPCThreadState( 1156): oneway function results for code 2 on binder at 0x73b52af423a0 will be dropped but finished with status UNKNOWN_TRANSACTION
I/ImeTracker( 1156): com.google.android.apps.nexuslauncher:aae3764c: onRequestHide at ORIGIN_CLIENT_HIDE_SOFT_INPUT reason HIDE_SOFT_INPUT
W/unknown:BridgelessReact(11019): ReactHost{0}.raiseSoftException(onWindowFocusChange(hasFocus = "true")): Tried to access onWindowFocusChange while context is not ready
I/ImeTracker(  542): com.google.android.apps.nexuslauncher:aae3764c: onCancelled at PHASE_SERVER_SHOULD_HIDE
E/unknown:ReactHost(11019): Unhandled SoftException
E/unknown:ReactHost(11019): com.facebook.react.bridge.ReactNoCrashSoftException: raiseSoftException(onWindowFocusChange(hasFocus = "true")): Tried to access onWindowFocusChange while context is not ready
E/unknown:ReactHost(11019): 	at com.facebook.react.runtime.ReactHostImpl.raiseSoftException(ReactHostImpl.kt:919)
E/unknown:ReactHost(11019): 	at com.facebook.react.runtime.ReactHostImpl.raiseSoftException$default(ReactHostImpl.kt:910)
E/unknown:ReactHost(11019): 	at com.facebook.react.runtime.ReactHostImpl.onWindowFocusChange(ReactHostImpl.kt:682)
E/unknown:ReactHost(11019): 	at com.facebook.react.ReactDelegate.onWindowFocusChanged(ReactDelegate.kt:229)
E/unknown:ReactHost(11019): 	at com.facebook.react.ReactActivityDelegate.onWindowFocusChanged(ReactActivityDelegate.java:235)
E/unknown:ReactHost(11019): 	at com.facebook.react.ReactActivity.onWindowFocusChanged(ReactActivity.java:161)
E/unknown:ReactHost(11019): 	at androidx.appcompat.view.WindowCallbackWrapper.onWindowFocusChanged(WindowCallbackWrapper.java:124)
E/unknown:ReactHost(11019): 	at com.android.internal.policy.DecorView.onWindowFocusChanged(DecorView.java:1788)
E/unknown:ReactHost(11019): 	at android.view.View.dispatchWindowFocusChanged(View.java:15933)
E/unknown:ReactHost(11019): 	at android.view.ViewGroup.dispatchWindowFocusChanged(ViewGroup.java:1509)
E/unknown:ReactHost(11019): 	at android.view.ViewRootImpl.dispatchFocusEvent(ViewRootImpl.java:4059)
E/unknown:ReactHost(11019): 	at android.view.ViewRootImpl.handleWindowFocusChanged(ViewRootImpl.java:3963)
E/unknown:ReactHost(11019): 	at android.view.ViewRootImpl.-$$Nest$mhandleWindowFocusChanged(Unknown Source:0)
E/unknown:ReactHost(11019): 	at android.view.ViewRootImpl$ViewRootHandler.handleMessageImpl(ViewRootImpl.java:5954)
E/unknown:ReactHost(11019): 	at android.view.ViewRootImpl$ViewRootHandler.handleMessage(ViewRootImpl.java:5862)
E/unknown:ReactHost(11019): 	at android.os.Handler.dispatchMessage(Handler.java:106)
E/unknown:ReactHost(11019): 	at android.os.Looper.loopOnce(Looper.java:205)
E/unknown:ReactHost(11019): 	at android.os.Looper.loop(Looper.java:294)
E/unknown:ReactHost(11019): 	at android.app.ActivityThread.main(ActivityThread.java:8177)
E/unknown:ReactHost(11019): 	at java.lang.reflect.Method.invoke(Native Method)
E/unknown:ReactHost(11019): 	at com.android.internal.os.RuntimeInit$MethodAndArgsCaller.run(RuntimeInit.java:552)
E/unknown:ReactHost(11019): 	at com.android.internal.os.ZygoteInit.main(ZygoteInit.java:971)
D/CompatibilityChangeReporter(  542): Compat change id reported: 214016041; UID 10196; state: ENABLED
I/ImeTracker(  542): com.ubmprobe:18caf23c: onRequestHide at ORIGIN_SERVER_HIDE_INPUT reason HIDE_UNSPECIFIED_WINDOW
I/ImeTracker(  542): com.ubmprobe:18caf23c: onCancelled at PHASE_SERVER_SHOULD_HIDE
I/PBSessionCacheImpl( 1959): Deleted sessionId[8617562626799794] from persistence.
I/GoogleInputMethodService( 1574): GoogleInputMethodService.onFinishInput():3227 
I/GoogleInputMethodService( 1574): GoogleInputMethodService.updateDeviceLockedStatus():2087 repeatCheckTimes = 0, unlocked = true
I/GoogleInputMethodService( 1574): GoogleInputMethodService.onStartInput():1877 onStartInput(EditorInfo{inputType=0x0(NULL) imeOptions=0x0 privateImeOptions=null actionName=UNSPECIFIED actionLabel=null actionId=0 initialSelStart=-1 initialSelEnd=-1 initialCapsMode=0x0 hintText=null label=null packageName=com.ubmprobe fieldId=0 fieldName=null extras=null}, false)
I/GoogleInputMethodService( 1574): GoogleInputMethodService.shouldHideHeaderOnInitialState():4008 ShouldHideHeaderOnInitialState = false
I/GoogleInputMethodService( 1574): GoogleInputMethodService.updateDeviceLockedStatus():2087 repeatCheckTimes = 2, unlocked = true
W/SearchServiceCore( 1959): Abort, client detached.
W/WindowOnBackDispatcher(  885): sendCancelIfRunning: isInProgress=falsecallback=android.view.ViewRootImpl$$ExternalSyntheticLambda17@7bf7895
D/CoreBackPreview(  542): Window{c016ae0 u0 Splash Screen com.ubmprobe EXITING}: Setting back callback null
W/InputManager-JNI(  542): Input channel object 'c016ae0 Splash Screen com.ubmprobe (client)' was disposed without first being removed with the input manager!
D/BtGatt.ScanManager(10030): uid 10128 isForeground true scanMode -1
D/BtGatt.ScanManager(10030): uid 10128 isForeground true scanMode -1
I/FontLog ( 5045): Received query Noto Color Emoji Compat, URI content://com.google.android.gms.fonts [CONTEXT service_id=132 ]
I/FontLog ( 5045): Query [emojicompat-emoji-font] resolved to {Noto Color Emoji Compat, wdth 100.0, wght 400, ital 0.0, bestEffort false} [CONTEXT service_id=132 ]
I/FontLog ( 5045): Fetch {Noto Color Emoji Compat, wdth 100.0, wght 400, ital 0.0, bestEffort false} end status Status{statusCode=SUCCESS, resolution=null} [CONTEXT service_id=132 ]
I/FontLog ( 5045): Pulling font file for id = 41, cache size = 5 [CONTEXT service_id=132 ]
I/FontLog ( 5045): Pulling font file for id = 41, cache size = 5 [CONTEXT service_id=132 ]
W/unknown:BridgelessReact(11019): ReactHost{0}.isMetroRunning(): Async result = true
W/unknown:BridgelessReact(11019): ReactHost{0}.loadJSBundleFromMetro()
D/CompatibilityChangeReporter(11019): Compat change id reported: 210923482; UID 10196; state: ENABLED
D/CoreBackPreview(  542): Window{c67ba5 u0 PopupWindow:427fa19}: Setting back callback OnBackInvokedCallbackInfo{mCallback=android.window.IOnBackInvokedCallback$Stub$Proxy@4100f2b, mPriority=0, mIsAnimationCallback=false}
W/WindowOnBackDispatcher(11019): sendCancelIfRunning: isInProgress=falsecallback=android.view.ViewRootImpl$$ExternalSyntheticLambda17@64136ea
W/unknown:BridgelessReact(11019): ReactHost{0}.loadJSBundleFromMetro(): Creating BundleLoader
D/CoreBackPreview(  542): Window{c67ba5 u0 PopupWindow:427fa19}: Setting back callback null
W/unknown:BridgelessReact(11019): ReactHost{0}.getOrCreateReactInstanceTask(): Creating BridgelessReactContext
W/InputManager-JNI(  542): Input channel object 'c67ba5 PopupWindow:427fa19 (client)' was disposed without first being removed with the input manager!
W/unknown:BridgelessReact(11019): ReactHost{0}.getOrCreateReactInstanceTask(): Creating ReactInstance
D/TrafficStats(11019): tagSocket(104) with statsTag=0xffffffff, statsUid=-1
W/unknown:BridgelessReact(11019): ReactHost{0}.getOrCreateReactInstanceTask(): Loading JS Bundle
W/unknown:BridgelessReact(11019): ReactHost{0}.getOrCreateReactInstanceTask(): DevSupportManager.onNewReactContextCreated()
W/unknown:ReactNative(11019): Packager connection already open, nooping.
W/unknown:BridgelessReact(11019): ReactHost{0}.startSurface(surfaceId = 0): Execute
W/unknown:BridgelessReact(11019): ReactHost{0}.ReactContext.onHostResume()
W/unknown:BridgelessReact(11019): ReactHost{0}.getOrCreateReactInstanceTask(): Executing ReactInstanceEventListeners
I/WebViewFactory(11019): Loading com.google.android.webview version 113.0.5672.136 (code 567263637)
W/ziparchive(11019): Unable to open '/data/app/~~IellNjAFWLjWOkSUQVzFeg==/com.google.android.trichromelibrary_567263637-Z8mqHYxrAT3lx_MTQJ8-ug==/TrichromeLibrary.dm': No such file or directory
W/ziparchive(11019): Unable to open '/data/app/~~IellNjAFWLjWOkSUQVzFeg==/com.google.android.trichromelibrary_567263637-Z8mqHYxrAT3lx_MTQJ8-ug==/TrichromeLibrary.dm': No such file or directory
W/com.ubmprobe(11019): Entry not found
D/nativeloader(11019): Configuring clns-7 for other apk /data/app/~~IellNjAFWLjWOkSUQVzFeg==/com.google.android.trichromelibrary_567263637-Z8mqHYxrAT3lx_MTQJ8-ug==/TrichromeLibrary.apk. target_sdk_version=34, uses_libraries=ALL, library_path=/data/app/~~mkNtqLJYzCYyc16CXNdzdg==/com.google.android.webview-47U80BhOb9CpiO5AOVbQAg==/lib/x86_64:/data/app/~~mkNtqLJYzCYyc16CXNdzdg==/com.google.android.webview-47U80BhOb9CpiO5AOVbQAg==/WebViewGoogle.apk!/lib/x86_64:/data/app/~~IellNjAFWLjWOkSUQVzFeg==/com.google.android.trichromelibrary_567263637-Z8mqHYxrAT3lx_MTQJ8-ug==/TrichromeLibrary.apk!/lib/x86_64, permitted_path=/data:/mnt/expand
D/nativeloader(11019): Configuring clns-8 for other apk /data/app/~~mkNtqLJYzCYyc16CXNdzdg==/com.google.android.webview-47U80BhOb9CpiO5AOVbQAg==/WebViewGoogle.apk. target_sdk_version=34, uses_libraries=, library_path=/data/app/~~mkNtqLJYzCYyc16CXNdzdg==/com.google.android.webview-47U80BhOb9CpiO5AOVbQAg==/lib/x86_64:/data/app/~~mkNtqLJYzCYyc16CXNdzdg==/com.google.android.webview-47U80BhOb9CpiO5AOVbQAg==/WebViewGoogle.apk!/lib/x86_64:/data/app/~~IellNjAFWLjWOkSUQVzFeg==/com.google.android.trichromelibrary_567263637-Z8mqHYxrAT3lx_MTQJ8-ug==/TrichromeLibrary.apk!/lib/x86_64, permitted_path=/data:/mnt/expand
I/AppsFilter(  542): interaction: PackageSetting{4d97a5d com.ubmprobe/10196} -> PackageSetting{cfda2e7 com.android.cts.priv.ctsshim/10185} BLOCKED
I/AppsFilter(  542): interaction: PackageSetting{4d97a5d com.ubmprobe/10196} -> PackageSetting{54aee94 com.google.android.youtube/10139} BLOCKED
I/AppsFilter(  542): interaction: PackageSetting{4d97a5d com.ubmprobe/10196} -> PackageSetting{536dd93 com.android.internal.display.cutout.emulation.corner/10022} BLOCKED
I/AppsFilter(  542): interaction: PackageSetting{4d97a5d com.ubmprobe/10196} -> PackageSetting{29151d0 com.android.internal.display.cutout.emulation.double/10045} BLOCKED
I/AppsFilter(  542): interaction: PackageSetting{4d97a5d com.ubmprobe/10196} -> PackageSetting{10dd3d com.google.android.googlequicksearchbox/10132} BLOCKED
I/AppsFilter(  542): interaction: PackageSetting{4d97a5d com.ubmprobe/10196} -> PackageSetting{4c4f932 com.google.android.onetimeinitializer/10125} BLOCKED
I/AppsFilter(  542): interaction: PackageSetting{4d97a5d com.ubmprobe/10196} -> PackageSetting{a778683 com.google.android.ext.shared/10101} BLOCKED
I/AppsFilter(  542): interaction: PackageSetting{4d97a5d com.ubmprobe/10196} -> PackageSetting{481bafc com.android.internal.systemui.navbar.gestural_wide_back/10004} BLOCKED
I/AppsFilter(  542): interaction: PackageSetting{4d97a5d com.ubmprobe/10196} -> PackageSetting{c326000 com.android.virtualmachine.res/10183} BLOCKED
I/AppsFilter(  542): interaction: PackageSetting{4d97a5d com.ubmprobe/10196} -> PackageSetting{ab31039 com.google.android.federatedcompute/10187} BLOCKED
I/AppsFilter(  542): interaction: PackageSetting{4d97a5d com.ubmprobe/10196} -> PackageSetting{91a6c0b com.android.managedprovisioning.auto_generated_rro_product__/10021} BLOCKED
I/AppsFilter(  542): interaction: PackageSetting{4d97a5d com.ubmprobe/10196} -> PackageSetting{8ad8ae8 com.android.carrierconfig.auto_generated_rro_vendor__/10076} BLOCKED
I/AppsFilter(  542): interaction: PackageSetting{4d97a5d com.ubmprobe/10196} -> PackageSetting{9a70501 com.android.systemui.emulation.pixel_3_xl/10037} BLOCKED
I/AppsFilter(  542): interaction: PackageSetting{4d97a5d com.ubmprobe/10196} -> PackageSetting{f699fa6 com.android.systemui.emulation.pixel_4_xl/10062} BLOCKED
I/AppsFilter(  542): interaction: PackageSetting{4d97a5d com.ubmprobe/10196} -> PackageSetting{f01bde7 com.android.systemui.emulation.pixel_fold/10006} BLOCKED
I/AppsFilter(  542): interaction: PackageSetting{4d97a5d com.ubmprobe/10196} -> PackageSetting{3446d94 com.android.simappdialog.auto_generated_rro_product__/10027} BLOCKED
I/AppsFilter(  542): interaction: PackageSetting{4d97a5d com.ubmprobe/10196} -> PackageSetting{245767e com.android.htmlviewer/10115} BLOCKED
I/AppsFilter(  542): interaction: PackageSetting{4d97a5d com.ubmprobe/10196} -> PackageSetting{52207df com.google.android.health.connect.backuprestore/10182} BLOCKED
I/AppsFilter(  542): interaction: PackageSetting{4d97a5d com.ubmprobe/10196} -> PackageSetting{8225183 com.android.systemui.auto_generated_rro_product__/10028} BLOCKED
I/AppsFilter(  542): interaction: PackageSetting{4d97a5d com.ubmprobe/10196} -> PackageSetting{35d7c2c com.google.android.apps.messaging/10131} BLOCKED
I/AppsFilter(  542): interaction: PackageSetting{4d97a5d com.ubmprobe/10196} -> PackageSetting{ab76f5 com.google.android.soundpicker/10137} BLOCKED
I/AppsFilter(  542): interaction: PackageSetting{4d97a5d com.ubmprobe/10196} -> PackageSetting{81afd7e com.google.android.marvin.talkbackoverlay/10081} BLOCKED
I/AppsFilter(  542): interaction: PackageSetting{4d97a5d com.ubmprobe/10196} -> PackageSetting{dbe7c8a com.google.android.configupdater/10130} BLOCKED
I/AppsFilter(  542): interaction: PackageSetting{4d97a5d com.ubmprobe/10196} -> PackageSetting{927db2c com.android.internal.emulation.pixel_3a_xl/10044} BLOCKED
I/AppsFilter(  542): interaction: PackageSetting{4d97a5d com.ubmprobe/10196} -> PackageSetting{ac7e9f5 com.android.internal.emulation.pixel_6_pro/10031} BLOCKED
I/AppsFilter(  542): interaction: PackageSetting{4d97a5d com.ubmprobe/10196} -> PackageSetting{8e5738a com.android.internal.emulation.pixel_7_pro/10002} BLOCKED
I/AppsFilter(  542): interaction: PackageSetting{4d97a5d com.ubmprobe/10196} -> PackageSetting{9a26dfb com.android.internal.emulation.pixel_8_pro/10055} BLOCKED
I/AppsFilter(  542): interaction: PackageSetting{4d97a5d com.ubmprobe/10196} -> PackageSetting{2cd7e18 com.android.internal.emulation.pixel_3a/10050} BLOCKED
I/AppsFilter(  542): interaction: PackageSetting{4d97a5d com.ubmprobe/10196} -> PackageSetting{c7a3071 com.android.internal.emulation.pixel_4a/10009} BLOCKED
I/AppsFilter(  542): interaction: PackageSetting{4d97a5d com.ubmprobe/10196} -> PackageSetting{32f3e56 com.android.internal.emulation.pixel_6a/10020} BLOCKED
I/AppsFilter(  542): interaction: PackageSetting{4d97a5d com.ubmprobe/10196} -> PackageSetting{c9feed7 com.android.internal.emulation.pixel_7a/10036} BLOCKED
I/AppsFilter(  542): interaction: PackageSetting{4d97a5d com.ubmprobe/10196} -> PackageSetting{c2863c4 com.google.android.overlay.googlewebview/10052} BLOCKED
I/AppsFilter(  542): interaction: PackageSetting{4d97a5d com.ubmprobe/10196} -> PackageSetting{c942fb com.google.android.hotspot2.osulogin/10172} BLOCKED
I/AppsFilter(  542): interaction: PackageSetting{4d97a5d com.ubmprobe/10196} -> PackageSetting{13c2f18 com.android.simappdialog/10112} BLOCKED
I/AppsFilter(  542): interaction: PackageSetting{4d97a5d com.ubmprobe/10196} -> PackageSetting{f8aa173 com.android.internal.display.cutout.emulation.hole/10073} BLOCKED
I/AppsFilter(  542): interaction: PackageSetting{4d97a5d com.ubmprobe/10196} -> PackageSetting{d29f830 com.android.internal.display.cutout.emulation.tall/10068} BLOCKED
I/AppsFilter(  542): interaction: PackageSetting{4d97a5d com.ubmprobe/10196} -> PackageSetting{99d7ca9 com.android.internal.systemui.navbar.threebutton/10065} BLOCKED
I/AppsFilter(  542): interaction: PackageSetting{4d97a5d com.ubmprobe/10196} -> PackageSetting{1898d71 com.android.camera2/10143} BLOCKED
I/AppsFilter(  542): interaction: PackageSetting{4d97a5d com.ubmprobe/10196} -> PackageSetting{763e1cf com.android.systemui.auto_generated_rro_vendor__/10075} BLOCKED
I/AppsFilter(  542): interaction: PackageSetting{4d97a5d com.ubmprobe/10196} -> PackageSetting{70fd756 com.google.android.deskclock/10152} BLOCKED
I/AppsFilter(  542): interaction: PackageSetting{4d97a5d com.ubmprobe/10196} -> PackageSetting{4a83a65 com.android.internal.systemui.navbar.twobutton/10018} BLOCKED
I/AppsFilter(  542): interaction: PackageSetting{4d97a5d com.ubmprobe/10196} -> PackageSetting{7df13d7 com.google.android.as/10127} BLOCKED
I/AppsFilter(  542): interaction: PackageSetting{4d97a5d com.ubmprobe/10196} -> PackageSetting{15124c4 com.google.android.gm/10142} BLOCKED
I/AppsFilter(  542): interaction: PackageSetting{4d97a5d com.ubmprobe/10196} -> PackageSetting{289d48 com.android.internal.systemui.navbar.gestural_extra_wide_back/10051} BLOCKED
I/AppsFilter(  542): interaction: PackageSetting{4d97a5d com.ubmprobe/10196} -> PackageSetting{ee717e1 com.android.systemui.emulation.pixel_3/10012} BLOCKED
I/AppsFilter(  542): interaction: PackageSetting{4d97a5d com.ubmprobe/10196} -> PackageSetting{ab1e906 com.android.systemui.emulation.pixel_4/10034} BLOCKED
I/AppsFilter(  542): interaction: PackageSetting{4d97a5d com.ubmprobe/10196} -> PackageSetting{3643bc7 com.android.systemui.emulation.pixel_5/10071} BLOCKED
I/AppsFilter(  542): interaction: PackageSetting{4d97a5d com.ubmprobe/10196} -> PackageSetting{ece45f4 com.android.systemui.emulation.pixel_6/10074} BLOCKED
I/AppsFilter(  542): interaction: PackageSetting{4d97a5d com.ubmprobe/10196} -> PackageSetting{5dc511d com.android.systemui.emulation.pixel_7/10072} BLOCKED
I/AppsFilter(  542): interaction: PackageSetting{4d97a5d com.ubmprobe/10196} -> PackageSetting{8f38f92 com.android.systemui.emulation.pixel_8/10070} BLOCKED
I/AppsFilter(  542): interaction: PackageSetting{4d97a5d com.ubmprobe/10196} -> PackageSetting{25ecd63 com.android.nfc.auto_generated_rro_product__/10024} BLOCKED
I/AppsFilter(  542): interaction: PackageSetting{4d97a5d com.ubmprobe/10196} -> PackageSetting{c588fad com.android.printspooler/10104} BLOCKED
I/AppsFilter(  542): interaction: PackageSetting{4d97a5d com.ubmprobe/10196} -> PackageSetting{2f1e219 com.android.emergency.auto_generated_rro_product__/10041} BLOCKED
I/AppsFilter(  542): interaction: PackageSetting{4d97a5d com.ubmprobe/10196} -> PackageSetting{c3712de com.google.android.connectivity.resources.goldfish.overlay/10080} BLOCKED
I/AppsFilter(  542): interaction: PackageSetting{4d97a5d com.ubmprobe/10196} -> PackageSetting{a4a12e2 com.android.dreams.basic/10102} BLOCKED
I/AppsFilter(  542): interaction: PackageSetting{4d97a5d com.ubmprobe/10196} -> PackageSetting{7d8fc26 com.bleplxexample/10193} BLOCKED
I/AppsFilter(  542): interaction: PackageSetting{4d97a5d com.ubmprobe/10196} -> PackageSetting{4485f8c com.google.android.networkstack.tethering.emulator/10038} BLOCKED
I/AppsFilter(  542): interaction: PackageSetting{4d97a5d com.ubmprobe/10196} -> PackageSetting{23586d5 com.android.providers.settings.auto_generated_rro_product__/10001} BLOCKED
I/AppsFilter(  542): interaction: PackageSetting{4d97a5d com.ubmprobe/10196} -> PackageSetting{171673 com.google.android.as.oss/10120} BLOCKED
I/AppsFilter(  542): interaction: PackageSetting{4d97a5d com.ubmprobe/10196} -> PackageSetting{bb685db com.android.traceur.auto_generated_rro_product__/10013} BLOCKED
I/AppsFilter(  542): interaction: PackageSetting{4d97a5d com.ubmprobe/10196} -> PackageSetting{29dc930 com.google.android.devicelockcontroller/10170} BLOCKED
I/AppsFilter(  542): interaction: PackageSetting{4d97a5d com.ubmprobe/10196} -> PackageSetting{b9b79a9 com.google.android.dialer/10129} BLOCKED
I/AppsFilter(  542): interaction: PackageSetting{4d97a5d com.ubmprobe/10196} -> PackageSetting{54c9fb6 com.android.internal.emulation.pixel_3/10046} BLOCKED
I/AppsFilter(  542): interaction: PackageSetting{4d97a5d com.ubmprobe/10196} -> PackageSetting{70da4b7 com.android.internal.emulation.pixel_4/10060} BLOCKED
I/AppsFilter(  542): interaction: PackageSetting{4d97a5d com.ubmprobe/10196} -> PackageSetting{5891424 com.android.internal.emulation.pixel_5/10015} BLOCKED
I/AppsFilter(  542): interaction: PackageSetting{4d97a5d com.ubmprobe/10196} -> PackageSetting{758bb8d com.android.internal.emulation.pixel_6/10035} BLOCKED
I/AppsFilter(  542): interaction: PackageSetting{4d97a5d com.ubmprobe/10196} -> PackageSetting{5fb0142 com.android.internal.emulation.pixel_7/10067} BLOCKED
I/AppsFilter(  542): interaction: PackageSetting{4d97a5d com.ubmprobe/10196} -> PackageSetting{14dd553 com.android.internal.emulation.pixel_8/10039} BLOCKED
I/AppsFilter(  542): interaction: PackageSetting{4d97a5d com.ubmprobe/10196} -> PackageSetting{1fa7b2e com.google.android.captiveportallogin/10113} BLOCKED
I/AppsFilter(  542): interaction: PackageSetting{4d97a5d com.ubmprobe/10196} -> PackageSetting{cc2a6cf com.android.musicfx/10088} BLOCKED
I/AppsFilter(  542): interaction: PackageSetting{4d97a5d com.ubmprobe/10196} -> PackageSetting{ce485c com.google.android.apps.docs/10153} BLOCKED
I/AppsFilter(  542): interaction: PackageSetting{4d97a5d com.ubmprobe/10196} -> PackageSetting{5e80816 com.google.android.apps.maps/10154} BLOCKED
I/AppsFilter(  542): interaction: PackageSetting{4d97a5d com.ubmprobe/10196} -> PackageSetting{5090765 com.google.android.modulemetadata/10147} BLOCKED
I/AppsFilter(  542): interaction: PackageSetting{4d97a5d com.ubmprobe/10196} -> PackageSetting{2371c3a com.google.android.markup/10135} BLOCKED
I/AppsFilter(  542): interaction: PackageSetting{4d97a5d com.ubmprobe/10196} -> PackageSetting{6a6cf45 com.android.providers.settings.auto_generated_rro_vendor__/10077} BLOCKED
I/AppsFilter(  542): interaction: PackageSetting{4d97a5d com.ubmprobe/10196} -> PackageSetting{aece0eb com.google.android.rkpdapp/10178} BLOCKED
I/AppsFilter(  542): interaction: PackageSetting{4d97a5d com.ubmprobe/10196} -> PackageSetting{4258e48 com.google.android.contacts/10156} BLOCKED
I/AppsFilter(  542): interaction: PackageSetting{4d97a5d com.ubmprobe/10196} -> PackageSetting{fdc5fa8 com.android.server.telecom.auto_generated_rro_product__/10029} BLOCKED
I/AppsFilter(  542): interaction: PackageSetting{4d97a5d com.ubmprobe/10196} -> PackageSetting{9ea1ac1 com.google.android.overlay.googleconfig/10061} BLOCKED
I/AppsFilter(  542): interaction: PackageSetting{4d97a5d com.ubmprobe/10196} -> PackageSetting{907b4e1 com.android.chrome/10149} BLOCKED
I/AppsFilter(  542): interaction: PackageSetting{4d97a5d com.ubmprobe/10196} -> PackageSetting{91b29a7 com.android.bips.auto_generated_rro_product__/10032} BLOCKED
I/AppsFilter(  542): interaction: PackageSetting{4d97a5d com.ubmprobe/10196} -> PackageSetting{86ac206 com.google.android.apps.customization.pixel/10144} BLOCKED
I/AppsFilter(  542): interaction: PackageSetting{4d97a5d com.ubmprobe/10196} -> PackageSetting{336a0c7 com.google.android.tag/10083} BLOCKED
I/AppsFilter(  542): interaction: PackageSetting{4d97a5d com.ubmprobe/10196} -> PackageSetting{5a3ef2 com.google.android.overlay.permissioncontroller/10003} BLOCKED
I/AppsFilter(  542): interaction: PackageSetting{4d97a5d com.ubmprobe/10196} -> PackageSetting{42946f4 com.google.android.partnersetup/10124} BLOCKED
I/AppsFilter(  542): interaction: PackageSetting{4d97a5d com.ubmprobe/10196} -> PackageSetting{de9be1d com.google.android.apps.wallpaper.nexus/10141} BLOCKED
I/AppsFilter(  542): interaction: PackageSetting{4d97a5d com.ubmprobe/10196} -> PackageSetting{be0f892 com.google.android.apps.nexuslauncher/10169} BLOCKED
I/AppsFilter(  542): interaction: PackageSetting{4d97a5d com.ubmprobe/10196} -> PackageSetting{d728263 com.google.android.nearby.halfsheet/10191} BLOCKED
I/AppsFilter(  542): interaction: PackageSetting{4d97a5d com.ubmprobe/10196} -> PackageSetting{111a69f com.android.theme.font.notoserifsource/10066} BLOCKED
I/AppsFilter(  542): interaction: PackageSetting{4d97a5d com.ubmprobe/10196} -> PackageSetting{90dde60 com.google.android.safetycenter.resources/10179} BLOCKED
I/AppsFilter(  542): interaction: PackageSetting{4d97a5d com.ubmprobe/10196} -> PackageSetting{f313b5 com.android.internal.display.cutout.emulation.waterfall/10040} BLOCKED
I/AppsFilter(  542): interaction: PackageSetting{4d97a5d com.ubmprobe/10196} -> PackageSetting{a7eba4a com.android.internal.systemui.navbar.transparent/10026} BLOCKED
I/AppsFilter(  542): interaction: PackageSetting{4d97a5d com.ubmprobe/10196} -> PackageSetting{2e91f19 com.google.android.connectivity.resources/10190} BLOCKED
I/AppsFilter(  542): interaction: PackageSetting{4d97a5d com.ubmprobe/10196} -> PackageSetting{4bb02d8 com.android.providers.contacts.auto_generated_rro_product__/10017} BLOCKED
I/AppsFilter(  542): interaction: PackageSetting{4d97a5d com.ubmprobe/10196} -> PackageSetting{b120bde com.google.android.feedback/10165} BLOCKED
I/AppsFilter(  542): interaction: PackageSetting{4d97a5d com.ubmprobe/10196} -> PackageSetting{200e1bf com.google.android.printservice.recommendation/10110} BLOCKED
I/AppsFilter(  542): interaction: PackageSetting{4d97a5d com.ubmprobe/10196} -> PackageSetting{7e2808c com.google.android.apps.photos/10140} BLOCKED
I/AppsFilter(  542): interaction: PackageSetting{4d97a5d com.ubmprobe/10196} -> PackageSetting{931214a com.google.android.calendar/10145} BLOCKED
I/AppsFilter(  542): interaction: PackageSetting{4d97a5d com.ubmprobe/10196} -> PackageSetting{6e393d5 com.google.android.documentsui/10098} BLOCKED
I/AppsFilter(  542): interaction: PackageSetting{4d97a5d com.ubmprobe/10196} -> PackageSetting{8df046d com.android.systemui.emulation.pixel_3a_xl/10019} BLOCKED
I/AppsFilter(  542): interaction: PackageSetting{4d97a5d com.ubmprobe/10196} -> PackageSetting{39c48a2 com.android.systemui.emulation.pixel_6_pro/10063} BLOCKED
I/AppsFilter(  542): interaction: PackageSetting{4d97a5d com.ubmprobe/10196} -> PackageSetting{6f87933 com.android.systemui.emulation.pixel_7_pro/10054} BLOCKED
I/AppsFilter(  542): interaction: PackageSetting{4d97a5d com.ubmprobe/10196} -> PackageSetting{d2b54f0 com.android.systemui.emulation.pixel_8_pro/10010} BLOCKED
I/AppsFilter(  542): interaction: PackageSetting{4d97a5d com.ubmprobe/10196} -> PackageSetting{1af07ea com.google.mainline.telemetry/10151} BLOCKED
I/AppsFilter(  542): interaction: PackageSetting{4d97a5d com.ubmprobe/10196} -> PackageSetting{b9a4cee com.android.carrierconfig.auto_generated_rro_product__/10064} BLOCKED
I/AppsFilter(  542): interaction: PackageSetting{4d97a5d com.ubmprobe/10196} -> PackageSetting{4ebdadb com.android.providers.partnerbookmarks/10100} BLOCKED
I/AppsFilter(  542): interaction: PackageSetting{4d97a5d com.ubmprobe/10196} -> PackageSetting{57d1978 com.android.wallpaper.livepicker/10090} BLOCKED
I/AppsFilter(  542): interaction: PackageSetting{4d97a5d com.ubmprobe/10196} -> PackageSetting{bd15425 com.android.providers.telephony.auto_generated_rro_product__/10059} BLOCKED
I/AppsFilter(  542): interaction: PackageSetting{4d97a5d com.ubmprobe/10196} -> PackageSetting{96249fa com.android.phone.auto_generated_rro_vendor__/10078} BLOCKED
I/AppsFilter(  542): interaction: PackageSetting{4d97a5d com.ubmprobe/10196} -> PackageSetting{ed69851 com.google.mainline.adservices/10136} BLOCKED
I/AppsFilter(  542): interaction: PackageSetting{4d97a5d com.ubmprobe/10196} -> PackageSetting{36db8b6 com.android.imsserviceentitlement/10117} BLOCKED
I/AppsFilter(  542): interaction: PackageSetting{4d97a5d com.ubmprobe/10196} -> PackageSetting{6c349b7 com.google.android.healthconnect.controller/10181} BLOCKED
I/AppsFilter(  542): interaction: PackageSetting{4d97a5d com.ubmprobe/10196} -> PackageSetting{7b0bc6 com.android.internal.emulation.pixel_2_xl/10014} BLOCKED
I/AppsFilter(  542): interaction: PackageSetting{4d97a5d com.ubmprobe/10196} -> PackageSetting{31e8787 com.android.internal.emulation.pixel_3_xl/10056} BLOCKED
I/AppsFilter(  542): interaction: PackageSetting{4d97a5d com.ubmprobe/10196} -> PackageSetting{ab506b4 com.android.internal.emulation.pixel_4_xl/10047} BLOCKED
I/AppsFilter(  542): interaction: PackageSetting{4d97a5d com.ubmprobe/10196} -> PackageSetting{a56e2dd com.android.internal.emulation.pixel_fold/10008} BLOCKED
I/AppsFilter(  542): interaction: PackageSetting{4d97a5d com.ubmprobe/10196} -> PackageSetting{c265524 com.android.bookmarkprovider/10114} BLOCKED
I/AppsFilter(  542): interaction: PackageSetting{4d97a5d com.ubmprobe/10196} -> PackageSetting{fd21523 com.google.android.overlay.pixelconfigcommon/10011} BLOCKED
I/AppsFilter(  542): interaction: PackageSetting{4d97a5d com.ubmprobe/10196} -> PackageSetting{af5da20 com.android.systemui.accessibility.accessibilitymenu.auto_generated_rro_product__/10053} BLOCKED
I/AppsFilter(  542): interaction: PackageSetting{4d97a5d com.ubmprobe/10196} -> PackageSetting{7e3cfd9 com.android.systemui.emulation.pixel_3a/10030} BLOCKED
I/AppsFilter(  542): interaction: PackageSetting{4d97a5d com.ubmprobe/10196} -> PackageSetting{29cd9e com.android.systemui.emulation.pixel_4a/10000} BLOCKED
I/AppsFilter(  542): interaction: PackageSetting{4d97a5d com.ubmprobe/10196} -> PackageSetting{4a6e07f com.android.systemui.emulation.pixel_6a/10042} BLOCKED
I/AppsFilter(  542): interaction: PackageSetting{4d97a5d com.ubmprobe/10196} -> PackageSetting{4ae784c com.android.systemui.emulation.pixel_7a/10016} BLOCKED
I/AppsFilter(  542): interaction: PackageSetting{4d97a5d com.ubmprobe/10196} -> PackageSetting{81b688d com.google.android.settings.intelligence/10119} BLOCKED
I/AppsFilter(  542): interaction: PackageSetting{4d97a5d com.ubmprobe/10196} -> PackageSetting{835b395 com.google.android.projection.gearhead/10123} BLOCKED
I/AppsFilter(  542): interaction: PackageSetting{4d97a5d com.ubmprobe/10196} -> PackageSetting{794aa42 com.google.android.uwb.resources/10177} BLOCKED
I/AppsFilter(  542): interaction: PackageSetting{4d97a5d com.ubmprobe/10196} -> PackageSetting{5d30caa com.android.cts.ctsshim/10186} BLOCKED
I/AppsFilter(  542): interaction: PackageSetting{4d97a5d com.ubmprobe/10196} -> PackageSetting{738ca53 com.google.android.wifi.resources/10171} BLOCKED
I/AppsFilter(  542): interaction: PackageSetting{4d97a5d com.ubmprobe/10196} -> PackageSetting{59f90 com.google.android.wifi.dialog/10173} BLOCKED
I/AppsFilter(  542): interaction: PackageSetting{4d97a5d com.ubmprobe/10196} -> PackageSetting{2630089 com.google.android.apps.wallpaper/10161} BLOCKED
I/AppsFilter(  542): interaction: PackageSetting{4d97a5d com.ubmprobe/10196} -> PackageSetting{147288e com.google.android.odad/10122} BLOCKED
I/AppsFilter(  542): interaction: PackageSetting{4d97a5d com.ubmprobe/10196} -> PackageSetting{2d26077 com.android.settings.auto_generated_rro_product__/10025} BLOCKED
I/AppsFilter(  542): interaction: PackageSetting{4d97a5d com.ubmprobe/10196} -> PackageSetting{184e4 com.android.internal.systemui.navbar.gestural/10048} BLOCKED
I/AppsFilter(  542): interaction: PackageSetting{4d97a5d com.ubmprobe/10196} -> PackageSetting{57bb8af com.google.android.apps.youtube.music/10155} BLOCKED
I/AppsFilter(  542): interaction: PackageSetting{4d97a5d com.ubmprobe/10196} -> PackageSetting{e4d24bc com.android.bluetoothmidiservice/10108} BLOCKED
I/AppsFilter(  542): interaction: PackageSetting{4d97a5d com.ubmprobe/10196} -> PackageSetting{9028d13 com.android.storagemanager.auto_generated_rro_product__/10023} BLOCKED
I/AppsFilter(  542): interaction: PackageSetting{4d97a5d com.ubmprobe/10196} -> PackageSetting{d721c45 com.google.android.cellbroadcastreceiver/10176} BLOCKED
I/AppsFilter(  542): interaction: PackageSetting{4d97a5d com.ubmprobe/10196} -> PackageSetting{acb6149 com.android.phone.auto_generated_rro_product__/10058} BLOCKED
I/AppsFilter(  542): interaction: PackageSetting{4d97a5d com.ubmprobe/10196} -> PackageSetting{7b2da4e android.auto_generated_rro_product__/10069} BLOCKED
I/AppsFilter(  542): interaction: PackageSetting{4d97a5d com.ubmprobe/10196} -> PackageSetting{bfee76f com.android.internal.systemui.navbar.gestural_narrow_back/10049} BLOCKED
I/AppsFilter(  542): interaction: PackageSetting{4d97a5d com.ubmprobe/10196} -> PackageSetting{913f9a com.google.android.inputmethod.latin/10146} BLOCKED
I/AppsFilter(  542): interaction: PackageSetting{4d97a5d com.ubmprobe/10196} -> PackageSetting{8dfc905 android.auto_generated_rro_vendor__/10079} BLOCKED
I/AppsFilter(  542): interaction: PackageSetting{4d97a5d com.ubmprobe/10196} -> PackageSetting{a5530cb com.google.android.apps.restore/10121} BLOCKED
W/com.ubmprobe(11019): Accessing hidden method Landroid/os/Trace;->isTagEnabled(J)Z (unsupported, reflection, allowed)
W/com.ubmprobe(11019): Accessing hidden method Landroid/os/Trace;->traceBegin(JLjava/lang/String;)V (unsupported, reflection, allowed)
W/com.ubmprobe(11019): Accessing hidden method Landroid/os/Trace;->traceEnd(J)V (unsupported, reflection, allowed)
W/com.ubmprobe(11019): Accessing hidden method Landroid/os/Trace;->asyncTraceBegin(JLjava/lang/String;I)V (unsupported, reflection, allowed)
W/com.ubmprobe(11019): Accessing hidden method Landroid/os/Trace;->asyncTraceEnd(JLjava/lang/String;I)V (unsupported, reflection, allowed)
I/cr_WVCFactoryProvider(11019): Loaded version=113.0.5672.136 minSdkVersion=29 isBundle=false multiprocess=true packageId=2
I/cr_VariationsUtils(11019): Failed reading seed file "/data/user/0/com.ubmprobe/app_webview/variations_seed_new"
I/cr_LibraryLoader(11019): Successfully loaded native library
I/cr_CachingUmaRecorder(11019): Flushed 8 samples from 8 histograms.
D/TrafficStats(11019): tagSocket(115) with statsTag=0xffffffff, statsUid=-1
I/ReactNativeJS(11019): Running "UbmProbe" with {"rootTag":1,"initialProps":{},"fabric":true}
W/unknown:ViewManagerPropertyUpdater(11019): Could not find generated setter for class com.facebook.react.views.debuggingoverlay.DebuggingOverlayManager
W/unknown:ViewManagerPropertyUpdater(11019): Could not find generated setter for class com.facebook.react.uimanager.LayoutShadowNode
W/unknown:ViewManagerPropertyUpdater(11019): Could not find generated setter for class com.facebook.react.views.safeareaview.ReactSafeAreaViewManager
W/unknown:ViewManagerPropertyUpdater(11019): Could not find generated setter for class com.facebook.react.views.modal.ReactModalHostManager
W/unknown:ViewManagerPropertyUpdater(11019): Could not find generated setter for class com.facebook.react.views.progressbar.ReactProgressBarViewManager
W/unknown:ViewManagerPropertyUpdater(11019): Could not find generated setter for class com.facebook.react.views.scroll.ReactHorizontalScrollViewManager
W/unknown:ViewManagerPropertyUpdater(11019): Could not find generated setter for class com.facebook.react.views.image.ReactImageManager
W/unknown:ViewManagerPropertyUpdater(11019): Could not find generated setter for class com.facebook.react.views.text.ReactTextViewManager
W/unknown:ViewManagerPropertyUpdater(11019): Could not find generated setter for class com.facebook.react.views.scroll.ReactHorizontalScrollContainerViewManager
W/unknown:ViewManagerPropertyUpdater(11019): Could not find generated setter for class com.facebook.react.views.unimplementedview.ReactUnimplementedViewManager
W/unknown:ViewManagerPropertyUpdater(11019): Could not find generated setter for class com.facebook.react.views.scroll.ReactScrollViewManager
W/unknown:ViewManagerPropertyUpdater(11019): Could not find generated setter for class com.facebook.react.views.view.ReactViewManager
W/unknown:ViewManagerPropertyUpdater(11019): Could not find generated setter for class com.facebook.react.views.drawer.ReactDrawerLayoutManager
W/unknown:ViewManagerPropertyUpdater(11019): Could not find generated setter for class com.facebook.react.views.switchview.ReactSwitchManager
W/unknown:ViewManagerPropertyUpdater(11019): Could not find generated setter for class com.facebook.react.views.swiperefresh.SwipeRefreshLayoutManager
W/unknown:ViewManagerPropertyUpdater(11019): Could not find generated setter for class com.facebook.react.views.textinput.ReactTextInputManager
W/unknown:ViewManagerPropertyUpdater(11019): Could not find generated setter for class com.facebook.react.views.text.SelectableTextViewManager
W/unknown:ViewManagerPropertyUpdater(11019): Could not find generated setter for class com.facebook.react.views.virtual.view.ReactVirtualViewManager
E/TaskPersister(  542): File error accessing recents directory (directory doesn't exist?).
D/TrafficStats(11019): tagSocket(106) with statsTag=0xffffffff, statsUid=-1
D/CompatibilityChangeReporter(11019): Compat change id reported: 289878283; UID 10196; state: ENABLED
D/CompatibilityChangeReporter(11019): Compat change id reported: 171228096; UID 10196; state: ENABLED
W/com.ubmprobe(11019): Accessing hidden field Landroid/widget/ScrollView;->mScroller:Landroid/widget/OverScroller; (unsupported, reflection, allowed)
I/ReactNativeJS(11019): [UBM_PROBE] app-mounted
I/netd    (  358): tetherGetStats() -> {[]} <1.00ms>
I/netd    (  358): bandwidthSetGlobalAlert(2097152) <0.14ms>
I/wpa_supplicant(  872): wlan0: CTRL-EVENT-BEACON-LOSS 
D/EGL_emulation(11019): app_time_stats: avg=818.95ms min=0.96ms max=1839.07ms count=4
D/ProfileInstaller(11019): Installing profile for com.ubmprobe
D/StatusBarIconController(  885): ignoring old pipeline callbacks, because the new mobile icons are enabled
D/BtGatt.ScanManager(10030): uid 10128 isForeground true scanMode -1
D/BtGatt.ScanManager(10030): uid 10128 isForeground true scanMode -1
D/ActivityManager(  542): freezing 10703 com.google.android.apps.wellbeing
D/ActivityManager(  542): freezing 8054 com.android.keychain
D/ActivityManager(  542): freezing 1116 com.android.settings
I/WorkerManager( 1959): dispose()
W/A       ( 1959): Queue length for executor EventBus is now 11. Perhaps some tasks are too long, or the pool is too small.
I/wpa_supplicant(  872): wlan0: CTRL-EVENT-BEACON-LOSS 
D/StatusBarIconController(  885): ignoring old pipeline callbacks, because the new mobile icons are enabled
I/wpa_supplicant(  872): wlan0: CTRL-EVENT-BEACON-LOSS 
D/StatusBarIconController(  885): ignoring old pipeline callbacks, because the new mobile icons are enabled
I/wpa_supplicant(  872): wlan0: CTRL-EVENT-BEACON-LOSS 
I/AiAiEcho( 1703): Predicting[0]: 
I/AiAiEcho( 1703): EchoTargets: 
I/AiAiEcho( 1703): Filtered by AiAi flag check: 
I/AiAiEcho( 1703): Ranked targets strategy: SORT, count: 0, ranking metadata: 
I/AiAiEcho( 1703): #postPredictionTargets: Sending updates to UISurface lockscreen with targets# 0 (types=[])
W/PageIndicator(  885): Total number of pages invalid: 0. Assuming 1 page.
D/EGL_emulation(  885): app_time_stats: avg=1582.40ms min=14.59ms max=29200.44ms count=19
D/TaplEvents( 1156): TIS / TouchInteractionService.onInputEvent: MotionEvent { action=ACTION_DOWN, actionButton=0, id[0]=0, x[0]=160.0, y[0]=183.0, toolType[0]=TOOL_TYPE_FINGER, buttonState=0, classification=NONE, metaState=0, flags=0x0, edgeFlags=0x0, pointerCount=1, historySize=0, eventTime=3425041, downTime=3425041, deviceId=-1, source=0x1002, displayId=0, eventId=-284844354 }
D/TaplEvents( 1156): TIS / TouchInteractionService.onInputEvent: MotionEvent { action=ACTION_UP, actionButton=0, id[0]=0, x[0]=160.0, y[0]=183.0, toolType[0]=TOOL_TYPE_FINGER, buttonState=0, classification=NONE, metaState=0, flags=0x0, edgeFlags=0x0, pointerCount=1, historySize=0, eventTime=3425041, downTime=3425041, deviceId=-1, source=0x1002, displayId=0, eventId=-387242516 }
D/audioserver(  420): FGS Logger Transaction failed
D/audioserver(  420): -129
I/wpa_supplicant(  872): wlan0: CTRL-EVENT-BEACON-LOSS 
D/AudioFlinger(  420): mixer(0x77fc40373930) throttle end: throttle time(33)
D/CompatibilityChangeReporter(11019): Compat change id reported: 263076149; UID 10196; state: ENABLED
D/CompatibilityChangeReporter(  542): Compat change id reported: 161145287; UID 10196; state: ENABLED
D/EGL_emulation(11019): app_time_stats: avg=1831.96ms min=16.37ms max=30876.60ms count=17
D/audioserver(  420): FGS Logger Transaction failed
D/audioserver(  420): -129
I/ReactNativeJS(11019): [UBM_PROBE] bonded-error name=BleError code=permission.denied message=permission.denied: rn-android-boundary.enumerateBondedPeers
D/StatusBarIconController(  885): ignoring old pipeline callbacks, because the new mobile icons are enabled
D/android.hardware.audio@7.1-impl.ranchu(  364): threadLoop: entering standby, frames: 3130176
W/healthd (    0): battery l=100 v=5000 t=25.0 h=2 st=2 c=900000 fc=3000000 cc=10 chg=a
I/wpa_supplicant(  872): wlan0: CTRL-EVENT-BEACON-LOSS 
D/StatusBarIconController(  885): ignoring old pipeline callbacks, because the new mobile icons are enabled


