$ logcat poll 5
[exit=0]
--------- beginning of system
W/ActivityTaskManager(  542): callingPackage for (uid=2000, pid=7542) has no WPC
D/CompatibilityChangeReporter(  542): Compat change id reported: 184838306; UID 10193; state: DISABLED
D/CompatibilityChangeReporter(  542): Compat change id reported: 185004937; UID 10193; state: DISABLED
D/CompatibilityChangeReporter(  542): Compat change id reported: 205907456; UID 10193; state: ENABLED
V/WindowManagerShell(  885): Transition requested: android.os.BinderProxy@2478464 TransitionRequestInfo { type = OPEN, triggerTask = TaskInfo{userId=0 taskId=18 displayId=0 isRunning=true baseIntent=Intent { flg=0x10000000 cmp=com.bleplxexample/.MainActivity } baseActivity=ComponentInfo{com.bleplxexample/com.bleplxexample.MainActivity} topActivity=ComponentInfo{com.bleplxexample/com.bleplxexample.MainActivity} origActivity=null realActivity=ComponentInfo{com.bleplxexample/com.bleplxexample.MainActivity} numActivities=1 lastActiveTime=700376 supportsMultiWindow=true resizeMode=1 isResizeable=true minWidth=-1 minHeight=-1 defaultMinSize=220 token=WCT{android.window.IWindowContainerToken$Stub$Proxy@c2206cd} topActivityType=1 pictureInPictureParams=null shouldDockBigOverlays=false launchIntoPipHostTaskId=-1 lastParentTaskIdBeforePip=-1 displayCutoutSafeInsets=null topActivityInfo=ActivityInfo{81d8b82 com.bleplxexample.MainActivity} launchCookies=[] positionInParent=Point(0, 0) parentTaskId=-1 isFocused=false isVisible=false isVisibleRequested=false isSleeping=false topActivityInSizeCompat=false topActivityEligibleForLetterboxEducation= false topActivityLetterboxed= false isFromDoubleTap= false topActivityLetterboxVerticalPosition= -1 topActivityLetterboxHorizontalPosition= -1 topActivityLetterboxWidth=-1 topActivityLetterboxHeight=-1 locusId=null displayAreaFeatureId=1 cameraCompatControlState=hidden}, remoteTransition = null, displayChange = null }
I/ActivityTaskManager(  542): START u0 {flg=0x10000000 cmp=com.bleplxexample/.MainActivity} with LAUNCH_SINGLE_TASK from uid 2000 (BAL_ALLOW_PERMISSION) result code=0
D/CompatibilityChangeReporter(  542): Compat change id reported: 135634846; UID 10193; state: DISABLED
D/CompatibilityChangeReporter(  542): Compat change id reported: 143937733; UID 10193; state: ENABLED
--------- beginning of main
D/SplashScreenView(  885): Build android.window.SplashScreenView{afcfbfc V.E...... ......ID 0,0-0,0}
D/SplashScreenView(  885): Icon: view: android.widget.ImageView{3664285 V.ED..... ......I. 0,0-0,0 #10204f0 android:id/splashscreen_icon_view} drawable: com.android.wm.shell.startingsurface.SplashscreenIconDrawableFactory$ImmobileIconDrawable@2ad08da size: 160
D/SplashScreenView(  885): Branding: view: android.view.View{efb610b G.ED..... ......I. 0,0-0,0 #10204ef android:id/splashscreen_branding_view} drawable: null size w: 0 h: 0
D/CompatibilityChangeReporter(  542): Compat change id reported: 168419799; UID 10193; state: DISABLED
D/CompatibilityChangeReporter(  542): Compat change id reported: 273564678; UID 10193; state: DISABLED
D/CompatibilityChangeReporter(  542): Compat change id reported: 265195908; UID 10193; state: ENABLED
D/Zygote  (  359): Forked child process 7546
I/ActivityManager(  542): Start proc 7546:com.bleplxexample/u0a193 for next-top-activity {com.bleplxexample/com.bleplxexample.MainActivity}
I/BpBinder(  423): onLastStrongRef automatically unlinking death recipients: 
D/CoreBackPreview(  542): Window{1caf196 u0 Splash Screen com.bleplxexample}: Setting back callback OnBackInvokedCallbackInfo{mCallback=android.window.IOnBackInvokedCallback$Stub$Proxy@b291eed, mPriority=0, mIsAnimationCallback=false}
V/WindowManager(  542): Sent Transition #38 createdAt=09-15 15:43:40.311 via request=TransitionRequestInfo { type = OPEN, triggerTask = TaskInfo{userId=0 taskId=18 displayId=0 isRunning=true baseIntent=Intent { flg=0x10000000 cmp=com.bleplxexample/.MainActivity } baseActivity=ComponentInfo{com.bleplxexample/com.bleplxexample.MainActivity} topActivity=ComponentInfo{com.bleplxexample/com.bleplxexample.MainActivity} origActivity=null realActivity=ComponentInfo{com.bleplxexample/com.bleplxexample.MainActivity} numActivities=1 lastActiveTime=700376 supportsMultiWindow=true resizeMode=1 isResizeable=true minWidth=-1 minHeight=-1 defaultMinSize=220 token=WCT{RemoteToken{7861170 Task{ab072ca #18 type=standard A=10193:com.bleplxexample}}} topActivityType=1 pictureInPictureParams=null shouldDockBigOverlays=false launchIntoPipHostTaskId=-1 lastParentTaskIdBeforePip=-1 displayCutoutSafeInsets=null topActivityInfo=ActivityInfo{a05bce9 com.bleplxexample.MainActivity} launchCookies=[] positionInParent=Point(0, 0) parentTaskId=-1 isFocused=false isVisible=false isVisibleRequested=false isSleeping=false topActivityInSizeCompat=false topActivityEligibleForLetterboxEducation= false topActivityLetterboxed= false isFromDoubleTap= false topActivityLetterboxVerticalPosition= -1 topActivityLetterboxHorizontalPosition= -1 topActivityLetterboxWidth=-1 topActivityLetterboxHeight=-1 locusId=null displayAreaFeatureId=1 cameraCompatControlState=hidden}, remoteTransition = null, displayChange = null }
V/WindowManager(  542):     startWCT=WindowContainerTransaction { changes = {} hops = [] errorCallbackToken=null taskFragmentOrganizer=null }
V/WindowManager(  542):     info={id=38 t=OPEN f=0x0 trk=0 r=[0@Point(0, 0)] c=[{WCT{RemoteToken{7861170 Task{ab072ca #18 type=standard A=10193:com.bleplxexample}}} m=OPEN f=NONE leash=Surface(name=Task=18)/@0x3c9122 sb=Rect(0, 0 - 320, 640) eb=Rect(0, 0 - 320, 640) d=0},{WCT{RemoteToken{c3e5e8f Task{138c2a5 #1 type=home}}} m=TO_BACK f=SHOW_WALLPAPER leash=Surface(name=Task=1)/@0xd4f8ee1 sb=Rect(0, 0 - 320, 640) eb=Rect(0, 0 - 320, 640) d=0}]}
V/WindowManagerShell(  885): onTransitionReady android.os.BinderProxy@2478464: {id=38 t=OPEN f=0x0 trk=0 r=[0@Point(0, 0)] c=[{WCT{android.window.IWindowContainerToken$Stub$Proxy@1e2567e} m=OPEN f=NONE leash=Surface(name=Task=18)/@0x8ce683 sb=Rect(0, 0 - 320, 640) eb=Rect(0, 0 - 320, 640) d=0},{WCT{android.window.IWindowContainerToken$Stub$Proxy@72d67df} m=TO_BACK f=SHOW_WALLPAPER leash=Surface(name=Task=1)/@0x68c4000 sb=Rect(0, 0 - 320, 640) eb=Rect(0, 0 - 320, 640) d=0}]}
V/WindowManagerShell(  885): Playing animation for (#38)android.os.BinderProxy@2478464@0
V/WindowManagerShell(  885):  try handler com.android.wm.shell.transition.DefaultMixedHandler@582048e
V/WindowManagerShell(  885):  try handler com.android.wm.shell.keyguard.KeyguardTransitionHandler@99364af
V/WindowManagerShell(  885):  try handler com.android.wm.shell.activityembedding.ActivityEmbeddingController@ac960bc
V/WindowManagerShell(  885):  try handler com.android.wm.shell.recents.RecentsTransitionHandler@9fa845
V/ShellRecents(  885): RecentsTransitionHandler.startAnimation: no controller found
V/WindowManagerShell(  885):  try handler com.android.wm.shell.pip.PipTransition@39ddb9a
V/WindowManagerShell(  885):  try handler com.android.wm.shell.splitscreen.StageCoordinator@63b9ccb
V/WindowManagerShell(  885):  try handler com.android.wm.shell.transition.RemoteTransitionHandler@129cca8
V/WindowManagerShell(  885): Transition doesn't have explicit remote, search filters for match for {id=38 t=OPEN f=0x0 trk=0 r=[0@Point(0, 0)] c=[{WCT{android.window.IWindowContainerToken$Stub$Proxy@1e2567e} m=OPEN f=NONE leash=Surface(name=Task=18)/@0x8ce683 sb=Rect(0, 0 - 320, 640) eb=Rect(0, 0 - 320, 640) d=0},{WCT{android.window.IWindowContainerToken$Stub$Proxy@72d67df} m=TO_BACK f=SHOW_WALLPAPER leash=Surface(name=Task=1)/@0x68c4000 sb=Rect(0, 0 - 320, 640) eb=Rect(0, 0 - 320, 640) d=0}]}
V/WindowManagerShell(  885):  Checking filter Pair{{types=[] flags=0x0] notFlags=0x0 checks=[{atype=dream independent=true modes=[OPEN,TO_FRONT] flags=NONE mustBeTask=false order=ANY topActivity=null},{atype=home independent=true modes=[CLOSE,TO_BACK] flags=NONE mustBeTask=false order=ANY topActivity=null}]} RemoteTransition { remoteTransition = android.window.IRemoteTransition$Stub$Proxy@ab78f79, appThread = android.app.IApplicationThread$Stub$Proxy@e7524be, debugName = LauncherToDream }}
V/WindowManagerShell(  885):  Checking filter Pair{{types=[] flags=0x0] notFlags=0x100 checks=[{atype=home independent=true modes=[OPEN,TO_FRONT] flags=NONE mustBeTask=false order=TOP topActivity=ComponentInfo{com.google.android.apps.nexuslauncher/com.google.android.apps.nexuslauncher.NexusLauncherActivity}},{atype=standard independent=true modes=[CLOSE,TO_BACK] flags=NONE mustBeTask=false order=ANY topActivity=null}]} RemoteTransition { remoteTransition = android.window.IRemoteTransition$Stub$Proxy@206b91f, appThread = android.app.IApplicationThread$Stub$Proxy@63e746c, debugName = QuickstepLaunchHome }}
V/WindowManagerShell(  885):  Delegate animation for #38 to null
V/WindowManagerShell(  885):  try handler com.android.wm.shell.transition.DefaultTransitionHandler@3d79afd
V/WindowManagerShell(  885): start default transition animation, info = {id=38 t=OPEN f=0x0 trk=0 r=[0@Point(0, 0)] c=[{WCT{android.window.IWindowContainerToken$Stub$Proxy@1e2567e} m=OPEN f=NONE leash=Surface(name=Task=18)/@0x8ce683 sb=Rect(0, 0 - 320, 640) eb=Rect(0, 0 - 320, 640) d=0},{WCT{android.window.IWindowContainerToken$Stub$Proxy@72d67df} m=TO_BACK f=SHOW_WALLPAPER leash=Surface(name=Task=1)/@0x68c4000 sb=Rect(0, 0 - 320, 640) eb=Rect(0, 0 - 320, 640) d=0}]}
V/WindowManagerShell(  885): loadAnimation: anim=android.view.animation.AnimationSet@f15d6f5 animAttr=0x13 type=OPEN isEntrance=false
V/WindowManagerShell(  885): loadAnimation: anim=android.view.animation.AnimationSet@c39ed71 animAttr=0x12 type=OPEN isEntrance=true
V/WindowManagerShell(  885):  animated by com.android.wm.shell.transition.DefaultTransitionHandler@3d79afd
D/EGL_emulation(  885): app_time_stats: avg=852.63ms min=15.32ms max=15282.43ms count=19
D/EGL_emulation( 1156): app_time_stats: avg=258.74ms min=16.44ms max=1932.68ms count=8
I/m.bleplxexample( 7546): Late-enabling -Xcheck:jni
I/m.bleplxexample( 7546): Using CollectorTypeCC GC.
W/m.bleplxexample( 7546): Unexpected CPU variant for x86: x86_64.
W/m.bleplxexample( 7546): Known variants: atom, sandybridge, silvermont, goldmont, goldmont-plus, tremont, kabylake, default
I/adbd    (  434): jdwp connection from 7546
D/CompatibilityChangeReporter( 7546): Compat change id reported: 171979766; UID 10193; state: ENABLED
D/CompatibilityChangeReporter( 7546): Compat change id reported: 242716250; UID 10193; state: ENABLED
D/CompatibilityChangeReporter(  542): Compat change id reported: 170503758; UID 10193; state: ENABLED
D/ApplicationLoaders( 7546): Returning zygote-cached class loader: /system_ext/framework/androidx.window.extensions.jar
D/ApplicationLoaders( 7546): Returning zygote-cached class loader: /system_ext/framework/androidx.window.sidecar.jar
W/ziparchive( 7546): Unable to open '/data/app/~~HFINdJuHMX5q0yS0w2P2Lw==/com.bleplxexample-jL63w-UMk2qXFvV1l6k5zQ==/base.dm': No such file or directory
W/ziparchive( 7546): Unable to open '/data/app/~~HFINdJuHMX5q0yS0w2P2Lw==/com.bleplxexample-jL63w-UMk2qXFvV1l6k5zQ==/base.dm': No such file or directory
D/nativeloader( 7546): Configuring clns-6 for other apk /data/app/~~HFINdJuHMX5q0yS0w2P2Lw==/com.bleplxexample-jL63w-UMk2qXFvV1l6k5zQ==/base.apk. target_sdk_version=36, uses_libraries=, library_path=/data/app/~~HFINdJuHMX5q0yS0w2P2Lw==/com.bleplxexample-jL63w-UMk2qXFvV1l6k5zQ==/lib/x86_64:/data/app/~~HFINdJuHMX5q0yS0w2P2Lw==/com.bleplxexample-jL63w-UMk2qXFvV1l6k5zQ==/base.apk!/lib/x86_64, permitted_path=/data:/mnt/expand:/data/user/0/com.bleplxexample
V/GraphicsEnvironment( 7546): Currently set values for:
V/GraphicsEnvironment( 7546):   angle_gl_driver_selection_pkgs=[]
V/GraphicsEnvironment( 7546):   angle_gl_driver_selection_values=[]
V/GraphicsEnvironment( 7546): ANGLE GameManagerService for com.bleplxexample: false
V/GraphicsEnvironment( 7546): com.bleplxexample is not listed in per-application setting
V/GraphicsEnvironment( 7546): Neither updatable production driver nor prerelease driver is supported.
W/SoLoader( 7546): Initializing SoLoader: 0
W/SoLoader( 7546): Recording new base apk path: /data/app/~~HFINdJuHMX5q0yS0w2P2Lw==/com.bleplxexample-jL63w-UMk2qXFvV1l6k5zQ==/base.apk
W/SoLoader( 7546): Previously recorded 0 base apk paths.
I/SoLoader( 7546): Preparing SO source: DirectorySoSource[root = /vendor/lib64 flags = 2]
I/SoLoader( 7546): Preparing SO source: DirectorySoSource[root = /system/lib64 flags = 2]
I/SoLoader( 7546): Preparing SO source: DirectApkSoSource[root = [/data/app/~~HFINdJuHMX5q0yS0w2P2Lw==/com.bleplxexample-jL63w-UMk2qXFvV1l6k5zQ==/base.apk!/lib/x86_64]]
I/SoLoader( 7546): Preparing SO source: ApplicationSoSource[DirectorySoSource[root = /data/app/~~HFINdJuHMX5q0yS0w2P2Lw==/com.bleplxexample-jL63w-UMk2qXFvV1l6k5zQ==/lib/x86_64 flags = 0]]
I/SoLoader( 7546): init finish: 4 SO sources prepared
W/SoLoader( 7546): SoLoader initialized: 8
V/WindowManagerShell(  885): Transition animation finished (aborted=false), notifying core (#38)android.os.BinderProxy@2478464@0
V/WindowManager(  542): Finish Transition #38: created at 09-15 15:43:40.311 collect-started=0.014ms request-sent=2.618ms started=3.509ms ready=11.681ms sent=12.321ms finished=309.962ms
V/WindowManagerShell(  885): Track 0 became idle
V/WindowManagerShell(  885): All active transition animations finished
D/jni_lib_merge( 7546): Entering merged library JNI_OnLoad.
D/jni_lib_merge( 7546): Preparing 13 pre-merged libs (including stub)
D/jni_lib_merge( 7546): Preparing to register libfabricjni_so.  onload_func: 0x73b37184c530
D/jni_lib_merge( 7546): Preparing to register libreact_devsupportjni_so.  onload_func: 0x73b371a98110
D/jni_lib_merge( 7546): Preparing to register libreact_featureflagsjni_so.  onload_func: 0x73b371aaa9a0
D/jni_lib_merge( 7546): Preparing to register libreact_newarchdefaults_so.  onload_func: 0x73b371b53560
D/jni_lib_merge( 7546): Preparing to register libreact_tracingjni_so.  onload_func: 0x73b371e55bb0
D/jni_lib_merge( 7546): Preparing to register libreactnativeblob_so.  onload_func: 0x73b371e68b00
D/jni_lib_merge( 7546): Preparing to register libreactnativejni_so.  onload_func: 0x73b371e8bd70
D/jni_lib_merge( 7546): Preparing to register libreactnativejni_common_so.  onload_func: 0x73b371e91860
D/jni_lib_merge( 7546): Preparing to register librninstance_so.  onload_func: 0x73b371f0e590
D/jni_lib_merge( 7546): Preparing to register libturbomodulejsijni_so.  onload_func: 0x73b3720713b0
D/jni_lib_merge( 7546): Preparing to register libuimanagerjni_so.  onload_func: 0x73b372087780
D/jni_lib_merge( 7546): Preparing to register libyoga_so.  onload_func: 0x73b372096780
D/jni_lib_merge( 7546): About to register 12 actual methods.
D/jni_lib_merge( 7546): Entering merged library JNI_OnLoad.
D/jni_lib_merge( 7546): Preparing 13 pre-merged libs (including stub)
D/jni_lib_merge( 7546): Preparing to register libfabricjni_so.  onload_func: 0x73b37184c530
D/jni_lib_merge( 7546): Preparing to register libreact_devsupportjni_so.  onload_func: 0x73b371a98110
D/jni_lib_merge( 7546): Preparing to register libreact_featureflagsjni_so.  onload_func: 0x73b371aaa9a0
D/jni_lib_merge( 7546): Preparing to register libreact_newarchdefaults_so.  onload_func: 0x73b371b53560
D/jni_lib_merge( 7546): Preparing to register libreact_tracingjni_so.  onload_func: 0x73b371e55bb0
D/jni_lib_merge( 7546): Preparing to register libreactnativeblob_so.  onload_func: 0x73b371e68b00
D/jni_lib_merge( 7546): Preparing to register libreactnativejni_so.  onload_func: 0x73b371e8bd70
D/jni_lib_merge( 7546): Preparing to register libreactnativejni_common_so.  onload_func: 0x73b371e91860
D/jni_lib_merge( 7546): Preparing to register librninstance_so.  onload_func: 0x73b371f0e590
D/jni_lib_merge( 7546): Preparing to register libturbomodulejsijni_so.  onload_func: 0x73b3720713b0
D/jni_lib_merge( 7546): Preparing to register libuimanagerjni_so.  onload_func: 0x73b372087780
D/jni_lib_merge( 7546): Preparing to register libyoga_so.  onload_func: 0x73b372096780
D/jni_lib_merge( 7546): About to register 12 actual methods.
I/ActivityManager(  542): Flag disabled. Ignoring finishAttachApplication from uid: 10193. pid: 7546
D/libEGL  ( 7546): loaded /vendor/lib64/egl/libEGL_emulation.so
D/libEGL  ( 7546): loaded /vendor/lib64/egl/libGLESv1_CM_emulation.so
D/libEGL  ( 7546): loaded /vendor/lib64/egl/libGLESv2_emulation.so
D/AppCompatDelegate( 7546): Checking for metadata for AppLocalesMetadataHolderService : Service not found
D/jni_lib_merge( 7546): Entering merged library JNI_OnLoad.
D/jni_lib_merge( 7546): Preparing 4 pre-merged libs (including stub)
D/jni_lib_merge( 7546): Preparing to register libhermes_executor_so.  onload_func: 0x73b3785976e0
D/jni_lib_merge( 7546): Preparing to register libhermesinstancejni_so.  onload_func: 0x73b3785c3b60
D/jni_lib_merge( 7546): Preparing to register libjsijniprofiler_so.  onload_func: 0x73b3785c5900
D/jni_lib_merge( 7546): About to register 3 actual methods.
D/CompatibilityChangeReporter(  542): Compat change id reported: 161145287; UID 10193; state: ENABLED
D/TrafficStats( 7546): tagSocket(79) with statsTag=0xffffffff, statsUid=-1
W/unknown:BridgelessReact( 7546): ReactHost{0}.startSurface(surfaceId = 0): Schedule
W/unknown:BridgelessReact( 7546): ReactHost{0}.attachSurface(surfaceId = 0)
W/unknown:BridgelessReact( 7546): ReactHost{0}.getOrCreateReactInstanceTask()
W/unknown:BridgelessReact( 7546): ReactHost{0}.getOrCreateReactInstanceTask(): Start
W/unknown:BridgelessReact( 7546): ReactHost{0}.getJSBundleLoader()
W/unknown:BridgelessReact( 7546): ReactHost{0}.isMetroRunning()
D/TrafficStats( 7546): tagSocket(81) with statsTag=0xffffffff, statsUid=-1
W/m.bleplxexample( 7546): Accessing hidden method Landroid/view/ViewGroup;->makeOptionalFitsSystemWindows()V (unsupported, reflection, allowed)
W/unknown:BridgelessReact( 7546): ReactHost{0}.onHostResume(activity)
W/unknown:ReactNative( 7546): Packager connection already open, nooping.
D/CompatibilityChangeReporter( 7546): Compat change id reported: 237531167; UID 10193; state: DISABLED
W/OpenGLRenderer( 7546): Unknown dataspace 0
D/CoreBackPreview(  542): Window{19ed41b u0 com.bleplxexample/com.bleplxexample.MainActivity}: Setting back callback OnBackInvokedCallbackInfo{mCallback=android.window.IOnBackInvokedCallback$Stub$Proxy@142f2f6, mPriority=0, mIsAnimationCallback=false}
W/OpenGLRenderer( 7546): Failed to initialize 101010-2 format, error = EGL_SUCCESS
I/hwservicemanager(  154): getTransport: Cannot find entry android.hardware.graphics.mapper@4.0::IMapper/default in either framework or device VINTF manifest.
I/Gralloc4( 7546): mapper 4.x is not supported
--------- beginning of kernel
I/servicemanager(    0): Could not find android.hardware.graphics.allocator.IAllocator/default in the VINTF manifest.
W/ziparchive(  542): Unable to open '/data/app/~~HFINdJuHMX5q0yS0w2P2Lw==/com.bleplxexample-jL63w-UMk2qXFvV1l6k5zQ==/base.dm': No such file or directory
I/ActivityTaskManager(  542): Displayed com.bleplxexample/.MainActivity for user 0: +790ms
W/unknown:BridgelessReact( 7546): ReactHost{0}.raiseSoftException(onWindowFocusChange(hasFocus = "true")): Tried to access onWindowFocusChange while context is not ready
I/ImeTracker( 1156): com.google.android.apps.nexuslauncher:16465b12: onRequestHide at ORIGIN_CLIENT_HIDE_SOFT_INPUT reason HIDE_SOFT_INPUT
I/ImeTracker(  542): com.google.android.apps.nexuslauncher:16465b12: onCancelled at PHASE_SERVER_SHOULD_HIDE
D/OneSearchSuggestProvider( 1156): Shut down the binder channel
E/unknown:ReactHost( 7546): Unhandled SoftException
E/unknown:ReactHost( 7546): com.facebook.react.bridge.ReactNoCrashSoftException: raiseSoftException(onWindowFocusChange(hasFocus = "true")): Tried to access onWindowFocusChange while context is not ready
E/unknown:ReactHost( 7546): 	at com.facebook.react.runtime.ReactHostImpl.raiseSoftException(ReactHostImpl.kt:919)
E/unknown:ReactHost( 7546): 	at com.facebook.react.runtime.ReactHostImpl.raiseSoftException$default(ReactHostImpl.kt:910)
E/unknown:ReactHost( 7546): 	at com.facebook.react.runtime.ReactHostImpl.onWindowFocusChange(ReactHostImpl.kt:682)
E/unknown:ReactHost( 7546): 	at com.facebook.react.ReactDelegate.onWindowFocusChanged(ReactDelegate.kt:229)
E/unknown:ReactHost( 7546): 	at com.facebook.react.ReactActivityDelegate.onWindowFocusChanged(ReactActivityDelegate.java:235)
E/unknown:ReactHost( 7546): 	at com.facebook.react.ReactActivity.onWindowFocusChanged(ReactActivity.java:161)
E/unknown:ReactHost( 7546): 	at androidx.appcompat.view.WindowCallbackWrapper.onWindowFocusChanged(WindowCallbackWrapper.java:124)
E/unknown:ReactHost( 7546): 	at com.android.internal.policy.DecorView.onWindowFocusChanged(DecorView.java:1788)
E/unknown:ReactHost( 7546): 	at android.view.View.dispatchWindowFocusChanged(View.java:15933)
E/unknown:ReactHost( 7546): 	at android.view.ViewGroup.dispatchWindowFocusChanged(ViewGroup.java:1509)
E/unknown:ReactHost( 7546): 	at android.view.ViewRootImpl.dispatchFocusEvent(ViewRootImpl.java:4059)
E/unknown:ReactHost( 7546): 	at android.view.ViewRootImpl.handleWindowFocusChanged(ViewRootImpl.java:3963)
E/unknown:ReactHost( 7546): 	at android.view.ViewRootImpl.-$$Nest$mhandleWindowFocusChanged(Unknown Source:0)
E/unknown:ReactHost( 7546): 	at android.view.ViewRootImpl$ViewRootHandler.handleMessageImpl(ViewRootImpl.java:5954)
E/unknown:ReactHost( 7546): 	at android.view.ViewRootImpl$ViewRootHandler.handleMessage(ViewRootImpl.java:5862)
E/unknown:ReactHost( 7546): 	at android.os.Handler.dispatchMessage(Handler.java:106)
E/unknown:ReactHost( 7546): 	at android.os.Looper.loopOnce(Looper.java:205)
E/unknown:ReactHost( 7546): 	at android.os.Looper.loop(Looper.java:294)
E/unknown:ReactHost( 7546): 	at android.app.ActivityThread.main(ActivityThread.java:8177)
E/unknown:ReactHost( 7546): 	at java.lang.reflect.Method.invoke(Native Method)
E/unknown:ReactHost( 7546): 	at com.android.internal.os.RuntimeInit$MethodAndArgsCaller.run(RuntimeInit.java:552)
E/unknown:ReactHost( 7546): 	at com.android.internal.os.ZygoteInit.main(ZygoteInit.java:971)
I/IPCThreadState( 1156): oneway function results for code 2 on binder at 0x73b52af231a0 will be dropped but finished with status UNKNOWN_TRANSACTION
D/CompatibilityChangeReporter(  542): Compat change id reported: 214016041; UID 10193; state: ENABLED
I/ImeTracker(  542): com.bleplxexample:3d8400c9: onRequestHide at ORIGIN_SERVER_HIDE_INPUT reason HIDE_UNSPECIFIED_WINDOW
I/ImeTracker(  542): com.bleplxexample:3d8400c9: onCancelled at PHASE_SERVER_SHOULD_HIDE
D/BtGatt.ScanManager( 7446): uid 10128 isForeground true scanMode 2
D/BtGatt.ScanManager( 7446): uid 10128 isForeground true scanMode -1
I/GoogleInputMethodService( 1574): GoogleInputMethodService.onFinishInput():3227 
I/GoogleInputMethodService( 1574): GoogleInputMethodService.updateDeviceLockedStatus():2087 repeatCheckTimes = 0, unlocked = true
I/GoogleInputMethodService( 1574): GoogleInputMethodService.onStartInput():1877 onStartInput(EditorInfo{inputType=0x0(NULL) imeOptions=0x0 privateImeOptions=null actionName=UNSPECIFIED actionLabel=null actionId=0 initialSelStart=-1 initialSelEnd=-1 initialCapsMode=0x0 hintText=null label=null packageName=com.bleplxexample fieldId=0 fieldName=null extras=null}, false)
I/GoogleInputMethodService( 1574): GoogleInputMethodService.shouldHideHeaderOnInitialState():4008 ShouldHideHeaderOnInitialState = false
I/PBSessionCacheImpl( 1959): Deleted sessionId[8617562626799748] from persistence.
I/GoogleInputMethodService( 1574): GoogleInputMethodService.updateDeviceLockedStatus():2087 repeatCheckTimes = 2, unlocked = true
W/SearchServiceCore( 1959): Abort, client detached.
W/unknown:ReactNative( 7546): The packager does not seem to be running as we got an IOException requesting its status: Failed to connect to /10.0.2.2:8081
W/unknown:ReconnectingWebSocket( 7546): Couldn't connect to "ws://10.0.2.2:8081/message?device=sdk_gphone64_x86_64%20-%2014%20-%20API%2034&app=com.bleplxexample&clientid=BridgelessDevSupportManager", will silently retry
W/unknown:BridgelessReact( 7546): ReactHost{0}.isMetroRunning(): Async result = false
W/unknown:BridgelessReact( 7546): ReactHost{0}.getOrCreateReactInstanceTask(): Creating BridgelessReactContext
W/unknown:BridgelessReact( 7546): ReactHost{0}.getOrCreateReactInstanceTask(): Creating ReactInstance
D/TrafficStats( 7546): tagSocket(102) with statsTag=0xffffffff, statsUid=-1
W/unknown:BridgelessReact( 7546): ReactHost{0}.getOrCreateReactInstanceTask(): Loading JS Bundle
W/unknown:BridgelessReact( 7546): ReactHost{0}.handleHostException(message = "Unable to load script.
W/unknown:BridgelessReact( 7546): 
W/unknown:BridgelessReact( 7546): Make sure you're running Metro or that your bundle 'index.android.bundle' is packaged correctly for release.
W/unknown:BridgelessReact( 7546): 
W/unknown:BridgelessReact( 7546): The device must either be USB connected (with bundler set to "localhost:8081") or be on the same Wi-Fi network as your computer (with bundler set to your computer IP) to connect to Metro.
W/unknown:BridgelessReact( 7546): 
W/unknown:BridgelessReact( 7546): If you're using USB on a physical device, make sure you also run this command:
W/unknown:BridgelessReact( 7546):   adb reverse tcp:8081 tcp:8081")
E/unknown:ReactNative( 7546): Exception in native call
E/unknown:ReactNative( 7546): java.lang.RuntimeException: Unable to load script.
E/unknown:ReactNative( 7546): 
E/unknown:ReactNative( 7546): Make sure you're running Metro or that your bundle 'index.android.bundle' is packaged correctly for release.
E/unknown:ReactNative( 7546): 
E/unknown:ReactNative( 7546): The device must either be USB connected (with bundler set to "localhost:8081") or be on the same Wi-Fi network as your computer (with bundler set to your computer IP) to connect to Metro.
E/unknown:ReactNative( 7546): 
E/unknown:ReactNative( 7546): If you're using USB on a physical device, make sure you also run this command:
E/unknown:ReactNative( 7546):   adb reverse tcp:8081 tcp:8081
E/unknown:ReactNative( 7546): 	at com.facebook.react.runtime.ReactInstance.loadJSBundleFromAssets(Native Method)
E/unknown:ReactNative( 7546): 	at com.facebook.react.runtime.ReactInstance.access$loadJSBundleFromAssets(ReactInstance.kt:86)
E/unknown:ReactNative( 7546): 	at com.facebook.react.runtime.ReactInstance$loadJSBundle$1.loadScriptFromAssets(ReactInstance.kt:336)
E/unknown:ReactNative( 7546): 	at com.facebook.react.bridge.JSBundleLoader$Companion$createAssetLoader$1.loadScript(JSBundleLoader.kt:33)
E/unknown:ReactNative( 7546): 	at com.facebook.react.runtime.ReactInstance.loadJSBundle(ReactInstance.kt:315)
E/unknown:ReactNative( 7546): 	at com.facebook.react.runtime.ReactHostImpl.getOrCreateReactInstanceTask$lambda$45$lambda$41(ReactHostImpl.kt:1072)
E/unknown:ReactNative( 7546): 	at com.facebook.react.runtime.ReactHostImpl.$r8$lambda$SmdYI7igN6ETqUXjl3FigYM4DHc(Unknown Source:0)
E/unknown:ReactNative( 7546): 	at com.facebook.react.runtime.ReactHostImpl$$ExternalSyntheticLambda43.then(D8$$SyntheticClass:0)
E/unknown:ReactNative( 7546): 	at com.facebook.react.runtime.internal.bolts.Task$Companion.completeImmediately$lambda$3(Task.kt:360)
E/unknown:ReactNative( 7546): 	at com.facebook.react.runtime.internal.bolts.Task$Companion.$r8$lambda$b7MTC0ufkn_2TjF4BGcNqGR9qK0(Unknown Source:0)
E/unknown:ReactNative( 7546): 	at com.facebook.react.runtime.internal.bolts.Task$Companion$$ExternalSyntheticLambda3.run(D8$$SyntheticClass:0)
E/unknown:ReactNative( 7546): 	at com.facebook.react.runtime.internal.bolts.Executors$ImmediateExecutor.execute(Executors.kt:41)
E/unknown:ReactNative( 7546): 	at com.facebook.react.runtime.internal.bolts.Task$Companion.completeImmediately(Task.kt:358)
E/unknown:ReactNative( 7546): 	at com.facebook.react.runtime.internal.bolts.Task$Companion.access$completeImmediately(Task.kt:254)
E/unknown:ReactNative( 7546): 	at com.facebook.react.runtime.internal.bolts.Task.continueWith(Task.kt:133)
E/unknown:ReactNative( 7546): 	at com.facebook.react.runtime.internal.bolts.Task.continueWith$default(Task.kt:117)
E/unknown:ReactNative( 7546): 	at com.facebook.react.runtime.internal.bolts.Task.onSuccess$lambda$12(Task.kt:176)
E/unknown:ReactNative( 7546): 	at com.facebook.react.runtime.internal.bolts.Task.$r8$lambda$l0wwo5AvbHxlwfI1R7CH_codxoo(Unknown Source:0)
E/unknown:ReactNative( 7546): 	at com.facebook.react.runtime.internal.bolts.Task$$ExternalSyntheticLambda2.then(D8$$SyntheticClass:0)
E/unknown:ReactNative( 7546): 	at com.facebook.react.runtime.internal.bolts.Task$Companion.completeAfterTask$lambda$5(Task.kt:394)
E/unknown:ReactNative( 7546): 	at com.facebook.react.runtime.internal.bolts.Task$Companion.$r8$lambda$IPpysnehFwANEiW061YzapkMdoE(Unknown Source:0)
E/unknown:ReactNative( 7546): 	at com.facebook.react.runtime.internal.bolts.Task$Companion$$ExternalSyntheticLambda4.run(D8$$SyntheticClass:0)
E/unknown:ReactNative( 7546): 	at java.util.concurrent.ThreadPoolExecutor.runWorker(ThreadPoolExecutor.java:1145)
E/unknown:ReactNative( 7546): 	at java.util.concurrent.ThreadPoolExecutor$Worker.run(ThreadPoolExecutor.java:644)
E/unknown:ReactNative( 7546): 	at java.lang.Thread.run(Thread.java:1012)
W/unknown:BridgelessReact( 7546): ReactHost{0}.getOrCreateDestroyTask()
W/unknown:BridgelessReact( 7546): ReactHost{0}.getOrCreateDestroyTask(): Resetting createReactInstance task ref
D/CompatibilityChangeReporter( 7546): Compat change id reported: 171228096; UID 10193; state: ENABLED
D/CompatibilityChangeReporter( 7546): Compat change id reported: 210923482; UID 10193; state: ENABLED
W/unknown:BridgelessReact( 7546): ReactHost{0}.getOrCreateDestroyTask(): Starting React Native destruction
W/unknown:BridgelessReact( 7546): ReactHost{0}.raiseSoftException(getOrCreateDestroyTask()): Destroy: ReactInstance task faulted. Stage: 1: Starting destroy. Fault reason: Unable to load script.
W/unknown:BridgelessReact( 7546): 
W/unknown:BridgelessReact( 7546): Make sure you're running Metro or that your bundle 'index.android.bundle' is packaged correctly for release.
W/unknown:BridgelessReact( 7546): 
W/unknown:BridgelessReact( 7546): The device must either be USB connected (with bundler set to "localhost:8081") or be on the same Wi-Fi network as your computer (with bundler set to your computer IP) to connect to Metro.
W/unknown:BridgelessReact( 7546): 
W/unknown:BridgelessReact( 7546): If you're using USB on a physical device, make sure you also run this command:
W/unknown:BridgelessReact( 7546):   adb reverse tcp:8081 tcp:8081. Destroy reason: handleHostException(message = "Unable to load script.
W/unknown:BridgelessReact( 7546): 
W/unknown:BridgelessReact( 7546): Make sure you're running Metro or that your bundle 'index.android.bundle' is packaged correctly for release.
W/unknown:BridgelessReact( 7546): 
W/unknown:BridgelessReact( 7546): The device must either be USB connected (with bundler set to "localhost:8081") or be on the same Wi-Fi network as your computer (with bundler set to your computer IP) to connect to Metro.
W/unknown:BridgelessReact( 7546): 
W/unknown:BridgelessReact( 7546): If you're using USB on a physical device, make sure you also run this command:
W/unknown:BridgelessReact( 7546):   adb reverse tcp:8081 tcp:8081")
E/unknown:ReactHost( 7546): Unhandled SoftException
E/unknown:ReactHost( 7546): com.facebook.react.bridge.ReactNoCrashSoftException: raiseSoftException(getOrCreateDestroyTask()): Destroy: ReactInstance task faulted. Stage: 1: Starting destroy. Fault reason: Unable to load script.
E/unknown:ReactHost( 7546): 
E/unknown:ReactHost( 7546): Make sure you're running Metro or that your bundle 'index.android.bundle' is packaged correctly for release.
E/unknown:ReactHost( 7546): 
E/unknown:ReactHost( 7546): The device must either be USB connected (with bundler set to "localhost:8081") or be on the same Wi-Fi network as your computer (with bundler set to your computer IP) to connect to Metro.
E/unknown:ReactHost( 7546): 
E/unknown:ReactHost( 7546): If you're using USB on a physical device, make sure you also run this command:
E/unknown:ReactHost( 7546):   adb reverse tcp:8081 tcp:8081. Destroy reason: handleHostException(message = "Unable to load script.
E/unknown:ReactHost( 7546): 
E/unknown:ReactHost( 7546): Make sure you're running Metro or that your bundle 'index.android.bundle' is packaged correctly for release.
E/unknown:ReactHost( 7546): 
E/unknown:ReactHost( 7546): The device must either be USB connected (with bundler set to "localhost:8081") or be on the same Wi-Fi network as your computer (with bundler set to your computer IP) to connect to Metro.
E/unknown:ReactHost( 7546): 
E/unknown:ReactHost( 7546): If you're using USB on a physical device, make sure you also run this command:
E/unknown:ReactHost( 7546):   adb reverse tcp:8081 tcp:8081")
E/unknown:ReactHost( 7546): 	at com.facebook.react.runtime.ReactHostImpl.raiseSoftException(ReactHostImpl.kt:919)
E/unknown:ReactHost( 7546): 	at com.facebook.react.runtime.ReactHostImpl.raiseSoftException$default(ReactHostImpl.kt:910)
E/unknown:ReactHost( 7546): 	at com.facebook.react.runtime.ReactHostImpl.createReactInstanceUnwrapper$lambda$50(ReactHostImpl.kt:1277)
E/unknown:ReactHost( 7546): 	at com.facebook.react.runtime.ReactHostImpl.$r8$lambda$OtsW_DnZ8ECUBkySUY4q2dhhy_I(Unknown Source:0)
E/unknown:ReactHost( 7546): 	at com.facebook.react.runtime.ReactHostImpl$$ExternalSyntheticLambda37.invoke(D8$$SyntheticClass:0)
E/unknown:ReactHost( 7546): 	at com.facebook.react.runtime.ReactHostImpl.getOrCreateDestroyTask$lambda$61(ReactHostImpl.kt:1486)
E/unknown:ReactHost( 7546): 	at com.facebook.react.runtime.ReactHostImpl.$r8$lambda$jQI_IEEWhftqaDstkhz9epJ-hCQ(Unknown Source:0)
E/unknown:ReactHost( 7546): 	at com.facebook.react.runtime.ReactHostImpl$$ExternalSyntheticLambda26.then(D8$$SyntheticClass:0)
E/unknown:ReactHost( 7546): 	at com.facebook.react.runtime.internal.bolts.Task$Companion.completeAfterTask$lambda$5(Task.kt:394)
E/unknown:ReactHost( 7546): 	at com.facebook.react.runtime.internal.bolts.Task$Companion.$r8$lambda$IPpysnehFwANEiW061YzapkMdoE(Unknown Source:0)
E/unknown:ReactHost( 7546): 	at com.facebook.react.runtime.internal.bolts.Task$Companion$$ExternalSyntheticLambda4.run(D8$$SyntheticClass:0)
E/unknown:ReactHost( 7546): 	at android.os.Handler.handleCallback(Handler.java:958)
E/unknown:ReactHost( 7546): 	at android.os.Handler.dispatchMessage(Handler.java:99)
E/unknown:ReactHost( 7546): 	at android.os.Looper.loopOnce(Looper.java:205)
E/unknown:ReactHost( 7546): 	at android.os.Looper.loop(Looper.java:294)
E/unknown:ReactHost( 7546): 	at android.app.ActivityThread.main(ActivityThread.java:8177)
E/unknown:ReactHost( 7546): 	at java.lang.reflect.Method.invoke(Native Method)
E/unknown:ReactHost( 7546): 	at com.android.internal.os.RuntimeInit$MethodAndArgsCaller.run(RuntimeInit.java:552)
E/unknown:ReactHost( 7546): 	at com.android.internal.os.ZygoteInit.main(ZygoteInit.java:971)
W/unknown:BridgelessReact( 7546): ReactHost{0}.getOrCreateDestroyTask(): DevSupportManager cleanup
W/unknown:BridgelessReact( 7546): ReactHost{0}.getOrCreateDestroyTask(): Move ReactHost to onHostDestroy()
W/unknown:BridgelessReact( 7546): ReactHost{0}.ReactContext.onHostPause()
E/unknown:ReactNative( 7546): Tried to remove non-existent frame callback
W/unknown:BridgelessReact( 7546): ReactHost{0}.ReactContext.onHostDestroy()
W/unknown:BridgelessReact( 7546): ReactHost{0}.getOrCreateDestroyTask(): Stopping all React Native surfaces
E/unknown:FabricUIManager( 7546): Unhandled SoftException
E/unknown:FabricUIManager( 7546): java.lang.IllegalStateException: Trying to stop surface that hasn't started yet
E/unknown:FabricUIManager( 7546): 	at com.facebook.react.fabric.FabricUIManager.stopSurface(FabricUIManager.java:407)
E/unknown:FabricUIManager( 7546): 	at com.facebook.react.runtime.ReactInstance.stopSurface(ReactInstance.kt:420)
E/unknown:FabricUIManager( 7546): 	at com.facebook.react.runtime.ReactHostImpl.stopAttachedSurfaces(ReactHostImpl.kt:1246)
E/unknown:FabricUIManager( 7546): 	at com.facebook.react.runtime.ReactHostImpl.getOrCreateDestroyTask$lambda$63(ReactHostImpl.kt:1523)
E/unknown:FabricUIManager( 7546): 	at com.facebook.react.runtime.ReactHostImpl.$r8$lambda$Y2qgKgIT2gKZNS_zwkvEO8GS700(Unknown Source:0)
E/unknown:FabricUIManager( 7546): 	at com.facebook.react.runtime.ReactHostImpl$$ExternalSyntheticLambda27.then(D8$$SyntheticClass:0)
E/unknown:FabricUIManager( 7546): 	at com.facebook.react.runtime.internal.bolts.Task$Companion.completeAfterTask$lambda$5(Task.kt:394)
E/unknown:FabricUIManager( 7546): 	at com.facebook.react.runtime.internal.bolts.Task$Companion.$r8$lambda$IPpysnehFwANEiW061YzapkMdoE(Unknown Source:0)
E/unknown:FabricUIManager( 7546): 	at com.facebook.react.runtime.internal.bolts.Task$Companion$$ExternalSyntheticLambda4.run(D8$$SyntheticClass:0)
E/unknown:FabricUIManager( 7546): 	at java.util.concurrent.ThreadPoolExecutor.runWorker(ThreadPoolExecutor.java:1145)
E/unknown:FabricUIManager( 7546): 	at java.util.concurrent.ThreadPoolExecutor$Worker.run(ThreadPoolExecutor.java:644)
E/unknown:FabricUIManager( 7546): 	at java.lang.Thread.run(Thread.java:1012)
D/CoreBackPreview(  542): Window{7180e3d u0 com.bleplxexample/com.bleplxexample.MainActivity}: Setting back callback OnBackInvokedCallbackInfo{mCallback=android.window.IOnBackInvokedCallback$Stub$Proxy@97c5139, mPriority=0, mIsAnimationCallback=false}
W/unknown:BridgelessReact( 7546): ReactHost{0}.getOrCreateDestroyTask(): Destroying MemoryPressureRouter
W/unknown:BridgelessReact( 7546): ReactHost{0}.getOrCreateDestroyTask(): Resetting ReactContext ref
W/unknown:BridgelessReact( 7546): ReactHost{0}.getOrCreateDestroyTask(): Destroying ReactContext
W/unknown:BridgelessReact( 7546): ReactHost{0}.getOrCreateDestroyTask(): Resetting ReactInstance ptr
W/unknown:BridgelessReact( 7546): ReactHost{0}.getOrCreateDestroyTask(): Destroying ReactInstance
E/unknown:ReactNative( 7546): Tried to remove non-existent frame callback
W/unknown:BridgelessReact( 7546): ReactHost{0}.getOrCreateDestroyTask(): Resetting start/destroy task ref
W/unknown:BridgelessReact( 7546): ReactHost{0}.raiseSoftException(onWindowFocusChange(hasFocus = "false")): Tried to access onWindowFocusChange while context is not ready
E/unknown:ReactHost( 7546): Unhandled SoftException
E/unknown:ReactHost( 7546): com.facebook.react.bridge.ReactNoCrashSoftException: raiseSoftException(onWindowFocusChange(hasFocus = "false")): Tried to access onWindowFocusChange while context is not ready
E/unknown:ReactHost( 7546): 	at com.facebook.react.runtime.ReactHostImpl.raiseSoftException(ReactHostImpl.kt:919)
E/unknown:ReactHost( 7546): 	at com.facebook.react.runtime.ReactHostImpl.raiseSoftException$default(ReactHostImpl.kt:910)
E/unknown:ReactHost( 7546): 	at com.facebook.react.runtime.ReactHostImpl.onWindowFocusChange(ReactHostImpl.kt:682)
E/unknown:ReactHost( 7546): 	at com.facebook.react.ReactDelegate.onWindowFocusChanged(ReactDelegate.kt:229)
E/unknown:ReactHost( 7546): 	at com.facebook.react.ReactActivityDelegate.onWindowFocusChanged(ReactActivityDelegate.java:235)
E/unknown:ReactHost( 7546): 	at com.facebook.react.ReactActivity.onWindowFocusChanged(ReactActivity.java:161)
E/unknown:ReactHost( 7546): 	at androidx.appcompat.view.WindowCallbackWrapper.onWindowFocusChanged(WindowCallbackWrapper.java:124)
E/unknown:ReactHost( 7546): 	at com.android.internal.policy.DecorView.onWindowFocusChanged(DecorView.java:1788)
E/unknown:ReactHost( 7546): 	at android.view.View.dispatchWindowFocusChanged(View.java:15933)
E/unknown:ReactHost( 7546): 	at android.view.ViewGroup.dispatchWindowFocusChanged(ViewGroup.java:1509)
E/unknown:ReactHost( 7546): 	at android.view.ViewRootImpl.dispatchFocusEvent(ViewRootImpl.java:4059)
E/unknown:ReactHost( 7546): 	at android.view.ViewRootImpl.handleWindowFocusChanged(ViewRootImpl.java:3963)
E/unknown:ReactHost( 7546): 	at android.view.ViewRootImpl.-$$Nest$mhandleWindowFocusChanged(Unknown Source:0)
E/unknown:ReactHost( 7546): 	at android.view.ViewRootImpl$ViewRootHandler.handleMessageImpl(ViewRootImpl.java:5954)
E/unknown:ReactHost( 7546): 	at android.view.ViewRootImpl$ViewRootHandler.handleMessage(ViewRootImpl.java:5862)
E/unknown:ReactHost( 7546): 	at android.os.Handler.dispatchMessage(Handler.java:106)
E/unknown:ReactHost( 7546): 	at android.os.Looper.loopOnce(Looper.java:205)
E/unknown:ReactHost( 7546): 	at android.os.Looper.loop(Looper.java:294)
E/unknown:ReactHost( 7546): 	at android.app.ActivityThread.main(ActivityThread.java:8177)
E/unknown:ReactHost( 7546): 	at java.lang.reflect.Method.invoke(Native Method)
E/unknown:ReactHost( 7546): 	at com.android.internal.os.RuntimeInit$MethodAndArgsCaller.run(RuntimeInit.java:552)
E/unknown:ReactHost( 7546): 	at com.android.internal.os.ZygoteInit.main(ZygoteInit.java:971)
I/ImeTracker(  542): com.bleplxexample:720b34e0: onRequestHide at ORIGIN_SERVER_HIDE_INPUT reason HIDE_UNSPECIFIED_WINDOW
I/ImeTracker(  542): com.bleplxexample:720b34e0: onCancelled at PHASE_SERVER_SHOULD_HIDE
I/GoogleInputMethodService( 1574): GoogleInputMethodService.onFinishInput():3227 
I/GoogleInputMethodService( 1574): GoogleInputMethodService.updateDeviceLockedStatus():2087 repeatCheckTimes = 0, unlocked = true
I/GoogleInputMethodService( 1574): GoogleInputMethodService.onStartInput():1877 onStartInput(EditorInfo{inputType=0x0(NULL) imeOptions=0x0 privateImeOptions=null actionName=UNSPECIFIED actionLabel=null actionId=0 initialSelStart=-1 initialSelEnd=-1 initialCapsMode=0x0 hintText=null label=null packageName=com.bleplxexample fieldId=0 fieldName=null extras=null}, false)
I/GoogleInputMethodService( 1574): GoogleInputMethodService.shouldHideHeaderOnInitialState():4008 ShouldHideHeaderOnInitialState = false
I/GoogleInputMethodService( 1574): GoogleInputMethodService.updateDeviceLockedStatus():2087 repeatCheckTimes = 2, unlocked = true
W/WindowOnBackDispatcher(  885): sendCancelIfRunning: isInProgress=falsecallback=android.view.ViewRootImpl$$ExternalSyntheticLambda17@c62d8a6
D/CoreBackPreview(  542): Window{1caf196 u0 Splash Screen com.bleplxexample EXITING}: Setting back callback null
W/InputManager-JNI(  542): Input channel object '1caf196 Splash Screen com.bleplxexample (client)' was disposed without first being removed with the input manager!
D/BtGatt.ScanManager( 7446): uid 10128 isForeground true scanMode 2
D/BtGatt.ScanManager( 7446): uid 10128 isForeground true scanMode -1
I/FontLog ( 5045): Received query Noto Color Emoji Compat, URI content://com.google.android.gms.fonts [CONTEXT service_id=132 ]
I/FontLog ( 5045): Query [emojicompat-emoji-font] resolved to {Noto Color Emoji Compat, wdth 100.0, wght 400, ital 0.0, bestEffort false} [CONTEXT service_id=132 ]
I/FontLog ( 5045): Fetch {Noto Color Emoji Compat, wdth 100.0, wght 400, ital 0.0, bestEffort false} end status Status{statusCode=SUCCESS, resolution=null} [CONTEXT service_id=132 ]
I/FontLog ( 5045): Pulling font file for id = 14, cache size = 7 [CONTEXT service_id=132 ]
I/FontLog ( 5045): Pulling font file for id = 14, cache size = 7 [CONTEXT service_id=132 ]
E/TaskPersister(  542): File error accessing recents directory (directory doesn't exist?).
D/EGL_emulation( 7546): app_time_stats: avg=498.32ms min=4.25ms max=1432.64ms count=3
D/TrafficStats( 7546): tagSocket(79) with statsTag=0xffffffff, statsUid=-1
D/ActivityManager(  542): freezing 1726 com.google.process.gservices
I/NearbySharing( 5045): FastInitiation warming period has ended [CONTEXT service_id=194 ]
I/wpa_supplicant(  872): wlan0: CTRL-EVENT-BEACON-LOSS 
I/Nearby  ( 5045): [MBleClient] Start ble scanning from NearbyDirect:BluetoothAdapterWrapper, context tag = nearby_messages [CONTEXT service_id=49 ]
D/BluetoothAdapter( 5045): isLeEnabled(): ON
D/BtGatt.GattService( 7446): stopScan() - queue size =2
D/ActivityAttributionService( 7446): notifyActivityAttributionInfo UID=1002 packageName=com.google.android.bluetooth deviceAddress=no_active_device_address
I/bt_btif ( 7446): packages/modules/Bluetooth/system/btif/src/bluetooth.cc:829 get_profile_interface: get_profile_interface: id = activity_attribution
D/BtGatt.ScanManager( 7446): handling stopping scan  [ScanClient scanModeApp 2 scanModeUsed 2 [appScanStats com.google.uid.shared:10128]]
D/BtGatt.ScanManager( 7446): stop gattClientScanNative
I/bt_stack( 7446): [INFO:le_scanning_manager.cc(168)] Scan in shim layer stopped
I/bluetooth( 7446): packages/modules/Bluetooth/system/gd/hci/le_address_manager.cc:193 unregister_client: Client unregistered
I/bluetooth( 7446): packages/modules/Bluetooth/system/gd/hci/le_address_manager.cc:197 unregister_client: Cancelled address rotation alarm
I/bt_stack( 7446): [INFO:le_scanning_manager.cc(204)] ScanFilterParamSetup in shim layer
D/BtGatt.GattService( 7446): onScanFilterParamsConfigured() - clientIf=1, status=0, action=0, availableSpace=0
D/BtGatt.ScanManager( 7446): callback done for scannerId - 1 status - 0
I/bt_stack( 7446): [INFO:le_scanning_manager.cc(204)] ScanFilterParamSetup in shim layer
D/BtGatt.GattService( 7446): onScanFilterParamsConfigured() - clientIf=1, status=0, action=0, availableSpace=0
D/BtGatt.ScanManager( 7446): callback done for scannerId - 1 status - 0
I/bt_stack( 7446): [INFO:le_scanning_manager.cc(204)] ScanFilterParamSetup in shim layer
D/BtGatt.GattService( 7446): onScanFilterParamsConfigured() - clientIf=1, status=0, action=0, availableSpace=0
D/BtGatt.ScanManager( 7446): callback done for scannerId - 1 status - 0
I/bt_stack( 7446): [INFO:le_scanning_manager.cc(204)] ScanFilterParamSetup in shim layer
D/BtGatt.GattService( 7446): onScanFilterParamsConfigured() - clientIf=1, status=0, action=0, availableSpace=0
D/BtGatt.ScanManager( 7446): callback done for scannerId - 1 status - 0
D/BtGatt.GattService( 7446): unregisterScanner() - scannerId=1
I/bt_stack( 7446): [INFO:le_scanning_manager.cc(204)] ScanFilterParamSetup in shim layer
I/bt_stack( 7446): [INFO:le_scanning_manager.cc(162)] Unregister in shim layer, scanner_id:1
D/BtGatt.GattService( 7446): onScanFilterParamsConfigured() - clientIf=1, status=0, action=0, availableSpace=0
D/BtGatt.ScanManager( 7446): callback done for scannerId - 1 status - 0
D/BtGatt.ScanManager( 7446): configureRegularScanParams() - queue=1
D/BtGatt.ScanManager( 7446): configureRegularScanParams() - queue empty, scan stopped
I/Nearby  ( 5045): [MBleClient] M hardware scan: 1 clients, scanMode= OPPORTUNISTIC, filters size = 5 [CONTEXT service_id=49 ]
D/BluetoothAdapter( 5045): isLeEnabled(): ON
D/BtGatt.GattService( 7446): registerScanner() - UUID=4ba0a7c7-95c8-47b1-9113-0c1f4e4c3430
I/bt_stack( 7446): [INFO:le_scanning_manager.cc(155)] RegisterScanner in shim layer
D/BtGatt.GattService( 7446): onScannerRegistered() - UUID=4ba0a7c7-95c8-47b1-9113-0c1f4e4c3430, scannerId=1, status=0
D/BluetoothLeScanner( 5045): onScannerRegistered() - status=0 scannerId=1 mScannerId=0
D/BtGatt.GattService( 7446): start scan with filters
D/BtGatt.GattService( 7446): enforcePrivilegedPermissionIfNeeded([BluetoothLeScanFilter [mDeviceName=null, mDeviceAddress=null, mUuid=null, mUuidMask=null, mServiceSolicitationUuid=null, mServiceSolicitationUuidMask=null, mServiceDataUuid=null, mServiceData=null, mServiceDataMask=null, mManufacturerId=224, mManufacturerData=[0, 0, 0], mManufacturerDataMask=[0, 0, -1], mAdvertisingDataType=-1, mAdvertisingData=null, mAdvertisingDataMask=null, mTransportBlockFilter=null], BluetoothLeScanFilter [mDeviceName=null, mDeviceAddress=null, mUuid=0000fef3-0000-1000-8000-00805f9b34fb, mUuidMask=null, mServiceSolicitationUuid=null, mServiceSolicitationUuidMask=null, mServiceDataUuid=null, mServiceData=null, mServiceDataMask=null, mManufacturerId=-1, mManufacturerData=null, mManufacturerDataMask=null, mAdvertisingDataType=-1, mAdvertisingData=null, mAdvertisingDataMask=null, mTransportBlockFilter=null], BluetoothLeScanFilter [mDeviceName=null, mDeviceAddress=null, mUuid=0000feaa-0000-1000-8000-00805f9b34fb, mUuidMask=null, mServiceSolicitationUuid=null, mServiceSolicitationUuidMask=null, mServiceDataUuid=null, mServiceData=null, mServiceDataMask=null, mManufacturerId=-1, mManufacturerData=null, mManufacturerDataMask=null, mAdvertisingDataType=-1, mAdvertisingData=null, mAdvertisingDataMask=null, mTransportBlockFilter=null], BluetoothLeScanFilter [mDeviceName=null, mDeviceAddress=null, mUuid=0000fea0-0000-1000-8000-00805f9b34fb, mUuidMask=null, mServiceSolicitationUuid=null, mServiceSolicitationUuidMask=null, mServiceDataUuid=null, mServiceData=null, mServiceDataMask=null, mManufacturerId=-1, mManufacturerData=null, mManufacturerDataMask=null, mAdvertisingDataType=-1, mAdvertisingData=null, mAdvertisingDataMask=null, mTransportBlockFilter=null], BluetoothLeScanFilter [mDeviceName=null, mDeviceAddress=null, mUuid=null, mUuidMask=null, mServiceSolicitationUuid=null, mServiceSolicitationUuidMask=null, mServiceDataUuid=null, mServiceData=null, mServiceDataMask=null, mManufacturerId=76, mManufacturerData=[2, 21], mManufacturerDataMask=[-1, -1], mAdvertisingDataType=-1, mAdvertisingData=null, mAdvertisingDataMask=null, mTransportBlockFilter=null]])
D/BtGatt.ScanManager( 7446): startScan()  [ScanClient scanModeApp -1 scanModeUsed -1 [appScanStats com.google.uid.shared:10128]]
D/ActivityAttributionService( 7446): notifyActivityAttributionInfo UID=1002 packageName=com.google.android.bluetooth deviceAddress=no_active_device_address
D/BtGatt.ScanManager( 7446): handling starting scan
I/bt_btif ( 7446): packages/modules/Bluetooth/system/btif/src/bluetooth.cc:829 get_profile_interface: get_profile_interface: id = activity_attribution
D/TrafficStats( 7546): tagSocket(79) with statsTag=0xffffffff, statsUid=-1
D/ProfileInstaller( 7546): Installing profile for com.bleplxexample
D/StatusBarIconController(  885): ignoring old pipeline callbacks, because the new mobile icons are enabled
D/TrafficStats( 7546): tagSocket(79) with statsTag=0xffffffff, statsUid=-1
W/ProcessStats(  542): Tracking association SourceState{e0cd93a com.google.android.gms.persistent/10128 BFgs #11925} whose proc state 4 is better than process ProcessState{52f0419 com.google.android.gms/10128 pkg=com.google.android.gms} proc state 8 (489 skipped)
D/BtGatt.ScanManager( 7446): uid 10128 isForeground true scanMode -1
D/BtGatt.ScanManager( 7446): uid 10128 isForeground true scanMode -1
D/AvrcpBrowsablePlayerConnector( 7446): Received a message: msg.what=2
V/AvrcpBrowsablePlayerConnector( 7446): Timed out waiting for players
I/AvrcpBrowsablePlayerConnector( 7446): Successfully connected to 0 browsable players.
I/MediaPlayerList( 7446): init: Browsable Player list size is 0
I/MediaPlayerList( 7446): Set active player to first default
D/MediaPlayerList( 7446): setActivePlayer(): setting player to com.google.android.googlequicksearchbox
I/MediaSessionService(  542): tempAllowlistTargetPkgIfPossible callingPackage:com.google.android.bluetooth targetPackage:com.google.android.googlequicksearchbox reason:MediaSessionRecord:android.support.v4.media.session.command.GET_EXTRA_BINDER [WIU] [FGS]
I/MediaPlayerList( 7446): sendMediaUpdate: Creating a one item queue for a player with no queue
D/MediaPlayerList( 7446): sendMediaUpdate state=PlaybackState {state=NONE(0), position=0, buffered position=0, speed=0.0, updated=27979, actions=2409991, custom actions=[Action:mName='Rewind 10 seconds, mIcon=2131234345, mExtras=null, Action:mName='Fast forward 30 second, mIcon=2131234125, mExtras=null, Action:mName='Skip to next episode, mIcon=2131234405, mExtras=null], active item id=-1, error=null}
D/AvrcpTargetJni( 7446): sendMediaUpdateNative
I/bt_stack( 7446): [INFO:avrcp_service.cc(515)] virtual void bluetooth::avrcp::AvrcpService::SendMediaUpdate(bool, bool, bool) track_changed=1 :  play_state=1 :  queue=1
D/AvrcpTargetJni( 7446): sendPlayerSettingsNative
I/bt_stack( 7446): [INFO:avrcp_service.cc(551)] virtual void bluetooth::avrcp::AvrcpService::SendPlayerSettingsChanged(std::vector<PlayerAttribute>, std::vector<uint8_t>)
I/bt_stack( 7446): [INFO:avrcp_service.cc(565)] attribute=PlayerAttribute::REPEAT : value=PlayerRepeatValue::OFF
I/bt_stack( 7446): attribute=PlayerAttribute::SHUFFLE : value=PlayerShuffleValue::OFF
I/bt_stack( 7446): 
D/AvrcpBrowsablePlayerConnector( 7446): Received a message: msg.what=2
V/AvrcpBrowsablePlayerConnector( 7446): Timed out waiting for players
I/AvrcpBrowsablePlayerConnector( 7446): Successfully connected to 0 browsable players.
I/MediaPlayerList( 7446): init: Browsable Player list size is 0
I/MediaPlayerList( 7446): Set active player to first default
D/MediaPlayerList( 7446): setActivePlayer(): setting player to com.google.android.googlequicksearchbox
I/MediaPlayerList( 7446): sendMediaUpdate: Creating a one item queue for a player with no queue
D/MediaPlayerList( 7446): sendMediaUpdate state=PlaybackState {state=NONE(0), position=0, buffered position=0, speed=0.0, updated=27979, actions=2409991, custom actions=[Action:mName='Rewind 10 seconds, mIcon=2131234345, mExtras=null, Action:mName='Fast forward 30 second, mIcon=2131234125, mExtras=null, Action:mName='Skip to next episode, mIcon=2131234405, mExtras=null], active item id=-1, error=null}
D/MediaControlGattService( 7446): updatePlayerState: playbackState= INACTIVE
D/MediaControlGattService( 7446): updateMediaStateChar
W/MediaControlGattService( 7446): Feature MEDIA_STATE(BIT 17) support: true
D/MediaControlGattService( 7446): updateMediaStateChar setting to state= 0
W/MediaControlGattService( 7446): Feature PLAYER_NAME(BIT 1) support: true
W/MediaControlGattService( 7446): Feature PLAYER_ICON_URL(BIT 3) support: false
D/MediaControlGattService( 7446): updateObjectID
W/MediaControlGattService( 7446): Feature PLAYER_ICON_OBJ_ID(BIT 2) support: false
D/MediaControlGattService( 7446): updateObjectID
W/MediaControlGattService( 7446): Feature CURRENT_TRACK_SEGMENT_OBJ_ID(BIT 10) support: false
D/MediaControlGattService( 7446): updateObjectID
W/MediaControlGattService( 7446): Feature CURRENT_TRACK_OBJ_ID(BIT 11) support: false
D/MediaControlGattService( 7446): updateObjectID
W/MediaControlGattService( 7446): Feature NEXT_TRACK_OBJ_ID(BIT 12) support: false
D/MediaControlGattService( 7446): updateObjectID
W/MediaControlGattService( 7446): Feature CURRENT_GROUP_OBJ_ID(BIT 13) support: false
D/MediaControlGattService( 7446): updateObjectID
W/MediaControlGattService( 7446): Feature PARENT_GROUP_OBJ_ID(BIT 14) support: false
D/MediaControlGattService( 7446): updateObjectID
W/MediaControlGattService( 7446): Feature SEARCH_RESULT_OBJ_ID(BIT 20) support: false
W/MediaControlGattService( 7446): Feature TRACK_TITLE(BIT 5) support: true
W/MediaControlGattService( 7446): Feature TRACK_DURATION(BIT 6) support: true
W/MediaControlGattService( 7446): Feature TRACK_POSITION(BIT 7) support: true
W/MediaControlGattService( 7446): Feature TRACK_POSITION_NOTIFY support: true
W/MediaControlGattService( 7446): Feature MEDIA_STATE(BIT 17) support: true
W/MediaControlGattService( 7446): Feature MEDIA_STATE(BIT 17) support: true
W/MediaControlGattService( 7446): Feature PLAYBACK_SPEED(BIT 8) support: true
W/MediaControlGattService( 7446): Feature PLAYBACK_SPEED(BIT 8) support: true
W/MediaControlGattService( 7446): Feature PLAYBACK_SPEED(BIT 8) support: true
W/MediaControlGattService( 7446): Feature SEEKING_SPEED(BIT 9) support: true
W/MediaControlGattService( 7446): Feature SEEKING_SPEED(BIT 9) support: true
W/MediaControlGattService( 7446): Feature SEEKING_SPEED(BIT 9) support: true
W/MediaControlGattService( 7446): Feature PLAYING_ORDER_SUPPORTED(BIT 16) support: true
W/MediaControlGattService( 7446): Feature PLAYING_ORDER(BIT 15) support: true
W/MediaControlGattService( 7446): Feature MEDIA_CONTROL_POINT_OPCODES_SUPPORTED(BIT 19) support: true
W/MediaControlGattService( 7446): Feature TRACK_POSITION(BIT 7) support: true
W/MediaControlGattService( 7446): Feature TRACK_POSITION_NOTIFY support: true
W/MediaControlGattService( 7446): Feature MEDIA_STATE(BIT 17) support: true
W/MediaControlGattService( 7446): Feature MEDIA_STATE(BIT 17) support: true
W/MediaControlGattService( 7446): Feature PLAYER_NAME(BIT 1) support: true
W/MediaControlGattService( 7446): Feature PLAYER_NAME(BIT 1) support: true
W/MediaControlGattService( 7446): Feature PLAYER_NAME(BIT 1) support: true
W/MediaControlGattService( 7446): Feature PLAYER_NAME_NOTIFY support: true
W/MediaControlGattService( 7446): Feature MEDIA_CONTROL_POINT_OPCODES_SUPPORTED(BIT 19) support: true
W/MediaControlGattService( 7446): Feature PLAYING_ORDER_SUPPORTED(BIT 16) support: true
W/MediaControlGattService( 7446): Feature PLAYING_ORDER(BIT 15) support: true
W/MediaControlGattService( 7446): Feature PLAYER_ICON_OBJ_ID(BIT 2) support: false
W/MediaControlGattService( 7446): Feature PLAYER_ICON_URL(BIT 3) support: false
W/MediaControlGattService( 7446): Feature MEDIA_CONTROL_POINT_OPCODES_SUPPORTED(BIT 19) support: true
W/MediaControlGattService( 7446): Feature MEDIA_CONTROL_POINT_OPCODES_SUPPORTED_NOTIFY support: true
W/MediaControlGattService( 7446): Feature TRACK_TITLE(BIT 5) support: true
W/MediaControlGattService( 7446): Feature TRACK_TITLE(BIT 5) support: true
W/MediaControlGattService( 7446): Feature TRACK_TITLE_NOTIFY support: true
W/MediaControlGattService( 7446): Feature TRACK_DURATION(BIT 6) support: true
W/MediaControlGattService( 7446): Feature TRACK_DURATION(BIT 6) support: true
W/MediaControlGattService( 7446): Feature TRACK_DURATION_NOTIFY support: true
W/MediaControlGattService( 7446): Feature MEDIA_STATE(BIT 17) support: true
W/MediaControlGattService( 7446): Feature TRACK_CHANGED(BIT 4) support: true
W/MediaControlGattService( 7446): Feature PLAYING_ORDER_SUPPORTED(BIT 16) support: true
W/MediaControlGattService( 7446): Feature PLAYING_ORDER(BIT 15) support: true
W/MediaControlGattService( 7446): Feature PLAYING_ORDER_NOTIFY support: true
W/MediaControlGattService( 7446): Feature MEDIA_STATE(BIT 17) support: true
D/ActivityManager(  542): sync unfroze 1726 com.google.process.gservices for 10
D/ActivityManager(  542): freezing 6896 com.android.chrome
D/ActivityManager(  542): freezing 2013 com.google.android.youtube
D/ActivityManager(  542): freezing 1854 com.google.android.apps.youtube.music
I/keystore2(  180): system/security/keystore2/src/watchdog.rs:319 - Watchdog thread idle -> terminating. Have a great day.
D/TrafficStats( 7546): tagSocket(79) with statsTag=0xffffffff, statsUid=-1
I/logd    (    0): logdr: UID=2000 GID=2000 PID=7590 n tail=0 logMask=99 pid=0 start=0ns deadline=0ns
I/WorkerManager( 1959): dispose()
W/A       ( 1959): Queue length for executor EventBus is now 11. Perhaps some tasks are too long, or the pool is too small.
D/TrafficStats( 7546): tagSocket(79) with statsTag=0xffffffff, statsUid=-1
I/wpa_supplicant(  872): wlan0: CTRL-EVENT-BEACON-LOSS 
D/TrafficStats( 7546): tagSocket(6) with statsTag=0xffffffff, statsUid=-1
D/TrafficStats( 7546): tagSocket(6) with statsTag=0xffffffff, statsUid=-1
D/StatusBarIconController(  885): ignoring old pipeline callbacks, because the new mobile icons are enabled
D/TrafficStats( 7546): tagSocket(6) with statsTag=0xffffffff, statsUid=-1
W/System  ( 7446): A resource failed to call close. 
W/ProcessStats(  542): Tracking association SourceState{7e8608e com.google.android.gms.persistent/10128 BFgs #11942} whose proc state 4 is better than process ProcessState{52f0419 com.google.android.gms/10128 pkg=com.google.android.gms} proc state 8 (36 skipped)
D/ActivityManager(  542): freezing 1116 com.android.settings
D/ActivityManager(  542): freezing 1914 com.android.keychain
D/ActivityManager(  542): freezing 1726 com.google.process.gservices
D/TrafficStats( 7546): tagSocket(6) with statsTag=0xffffffff, statsUid=-1
I/AiAiEcho( 1703): Predicting[0]: 
I/AiAiEcho( 1703): EchoTargets: 
I/AiAiEcho( 1703): Filtered by AiAi flag check: 
I/AiAiEcho( 1703): Ranked targets strategy: SORT, count: 0, ranking metadata: 
I/AiAiEcho( 1703): #postPredictionTargets: Sending updates to UISurface lockscreen with targets# 0 (types=[])
W/PageIndicator(  885): Total number of pages invalid: 0. Assuming 1 page.
D/EGL_emulation(  885): app_time_stats: avg=1036.09ms min=14.99ms max=18767.80ms count=19
I/logd    (    0): logdr: UID=2000 GID=2000 PID=7593 n tail=0 logMask=99 pid=0 start=0ns deadline=0ns
I/wpa_supplicant(  872): wlan0: CTRL-EVENT-BEACON-LOSS 
D/TrafficStats( 7546): tagSocket(6) with statsTag=0xffffffff, statsUid=-1
D/TrafficStats( 7546): tagSocket(6) with statsTag=0xffffffff, statsUid=-1
D/ActivityManager(  542): freezing 890 com.google.android.permissioncontroller
D/TrafficStats( 7546): tagSocket(6) with statsTag=0xffffffff, statsUid=-1
I/NearbySharing( 5144): SharingTileService destroyed [CONTEXT service_id=194 ]
D/StatusBarIconController(  885): ignoring old pipeline callbacks, because the new mobile icons are enabled
D/EGL_emulation(  885): app_time_stats: avg=6496.34ms min=6496.34ms max=6496.34ms count=1
D/TrafficStats( 7546): tagSocket(6) with statsTag=0xffffffff, statsUid=-1
I/wpa_supplicant(  872): wlan0: CTRL-EVENT-BEACON-LOSS 
W/healthd (    0): battery l=100 v=5000 t=25.0 h=2 st=2 c=900000 fc=3000000 cc=10 chg=a
D/TrafficStats( 7546): tagSocket(6) with statsTag=0xffffffff, statsUid=-1
I/logd    (    0): logdr: UID=2000 GID=2000 PID=7596 n tail=0 logMask=99 pid=0 start=0ns deadline=0ns
D/TrafficStats( 7546): tagSocket(6) with statsTag=0xffffffff, statsUid=-1
D/TrafficStats( 7546): tagSocket(6) with statsTag=0xffffffff, statsUid=-1
D/TrafficStats( 7546): tagSocket(6) with statsTag=0xffffffff, statsUid=-1
D/StatusBarIconController(  885): ignoring old pipeline callbacks, because the new mobile icons are enabled
I/wpa_supplicant(  872): wlan0: CTRL-EVENT-BEACON-LOSS 
D/TrafficStats( 7546): tagSocket(6) with statsTag=0xffffffff, statsUid=-1
D/TrafficStats( 7546): tagSocket(6) with statsTag=0xffffffff, statsUid=-1
I/logd    (    0): logdr: UID=2000 GID=2000 PID=7599 n tail=0 logMask=99 pid=0 start=0ns deadline=0ns
D/TrafficStats( 7546): tagSocket(6) with statsTag=0xffffffff, statsUid=-1
D/TrafficStats( 7546): tagSocket(6) with statsTag=0xffffffff, statsUid=-1
W/ProcessStats(  542): Tracking association SourceState{7e8608e com.google.android.gms.persistent/10128 BFgs #11945} whose proc state 4 is better than process ProcessState{52f0419 com.google.android.gms/10128 pkg=com.google.android.gms} proc state 8 (8 skipped)
I/wpa_supplicant(  872): wlan0: CTRL-EVENT-BEACON-LOSS 
D/TrafficStats( 7546): tagSocket(6) with statsTag=0xffffffff, statsUid=-1
D/StatusBarIconController(  885): ignoring old pipeline callbacks, because the new mobile icons are enabled
D/TrafficStats( 7546): tagSocket(6) with statsTag=0xffffffff, statsUid=-1
D/BoundBrokerSvc( 5045): onUnbind: Intent { act=com.google.android.gms.auth.proximity.devicesyncservice.START dat=chimera-action:/... cmp=com.google.android.gms/.chimera.PersistentBoundBrokerService }
D/TrafficStats( 7546): tagSocket(6) with statsTag=0xffffffff, statsUid=-1
I/logd    (    0): logdr: UID=2000 GID=2000 PID=7602 n tail=0 logMask=99 pid=0 start=0ns deadline=0ns
D/TrafficStats( 7546): tagSocket(6) with statsTag=0xffffffff, statsUid=-1
I/wpa_supplicant(  872): wlan0: CTRL-EVENT-BEACON-LOSS 
E/WifiStaIfaceAidlImpl(  542): installApfPacketFilter failed with service-specific exception: android.os.ServiceSpecificException:  (code 4)
D/TrafficStats( 7546): tagSocket(6) with statsTag=0xffffffff, statsUid=-1
D/TrafficStats( 7546): tagSocket(6) with statsTag=0xffffffff, statsUid=-1
W/BatteryExternalStatsWorker(  542): error reading Bluetooth stats: 11
D/StatusBarIconController(  885): ignoring old pipeline callbacks, because the new mobile icons are enabled
D/EGL_emulation(  885): app_time_stats: avg=29999.66ms min=29999.66ms max=29999.66ms count=1
D/TrafficStats( 7546): tagSocket(6) with statsTag=0xffffffff, statsUid=-1
D/ActivityManager(  542): sync unfroze 1854 com.google.android.apps.youtube.music for 6
D/ConnectivityService(  542): requestNetwork for uid/pid:10155/1854 activeRequest: null callbackRequest: 171 [NetworkRequest [ REQUEST id=172, [ Capabilities: INTERNET&NOT_RESTRICTED&TRUSTED&NOT_VCN_MANAGED Uid: 10155 RequestorUid: 10155 RequestorPkg: com.google.android.apps.youtube.music UnderlyingNetworks: Null] ]] callback flags: 0 order: 2147483647
D/WifiNetworkFactory(  542): got request NetworkRequest [ REQUEST id=172, [ Capabilities: INTERNET&NOT_RESTRICTED&TRUSTED&NOT_VCN_MANAGED Uid: 10155 RequestorUid: 10155 RequestorPkg: com.google.android.apps.youtube.music UnderlyingNetworks: Null] ]
D/UntrustedWifiNetworkFactory(  542): got request NetworkRequest [ REQUEST id=172, [ Capabilities: INTERNET&NOT_RESTRICTED&TRUSTED&NOT_VCN_MANAGED Uid: 10155 RequestorUid: 10155 RequestorPkg: com.google.android.apps.youtube.music UnderlyingNetworks: Null] ]
D/OemPaidWifiNetworkFactory(  542): got request NetworkRequest [ REQUEST id=172, [ Capabilities: INTERNET&NOT_RESTRICTED&TRUSTED&NOT_VCN_MANAGED Uid: 10155 RequestorUid: 10155 RequestorPkg: com.google.android.apps.youtube.music UnderlyingNetworks: Null] ]
D/MultiInternetWifiNetworkFactory(  542): got request NetworkRequest [ REQUEST id=172, [ Capabilities: INTERNET&NOT_RESTRICTED&TRUSTED&NOT_VCN_MANAGED Uid: 10155 RequestorUid: 10155 RequestorPkg: com.google.android.apps.youtube.music UnderlyingNetworks: Null] ]
D/ConnectivityService(  542): NetReassign [172 : null → 100] [c 0] [a 1] [i 1]
W/ProcessStats(  542): Tracking association SourceState{7e8608e com.google.android.gms.persistent/10128 BFgs #11955} whose proc state 4 is better than process ProcessState{52f0419 com.google.android.gms/10128 pkg=com.google.android.gms} proc state 8 (12 skipped)
I/resolv  (  358): GetAddrInfoHandler::run: {100 100 100 983140 10155 0}
I/resolv  (  358): res_nmkquery: (QUERY, IN, AAAA)
I/resolv  (  358): res_nmkquery: (QUERY, IN, A)
I/resolv  (  358): resolv_cache_lookup: FOUND IN CACHE entry=0x73e683ece170
I/resolv  (  358): doQuery: rcode=0, ancount=8, return value=169
I/resolv  (  358): res_nsend: used send_dg 265 terrno: 0
I/resolv  (  358): doQuery: rcode=0, ancount=8, return value=265


