{"guestPid": 4616}
{"phase":"owned-bun-diagnostic-start","pid":11172,"source":"f0d0a3e8"}

************* Preparing the environment for Debugger Extensions Gallery repositories **************
   ExtensionRepository : Implicit
   UseExperimentalFeatureForNugetShare : true
   AllowNugetExeUpdate : true
   NonInteractiveNuget : true
   AllowNugetMSCredentialProviderInstall : true
   AllowParallelInitializationOfLocalRepositories : true

   -- Configuring repositories
      ----> Repository : LocalInstalled, Enabled: true
      ----> Repository : UserExtensions, Enabled: true

>>>>>>>>>>>>> Preparing the environment for Debugger Extensions Gallery repositories completed, duration 0.016 seconds

************* Waiting for Debugger Extensions Gallery to Initialize **************

>>>>>>>>>>>>> Waiting for Debugger Extensions Gallery to Initialize completed, duration 0.047 seconds
   ----> Repository : UserExtensions, Enabled: true, Packages count: 0
   ----> Repository : LocalInstalled, Enabled: true, Packages count: 46

Microsoft (R) Windows Debugger Version 10.0.29661.1004 AMD64
Copyright (c) Microsoft Corporation. All rights reserved.

*** wait with pending attach

************* Path validation summary **************
Response                         Time (ms)     Location
Deferred                                       srv*
Symbol search path is: srv*
Executable search path is: 
WARNING: Process 11172 is not attached as a debuggee
         The process can be examined but debug events will not be received
.................................................
(2ba4.11d0): Wake debugger - code 80000007 (first chance)
ntdll!NtRemoveIoCompletionEx+0x17:
00007ffd`0a4e3d97 c3              ret
0:000> cdb: Reading initial command '~* kb;qd'

.  0  Id: 2ba4.11d0 Suspend: 1 Teb: 00000041`41023000 Unfrozen
RetAddr               : Args to Child                                                           : Call Site
00007ffd`07d5147f     : 000001fc`0322c000 000001fc`002a0460 00000041`423b5f20 00007ffd`07d43cb2 : ntdll!NtRemoveIoCompletionEx+0x17
00007ff6`becd44b0     : 000001fc`00750000 00000000`00000000 000001fc`6410b480 000001fc`6410b480 : KERNELBASE!GetQueuedCompletionStatusEx+0xcf
00007ff6`bf92a1c9     : 00000041`423b7140 00007ff6`beaf14f8 00007ff6`c38280f0 00000000`00000000 : bun!uv_run+0x380
00007ff6`bead8a14     : 000001fc`00886ce0 00000000`00000000 00000000`000000ff 000001fc`00880000 : bun!uv_tty_get_vterm_state+0x4a5499
00007ff6`be9b6543     : 000001fc`00780000 00000041`423cf3e8 00000041`423b7370 00007ff6`be9a3952 : bun!uv_timer_stop+0xcdb04
00007ff6`bebf3977     : 00000000`00000000 00000000`00000000 00000000`00000000 00007ff6`be9f47f0 : bun!uv_disable_stdio_inheritance+0x26153
00007ff6`be9963cb     : 00000000`00000000 00000000`00000000 00000000`00000000 00000000`00000000 : bun!uv_guess_handle+0xc77
00007ff6`be991a09     : 00000000`00000000 00000000`00000000 000001fc`64110b00 00007831`0b1307e0 : bun!uv_disable_stdio_inheritance+0x5fdb
00007ff6`be990bc8     : 00000041`423ffa20 00007ff6`be9907a0 00000000`00000000 00000000`00000a38 : bun!uv_disable_stdio_inheritance+0x1619
00007ff6`be986747     : 000001fc`64110a70 00000000`00000000 00000000`00000000 00007ff6`c2398046 : bun!uv_disable_stdio_inheritance+0x7d8
00007ff6`c23982d4     : 00007ff6`c30da5f8 00007ff6`c239810d 00000000`00000000 00000000`00000000 : bun+0x6747
00007ffd`090dcd87     : 00000000`00000000 00000000`00000000 00000000`00000000 00000000`00000000 : bun!bmalloc::Mutex::lockSlowCase+0x543764
00007ffd`0a42caec     : 00000000`00000000 00000000`00000000 000004f0`fffffb30 000004d0`fffffb30 : KERNEL32!BaseThreadInitThunk+0x17
00000000`00000000     : 00000000`00000000 00000000`00000000 00000000`00000000 00000000`00000000 : ntdll!RtlUserThreadStart+0x2c

   1  Id: 2ba4.8f8 Suspend: 1 Teb: 00000041`41025000 Unfrozen
RetAddr               : Args to Child                                                           : Call Site
00007ffd`0a39a65e     : 00000000`00000000 00000000`00000000 00007ffd`0a398d70 000001fc`6410e1f0 : ntdll!NtWaitForWorkViaWorkerFactory+0x17
00007ffd`090dcd87     : 00000000`00000000 00000000`00000000 00000000`00000000 00000000`00000000 : ntdll!TppWorkerThread+0x37e
00007ffd`0a42caec     : 00000000`00000000 00000000`00000000 000004f0`fffffb30 000004d0`fffffb30 : KERNEL32!BaseThreadInitThunk+0x17
00000000`00000000     : 00000000`00000000 00000000`00000000 00000000`00000000 00000000`00000000 : ntdll!RtlUserThreadStart+0x2c

   2  Id: 2ba4.33e4 Suspend: 1 Teb: 00000041`4102b000 Unfrozen "mi-scavenger"
RetAddr               : Args to Child                                                           : Call Site
00007ffd`0a418273     : 00000000`00294ded 00000000`00000002 00000000`00000000 00000000`00000000 : ntdll!NtWaitForAlertByThreadId+0x17
00007ffd`07d6e298     : 00007ff6`c38b79b8 00000000`00000000 00000041`46bffb80 00000041`46bffb78 : ntdll!RtlWaitOnAddress+0x213
00007ff6`bec87781     : 00000000`00000002 00007ffd`07d76ae0 00000006`4d741d60 00000000`00000000 : KERNELBASE!WaitOnAddress+0x38
00007ffd`090dcd87     : 00000000`00000000 00000000`00000000 00000000`00000000 00000000`00000000 : bun!uv_poll_init_socket+0xa351
00007ffd`0a42caec     : 00000000`00000000 00000000`00000000 000004f0`fffffb30 000004d0`fffffb30 : KERNEL32!BaseThreadInitThunk+0x17
00000000`00000000     : 00000000`00000000 00000000`00000000 00000000`00000000 00000000`00000000 : ntdll!RtlUserThreadStart+0x2c

   3  Id: 2ba4.648 Suspend: 1 Teb: 00000041`4102f000 Unfrozen "tokio-rt-worker"
RetAddr               : Args to Child                                                           : Call Site
00007ffd`0a418273     : 00000000`00000000 00000000`00000000 00000000`00000000 00000000`00000000 : ntdll!NtWaitForAlertByThreadId+0x17
00007ffd`07d6e298     : 000001fc`64113144 00000000`00000000 00000041`47fff5a0 00000000`00000000 : ntdll!RtlWaitOnAddress+0x213
*** WARNING: Unable to verify checksum for C:\ubm-rc21-qualification\f0d0a3e8\node_modules\unified-ble-manager\native\desktop-core\prebuilds\win32-x64\ubm_desktop_core.node
00007ffc`971f70b3     : 00000000`ffffffff 00000000`00000000 00000000`00000000 00000000`00000000 : KERNELBASE!WaitOnAddress+0x38
00007ffc`971b0ddc     : 00000000`00000000 00000000`00000000 00000000`00000000 00000000`00000000 : ubm_desktop_core!napi_register_module_v1+0x1e3663
00007ffc`971b088f     : 00000000`00000000 00000000`00000000 00000000`00000000 00000000`00000000 : ubm_desktop_core!napi_register_module_v1+0x19d38c
00007ffc`971ac6e9     : 00000006`2a3791cc 00007ffd`0a3ebab9 00000000`00000010 00007ffd`0789e3c5 : ubm_desktop_core!napi_register_module_v1+0x19ce3f
00007ffc`971ad62e     : 00000000`00000001 000001fc`6413b190 00000000`00000000 00000041`47fff890 : ubm_desktop_core!napi_register_module_v1+0x198c99
00007ffc`971a8667     : 00000000`00000000 00000000`00000000 00000000`00000000 00000000`00000000 : ubm_desktop_core!napi_register_module_v1+0x199bde
00007ffc`971a9748     : 00000000`00000000 00000000`00000000 00000041`41022000 00000000`00000000 : ubm_desktop_core!napi_register_module_v1+0x194c17
00007ffc`971ae565     : 000001fc`64001480 00000000`00000040 00000000`00000000 00000000`00000000 : ubm_desktop_core!napi_register_module_v1+0x195cf8
00007ffc`9719c6a4     : 00000000`00000000 00000000`00000001 00000000`00000000 00000000`00000000 : ubm_desktop_core!napi_register_module_v1+0x19ab15
00007ffc`971a795a     : 000001fc`641271c0 00000000`00000040 00000000`00000000 000001fc`6415dd10 : ubm_desktop_core!napi_register_module_v1+0x188c54
00007ffc`97194731     : 00000041`47fffd30 00000000`00000001 00000000`00000000 01000000`00000000 : ubm_desktop_core!napi_register_module_v1+0x193f0a
00007ffc`9719eca4     : 00000042`00060070 000001fc`64000014 000001fc`64000000 00000000`00000000 : ubm_desktop_core!napi_register_module_v1+0x180ce1
00007ffc`971ff723     : 000001fc`64151150 000001fc`64150a00 000001fc`64114d80 00000000`00000000 : ubm_desktop_core!napi_register_module_v1+0x18b254
00007ffd`090dcd87     : 00000000`00000000 00000000`00000000 00000000`00000000 00000000`00000000 : ubm_desktop_core!napi_register_module_v1+0x1ebcd3
00007ffd`0a42caec     : 00000000`00000000 00000000`00000000 000004f0`fffffb30 000004d0`fffffb30 : KERNEL32!BaseThreadInitThunk+0x17
00000000`00000000     : 00000000`00000000 00000000`00000000 00000000`00000000 00000000`00000000 : ntdll!RtlUserThreadStart+0x2c

   4  Id: 2ba4.1594 Suspend: 1 Teb: 00000041`41031000 Unfrozen "tokio-rt-worker"
RetAddr               : Args to Child                                                           : Call Site
00007ffd`0a38ff6d     : 00000041`481fbb19 00000041`41031000 021f0634`ffffefff 00000000`00000000 : ntdll!NtWaitForAlertByThreadId+0x17
00007ffd`0a39166f     : 00000000`00000001 00000000`00000000 000001fc`64cf7100 00000000`000007d0 : ntdll!RtlpWaitOnCriticalSection+0x5ad
00007ffd`0a3928e2     : 000001fc`64cf7290 000001fc`636e0101 00000041`481fbc00 000001fc`00000000 : ntdll!RtlpEnterCriticalSectionContended+0x1ef
00007ffc`fe4b7583     : 000001fc`64cf7290 00000041`481fbc60 00007ffc`fe44b000 00007ffc`fe45e38b : ntdll!RtlEnterCriticalSection+0xf2
00007ffc`fe4b7326     : 000001fc`64cf7190 00007ffc`fe46f600 000001fc`64cf79c0 000001fc`64bf2e00 : Windows_Devices_Bluetooth!Windows::Devices::Bluetooth::GenericAttributeProfile::GattDeviceService::CloseServiceResources+0x1f7
00007ffc`971874e9     : 000001fc`00000001 00000041`481fbe08 00000041`481fbd60 00007ffc`97186300 : Windows_Devices_Bluetooth!Windows::Devices::Bluetooth::GenericAttributeProfile::GattDeviceService::Close+0xa6
00007ffc`9715aa86     : 000001fc`641a8838 00000000`00040047 000001fc`a73e2380 00020054`00010028 : ubm_desktop_core!napi_register_module_v1+0x173a99
00007ffc`9712b33e     : 000001fc`64963ba0 ffffffff`fffffffe ffffffff`ffffffff ffffffff`ffffffff : ubm_desktop_core!napi_register_module_v1+0x147036
00007ffc`9712e419     : 00000007`00030033 00000000`00000001 000001fc`640016c0 00000000`00000090 : ubm_desktop_core!napi_register_module_v1+0x1178ee
00007ffc`96edad63     : 00000000`00000000 00000000`00000000 00000000`00000000 00000000`00000000 : ubm_desktop_core!napi_register_module_v1+0x11a9c9
00007ffc`96f0a17d     : 00000000`00000000 00000000`00000000 00000000`00000000 00000000`00000000 : ubm_desktop_core+0x53ad63
00007ffc`96db09c0     : 00000000`00000000 00000000`00000000 00000000`00000000 00000000`00000000 : ubm_desktop_core+0x56a17d
00007ffc`96ca8b7a     : 000001fc`64000000 00000000`00000000 000001fc`a73eb620 00000000`00000000 : ubm_desktop_core+0x4109c0
00007ffc`96cb4c47     : 00000000`00000000 00000000`00000000 00000000`00000000 00000000`00000000 : ubm_desktop_core+0x308b7a
00007ffc`96c767a3     : 00000041`481feea0 00000000`00000000 00000000`00000000 00000041`481fec50 : ubm_desktop_core+0x314c47
00007ffc`96a06e5c     : 00000000`00000000 00000000`00000000 00000000`00000000 00000041`481fef18 : ubm_desktop_core+0x2d67a3
00007ffc`971adecd     : 00000000`00000000 000001fc`6413c200 00000000`00000002 000001fc`6413c200 : ubm_desktop_core+0x66e5c
00007ffc`971ad1a6     : 3ff00000`00000000 3feccccc`cccccccd 00000000`00000000 000001fc`6413c200 : ubm_desktop_core!napi_register_module_v1+0x19a47d
00007ffc`971a8667     : 00000000`00000000 00000000`00000000 00000000`00000000 00000000`00000000 : ubm_desktop_core!napi_register_module_v1+0x199756
00007ffc`971a9748     : 00000000`00000000 00000000`00000000 00000000`01000044 00000041`481ff2b0 : ubm_desktop_core!napi_register_module_v1+0x194c17
00007ffc`971ae565     : 000001fc`64001480 00000000`00000040 00000000`00000000 00000000`00000000 : ubm_desktop_core!napi_register_module_v1+0x195cf8
00007ffc`9719c6a4     : 00000000`00000000 00000000`00000001 00000000`00000000 00000000`00000000 : ubm_desktop_core!napi_register_module_v1+0x19ab15
00007ffc`971a795a     : 000001fc`64127740 00000000`00000040 00000000`00000000 000001fc`64146310 : ubm_desktop_core!napi_register_module_v1+0x188c54
00007ffc`97194731     : 00000041`481ff630 00007ffc`973fa280 00000000`00000000 01000041`00000000 : ubm_desktop_core!napi_register_module_v1+0x193f0a
00007ffc`9719eca4     : 00000042`00020069 00000000`00000000 000001fc`64000000 00000000`00000000 : ubm_desktop_core!napi_register_module_v1+0x180ce1
00007ffc`971ff723     : 000001fc`641512a0 000001fc`64150c60 000001fc`64114ba0 00000000`00000000 : ubm_desktop_core!napi_register_module_v1+0x18b254
00007ffd`090dcd87     : 00000000`00000000 00000000`00000000 00000000`00000000 00000000`00000000 : ubm_desktop_core!napi_register_module_v1+0x1ebcd3
00007ffd`0a42caec     : 00000000`00000000 00000000`00000000 000004f0`fffffb30 000004d0`fffffb30 : KERNEL32!BaseThreadInitThunk+0x17
00000000`00000000     : 00000000`00000000 00000000`00000000 00000000`00000000 00000000`00000000 : ntdll!RtlUserThreadStart+0x2c

   5  Id: 2ba4.252c Suspend: 1 Teb: 00000041`41033000 Unfrozen "tokio-rt-worker"
RetAddr               : Args to Child                                                           : Call Site
00007ffd`0a418273     : ffffffff`fffffffe 000001fc`646f3380 00000041`483ff380 00007ffc`971f65de : ntdll!NtWaitForAlertByThreadId+0x17
00007ffd`07d6e298     : 000001fc`64113924 00000000`00000000 00000041`483ff400 00000000`00001d24 : ntdll!RtlWaitOnAddress+0x213
00007ffc`971f70b3     : 00000000`ffffffff 000001fc`646f3380 000001fc`64113920 000001fc`646f33b0 : KERNELBASE!WaitOnAddress+0x38
00007ffc`971b0ddc     : 000001fc`64000a0a 00000000`00000000 0000004d`00000000 00000000`00000020 : ubm_desktop_core!napi_register_module_v1+0x1e3663
00007ffc`971b088f     : ffffffff`fffffffe 00007ffc`96a44b3d 000001fc`6413b590 000001fc`6415d6b0 : ubm_desktop_core!napi_register_module_v1+0x19d38c
00007ffc`971ac6e9     : 00000006`3da0cfbe 00007ffd`0a3ebab9 000001fc`646f3380 000001fc`6413b590 : ubm_desktop_core!napi_register_module_v1+0x19ce3f
00007ffc`971ad62e     : 4237ffff`ffb2aca7 3feccccc`cccccccd 00000000`00000000 000001fc`6413b590 : ubm_desktop_core!napi_register_module_v1+0x198c99
00007ffc`971a8667     : 00000000`00000000 00000000`00000000 00000000`00000000 00000000`00000000 : ubm_desktop_core!napi_register_module_v1+0x199bde
00007ffc`971a9748     : 00000000`00000000 00000000`00000000 00000041`41022000 00000000`00000000 : ubm_desktop_core!napi_register_module_v1+0x194c17
00007ffc`971ae565     : 000001fc`64001480 00000000`00000040 00000000`00000000 00000000`00000000 : ubm_desktop_core!napi_register_module_v1+0x195cf8
00007ffc`9719c6a4     : 00000000`00000000 00000000`00000001 00000000`00000000 00000000`00000000 : ubm_desktop_core!napi_register_module_v1+0x19ab15
00007ffc`971a795a     : 000001fc`64127ac0 00000000`00000040 00000000`00000000 000001fc`6415d710 : ubm_desktop_core!napi_register_module_v1+0x188c54
00007ffc`97194731     : 00000041`483ffb90 00000000`00000001 00000000`00000000 01000000`00000000 : ubm_desktop_core!napi_register_module_v1+0x193f0a
00007ffc`9719eca4     : 00000042`000c007a 000001fc`64000014 000001fc`64000000 00000000`00000000 : ubm_desktop_core!napi_register_module_v1+0x180ce1
00007ffc`971ff723     : 000001fc`64151120 000001fc`64150960 000001fc`64114dd0 00000000`00000000 : ubm_desktop_core!napi_register_module_v1+0x18b254
00007ffd`090dcd87     : 00000000`00000000 00000000`00000000 00000000`00000000 00000000`00000000 : ubm_desktop_core!napi_register_module_v1+0x1ebcd3
00007ffd`0a42caec     : 00000000`00000000 00000000`00000000 000004f0`fffffb30 000004d0`fffffb30 : KERNEL32!BaseThreadInitThunk+0x17
00000000`00000000     : 00000000`00000000 00000000`00000000 00000000`00000000 00000000`00000000 : ntdll!RtlUserThreadStart+0x2c

   6  Id: 2ba4.1dc0 Suspend: 1 Teb: 00000041`41035000 Unfrozen "tokio-rt-worker"
RetAddr               : Args to Child                                                           : Call Site
00007ffd`0a418273     : ffffffff`fffffffe 000001fc`646f3e00 00000041`485ff350 00007ffc`971f65de : ntdll!NtWaitForAlertByThreadId+0x17
00007ffd`07d6e298     : 000001fc`641135f4 00000000`00000000 00000041`485ff3d0 00000000`000015a2 : ntdll!RtlWaitOnAddress+0x213
00007ffc`971f70b3     : 00000000`ffffffff 000001fc`646f3e00 00ffffff`fffffffe 000001fc`646f3e30 : KERNELBASE!WaitOnAddress+0x38
00007ffc`971b0ddc     : 00000041`485ff460 00007ffc`971aa6dc 000001fc`64113528 00000000`00000000 : ubm_desktop_core!napi_register_module_v1+0x1e3663
00007ffc`971b088f     : ffffffff`fffffffe 00000000`00000001 000001fc`6413f770 000001fc`6415e3a0 : ubm_desktop_core!napi_register_module_v1+0x19d38c
00007ffc`971ac6e9     : 00000006`513f8078 00007ffd`0a3ebab9 000001fc`64cfea80 00007ffd`0a392eba : ubm_desktop_core!napi_register_module_v1+0x19ce3f
00007ffc`971ad62e     : 3ff00000`00000000 3feccccc`cccccccd 00000000`00000000 000001fc`6413f770 : ubm_desktop_core!napi_register_module_v1+0x198c99
00007ffc`971a8667     : 00000000`00000000 00000000`00000000 00000000`00000000 00000000`00000000 : ubm_desktop_core!napi_register_module_v1+0x199bde
00007ffc`971a9748     : 00000000`00000000 00000000`00000000 00000041`41022000 00000000`00000000 : ubm_desktop_core!napi_register_module_v1+0x194c17
00007ffc`971ae565     : 000001fc`64001480 00000000`00000040 00000000`00000000 00000000`00000000 : ubm_desktop_core!napi_register_module_v1+0x195cf8
00007ffc`9719c6a4     : 00000000`00000000 00000000`00000001 00000000`00000000 00000000`00000000 : ubm_desktop_core!napi_register_module_v1+0x19ab15
00007ffc`971a795a     : 000001fc`64127bc0 00000000`00000040 00000000`00000000 000001fc`6415e400 : ubm_desktop_core!napi_register_module_v1+0x188c54
00007ffc`97194731     : 00000041`485ffb60 00000000`00000001 00000000`00000000 01000000`00000000 : ubm_desktop_core!napi_register_module_v1+0x193f0a
00007ffc`9719eca4     : 00000042`00080078 000001fc`64000014 000001fc`64000000 00000000`00000000 : ubm_desktop_core!napi_register_module_v1+0x180ce1
00007ffc`971ff723     : 000001fc`64151510 000001fc`641509a0 000001fc`64114fb0 00000000`00000000 : ubm_desktop_core!napi_register_module_v1+0x18b254
00007ffd`090dcd87     : 00000000`00000000 00000000`00000000 00000000`00000000 00000000`00000000 : ubm_desktop_core!napi_register_module_v1+0x1ebcd3
00007ffd`0a42caec     : 00000000`00000000 00000000`00000000 000004f0`fffffb30 000004d0`fffffb30 : KERNEL32!BaseThreadInitThunk+0x17
00000000`00000000     : 00000000`00000000 00000000`00000000 00000000`00000000 00000000`00000000 : ntdll!RtlUserThreadStart+0x2c

   7  Id: 2ba4.25dc Suspend: 1 Teb: 00000041`41037000 Unfrozen "tokio-rt-worker"
RetAddr               : Args to Child                                                           : Call Site
00007ffd`0a418273     : 00000000`00000000 00000000`00000000 00000000`00000000 00000000`00000000 : ntdll!NtWaitForAlertByThreadId+0x17
00007ffd`07d6e298     : 000001fc`64113474 00000000`00000000 00000041`487ff040 00000000`00000000 : ntdll!RtlWaitOnAddress+0x213
00007ffc`971f70b3     : 00000000`ffffffff 00000000`00000000 00000000`00000000 00000000`00000000 : KERNELBASE!WaitOnAddress+0x38
00007ffc`971b0ddc     : 00000000`00000000 00000000`00000000 00000000`00000000 00000000`00000000 : ubm_desktop_core!napi_register_module_v1+0x1e3663
00007ffc`971b088f     : 00000000`00000000 00000000`00000000 00000000`00000000 00000000`00000000 : ubm_desktop_core!napi_register_module_v1+0x19d38c
00007ffc`971ac6e9     : 00000006`2a378127 00007ffd`0a3ebab9 00000000`00000010 00007ffd`0789e3c5 : ubm_desktop_core!napi_register_module_v1+0x19ce3f
00007ffc`971ad62e     : 00000000`00000001 000001fc`6413b190 00000000`00000000 00000041`487ff330 : ubm_desktop_core!napi_register_module_v1+0x198c99
00007ffc`971a8667     : 00000000`00000000 00000000`00000000 00000000`00000000 00000000`00000000 : ubm_desktop_core!napi_register_module_v1+0x199bde
00007ffc`971a9748     : 00000000`00000000 00000000`00000000 00000041`41022000 00000000`00000000 : ubm_desktop_core!napi_register_module_v1+0x194c17
00007ffc`971ae565     : 000001fc`64001480 00000000`00000040 00000000`00000000 00000000`00000000 : ubm_desktop_core!napi_register_module_v1+0x195cf8
00007ffc`9719c6a4     : 00000000`00000000 00000000`00000001 00000000`00000000 00000000`00000000 : ubm_desktop_core!napi_register_module_v1+0x19ab15
00007ffc`971a795a     : 000001fc`64127200 00000000`00000040 00000000`00000000 000001fc`6415e250 : ubm_desktop_core!napi_register_module_v1+0x188c54
00007ffc`97194731     : 00000041`487ff7d0 00000000`00000001 00000000`00000000 01000000`00000000 : ubm_desktop_core!napi_register_module_v1+0x193f0a
00007ffc`9719eca4     : 00000042`00040065 000001fc`64000014 000001fc`64000000 00000000`00000000 : ubm_desktop_core!napi_register_module_v1+0x180ce1
00007ffc`971ff723     : 000001fc`64151390 000001fc`64150bc0 000001fc`64114b00 00000000`00000000 : ubm_desktop_core!napi_register_module_v1+0x18b254
00007ffd`090dcd87     : 00000000`00000000 00000000`00000000 00000000`00000000 00000000`00000000 : ubm_desktop_core!napi_register_module_v1+0x1ebcd3
00007ffd`0a42caec     : 00000000`00000000 00000000`00000000 000004f0`fffffb30 000004d0`fffffb30 : KERNEL32!BaseThreadInitThunk+0x17
00000000`00000000     : 00000000`00000000 00000000`00000000 00000000`00000000 00000000`00000000 : ntdll!RtlUserThreadStart+0x2c

   8  Id: 2ba4.2714 Suspend: 1 Teb: 00000041`41039000 Unfrozen "tokio-rt-worker"
RetAddr               : Args to Child                                                           : Call Site
00007ffd`0a418273     : 00000000`00000000 00000089`00040009 00000000`00000000 000001fc`64626100 : ntdll!NtWaitForAlertByThreadId+0x17
00007ffd`07d6e298     : 000001fc`64150adc 00000000`00000000 00000041`489fee10 00000000`00000a20 : ntdll!RtlWaitOnAddress+0x213
00007ffc`971f70b3     : 00007ffc`9768e9c0 00000041`489ff2f0 000001fc`646f3c80 000001fc`646f3c80 : KERNELBASE!WaitOnAddress+0x38
00007ffc`97193c38     : 00000041`00000002 00000000`00000002 00000000`00000000 00000041`489fec30 : ubm_desktop_core!napi_register_module_v1+0x1e3663
00007ffc`971aa66d     : 000001fc`64113528 00000000`00000000 00000041`489fef40 00000041`489fef08 : ubm_desktop_core!napi_register_module_v1+0x1801e8
00007ffc`971b08aa     : ffffffff`fffffffe 000001fc`6413b640 000001fc`64cfea80 000001fc`6415e930 : ubm_desktop_core!napi_register_module_v1+0x196c1d
00007ffc`971ac6e9     : 00000006`4fc1f845 00007ffd`0a3ebab9 000001fc`64cfea80 000001fc`6413b620 : ubm_desktop_core!napi_register_module_v1+0x19ce5a
00007ffc`971ad62e     : 3ff00000`00000000 3feccccc`cccccccd 00000000`00000000 000001fc`6413b620 : ubm_desktop_core!napi_register_module_v1+0x198c99
00007ffc`971a8667     : 00000000`00000000 00000000`00000000 00000000`00000000 00000000`00000000 : ubm_desktop_core!napi_register_module_v1+0x199bde
00007ffc`971a9748     : 00000000`00000000 00000000`00000000 00000041`41022000 00000000`00000000 : ubm_desktop_core!napi_register_module_v1+0x194c17
00007ffc`971ae565     : 000001fc`64001480 00000000`00000040 00000000`00000000 00000000`00000000 : ubm_desktop_core!napi_register_module_v1+0x195cf8
00007ffc`9719c6a4     : 00000000`00000000 00000000`00000001 00000000`00000000 00000000`00000000 : ubm_desktop_core!napi_register_module_v1+0x19ab15
00007ffc`971a795a     : 000001fc`64127d00 00000000`00000040 00000000`00000000 000001fc`6415e990 : ubm_desktop_core!napi_register_module_v1+0x188c54
00007ffc`97194731     : 00000041`489ff620 00000000`00000001 00000000`00000000 01000000`00000000 : ubm_desktop_core!napi_register_module_v1+0x193f0a
00007ffc`9719eca4     : 00000042`000e006e 000001fc`64000014 000001fc`64000000 00000000`00000000 : ubm_desktop_core!napi_register_module_v1+0x180ce1
00007ffc`971ff723     : 000001fc`64151630 000001fc`64150ba0 000001fc`64114f60 00000000`00000000 : ubm_desktop_core!napi_register_module_v1+0x18b254
00007ffd`090dcd87     : 00000000`00000000 00000000`00000000 00000000`00000000 00000000`00000000 : ubm_desktop_core!napi_register_module_v1+0x1ebcd3
00007ffd`0a42caec     : 00000000`00000000 00000000`00000000 000004f0`fffffb30 000004d0`fffffb30 : KERNEL32!BaseThreadInitThunk+0x17
00000000`00000000     : 00000000`00000000 00000000`00000000 00000000`00000000 00000000`00000000 : ntdll!RtlUserThreadStart+0x2c

   9  Id: 2ba4.235c Suspend: 1 Teb: 00000041`4103b000 Unfrozen "tokio-rt-worker"
RetAddr               : Args to Child                                                           : Call Site
00007ffd`0a418273     : ffffffff`fffffffe 000001fc`646f3e48 ffffffff`fffffffe 000001fc`6413f800 : ntdll!NtWaitForAlertByThreadId+0x17
00007ffd`07d6e298     : 000001fc`641133e4 00000000`00000000 00000041`48bff3d0 00000000`00003353 : ntdll!RtlWaitOnAddress+0x213
00007ffc`971f70b3     : 00000000`ffffffff 000001fc`646f3500 00000000`00000000 ffffffff`fffffffe : KERNELBASE!WaitOnAddress+0x38
00007ffc`971b0ddc     : 00000000`00000000 00007ffc`9768e9c0 000001fc`64113528 00000000`00000000 : ubm_desktop_core!napi_register_module_v1+0x1e3663
00007ffc`971b088f     : ffffffff`fffffffe 000001fc`64cfe080 000001fc`646f3e00 000001fc`6415e550 : ubm_desktop_core!napi_register_module_v1+0x19d38c
00007ffc`971ac6e9     : 00000006`513f7fe8 00007ffd`0a3ebab9 000001fc`646f3e00 000001fc`6413b298 : ubm_desktop_core!napi_register_module_v1+0x19ce3f
00007ffc`971ad62e     : 3ff00000`00000000 3feccccc`cccccccd 00000000`00000000 000001fc`6413f800 : ubm_desktop_core!napi_register_module_v1+0x198c99
00007ffc`971a8667     : 00000000`00000000 00000000`00000000 00000000`00000000 00000000`00000000 : ubm_desktop_core!napi_register_module_v1+0x199bde
00007ffc`971a9748     : 00000000`00000000 00000000`00000000 00000041`41022000 00000000`00000000 : ubm_desktop_core!napi_register_module_v1+0x194c17
00007ffc`971ae565     : 000001fc`64001480 00000000`00000040 00000000`00000000 00000000`00000000 : ubm_desktop_core!napi_register_module_v1+0x195cf8
00007ffc`9719c6a4     : 00000000`00000000 00000000`00000001 00000000`00000000 00000000`00000000 : ubm_desktop_core!napi_register_module_v1+0x19ab15
00007ffc`971a795a     : 000001fc`64127f80 00000000`00000040 00000000`00000000 000001fc`6415e5b0 : ubm_desktop_core!napi_register_module_v1+0x188c54
00007ffc`97194731     : 00000041`48bffb60 00000000`00000001 00000000`00000000 01000000`00000000 : ubm_desktop_core!napi_register_module_v1+0x193f0a
00007ffc`9719eca4     : 00000042`000a0067 000001fc`64000014 000001fc`64000000 00000000`00000000 : ubm_desktop_core!napi_register_module_v1+0x180ce1
00007ffc`971ff723     : 000001fc`64151540 000001fc`64150a80 000001fc`64114ec0 00000000`00000000 : ubm_desktop_core!napi_register_module_v1+0x18b254
00007ffd`090dcd87     : 00000000`00000000 00000000`00000000 00000000`00000000 00000000`00000000 : ubm_desktop_core!napi_register_module_v1+0x1ebcd3
00007ffd`0a42caec     : 00000000`00000000 00000000`00000000 000004f0`fffffb30 000004d0`fffffb30 : KERNEL32!BaseThreadInitThunk+0x17
00000000`00000000     : 00000000`00000000 00000000`00000000 00000000`00000000 00000000`00000000 : ntdll!RtlUserThreadStart+0x2c

  10  Id: 2ba4.cf4 Suspend: 1 Teb: 00000041`4103d000 Unfrozen "tokio-rt-worker"
RetAddr               : Args to Child                                                           : Call Site
00007ffd`0a418273     : ffffffff`fffffffe 000001fc`00000001 00000000`00000000 00000000`00000000 : ntdll!NtWaitForAlertByThreadId+0x17
00007ffd`07d6e298     : 000001fc`64113f84 00000000`00000000 00000041`48dff080 00000000`00003374 : ntdll!RtlWaitOnAddress+0x213
00007ffc`971f70b3     : 00000000`ffffffff 000001fc`646f3c80 00ffffff`fffffffe 000001fc`646f3cb0 : KERNELBASE!WaitOnAddress+0x38
00007ffc`971b0ddc     : 00000041`48dff110 00007ffc`971aa6dc 000001fc`64113528 00000000`00000000 : ubm_desktop_core!napi_register_module_v1+0x1e3663
00007ffc`971b088f     : ffffffff`fffffffe 00000000`00000002 00000000`00000008 000001fc`6415eae0 : ubm_desktop_core!napi_register_module_v1+0x19d38c
00007ffc`971ac6e9     : 00000006`513f852c 00007ffd`0a3ebab9 000001fc`64cfe080 000001fc`6413b6b0 : ubm_desktop_core!napi_register_module_v1+0x19ce3f
00007ffc`971ad62e     : 3ff00000`00000000 3feccccc`cccccccd 00000000`00000000 000001fc`6413b6b0 : ubm_desktop_core!napi_register_module_v1+0x198c99
00007ffc`971a8667     : 00000000`00000000 00000000`00000000 00000000`00000000 00000000`00000000 : ubm_desktop_core!napi_register_module_v1+0x199bde
00007ffc`971a9748     : 00000000`00000000 00000000`00000000 00000041`41022000 00000000`00000000 : ubm_desktop_core!napi_register_module_v1+0x194c17
00007ffc`971ae565     : 000001fc`64001480 00000000`00000040 00000000`00000000 00000000`00000000 : ubm_desktop_core!napi_register_module_v1+0x195cf8
00007ffc`9719c6a4     : 00000000`00000000 00000000`00000001 00000000`00000000 00000000`00000000 : ubm_desktop_core!napi_register_module_v1+0x19ab15
00007ffc`971a795a     : 000001fc`64127f40 00000000`00000040 00000000`00000000 000001fc`6415eb40 : ubm_desktop_core!napi_register_module_v1+0x188c54
00007ffc`97194731     : 00000041`48dff810 00000000`00000001 00000000`00000000 01000000`00000000 : ubm_desktop_core!napi_register_module_v1+0x193f0a
00007ffc`9719eca4     : 00000042`00100066 000001fc`64000014 000001fc`64000000 00000000`00000000 : ubm_desktop_core!napi_register_module_v1+0x180ce1
00007ffc`971ff723     : 000001fc`641514e0 000001fc`64150b80 000001fc`64114e70 00000000`00000000 : ubm_desktop_core!napi_register_module_v1+0x18b254
00007ffd`090dcd87     : 00000000`00000000 00000000`00000000 00000000`00000000 00000000`00000000 : ubm_desktop_core!napi_register_module_v1+0x1ebcd3
00007ffd`0a42caec     : 00000000`00000000 00000000`00000000 000004f0`fffffb30 000004d0`fffffb30 : KERNEL32!BaseThreadInitThunk+0x17
00000000`00000000     : 00000000`00000000 00000000`00000000 00000000`00000000 00000000`00000000 : ntdll!RtlUserThreadStart+0x2c

  11  Id: 2ba4.3e0 Suspend: 1 Teb: 00000041`4103f000 Unfrozen "ubm-btleplug"
RetAddr               : Args to Child                                                           : Call Site
00007ffd`0a418273     : 000001fc`64147a01 00000000`00000001 000001fc`64150058 00007ffc`971b0300 : ntdll!NtWaitForAlertByThreadId+0x17
00007ffd`07d6e298     : 000001fc`641504bc 00000000`00000000 00000041`48fff240 00000000`00000000 : ntdll!RtlWaitOnAddress+0x213
00007ffc`971f70b3     : 00007ffc`9768e9c0 00007ffc`971fec2f 357befd1`9f3cd2e3 00000000`00000001 : KERNELBASE!WaitOnAddress+0x38
00007ffc`97193c38     : 00007ffc`973c7730 000001fc`64147ac0 00000041`48fff380 00007ffc`97387c82 : ubm_desktop_core!napi_register_module_v1+0x1e3663
00007ffc`9707ddef     : 00000001`12e0c8da 00000000`00000008 00000000`00000008 000001fc`64147920 : ubm_desktop_core!napi_register_module_v1+0x1801e8
00007ffc`97064990     : 000001fc`64149be0 01010101`ffffffff ffffffff`fffffffe 00000000`00000002 : ubm_desktop_core!napi_register_module_v1+0x6a39f
00007ffc`970a10e5     : 00000041`48fff470 00007ffc`9738a520 00000000`00000000 00000000`00000000 : ubm_desktop_core!napi_register_module_v1+0x50f40
00007ffc`9705a96b     : 00000041`4103f000 00000000`00000002 00000000`0000001a 00000042`00250008 : ubm_desktop_core!napi_register_module_v1+0x8d695
00007ffc`971ff723     : 000001fc`641515a0 000001fc`64150160 000001fc`64127c40 00000000`00000000 : ubm_desktop_core!napi_register_module_v1+0x46f1b
00007ffd`090dcd87     : 00000000`00000000 00000000`00000000 00000000`00000000 00000000`00000000 : ubm_desktop_core!napi_register_module_v1+0x1ebcd3
00007ffd`0a42caec     : 00000000`00000000 00000000`00000000 000004f0`fffffb30 000004d0`fffffb30 : KERNEL32!BaseThreadInitThunk+0x17
00000000`00000000     : 00000000`00000000 00000000`00000000 00000000`00000000 00000000`00000000 : ntdll!RtlUserThreadStart+0x2c

  12  Id: 2ba4.27d8 Suspend: 1 Teb: 00000041`41041000 Unfrozen
RetAddr               : Args to Child                                                           : Call Site
00007ffd`0a42298e     : 00000041`4a1ffbf8 00007ffd`0a3b93d0 00000041`4a1ffac0 7ff00000`00000000 : ntdll!NtWaitForAlertByThreadId+0x17
00007ffd`07cb2a58     : 00000000`00000000 00007ffd`0a3ba130 00000041`4a1ffa20 7ff00000`00000000 : ntdll!RtlSleepConditionVariableSRW+0x1de
00007ff6`bec86b84     : 00000000`1cae9ec4 00000000`1cae9ec4 00000041`4a1ffac0 00000041`4a1ffa01 : KERNELBASE!SleepConditionVariableSRW+0x38
00007ff6`bec856b4     : 000001fc`02a168e4 00000000`00000000 00000006`50f7f9e6 00007ff6`be987be5 : bun!uv_poll_init_socket+0x9754
00007ff6`bec84b82     : 000001fc`02b62680 000001fc`02b626a8 00000041`4a1ffcf0 00000000`00000005 : bun!uv_poll_init_socket+0x8284
00007ff6`bec849ff     : 000001fc`641514b0 00000000`00000000 00000000`00000000 00000000`00000000 : bun!uv_poll_init_socket+0x7752
00007ff6`c23a293f     : 00000000`00000000 00000000`00000000 00000000`00000000 00000000`00000000 : bun!uv_poll_init_socket+0x75cf
00007ffd`090dcd87     : 00000000`00000000 00000000`00000000 00000000`00000000 00000000`00000000 : bun!bmalloc::Mutex::lockSlowCase+0x54ddcf
00007ffd`0a42caec     : 00000000`00000000 00000000`00000000 000004f0`fffffb30 000004d0`fffffb30 : KERNEL32!BaseThreadInitThunk+0x17
00000000`00000000     : 00000000`00000000 00000000`00000000 00000000`00000000 00000000`00000000 : ntdll!RtlUserThreadStart+0x2c

  13  Id: 2ba4.10f8 Suspend: 1 Teb: 00000041`41043000 Unfrozen "ubm-btleplug-worker"
RetAddr               : Args to Child                                                           : Call Site
00007ffd`0a418273     : 00000041`4a3fef80 00000000`00000045 00000000`00000000 000001fc`6416ef00 : ntdll!NtWaitForAlertByThreadId+0x17
00007ffd`07d6e298     : 000001fc`64151414 00000000`00000000 00000041`4a3ff000 00000000`00000025 : ntdll!RtlWaitOnAddress+0x213
00007ffc`971f70b3     : 00000000`ffffffff 00010000`ffffffff ffffffff`fffffffe 00000000`ffffffff : KERNELBASE!WaitOnAddress+0x38
00007ffc`971b0ddc     : 00000041`4a3ff090 00007ffc`971aa6dc 00000001`00000001 000001fc`6496c040 : ubm_desktop_core!napi_register_module_v1+0x1e3663
00007ffc`971b088f     : 00000041`4a3fe7d0 00007ffc`96ad0c7d 00007ffc`9719eba0 000001fc`6416ebd0 : ubm_desktop_core!napi_register_module_v1+0x19d38c
00007ffc`971ac6e9     : 00000006`30d59ce2 00007ffd`0a3ebab9 000001fc`64653e80 00007ffd`0789e3c5 : ubm_desktop_core!napi_register_module_v1+0x19ce3f
00007ffc`971ad62e     : 3ff00000`00000000 3feccccc`cccccccd 00000000`00000000 000001fc`64198180 : ubm_desktop_core!napi_register_module_v1+0x198c99
00007ffc`971a8667     : 00000000`00000000 00000000`00000000 00000000`00000000 00000000`00000000 : ubm_desktop_core!napi_register_module_v1+0x199bde
00007ffc`971a9748     : 00000000`00000000 00000000`00000000 00000041`41022000 00000000`00000000 : ubm_desktop_core!napi_register_module_v1+0x194c17
00007ffc`971ae565     : 000001fc`64001480 00000000`00000040 00000000`00000000 00000000`00000000 : ubm_desktop_core!napi_register_module_v1+0x195cf8
00007ffc`9719c6a4     : 00000000`00000000 00000000`00000001 00000000`00000000 00000000`00000000 : ubm_desktop_core!napi_register_module_v1+0x19ab15
00007ffc`971a795a     : 000001fc`64127b00 00000000`00000040 00000000`00000000 000001fc`6416ec30 : ubm_desktop_core!napi_register_module_v1+0x188c54
00007ffc`97194731     : 00000041`4a3ff790 00000001`00000001 00000000`00000000 01000000`00000000 : ubm_desktop_core!napi_register_module_v1+0x193f0a
00007ffc`9719eca4     : 00000042`00280003 000001fc`64000014 000001fc`64000000 00000000`00000000 : ubm_desktop_core!napi_register_module_v1+0x180ce1
00007ffc`971ff723     : 000001fc`64151a20 000001fc`64150400 000001fc`641140b0 00000000`00000000 : ubm_desktop_core!napi_register_module_v1+0x18b254
00007ffd`090dcd87     : 00000000`00000000 00000000`00000000 00000000`00000000 00000000`00000000 : ubm_desktop_core!napi_register_module_v1+0x1ebcd3
00007ffd`0a42caec     : 00000000`00000000 00000000`00000000 000004f0`fffffb30 000004d0`fffffb30 : KERNEL32!BaseThreadInitThunk+0x17
00000000`00000000     : 00000000`00000000 00000000`00000000 00000000`00000000 00000000`00000000 : ntdll!RtlUserThreadStart+0x2c

  14  Id: 2ba4.15f8 Suspend: 1 Teb: 00000041`41045000 Unfrozen "ubm-btleplug-worker"
RetAddr               : Args to Child                                                           : Call Site
00007ffd`0a418273     : 00000000`00000000 00000000`00000000 00007ffc`f3cbba01 00007ffc`00000002 : ntdll!NtWaitForAlertByThreadId+0x17
00007ffd`07d6e298     : 000001fc`6415031c 00000000`00000000 00000041`4a5ff0e0 00000000`00000048 : ntdll!RtlWaitOnAddress+0x213
00007ffc`971f70b3     : 00007ffc`9768e9c0 00000000`00000000 00000041`4a5ff0b0 00000000`00000002 : KERNELBASE!WaitOnAddress+0x38
00007ffc`97193c38     : 00000041`4a5ff160 00000000`00000020 00000000`00000000 00000041`4a5fef00 : ubm_desktop_core!napi_register_module_v1+0x1e3663
00007ffc`971aa66d     : 000001fc`641511f8 00000041`4a5ff501 00000041`4a5ff210 00007ffc`971aa6dc : ubm_desktop_core!napi_register_module_v1+0x1801e8
00007ffc`971b08aa     : 00000000`00000202 00007ffc`96ad0c7d 000001fc`64198d00 000001fc`6416f230 : ubm_desktop_core!napi_register_module_v1+0x196c1d
00007ffc`971ac6e9     : 00000006`30d58a24 00007ffd`0a3ebab9 000001fc`641c8880 00007ffd`0789e3c5 : ubm_desktop_core!napi_register_module_v1+0x19ce5a
00007ffc`971ad62e     : 3ff00000`00000000 3feccccc`cccccccd 00000000`00000000 000001fc`64198d00 : ubm_desktop_core!napi_register_module_v1+0x198c99
00007ffc`971a8667     : 00000000`00000000 00000000`00000000 00000000`00000000 00000000`00000000 : ubm_desktop_core!napi_register_module_v1+0x199bde
00007ffc`971a9748     : 00000000`00000000 00000000`00000000 00000041`41022000 00000000`00000000 : ubm_desktop_core!napi_register_module_v1+0x194c17
00007ffc`971ae565     : 000001fc`64001480 00000000`00000040 00000000`00000000 00000000`00000000 : ubm_desktop_core!napi_register_module_v1+0x195cf8
00007ffc`9719c6a4     : 00000000`00000000 00000000`00000001 00000000`00000000 00000000`00000000 : ubm_desktop_core!napi_register_module_v1+0x19ab15
00007ffc`971a795a     : 000001fc`64127dc0 00000000`00000040 00000000`00000000 000001fc`6416f290 : ubm_desktop_core!napi_register_module_v1+0x188c54
00007ffc`97194731     : 00000041`4a5ff8f0 00000001`00000001 00000000`00000000 01000000`00000000 : ubm_desktop_core!napi_register_module_v1+0x193f0a
00007ffc`9719eca4     : 00000042`0029001d 000001fc`64000014 000001fc`64000000 00000000`00000000 : ubm_desktop_core!napi_register_module_v1+0x180ce1
00007ffc`971ff723     : 000001fc`64151690 000001fc`64150620 000001fc`64114150 00000000`00000000 : ubm_desktop_core!napi_register_module_v1+0x18b254
00007ffd`090dcd87     : 00000000`00000000 00000000`00000000 00000000`00000000 00000000`00000000 : ubm_desktop_core!napi_register_module_v1+0x1ebcd3
00007ffd`0a42caec     : 00000000`00000000 00000000`00000000 000004f0`fffffb30 000004d0`fffffb30 : KERNEL32!BaseThreadInitThunk+0x17
00000000`00000000     : 00000000`00000000 00000000`00000000 00000000`00000000 00000000`00000000 : ntdll!RtlUserThreadStart+0x2c

  15  Id: 2ba4.a84 Suspend: 1 Teb: 00000041`41047000 Unfrozen
RetAddr               : Args to Child                                                           : Call Site
00007ffd`0a42298e     : 00000041`4b7ff9f8 00007ffd`0a3b93d0 00000041`4b7ff8c0 7ff00000`00000000 : ntdll!NtWaitForAlertByThreadId+0x17
00007ffd`07cb2a58     : 00000000`00000000 00007ffd`0a3ba130 00000041`4b7ff820 7ff00000`00000000 : ntdll!RtlSleepConditionVariableSRW+0x1de
00007ff6`bec86b84     : 00000000`6c0f44bd 00000000`6c0f44bd 00000041`4b7ff8c0 00000041`4b7ff8b8 : KERNELBASE!SleepConditionVariableSRW+0x38
00007ff6`bec856b4     : 000001fc`02a16934 00000000`00000000 00000006`50f7eb33 00007ff6`be987be5 : bun!uv_poll_init_socket+0x9754
00007ff6`bec84b82     : 000001fc`02b62640 000001fc`02b62668 00000041`4b7ffaf0 00000000`00000005 : bun!uv_poll_init_socket+0x8284
00007ff6`bec849ff     : 000001fc`641517b0 00000000`00000000 00000000`00000000 00000000`00000000 : bun!uv_poll_init_socket+0x7752
00007ff6`c23a293f     : 00000000`00000000 00000000`00000000 00000000`00000000 00000000`00000000 : bun!uv_poll_init_socket+0x75cf
00007ffd`090dcd87     : 00000000`00000000 00000000`00000000 00000000`00000000 00000000`00000000 : bun!bmalloc::Mutex::lockSlowCase+0x54ddcf
00007ffd`0a42caec     : 00000000`00000000 00000000`00000000 000004f0`fffffb30 000004d0`fffffb30 : KERNEL32!BaseThreadInitThunk+0x17
00000000`00000000     : 00000000`00000000 00000000`00000000 00000000`00000000 00000000`00000000 : ntdll!RtlUserThreadStart+0x2c

  16  Id: 2ba4.109c Suspend: 1 Teb: 00000041`41049000 Unfrozen
RetAddr               : Args to Child                                                           : Call Site
00007ffd`0a42298e     : 00000041`4c9ffdb8 00007ffd`0a3b93d0 00000041`4c9ffc80 7ff00000`00000000 : ntdll!NtWaitForAlertByThreadId+0x17
00007ffd`07cb2a58     : 00000000`00000000 00007ffd`0a3ba130 00000041`4c9ffbe0 7ff00000`00000000 : ntdll!RtlSleepConditionVariableSRW+0x1de
00007ff6`bec86b84     : 00000000`7829ec99 00000000`7829ec99 00000041`4c9ffc80 00000041`4c9ffc01 : KERNELBASE!SleepConditionVariableSRW+0x38
00007ff6`bec856b4     : 000001fc`02a16984 00000000`00000000 00000006`50f7f0ea 00007ff6`be987be5 : bun!uv_poll_init_socket+0x9754
00007ff6`bec84b82     : 000001fc`02b62600 000001fc`02b62628 00000041`4c9ffeb0 00000000`00000005 : bun!uv_poll_init_socket+0x8284
00007ff6`bec849ff     : 000001fc`641518a0 00000000`00000000 00000000`00000000 00000000`00000000 : bun!uv_poll_init_socket+0x7752
00007ff6`c23a293f     : 00000000`00000000 00000000`00000000 00000000`00000000 00000000`00000000 : bun!uv_poll_init_socket+0x75cf
00007ffd`090dcd87     : 00000000`00000000 00000000`00000000 00000000`00000000 00000000`00000000 : bun!bmalloc::Mutex::lockSlowCase+0x54ddcf
00007ffd`0a42caec     : 00000000`00000000 00000000`00000000 000004f0`fffffb30 000004d0`fffffb30 : KERNEL32!BaseThreadInitThunk+0x17
00000000`00000000     : 00000000`00000000 00000000`00000000 00000000`00000000 00000000`00000000 : ntdll!RtlUserThreadStart+0x2c

  17  Id: 2ba4.2628 Suspend: 1 Teb: 00000041`4104b000 Unfrozen
RetAddr               : Args to Child                                                           : Call Site
00007ffd`0a42298e     : 00000041`4dbff6d8 00007ffd`0a3b93d0 00000041`4dbff5a0 7ff00000`00000000 : ntdll!NtWaitForAlertByThreadId+0x17
00007ffd`07cb2a58     : 00000000`00000000 00007ffd`0a3ba130 00000041`4dbff500 7ff00000`00000000 : ntdll!RtlSleepConditionVariableSRW+0x1de
00007ff6`bec86b84     : 00000000`b1b74d74 00000000`b1b74d74 00000041`4dbff5a0 00000041`4dbff501 : KERNELBASE!SleepConditionVariableSRW+0x38
00007ff6`bec856b4     : 000001fc`02a169d4 00000000`00000000 00000006`50f7edf9 00007ff6`be987be5 : bun!uv_poll_init_socket+0x9754
00007ff6`bec84b82     : 000001fc`02b625c0 000001fc`02b625e8 00000041`4dbff7d0 00000000`00000005 : bun!uv_poll_init_socket+0x8284
00007ff6`bec849ff     : 000001fc`64151ab0 00000000`00000000 00000000`00000000 00000000`00000000 : bun!uv_poll_init_socket+0x7752
00007ff6`c23a293f     : 00000000`00000000 00000000`00000000 00000000`00000000 00000000`00000000 : bun!uv_poll_init_socket+0x75cf
00007ffd`090dcd87     : 00000000`00000000 00000000`00000000 00000000`00000000 00000000`00000000 : bun!bmalloc::Mutex::lockSlowCase+0x54ddcf
00007ffd`0a42caec     : 00000000`00000000 00000000`00000000 000004f0`fffffb30 000004d0`fffffb30 : KERNEL32!BaseThreadInitThunk+0x17
00000000`00000000     : 00000000`00000000 00000000`00000000 00000000`00000000 00000000`00000000 : ntdll!RtlUserThreadStart+0x2c

  18  Id: 2ba4.1280 Suspend: 1 Teb: 00000041`4104d000 Unfrozen
RetAddr               : Args to Child                                                           : Call Site
00007ffd`0a42298e     : 00000041`4edff7e8 00007ffd`0a3b93d0 00000041`4edff6b0 7ff00000`00000000 : ntdll!NtWaitForAlertByThreadId+0x17
00007ffd`07cb2a58     : 00000000`00000000 00007ffd`0a3ba130 00000041`4edff610 7ff00000`00000000 : ntdll!RtlSleepConditionVariableSRW+0x1de
00007ff6`bec86b84     : 00000000`e53a4d12 000001fc`00310088 00000041`423b6880 00000041`4edff6a8 : KERNELBASE!SleepConditionVariableSRW+0x38
00007ff6`bec856b4     : 000001fc`02a16a24 000001fc`02d100e0 00000006`50f80020 000001fc`01b50010 : bun!uv_poll_init_socket+0x9754
00007ff6`bec84b82     : 000001fc`02b62580 000001fc`02b625a8 00000041`4edff8e0 00000000`00000005 : bun!uv_poll_init_socket+0x8284
00007ff6`bec849ff     : 000001fc`641519f0 00000000`00000000 00000000`00000000 00000000`00000000 : bun!uv_poll_init_socket+0x7752
00007ff6`c23a293f     : 00000000`00000000 00000000`00000000 00000000`00000000 00000000`00000000 : bun!uv_poll_init_socket+0x75cf
00007ffd`090dcd87     : 00000000`00000000 00000000`00000000 00000000`00000000 00000000`00000000 : bun!bmalloc::Mutex::lockSlowCase+0x54ddcf
00007ffd`0a42caec     : 00000000`00000000 00000000`00000000 000004f0`fffffb30 000004d0`fffffb30 : KERNEL32!BaseThreadInitThunk+0x17
00000000`00000000     : 00000000`00000000 00000000`00000000 00000000`00000000 00000000`00000000 : ntdll!RtlUserThreadStart+0x2c

  19  Id: 2ba4.b28 Suspend: 1 Teb: 00000041`4104f000 Unfrozen
RetAddr               : Args to Child                                                           : Call Site
00007ffd`0a42298e     : 00000041`4ffff738 00007ffd`0a3b93d0 00000041`4ffff600 7ff00000`00000000 : ntdll!NtWaitForAlertByThreadId+0x17
00007ffd`07cb2a58     : 00000000`00000000 00007ffd`0a3ba130 00000041`4ffff560 7ff00000`00000000 : ntdll!RtlSleepConditionVariableSRW+0x1de
00007ff6`bec86b84     : 00000000`2281eced 00000000`2281eced 00000041`4ffff600 00000041`4ffff5f8 : KERNELBASE!SleepConditionVariableSRW+0x38
00007ff6`bec856b4     : 000001fc`02a16a74 00000000`00000000 00000006`50f7f446 00007ff6`be987be5 : bun!uv_poll_init_socket+0x9754
00007ff6`bec84b82     : 000001fc`02b62540 000001fc`02b62568 00000041`4ffff830 00000000`00000005 : bun!uv_poll_init_socket+0x8284
00007ff6`bec849ff     : 000001fc`64151c30 00000000`00000000 00000000`00000000 00000000`00000000 : bun!uv_poll_init_socket+0x7752
00007ff6`c23a293f     : 00000000`00000000 00000000`00000000 00000000`00000000 00000000`00000000 : bun!uv_poll_init_socket+0x75cf
00007ffd`090dcd87     : 00000000`00000000 00000000`00000000 00000000`00000000 00000000`00000000 : bun!bmalloc::Mutex::lockSlowCase+0x54ddcf
00007ffd`0a42caec     : 00000000`00000000 00000000`00000000 000004f0`fffffb30 000004d0`fffffb30 : KERNEL32!BaseThreadInitThunk+0x17
00000000`00000000     : 00000000`00000000 00000000`00000000 00000000`00000000 00000000`00000000 : ntdll!RtlUserThreadStart+0x2c

  20  Id: 2ba4.cac Suspend: 1 Teb: 00000041`41051000 Unfrozen
RetAddr               : Args to Child                                                           : Call Site
00007ffd`0a42298e     : 00000041`511ff698 00007ffd`0a3b93d0 00000041`511ff560 7ff00000`00000000 : ntdll!NtWaitForAlertByThreadId+0x17
00007ffd`07cb2a58     : 00000000`00000000 00007ffd`0a3ba130 00000041`511ff4c0 7ff00000`00000000 : ntdll!RtlSleepConditionVariableSRW+0x1de
00007ff6`bec86b84     : 00000000`2ead44c9 00000000`2ead44c9 00000041`511ff560 00000041`511ff501 : KERNELBASE!SleepConditionVariableSRW+0x38
00007ff6`bec856b4     : 000001fc`02a16ac4 00000000`00000000 00000006`50f7f6da 00007ff6`be987be5 : bun!uv_poll_init_socket+0x9754
00007ff6`bec84b82     : 000001fc`02b62500 000001fc`02b62528 00000041`511ff790 00000000`00000005 : bun!uv_poll_init_socket+0x8284
00007ff6`bec849ff     : 000001fc`64151b70 00000000`00000000 00000000`00000000 00000000`00000000 : bun!uv_poll_init_socket+0x7752
00007ff6`c23a293f     : 00000000`00000000 00000000`00000000 00000000`00000000 00000000`00000000 : bun!uv_poll_init_socket+0x75cf
00007ffd`090dcd87     : 00000000`00000000 00000000`00000000 00000000`00000000 00000000`00000000 : bun!bmalloc::Mutex::lockSlowCase+0x54ddcf
00007ffd`0a42caec     : 00000000`00000000 00000000`00000000 000004f0`fffffb30 000004d0`fffffb30 : KERNEL32!BaseThreadInitThunk+0x17
00000000`00000000     : 00000000`00000000 00000000`00000000 00000000`00000000 00000000`00000000 : ntdll!RtlUserThreadStart+0x2c

  21  Id: 2ba4.2360 Suspend: 1 Teb: 00000041`41057000 Unfrozen
RetAddr               : Args to Child                                                           : Call Site
00007ffd`0a39a65e     : 00000000`0000ffff 00000000`00000000 00007ffd`0a398d70 000001fc`64103280 : ntdll!NtWaitForWorkViaWorkerFactory+0x17
00007ffd`090dcd87     : 00000000`00000000 00000000`00000000 00000000`00000000 00000000`00000000 : ntdll!TppWorkerThread+0x37e
00007ffd`0a42caec     : 00000000`00000000 00000000`00000000 000004f0`fffffb30 000004d0`fffffb30 : KERNEL32!BaseThreadInitThunk+0x17
00000000`00000000     : 00000000`00000000 00000000`00000000 00000000`00000000 00000000`00000000 : ntdll!RtlUserThreadStart+0x2c

  22  Id: 2ba4.2398 Suspend: 1 Teb: 00000041`41059000 Unfrozen
RetAddr               : Args to Child                                                           : Call Site
00007ffd`07cb2773     : 00000000`00000000 00000000`00000000 00000000`00000000 00000000`00000000 : ntdll!NtWaitForMultipleObjects+0x17
00007ffd`0929feae     : 00000000`00000320 00000000`00000000 00000000`00000320 00000000`00000000 : KERNELBASE!WaitForMultipleObjectsEx+0x123
(Inline Function)     : --------`-------- --------`-------- --------`-------- --------`-------- : combase!WaitCoalesced+0x79
00007ffd`093757af     : 000001fc`641f6a40 00000000`00000000 000001fc`641ba640 00000000`00000000 : combase!CROIDTable::WorkerThreadLoop+0xae
00007ffd`093756bf     : 000001fc`641ba640 00000000`00000000 000001fc`641ba640 00000000`00000000 : combase!CRpcThread::WorkerLoop+0x5b
00007ffd`090dcd87     : 000001fc`641ba640 00000000`00000000 00000000`00000000 00000000`00000000 : combase!CRpcThreadCache::RpcWorkerThreadEntry+0x4f
00007ffd`0a42caec     : 00000000`00000000 00000000`00000000 000004f0`fffffb30 000004d0`fffffb30 : KERNEL32!BaseThreadInitThunk+0x17
00000000`00000000     : 00000000`00000000 00000000`00000000 00000000`00000000 00000000`00000000 : ntdll!RtlUserThreadStart+0x2c

  23  Id: 2ba4.1fd0 Suspend: 1 Teb: 00000041`4105b000 Unfrozen
RetAddr               : Args to Child                                                           : Call Site
00007ffd`0a39a65e     : 00000000`00000008 00000000`00000000 00007ffd`0a399aa0 000001fc`641a7b80 : ntdll!NtWaitForWorkViaWorkerFactory+0x17
00007ffd`090dcd87     : 00000000`00000000 00000000`00000000 00000000`00000000 00000000`00000000 : ntdll!TppWorkerThread+0x37e
00007ffd`0a42caec     : 00000000`00000000 00000000`00000000 000004f0`fffffb30 000004d0`fffffb30 : KERNEL32!BaseThreadInitThunk+0x17
00000000`00000000     : 00000000`00000000 00000000`00000000 00000000`00000000 00000000`00000000 : ntdll!RtlUserThreadStart+0x2c

  24  Id: 2ba4.2adc Suspend: 1 Teb: 00000041`4105d000 Unfrozen
RetAddr               : Args to Child                                                           : Call Site
00007ffd`07cb2773     : 00007ffc`ff5ba126 00007ffc`ff5a65e8 00000000`00000002 00007ffc`ff5a6600 : ntdll!NtWaitForMultipleObjects+0x17
00007ffd`092886f5     : 00000000`00000000 00000000`00000000 00000000`00000000 00000000`00000001 : KERNELBASE!WaitForMultipleObjectsEx+0x123
00007ffd`092888d5     : 00000000`00000008 00000041`57dfcd78 00000000`00000001 00000041`57dfcda8 : combase!DefaultWaitForHandles+0x45
00007ffc`fe4c3e7e     : 00000000`00000000 00000041`57dfcd80 000001fc`a73de4a0 000001fc`a73ecd88 : combase!CoWaitForMultipleHandles+0x85
00007ffc`fe4c43d5     : 000001fc`a73e9d48 00000000`00000000 00000041`00000000 000001fc`a73e3440 : Windows_Devices_Bluetooth!wil::details::WaitForCompletion<Windows::Foundation::IAsyncOperation<Microsoft::Bluetooth::Profiles::Gatt::Interface::GattClientReadResult * __ptr64> * __ptr64>+0xa6
00007ffc`fe4c3f46     : 00000041`57dfced8 00000041`57dfced8 00000000`00000000 000001fc`a73ea748 : Windows_Devices_Bluetooth!wil::wait_for_completion<Microsoft::Bluetooth::Profiles::Gatt::Interface::GattClientReadResult * __ptr64,Microsoft::WRL::ComPtr<Microsoft::Bluetooth::Profiles::Gatt::Interface::IGattClientReadResult> >+0x2d
00007ffc`fe4c1d5d     : 000001fc`a73ea748 00000041`57dfce80 00007ffc`00000001 00007ffc`00000000 : Windows_Devices_Bluetooth!wil::WaitForCompletion<Microsoft::Bluetooth::Profiles::Gatt::Interface::GattClientReadResult * __ptr64,Microsoft::WRL::ComPtr<Microsoft::Bluetooth::Profiles::Gatt::Interface::IGattClientReadResult> >+0xe
00007ffc`fe4caeba     : 00000041`57dfced8 000001fc`64bffaf0 000001fc`a73de4a0 000001fc`a73ecd88 : Windows_Devices_Bluetooth!wil::CallAndWaitForCompletionWithSecurityOptions<Microsoft::Bluetooth::Profiles::Gatt::Interface::IGattClientCharacteristic * __ptr64,Microsoft::Bluetooth::Profiles::Gatt::Interface::IGattClientCharacteristic,Microsoft::Bluetooth::Profiles::Gatt::Interface::GattClientDescriptorInfo,enum Microsoft::Bluetooth::Profiles::Gatt::Interface::GattCacheOption,enum Microsoft::Bluetooth::Profiles::Gatt::Interface::GattSecurityFlags,Windows::Foundation::IAsyncOperation<Microsoft::Bluetooth::Profiles::Gatt::Interface::GattClientReadResult * __ptr64> * __ptr64 * __ptr64,Microsoft::Bluetooth::Profiles::Gatt::Interface::GattClientDescriptorInfo & __ptr64,enum Microsoft::Bluetooth::Profiles::Gatt::Interface::GattCacheOption,enum Microsoft::Bluetooth::Profiles::Gatt::Interface::GattSecurityFlags>+0x9d
00007ffc`fe4cbd96     : 000001fc`a73de4a0 000001fc`64bffae0 00000000`00000000 00000000`00000000 : Windows_Devices_Bluetooth!Windows::Devices::Bluetooth::GenericAttributeProfile::GattCharacteristic::InitializeUserDescription+0x9e
00007ffc`fe4cba46     : 000001fc`a73de500 00000041`57dfd000 000001fc`a73de5a8 00000000`0000000c : Windows_Devices_Bluetooth!Windows::Devices::Bluetooth::GenericAttributeProfile::GattCharacteristic::ProcessDescriptorList+0x2b6
00007ffc`fe4c3c72     : 00000000`00000000 000001fc`a73de580 00007ffc`fe606038 000001fc`a73de5b8 : Windows_Devices_Bluetooth!Windows::Devices::Bluetooth::GenericAttributeProfile::GattCharacteristic::PopulateDescriptorList+0x21e
00007ffc`fe4cb7cc     : 000001fc`a73de580 000001fc`a73de4a0 00007ffc`fe5e2c30 00000041`57dfd100 : Windows_Devices_Bluetooth!wil::ResultFromException<<lambda_d79480c9f0567fcc187c3371cb18c38b> >+0x6a
00007ffc`fe4cdcf3     : 000001fc`a73de4a0 000001fc`a73de4a0 000001fc`a73e3ca4 00007ffc`fe4b46c7 : Windows_Devices_Bluetooth!Windows::Devices::Bluetooth::GenericAttributeProfile::GattCharacteristic::OpenCharacteristicResources+0x54
00007ffc`fe4b2266     : 00000000`00000000 000001fc`a73e3c90 00000041`57dfd248 000001fc`a73ec768 : Windows_Devices_Bluetooth!Windows::Devices::Bluetooth::GenericAttributeProfile::GattCharacteristic::RuntimeClassInitialize+0x17b
00007ffc`fe4b9944     : 000001fc`a73de4a0 000001fc`a73e3c80 00000000`00000000 00000000`00000000 : Windows_Devices_Bluetooth!Microsoft::WRL::Details::MakeAndInitialize<Windows::Devices::Bluetooth::GenericAttributeProfile::GattCharacteristic,Windows::Devices::Bluetooth::GenericAttributeProfile::IGattCharacteristic,Windows::Devices::Bluetooth::GenericAttributeProfile::GattDeviceService * __ptr64,Microsoft::Bluetooth::Profiles::Gatt::Interface::GattClientCharacteristicInfo & __ptr64>+0x6a
00007ffc`fe4b7c72     : 000001fc`a73e3c80 00000000`00000000 000001fc`64cf7190 000001fc`64cf7190 : Windows_Devices_Bluetooth!Windows::Devices::Bluetooth::GenericAttributeProfile::GattDeviceService::GetCharacteristicFromCharacteristicInfo+0xac
00007ffc`fe4b55b8     : 000001fc`649777b8 000001fc`64cf72e8 00000000`00000000 00007ffd`094b2562 : Windows_Devices_Bluetooth!Windows::Devices::Bluetooth::GenericAttributeProfile::GattDeviceService::CompleteGetCharacteristics+0x38a
00007ffc`fe4b17d6     : 00000000`00000000 000001fc`a73ec5a8 00000041`57dfd3f0 00007ffd`0a1b3526 : Windows_Devices_Bluetooth!<lambda_1da9705b6e5882fcc717816f7514e68b>::operator()+0x68
00007ffc`fe4b6854     : 000001fc`a73ec5a8 00000041`57dfd428 00000000`00000001 00007ffd`0a1b3526 : Windows_Devices_Bluetooth!wil::details::CallAndHandleErrorsWithReturnType<void,<lambda_1da9705b6e5882fcc717816f7514e68b> &,long &,Microsoft::Bluetooth::Profiles::Gatt::Interface::IGattClientCharacteristicsResult *,0>+0xe
00007ffc`fe4bcb2f     : 000001fc`a73ec768 00000000`00000003 00000000`00000000 000001fc`a73ec768 : Windows_Devices_Bluetooth!<lambda_e73f5ac645ba7aec6d65e8003fd4e85a>::operator()+0xa8
00007ffd`0a1b3573     : 000001fc`649f97e0 000001fc`a73ec5a8 00000000`00000001 00007ffd`0a1b3526 : Windows_Devices_Bluetooth!Microsoft::WRL::Details::DelegateArgTraits<long (__cdecl Windows::Foundation::IAsyncOperationCompletedHandler_impl<Windows::Foundation::Internal::AggregateType<Microsoft::Bluetooth::Profiles::Gatt::Interface::GattClientCharacteristicsResult *,Microsoft::Bluetooth::Profiles::Gatt::Interface::IGattClientCharacteristicsResult *> >::*)(Windows::Foundation::IAsyncOperation<Microsoft::Bluetooth::Profiles::Gatt::Interface::GattClientCharacteristicsResult *> *,enum ABI::Windows::Foundation::AsyncStatus)>::DelegateInvokeHelper<Microsoft::WRL::Implements<Microsoft::WRL::RuntimeClassFlags<2>,Windows::Foundation::IAsyncOperationCompletedHandler<Microsoft::Bluetooth::Profiles::Gatt::Interface::GattClientCharacteristicsResult *>,IUnknown>,<lambda_e73f5ac645ba7aec6d65e8003fd4e85a>,-1,Windows::Foundation::IAsyncOperation<Microsoft::Bluetooth::Profiles::Gatt::Interface::GattClientCharacteristicsResult *> *,enum ABI::Windows::Foundation::AsyncStatus>::Invoke+0xf
00007ffd`0a1b570e     : 00007ffc`ff5a2be0 00000041`57dfdb60 000001fc`64bfd800 00000000`00000000 : RPCRT4!Invoke+0x73
00007ffd`0a0e6680     : 00000000`00000004 000001fc`64000140 00000000`00000000 00000000`00000000 : RPCRT4!Ndr64StubWorker+0x6ee
00007ffd`092680dd     : 00000000`00000000 00000041`57dfdcc0 00007ffc`ff59f7e0 00000000`00000000 : RPCRT4!NdrStubCall3+0xc0
00007ffd`0926801b     : 00000000`00000001 000001fc`64bfd800 000001fc`649efa80 00000000`00000001 : combase!CStdStubBuffer_Invoke+0x7d
(Inline Function)     : --------`-------- --------`-------- --------`-------- --------`-------- : combase!InvokeStubWithExceptionPolicyAndTracing::__l6::<lambda_c9f3956a20c9da92a64affc24fdd69ec>::operator()+0x26
00007ffd`09267596     : 000001fc`649f9610 00000041`57dfdc70 00000041`57dfdc08 00007ffc`00000001 : combase!ObjectMethodExceptionHandlingAction<<lambda_c9f3956a20c9da92a64affc24fdd69ec> >+0x47
(Inline Function)     : --------`-------- --------`-------- --------`-------- --------`-------- : combase!InvokeStubWithExceptionPolicyAndTracing+0x182
00007ffd`092668a8     : 000001fc`649f9610 00000041`57dfdea8 000001fc`646f3650 00000000`00000000 : combase!DefaultStubInvoke+0x376
(Inline Function)     : --------`-------- --------`-------- --------`-------- --------`-------- : combase!SyncStubCall::Invoke+0x7
(Inline Function)     : --------`-------- --------`-------- --------`-------- --------`-------- : combase!SyncServerCall::StubInvoke+0x33
00007ffd`0933903f     : 000001fc`649e94f0 00000041`57dfdee8 000001fc`641a8180 00000041`57dfe468 : combase!StubInvoke+0x138
00007ffd`0928963a     : 00000000`00000000 000001fc`64bfd770 000001fc`64bfd700 000001fc`64bfd770 : combase!ServerCall::ContextInvoke+0x28f
00007ffd`09279cdc     : 00000000`00000000 00000041`57dfe180 000001fc`64bfd770 00007ffd`092798c2 : combase!DefaultInvokeInApartment+0x8a
00007ffd`09282d6f     : 00000000`00000000 00000000`00000000 000001fc`649e94f0 00000000`00000000 : combase!ComInvokeWithLockAndIPID+0xd0c
(Inline Function)     : --------`-------- --------`-------- --------`-------- --------`-------- : combase!ThreadInvokeReturnHresult+0x108
00007ffd`0a167b27     : 00000000`00000000 00007ffd`0a132900 0000b499`d02ed401 00007ffd`0a133c00 : combase!ThreadInvoke+0x11f
00007ffd`0a130f44     : 00000000`00000010 00000000`00000000 00000041`57dfe670 ffffffff`ffffffff : RPCRT4!DispatchToStubInCNoAvrf+0x17
00007ffd`0a131d0a     : 00000041`57dfe6e0 00000000`00000001 00000041`00000000 000001fc`6492c890 : RPCRT4!RPC_INTERFACE::DispatchToStubWorker+0x194
00007ffd`0a11f0e4     : 000001fc`00000000 00000000`00000000 000001fc`6492c890 00000000`00000000 : RPCRT4!LRPC_SCALL::DispatchRequest+0x85a
00007ffd`0a12f4ac     : 000001fc`64cf0e00 00000000`00000000 000001fc`a72f0580 00000000`00000000 : RPCRT4!LRPC_SCALL::QueueOrDispatchCall+0xe4
00007ffd`0a1354ac     : 000001fc`6492c890 000001fc`6492c890 000001fc`6492c890 000001fc`64b99e10 : RPCRT4!LRPC_SCALL::HandleRequest+0x2bc
00007ffd`0a134633     : 000001fc`a72f0580 000001fc`a72e6c80 00000000`00000000 000001fc`641a7920 : RPCRT4!LRPC_ADDRESS::HandleRequest+0x3ac
00007ffd`0a1335d8     : 00000041`57dff608 00000000`00000000 000001fc`641a7a28 00000041`57dff608 : RPCRT4!LRPC_ADDRESS::ProcessIO+0x2f3
00007ffd`0a399eee     : 000001fc`64000000 00007ffd`0a3a61d7 00000000`00000390 00000000`00000000 : RPCRT4!LrpcIoComplete+0xc8
00007ffd`0a39a843     : 00000000`00000008 00000000`00000000 000001fc`641c9c40 00000000`00000000 : ntdll!TppAlpcpExecuteCallback+0x44e
00007ffd`090dcd87     : 00000000`00000000 00000000`00000000 00000000`00000000 00000000`00000000 : ntdll!TppWorkerThread+0x563
00007ffd`0a42caec     : 00000000`00000000 00000000`00000000 000004f0`fffffb30 000004d0`fffffb30 : KERNEL32!BaseThreadInitThunk+0x17
00000000`00000000     : 00000000`00000000 00000000`00000000 00000000`00000000 00000000`00000000 : ntdll!RtlUserThreadStart+0x2c

  25  Id: 2ba4.2004 Suspend: 1 Teb: 00000041`4105f000 Unfrozen
RetAddr               : Args to Child                                                           : Call Site
00007ffd`0a39a65e     : 00000000`0000ffff 00000000`00000000 00007ffd`0a398d70 000001fc`64103280 : ntdll!NtWaitForWorkViaWorkerFactory+0x17
00007ffd`090dcd87     : 00000000`00000000 00000000`00000000 00000000`00000000 00000000`00000000 : ntdll!TppWorkerThread+0x37e
00007ffd`0a42caec     : 00000000`00000000 00000000`00000000 000004f0`fffffb30 000004d0`fffffb30 : KERNEL32!BaseThreadInitThunk+0x17
00000000`00000000     : 00000000`00000000 00000000`00000000 00000000`00000000 00000000`00000000 : ntdll!RtlUserThreadStart+0x2c

  26  Id: 2ba4.1df8 Suspend: 1 Teb: 00000041`41061000 Unfrozen
RetAddr               : Args to Child                                                           : Call Site
00007ffd`07cabe9f     : 00000000`00000000 00000000`00000000 00000000`00000000 00000000`00000000 : ntdll!NtWaitForSingleObject+0x17
00007ffc`e9651de4     : 000001fc`646f9d00 000001fc`646f9d00 00000000`00000001 00000000`000003a4 : KERNELBASE!WaitForSingleObjectEx+0xaf
00007ffc`e9651c7e     : 00000000`00000000 000001fc`64a21c30 00000000`00000000 00000000`00000000 : WlanRadioManager!CWlanRadioManager::_RegisterServiceStatus+0xd4
00007ffd`090dcd87     : 00000000`00000000 00000000`00000000 00000000`00000000 00000000`00000000 : WlanRadioManager!CWlanRadioManager::NotifyServiceStatusChangeThread+0x2e
00007ffd`0a42caec     : 00000000`00000000 00000000`00000000 000004f0`fffffb30 000004d0`fffffb30 : KERNEL32!BaseThreadInitThunk+0x17
00000000`00000000     : 00000000`00000000 00000000`00000000 00000000`00000000 00000000`00000000 : ntdll!RtlUserThreadStart+0x2c

  27  Id: 2ba4.b58 Suspend: 1 Teb: 00000041`41063000 Unfrozen
RetAddr               : Args to Child                                                           : Call Site
00007ffd`07cabe9f     : 00000000`00000000 00000000`000000c0 00000000`00000000 00000000`00000000 : ntdll!NtWaitForSingleObject+0x17
00007ffc`fe13fce5     : 00000000`000003ec 00000000`00000000 00000000`00000001 00000000`000003ec : KERNELBASE!WaitForSingleObjectEx+0xaf
00007ffd`090dcd87     : 00000000`00000000 00000000`00000000 00000000`00000000 00000000`00000000 : wlanapi!NotificationApcThreadProc+0x55
00007ffd`0a42caec     : 00000000`00000000 00000000`00000000 000004f0`fffffb30 000004d0`fffffb30 : KERNEL32!BaseThreadInitThunk+0x17
00000000`00000000     : 00000000`00000000 00000000`00000000 00000000`00000000 00000000`00000000 : ntdll!RtlUserThreadStart+0x2c

  28  Id: 2ba4.2a80 Suspend: 1 Teb: 00000041`41065000 Unfrozen
RetAddr               : Args to Child                                                           : Call Site
00007ffd`0a39a65e     : 00000000`0000ffff 00000000`00000000 00007ffd`0a398d70 000001fc`64103280 : ntdll!NtWaitForWorkViaWorkerFactory+0x17
00007ffd`090dcd87     : 00000000`00000000 00000000`00000000 00000000`00000000 00000000`00000000 : ntdll!TppWorkerThread+0x37e
00007ffd`0a42caec     : 00000000`00000000 00000000`00000000 000004f0`fffffb30 000004d0`fffffb30 : KERNEL32!BaseThreadInitThunk+0x17
00000000`00000000     : 00000000`00000000 00000000`00000000 00000000`00000000 00000000`00000000 : ntdll!RtlUserThreadStart+0x2c

  29  Id: 2ba4.2aac Suspend: 1 Teb: 00000041`41067000 Unfrozen
RetAddr               : Args to Child                                                           : Call Site
00007ffd`0a39a65e     : 00000000`0000ffff 00000000`00000000 00007ffd`0a398d70 000001fc`64103280 : ntdll!NtWaitForWorkViaWorkerFactory+0x17
00007ffd`090dcd87     : 00000000`00000000 00000000`00000000 00000000`00000000 00000000`00000000 : ntdll!TppWorkerThread+0x37e
00007ffd`0a42caec     : 00000000`00000000 00000000`00000000 000004f0`fffffb30 000004d0`fffffb30 : KERNEL32!BaseThreadInitThunk+0x17
00000000`00000000     : 00000000`00000000 00000000`00000000 00000000`00000000 00000000`00000000 : ntdll!RtlUserThreadStart+0x2c

  30  Id: 2ba4.1fbc Suspend: 1 Teb: 00000041`41069000 Unfrozen
RetAddr               : Args to Child                                                           : Call Site
00007ffd`0a39a65e     : 00000000`0000ffff 00000000`00000000 00007ffd`0a398d70 000001fc`64103280 : ntdll!NtWaitForWorkViaWorkerFactory+0x17
00007ffd`090dcd87     : 00000000`00000000 00000000`00000000 00000000`00000000 00000000`00000000 : ntdll!TppWorkerThread+0x37e
00007ffd`0a42caec     : 00000000`00000000 00000000`00000000 000004f0`fffffb30 000004d0`fffffb30 : KERNEL32!BaseThreadInitThunk+0x17
00000000`00000000     : 00000000`00000000 00000000`00000000 00000000`00000000 00000000`00000000 : ntdll!RtlUserThreadStart+0x2c

  31  Id: 2ba4.22ec Suspend: 1 Teb: 00000041`4106f000 Unfrozen
RetAddr               : Args to Child                                                           : Call Site
00007ffd`0a39a65e     : 00000000`00000000 00000000`00000000 00007ffd`0a398d70 000001fc`641a7b80 : ntdll!NtWaitForWorkViaWorkerFactory+0x17
00007ffd`090dcd87     : 00000000`00000000 00000000`00000000 00000000`00000000 00000000`00000000 : ntdll!TppWorkerThread+0x37e
00007ffd`0a42caec     : 00000000`00000000 00000000`00000000 000004f0`fffffb30 000004d0`fffffb30 : KERNEL32!BaseThreadInitThunk+0x17
00000000`00000000     : 00000000`00000000 00000000`00000000 00000000`00000000 00000000`00000000 : ntdll!RtlUserThreadStart+0x2c

  32  Id: 2ba4.16e4 Suspend: 1 Teb: 00000041`41071000 Unfrozen
RetAddr               : Args to Child                                                           : Call Site
00007ffd`0a39a65e     : 00000000`0000ffff 00000000`00000000 00007ffd`0a398d70 000001fc`64103280 : ntdll!NtWaitForWorkViaWorkerFactory+0x17
00007ffd`090dcd87     : 00000000`00000000 00000000`00000000 00000000`00000000 00000000`00000000 : ntdll!TppWorkerThread+0x37e
00007ffd`0a42caec     : 00000000`00000000 00000000`00000000 000004f0`fffffb30 000004d0`fffffb30 : KERNEL32!BaseThreadInitThunk+0x17
00000000`00000000     : 00000000`00000000 00000000`00000000 00000000`00000000 00000000`00000000 : ntdll!RtlUserThreadStart+0x2c

  33  Id: 2ba4.1a78 Suspend: 1 Teb: 00000041`41073000 Unfrozen
RetAddr               : Args to Child                                                           : Call Site
00007ffd`0a39a65e     : 00000000`00000000 00000000`00000000 00007ffd`0a399aa0 000001fc`64103280 : ntdll!NtWaitForWorkViaWorkerFactory+0x17
00007ffd`090dcd87     : 00000000`00000000 00000000`00000000 00000000`00000000 00000000`00000000 : ntdll!TppWorkerThread+0x37e
00007ffd`0a42caec     : 00000000`00000000 00000000`00000000 000004f0`fffffb30 000004d0`fffffb30 : KERNEL32!BaseThreadInitThunk+0x17
00000000`00000000     : 00000000`00000000 00000000`00000000 00000000`00000000 00000000`00000000 : ntdll!RtlUserThreadStart+0x2c

  34  Id: 2ba4.31dc Suspend: 1 Teb: 00000041`41075000 Unfrozen
RetAddr               : Args to Child                                                           : Call Site
00007ffd`0a39a65e     : 000001fc`641a7b80 00000041`41022000 00000000`00000000 000001fc`641a7b80 : ntdll!NtWaitForWorkViaWorkerFactory+0x17
00007ffd`090dcd87     : 00000000`00000000 00000000`00000000 00000000`00000000 00000000`00000000 : ntdll!TppWorkerThread+0x37e
00007ffd`0a42caec     : 00000000`00000000 00000000`00000000 000004f0`fffffb30 000004d0`fffffb30 : KERNEL32!BaseThreadInitThunk+0x17
00000000`00000000     : 00000000`00000000 00000000`00000000 00000000`00000000 00000000`00000000 : ntdll!RtlUserThreadStart+0x2c

  35  Id: 2ba4.1904 Suspend: 1 Teb: 00000041`41079000 Unfrozen
RetAddr               : Args to Child                                                           : Call Site
00007ffd`0a39a65e     : 000001fc`64103280 00000041`41022000 00000000`00000000 000001fc`64103280 : ntdll!NtWaitForWorkViaWorkerFactory+0x17
00007ffd`090dcd87     : 00000000`00000000 00000000`00000000 00000000`00000000 00000000`00000000 : ntdll!TppWorkerThread+0x37e
00007ffd`0a42caec     : 00000000`00000000 00000000`00000000 000004f0`fffffb30 000004d0`fffffb30 : KERNEL32!BaseThreadInitThunk+0x17
00000000`00000000     : 00000000`00000000 00000000`00000000 00000000`00000000 00000000`00000000 : ntdll!RtlUserThreadStart+0x2c
quit:
NatVis script unloaded from 'C:\ubm-rc21-qualification\tools\windbg\amd64\Visualizers\atlmfc.natvis'
NatVis script unloaded from 'C:\ubm-rc21-qualification\tools\windbg\amd64\Visualizers\concurrency.natvis'
NatVis script unloaded from 'C:\ubm-rc21-qualification\tools\windbg\amd64\Visualizers\cpp_rest.natvis'
NatVis script unloaded from 'C:\ubm-rc21-qualification\tools\windbg\amd64\Visualizers\ObjectiveC.natvis'
NatVis script unloaded from 'C:\ubm-rc21-qualification\tools\windbg\amd64\Visualizers\stl.natvis'
NatVis script unloaded from 'C:\ubm-rc21-qualification\tools\windbg\amd64\Visualizers\Windows.Data.Json.natvis'
NatVis script unloaded from 'C:\ubm-rc21-qualification\tools\windbg\amd64\Visualizers\Windows.Devices.Geolocation.natvis'
NatVis script unloaded from 'C:\ubm-rc21-qualification\tools\windbg\amd64\Visualizers\Windows.Devices.Sensors.natvis'
NatVis script unloaded from 'C:\ubm-rc21-qualification\tools\windbg\amd64\Visualizers\Windows.Media.natvis'
NatVis script unloaded from 'C:\ubm-rc21-qualification\tools\windbg\amd64\Visualizers\windows.natvis'
NatVis script unloaded from 'C:\ubm-rc21-qualification\tools\windbg\amd64\Visualizers\winrt.natvis'
{"phase":"native-call-start","name":"close","args":[]}
{"phase":"native-call-settled","name":"close","ok":true,"value":{"state":"released","failures":[]}}
{"phase":"runtime-capabilities","runtime":{"node":"26.3.0","bun":"1.4.2","boringssl":"41bf9b59c2ebf277a7aa427e1ecad5cc80dd4d4f","openssl":"1.1.0","llhttp":"9.3.0","libarchive":"ded82291ab41d5e355831b96b0e1ff49e24d8939","mimalloc":"6a64e1ba7f5b2130d4efccb67ec87fd0003f0f6a","picohttpparser":"066d2b1e9ab820703db0837a7255d92d30f0c9f5","uwebsockets":"744846f844374847c902b5e7fd59b4342a51ef99","webkit":"2e2aa2290fac856d6f451ceacb58f7f5b44dd057","zig":"04e7f6ac1e009525bc00934f20199c68f04e0a24","zlib":"12731092979c6d07f42da27da673a9f6c7b13586","tinycc":"05f0fafaa3be31e31d7b4b5c17dc60f62c991171","lolhtml":"725ce499aa9b71e38b7a2d0a9fbb6d7294a4079e","ares":"c7a3138dcfe3bb0eaaf10c0c24c36dc66dc790ab","libdeflate":"c8c56a20f8f621e6a966b716b31f1dedab6a41e3","usockets":"744846f844374847c902b5e7fd59b4342a51ef99","lshpack":"8905c024b6d052f083a3d11d0a169b3c2735c8a1","zstd":"f8745da6ff1ad1e7bab384bd1f9d742439278e99","v8":"14.6.202.34-node.20","uv":"1.51.1-dev","napi":"10","icu":"78.3","unicode":"17.0","sqlite":"3.53.2","modules":"147"},"features":[{"id":"connection:parameters","state":"limited","selectedSchemaRange":{"axis":"capability-schema","minimum":{"axis":"capability-schema","value":1},"maximum":{"axis":"capability-schema","value":1}},"implementationOrigin":"backend-native","tck":{"suiteId":"connection-controls","requiredScenarioIds":["connection.rssi-and-att-mtu-capability-contract"],"contractRange":{"axis":"capability-schema","minimum":{"axis":"capability-schema","value":1},"maximum":{"axis":"capability-schema","value":1}}},"evidence":{"receiptId":"winrt-rust-core-connection-parameters-v2:deterministic","evidenceLevel":"deterministic","implementationVersion":"5.0.0-rc.21","sourceDigest":"winrt-rust-core-connection-parameters-v2","scenarioIds":["connection.rssi-and-att-mtu-capability-contract"],"limitations":[{"code":"live-radio-qualification-pending","explanation":"The backend operation has deterministic contract coverage; physical-radio qualification remains separate.","affectedGuarantee":"reliability-qualified physical-radio interoperability"}]},"limitations":[{"code":"live-radio-qualification-pending","explanation":"The backend operation has deterministic contract coverage; physical-radio qualification remains separate.","affectedGuarantee":"reliability-qualified physical-radio interoperability"}],"limits":{"availability":{"maximum":1,"minimum":null,"unit":"boolean"}}},{"id":"connection:priority","state":"limited","selectedSchemaRange":{"axis":"capability-schema","minimum":{"axis":"capability-schema","value":1},"maximum":{"axis":"capability-schema","value":1}},"implementationOrigin":"backend-native","tck":{"suiteId":"connection-controls","requiredScenarioIds":["connection.rssi-and-att-mtu-capability-contract"],"contractRange":{"axis":"capability-schema","minimum":{"axis":"capability-schema","value":1},"maximum":{"axis":"capability-schema","value":1}}},"evidence":{"receiptId":"winrt-rust-core-connection-priority-v2:deterministic","evidenceLevel":"deterministic","implementationVersion":"5.0.0-rc.21","sourceDigest":"winrt-rust-core-connection-priority-v2","scenarioIds":["connection.rssi-and-att-mtu-capability-contract"],"limitations":[{"code":"live-radio-qualification-pending","explanation":"The backend operation has deterministic contract coverage; physical-radio qualification remains separate.","affectedGuarantee":"reliability-qualified physical-radio interoperability"}]},"limitations":[{"code":"live-radio-qualification-pending","explanation":"The backend operation has deterministic contract coverage; physical-radio qualification remains separate.","affectedGuarantee":"reliability-qualified physical-radio interoperability"}],"limits":{"availability":{"maximum":1,"minimum":null,"unit":"boolean"}}},{"id":"peer:known","state":"limited","selectedSchemaRange":{"axis":"capability-schema","minimum":{"axis":"capability-schema","value":1},"maximum":{"axis":"capability-schema","value":1}},"implementationOrigin":"backend-native","tck":{"suiteId":"capability.catalog-v2","requiredScenarioIds":["scenario.scan-connect-discover-read-notify-destroy"],"contractRange":{"axis":"capability-schema","minimum":{"axis":"capability-schema","value":1},"maximum":{"axis":"capability-schema","value":1}}},"evidence":{"receiptId":"winrt-rust-core-peer-known-v1:deterministic","evidenceLevel":"deterministic","implementationVersion":"5.0.0-rc.21","sourceDigest":"winrt-rust-core-peer-known-v1","scenarioIds":["scenario.scan-connect-discover-read-notify-destroy"],"limitations":[{"code":"live-radio-qualification-pending","explanation":"The backend operation has deterministic contract coverage; physical-radio qualification remains separate.","affectedGuarantee":"reliability-qualified physical-radio interoperability"}]},"limitations":[{"code":"live-radio-qualification-pending","explanation":"The backend operation has deterministic contract coverage; physical-radio qualification remains separate.","affectedGuarantee":"reliability-qualified physical-radio interoperability"}],"limits":{"availability":{"maximum":1,"minimum":null,"unit":"boolean"}}},{"id":"peer:system-connected","state":"limited","selectedSchemaRange":{"axis":"capability-schema","minimum":{"axis":"capability-schema","value":1},"maximum":{"axis":"capability-schema","value":1}},"implementationOrigin":"backend-native","tck":{"suiteId":"capability.catalog-v2","requiredScenarioIds":["scenario.scan-connect-discover-read-notify-destroy"],"contractRange":{"axis":"capability-schema","minimum":{"axis":"capability-schema","value":1},"maximum":{"axis":"capability-schema","value":1}}},"evidence":{"receiptId":"winrt-rust-core-peer-system-connected-v1:deterministic","evidenceLevel":"deterministic","implementationVersion":"5.0.0-rc.21","sourceDigest":"winrt-rust-core-peer-system-connected-v1","scenarioIds":["scenario.scan-connect-discover-read-notify-destroy"],"limitations":[{"code":"live-radio-qualification-pending","explanation":"The backend operation has deterministic contract coverage; physical-radio qualification remains separate.","affectedGuarantee":"reliability-qualified physical-radio interoperability"}]},"limitations":[{"code":"live-radio-qualification-pending","explanation":"The backend operation has deterministic contract coverage; physical-radio qualification remains separate.","affectedGuarantee":"reliability-qualified physical-radio interoperability"}],"limits":{"availability":{"maximum":1,"minimum":null,"unit":"boolean"}}}]}
{"phase":"system-directory-before-manager-scan","known":[],"connected":[],"counters":{"activeScanControllers":0,"scanConsumers":0,"chooserSessions":0,"connectionLeases":0,"physicalLinks":0,"databaseSnapshots":0,"physicalCccdEnablements":0,"subscriptionConsumers":0,"queuedOperations":0,"dispatchedOperations":0,"retainedByteBuffers":0,"restorationRecords":0,"orphanedIpcOwners":0}}
{"phase":"native-scan-target","name":"SIM Polar H10 0001","reference":null,"provenance":"platform-raw","origin":"advertisement","connectable":null}
{"phase":"heartbeat","at":1791405553344}
{"phase":"native-parameters-and-priority","snapshot":{"connectionGeneration":"1","observedAtMonotonicMs":7654.0726,"source":"backend","authority":"backend-observation","limitations":[{"code":"live-radio-qualification-pending","explanation":"The backend operation has deterministic contract coverage; physical-radio qualification remains separate.","affectedGuarantee":"reliability-qualified physical-radio interoperability"}],"state":"measured","intervalMs":20,"peripheralLatency":0,"supervisionTimeoutMs":9600,"subrateFactor":null,"connectionEventLengthMs":null},"initial":{"connectionGeneration":"1","observedAtMonotonicMs":7657.7675,"source":"backend","authority":"backend-observation","limitations":[{"code":"live-radio-qualification-pending","explanation":"The backend operation has deterministic contract coverage; physical-radio qualification remains separate.","affectedGuarantee":"reliability-qualified physical-radio interoperability"}],"state":"measured","intervalMs":20,"peripheralLatency":0,"supervisionTimeoutMs":9600,"subrateFactor":null,"connectionEventLengthMs":null},"priorities":[{"connectionGeneration":"1","observedAtMonotonicMs":7665.7075,"source":"backend","authority":"backend-operation","limitations":[{"code":"live-radio-qualification-pending","explanation":"The backend operation has deterministic contract coverage; physical-radio qualification remains separate.","affectedGuarantee":"reliability-qualified physical-radio interoperability"}],"state":"accepted","requested":"low-power"},{"connectionGeneration":"1","observedAtMonotonicMs":7675.3444,"source":"backend","authority":"backend-operation","limitations":[{"code":"live-radio-qualification-pending","explanation":"The backend operation has deterministic contract coverage; physical-radio qualification remains separate.","affectedGuarantee":"reliability-qualified physical-radio interoperability"}],"state":"accepted","requested":"balanced"},{"connectionGeneration":"1","observedAtMonotonicMs":7680.1537,"source":"backend","authority":"backend-operation","limitations":[{"code":"live-radio-qualification-pending","explanation":"The backend operation has deterministic contract coverage; physical-radio qualification remains separate.","affectedGuarantee":"reliability-qualified physical-radio interoperability"}],"state":"accepted","requested":"high-throughput"}]}
{"phase":"parameter-return-start"}
{"phase":"parameter-return-complete"}
{"phase":"discover-start"}
{"phase":"native-call-start","name":"discover","args":[{"peerId":"public:DC:56:7B:D9:E8:A4","lease":"winrt-core-lease-5","ticket":"ticket-10","timeoutMs":24997}]}
{"phase":"heartbeat","at":1791405558345}
{"phase":"heartbeat","at":1791405563346}
{"phase":"heartbeat","at":1791405568347}
{"phase":"heartbeat","at":1791405573347}
{"phase":"heartbeat","at":1791405578347}
{"phase":"native-call-settled","name":"discover","ok":false,"error":"Error: operation.timed-out|connection|discovery.complete|caller-decides|||"}
{"phase":"primary-scenario-error","code":"operation.timed-out","message":"operation.timed-out: winrt.gatt.discover","platform":{"domain":"desktop-rust-core","code":"core-detail","safeMessage":"","metadata":{"coreOperation":"discovery.complete"}}}
{"phase":"cleanup-start"}
{"phase":"cleanup-resource-start","name":"connection"}
{"phase":"native-call-start","name":"disconnect","args":[{"peerId":"public:DC:56:7B:D9:E8:A4","lease":"winrt-core-lease-5"}]}
{"phase":"heartbeat","at":1791405583348}
{"phase":"heartbeat","at":1791405588349}
{"phase":"heartbeat","at":1791405593350}
{"phase":"heartbeat","at":1791405598351}
{"phase":"heartbeat","at":1791405603351}
{"phase":"heartbeat","at":1791405608351}
{"phase":"heartbeat","at":1791405613352}
{"phase":"heartbeat","at":1791405620712}
{"phase":"heartbeat","at":1791405625712}
{"phase":"heartbeat","at":1791405630714}
{"phase":"heartbeat","at":1791405635714}
{"phase":"heartbeat","at":1791405640714}

#< CLIXML
<Objs Version="1.1.0.1" xmlns="http://schemas.microsoft.com/powershell/2004/04"><S S="Error">Retained Bun diagnostic exceeded bounded native lifetime_x000D__x000A_</S><S S="Error">At line:22 char:3_x000D__x000A_</S><S S="Error">+   throw 'Retained Bun diagnostic exceeded bounded native lifetime'_x000D__x000A_</S><S S="Error">+   ~~~~~~~~~~~~~~~~~~~~~~~~~~~~~~~~~~~~~~~~~~~~~~~~~~~~~~~~~~~~~~~~_x000D__x000A_</S><S S="Error">    + CategoryInfo          : OperationStopped: (Retained Bun di...native lifetime:String) [], RuntimeException_x000D__x000A_</S><S S="Error">    + FullyQualifiedErrorId : Retained Bun diagnostic exceeded bounded native lifetime_x000D__x000A_</S><S S="Error"> _x000D__x000A_</S></Objs>
{"exitcode": 1, "outTruncated": false, "errTruncated": false}
