{"guestPid": 5660}
{"phase":"owned-bun-mta-control-start","pid":12024,"source":"f0d0a3e8"}

************* Preparing the environment for Debugger Extensions Gallery repositories **************
   ExtensionRepository : Implicit
   UseExperimentalFeatureForNugetShare : true
   AllowNugetExeUpdate : true
   NonInteractiveNuget : true
   AllowNugetMSCredentialProviderInstall : true
   AllowParallelInitializationOfLocalRepositories : true

   -- Configuring repositories
      ----> Repository : LocalInstalled, Enabled: true
      ----> Repository : UserExtensions, Enabled: true

>>>>>>>>>>>>> Preparing the environment for Debugger Extensions Gallery repositories completed, duration 0.015 seconds

************* Waiting for Debugger Extensions Gallery to Initialize **************

>>>>>>>>>>>>> Waiting for Debugger Extensions Gallery to Initialize completed, duration 0.063 seconds
   ----> Repository : UserExtensions, Enabled: true, Packages count: 0
   ----> Repository : LocalInstalled, Enabled: true, Packages count: 46

Microsoft (R) Windows Debugger Version 10.0.29661.1004 AMD64
Copyright (c) Microsoft Corporation. All rights reserved.

*** wait with pending attach

************* Path validation summary **************
Response                         Time (ms)     Location
Deferred                                       srv*
Symbol search path is: srv*
Executable search path is: 
WARNING: Process 12024 is not attached as a debuggee
         The process can be examined but debug events will not be received
..................................................
(2ef8.343c): Wake debugger - code 80000007 (first chance)
ntdll!NtRemoveIoCompletionEx+0x17:
00007ffd`0a4e3d97 c3              ret
0:000> cdb: Reading initial command '~* kb;qd'

.  0  Id: 2ef8.343c Suspend: 1 Teb: 000000a6`5780a000 Unfrozen
RetAddr               : Args to Child                                                           : Call Site
00007ffd`07d5147f     : 00000000`00000000 00000256`8a4e0460 000000a6`58bb5f80 00007ffd`07d43cb2 : ntdll!NtRemoveIoCompletionEx+0x17
00007ff6`becd44b0     : 00000256`8a990000 00000000`00000000 00000256`8910b470 00000256`8910b470 : KERNELBASE!GetQueuedCompletionStatusEx+0xcf
00007ff6`bf92a1c9     : 000000a6`58bb71a0 00007ff6`beaf14f8 00007ff6`c38280f0 00000000`00000000 : bun!uv_run+0x380
00007ff6`bead8a14     : 00000256`8aac6ce0 00000000`00000000 00000000`000000ff 00000256`8aac0000 : bun!uv_tty_get_vterm_state+0x4a5499
00007ff6`be9b6543     : 00000256`8a9c0000 000000a6`58bcf448 000000a6`58bb73d0 00007ff6`be9a3952 : bun!uv_timer_stop+0xcdb04
00007ff6`bebf3977     : 00000000`00000000 00000000`00000000 00000000`00000000 00007ff6`be9f47f0 : bun!uv_disable_stdio_inheritance+0x26153
00007ff6`be9963cb     : 00000000`00000000 00000000`00000000 00000000`00000000 00000000`00000000 : bun!uv_guess_handle+0xc77
00007ff6`be991a09     : 00000000`00000000 00000000`00000000 00000256`89110af0 000041bd`b7149e55 : bun!uv_disable_stdio_inheritance+0x5fdb
00007ff6`be990bc8     : 000000a6`58bffa80 00007ff6`be9907a0 00000000`00000000 00000000`00000a74 : bun!uv_disable_stdio_inheritance+0x1619
00007ff6`be986747     : 00000256`89110a60 00000000`00000000 00000000`00000000 00007ff6`c2398046 : bun!uv_disable_stdio_inheritance+0x7d8
00007ff6`c23982d4     : 00007ff6`c30da5f8 00007ff6`c239810d 00000000`00000000 00000000`00000000 : bun+0x6747
00007ffd`090dcd87     : 00000000`00000000 00000000`00000000 00000000`00000000 00000000`00000000 : bun!bmalloc::Mutex::lockSlowCase+0x543764
00007ffd`0a42caec     : 00000000`00000000 00000000`00000000 000004f0`fffffb30 000004d0`fffffb30 : KERNEL32!BaseThreadInitThunk+0x17
00000000`00000000     : 00000000`00000000 00000000`00000000 00000000`00000000 00000000`00000000 : ntdll!RtlUserThreadStart+0x2c

   1  Id: 2ef8.a80 Suspend: 1 Teb: 000000a6`57810000 Unfrozen
RetAddr               : Args to Child                                                           : Call Site
00007ffd`0a39a65e     : 00000000`00000000 00000000`00000000 00007ffd`0a398d70 00000256`8910e1e0 : ntdll!NtWaitForWorkViaWorkerFactory+0x17
00007ffd`090dcd87     : 00000000`00000000 00000000`00000000 00000000`00000000 00000000`00000000 : ntdll!TppWorkerThread+0x37e
00007ffd`0a42caec     : 00000000`00000000 00000000`00000000 000004f0`fffffb30 000004d0`fffffb30 : KERNEL32!BaseThreadInitThunk+0x17
00000000`00000000     : 00000000`00000000 00000000`00000000 00000000`00000000 00000000`00000000 : ntdll!RtlUserThreadStart+0x2c

   2  Id: 2ef8.1e6c Suspend: 1 Teb: 000000a6`57814000 Unfrozen "mi-scavenger"
RetAddr               : Args to Child                                                           : Call Site
00007ffd`0a418273     : 00000000`002d2e07 00000000`00000002 00000000`00000000 00000000`00000000 : ntdll!NtWaitForAlertByThreadId+0x17
00007ffd`07d6e298     : 00007ff6`c38b79b8 00000000`00000000 000000a6`5e5ff9a0 000000a6`5e5ff998 : ntdll!RtlWaitOnAddress+0x213
00007ff6`bec87781     : 00000000`00000002 00007ffd`07d76ae0 00000006`e4d60627 00000000`00000000 : KERNELBASE!WaitOnAddress+0x38
00007ffd`090dcd87     : 00000000`00000000 00000000`00000000 00000000`00000000 00000000`00000000 : bun!uv_poll_init_socket+0xa351
00007ffd`0a42caec     : 00000000`00000000 00000000`00000000 000004f0`fffffb30 000004d0`fffffb30 : KERNEL32!BaseThreadInitThunk+0x17
00000000`00000000     : 00000000`00000000 00000000`00000000 00000000`00000000 00000000`00000000 : ntdll!RtlUserThreadStart+0x2c

   3  Id: 2ef8.c90 Suspend: 1 Teb: 000000a6`57816000 Unfrozen "tokio-rt-worker"
RetAddr               : Args to Child                                                           : Call Site
00007ffd`0a38ff6d     : 000000a6`5e7fbd29 000000a6`57816000 00287004`0c387404 00000000`00000000 : ntdll!NtWaitForAlertByThreadId+0x17
00007ffd`0a39166f     : 00000000`00000001 00000000`00000000 00000256`89cfbd00 00000000`000007d0 : ntdll!RtlpWaitOnCriticalSection+0x5ad
00007ffd`0a3928e2     : 00000256`89cfbe40 00000256`88c30101 000000a6`5e7fbe00 00000256`00000000 : ntdll!RtlpEnterCriticalSectionContended+0x1ef
00007ffc`fe4b7583     : 00000256`89cfbe40 000000a6`5e7fbe70 00007ffc`fe44b000 00007ffc`fe45e38b : ntdll!RtlEnterCriticalSection+0xf2
00007ffc`fe4b7326     : 00000256`89cfbd40 00007ffc`fe46f600 00000256`89cfb2c0 00000256`89cfab00 : Windows_Devices_Bluetooth!Windows::Devices::Bluetooth::GenericAttributeProfile::GattDeviceService::CloseServiceResources+0x1f7
*** WARNING: Unable to verify checksum for C:\ubm-rc21-qualification\f0d0a3e8\node_modules\unified-ble-manager\native\desktop-core\prebuilds\win32-x64\ubm_desktop_core.node
00007ffc`971874e9     : 00000256`00000001 000000a6`5e7fc018 000000a6`5e7fbf70 00007ffc`97186300 : Windows_Devices_Bluetooth!Windows::Devices::Bluetooth::GenericAttributeProfile::GattDeviceService::Close+0xa6
00007ffc`9715aa86     : 00000256`891dccb8 00000000`00040047 00000257`0d0f4280 00000054`00210051 : ubm_desktop_core!napi_register_module_v1+0x173a99
00007ffc`9712b33e     : 00000256`8995ae40 ffffffff`fffffffe ffffffff`ffffffff ffffffff`ffffffff : ubm_desktop_core!napi_register_module_v1+0x147036
00007ffc`9712e419     : 00000005`0003002b 00000000`00000001 00000256`890016c0 00000000`00000090 : ubm_desktop_core!napi_register_module_v1+0x1178ee
00007ffc`96edad63     : 00000000`00000000 00000000`00000000 00000000`00000000 00000000`00000000 : ubm_desktop_core!napi_register_module_v1+0x11a9c9
00007ffc`96f0a17d     : 00000000`00000000 00000000`00000000 00000000`00000000 00000000`00000000 : ubm_desktop_core+0x53ad63
00007ffc`96db09c0     : 00000000`00000000 00000000`00000000 00000000`00000000 00000000`00000000 : ubm_desktop_core+0x56a17d
00007ffc`96ca8b7a     : 00000256`89000000 00000000`00000000 00000256`89cf70e0 00000000`00000000 : ubm_desktop_core+0x4109c0
00007ffc`96cb4c47     : 00000000`00000000 00000000`00000000 00000000`00000000 00000000`00000000 : ubm_desktop_core+0x308b7a
00007ffc`96c767a3     : 000000a6`5e7ff0b0 00000000`00000000 00000000`00000000 000000a6`5e7fee60 : ubm_desktop_core+0x314c47
00007ffc`96a06e5c     : 00000000`00000000 00000000`00000000 00000000`00000000 000000a6`5e7ff128 : ubm_desktop_core+0x2d67a3
00007ffc`971adecd     : 00000000`00000000 00000256`89137ec0 00000000`00000002 00000256`89137ec0 : ubm_desktop_core+0x66e5c
00007ffc`971ad1a6     : 3ff00000`00000000 3feccccc`cccccccd 00000000`00000000 00000256`89137ec0 : ubm_desktop_core!napi_register_module_v1+0x19a47d
00007ffc`971a8667     : 00000000`00000000 00000000`00000000 00000000`00000000 00000000`00000000 : ubm_desktop_core!napi_register_module_v1+0x199756
00007ffc`971a9748     : 00000000`00000000 00000000`00000000 00000000`01000044 000000a6`5e7ff4c0 : ubm_desktop_core!napi_register_module_v1+0x194c17
00007ffc`971ae565     : 00000256`89001480 00000000`00000040 00000000`00000000 00000000`00000000 : ubm_desktop_core!napi_register_module_v1+0x195cf8
00007ffc`9719c6a4     : 00000000`00000000 00000000`00000001 00000000`00000000 00000000`00000000 : ubm_desktop_core!napi_register_module_v1+0x19ab15
00007ffc`971a795a     : 00000256`89127880 00000000`00000040 00000000`00000000 00000256`89159f90 : ubm_desktop_core!napi_register_module_v1+0x188c54
00007ffc`97194731     : 000000a6`5e7ff840 00007ffc`973fa280 00000000`00000000 010000a6`00000000 : ubm_desktop_core!napi_register_module_v1+0x193f0a
00007ffc`9719eca4     : 00000042`000e0010 00000000`00000000 00000256`89000000 00000000`00000000 : ubm_desktop_core!napi_register_module_v1+0x180ce1
00007ffc`971ff723     : 00000256`89162240 00000256`89150b00 00000256`89114d30 00000000`00000000 : ubm_desktop_core!napi_register_module_v1+0x18b254
00007ffd`090dcd87     : 00000000`00000000 00000000`00000000 00000000`00000000 00000000`00000000 : ubm_desktop_core!napi_register_module_v1+0x1ebcd3
00007ffd`0a42caec     : 00000000`00000000 00000000`00000000 000004f0`fffffb30 000004d0`fffffb30 : KERNEL32!BaseThreadInitThunk+0x17
00000000`00000000     : 00000000`00000000 00000000`00000000 00000000`00000000 00000000`00000000 : ntdll!RtlUserThreadStart+0x2c

   4  Id: 2ef8.10fc Suspend: 1 Teb: 000000a6`57818000 Unfrozen "tokio-rt-worker"
RetAddr               : Args to Child                                                           : Call Site
00007ffd`0a418273     : 00000000`00000000 00000000`00000000 00000000`00000000 00000000`00000000 : ntdll!NtWaitForAlertByThreadId+0x17
00007ffd`07d6e298     : 00000256`891130b4 00000000`00000000 000000a6`5e9ff440 00000000`00000000 : ntdll!RtlWaitOnAddress+0x213
00007ffc`971f70b3     : 00000000`ffffffff 00000000`00000000 00000000`00000000 00000000`00000000 : KERNELBASE!WaitOnAddress+0x38
00007ffc`971b0ddc     : 00000000`00000000 00000000`00000000 00000000`00000000 00000000`00000000 : ubm_desktop_core!napi_register_module_v1+0x1e3663
00007ffc`971b088f     : 00000000`00000000 00000000`00000000 00000000`00000000 00000000`00000000 : ubm_desktop_core!napi_register_module_v1+0x19d38c
00007ffc`971ac6e9     : 00000006`c198e0b1 00007ffd`0a3ebab9 00000000`00000010 00007ffd`0789e3c5 : ubm_desktop_core!napi_register_module_v1+0x19ce3f
00007ffc`971ad62e     : 00000000`00000001 00000256`8914be70 00000000`00000000 000000a6`5e9ff730 : ubm_desktop_core!napi_register_module_v1+0x198c99
00007ffc`971a8667     : 00000000`00000000 00000000`00000000 00000000`00000000 00000000`00000000 : ubm_desktop_core!napi_register_module_v1+0x199bde
00007ffc`971a9748     : 00000000`00000000 00000000`00000000 000000a6`57809000 00000000`00000000 : ubm_desktop_core!napi_register_module_v1+0x194c17
00007ffc`971ae565     : 00000256`89001480 00000000`00000040 00000000`00000000 00000000`00000000 : ubm_desktop_core!napi_register_module_v1+0x195cf8
00007ffc`9719c6a4     : 00000000`00000000 00000000`00000001 00000000`00000000 00000000`00000000 : ubm_desktop_core!napi_register_module_v1+0x19ab15
00007ffc`971a795a     : 00000256`89127f40 00000000`00000040 00000000`00000000 00000256`8915ff20 : ubm_desktop_core!napi_register_module_v1+0x188c54
00007ffc`97194731     : 000000a6`5e9ffbd0 00000000`00000001 00000000`00000000 01000000`00000000 : ubm_desktop_core!napi_register_module_v1+0x193f0a
00007ffc`9719eca4     : 00000042`00100016 00000256`89000014 00000256`89000000 00000000`00000000 : ubm_desktop_core!napi_register_module_v1+0x180ce1
00007ffc`971ff723     : 00000256`89162480 00000256`89150940 00000256`891147e0 00000000`00000000 : ubm_desktop_core!napi_register_module_v1+0x18b254
00007ffd`090dcd87     : 00000000`00000000 00000000`00000000 00000000`00000000 00000000`00000000 : ubm_desktop_core!napi_register_module_v1+0x1ebcd3
00007ffd`0a42caec     : 00000000`00000000 00000000`00000000 000004f0`fffffb30 000004d0`fffffb30 : KERNEL32!BaseThreadInitThunk+0x17
00000000`00000000     : 00000000`00000000 00000000`00000000 00000000`00000000 00000000`00000000 : ntdll!RtlUserThreadStart+0x2c

   5  Id: 2ef8.37fc Suspend: 1 Teb: 000000a6`5781a000 Unfrozen "tokio-rt-worker"
RetAddr               : Args to Child                                                           : Call Site
00007ffd`0a418273     : ffffffff`fffffffe 00000256`89975b00 000000a6`5ebfee40 00007ffc`971f65de : ntdll!NtWaitForAlertByThreadId+0x17
00007ffd`07d6e298     : 00000256`89113594 00000000`00000000 000000a6`5ebfeec0 00000000`00002caf : ntdll!RtlWaitOnAddress+0x213
00007ffc`971f70b3     : 00000000`ffffffff 00000256`89975b00 00ffffff`fffffffe 00000256`89975b30 : KERNELBASE!WaitOnAddress+0x38
00007ffc`971b0ddc     : 000000a6`5ebfef50 00007ffc`971aa6dc 00000256`89113438 00000000`00000000 : ubm_desktop_core!napi_register_module_v1+0x1e3663
00007ffc`971b088f     : ffffffff`fffffffe 00000000`00000002 00000256`8914eed0 00000256`8916e6b0 : ubm_desktop_core!napi_register_module_v1+0x19d38c
00007ffc`971ac6e9     : 00000006`e899c0d3 00007ffd`0a3ebab9 00000256`89975b00 00000256`8914eed0 : ubm_desktop_core!napi_register_module_v1+0x19ce3f
00007ffc`971ad62e     : 4237ffff`ffb2aca7 3feccccc`cccccccd 00000000`00000000 00000256`8914eed0 : ubm_desktop_core!napi_register_module_v1+0x198c99
00007ffc`971a8667     : 00000000`00000000 00000000`00000000 00000000`00000000 00000000`00000000 : ubm_desktop_core!napi_register_module_v1+0x199bde
00007ffc`971a9748     : 00000000`00000000 00000000`00000000 000000a6`57809000 00000000`00000000 : ubm_desktop_core!napi_register_module_v1+0x194c17
00007ffc`971ae565     : 00000256`89001480 00000000`00000040 00000000`00000000 00000000`00000000 : ubm_desktop_core!napi_register_module_v1+0x195cf8
00007ffc`9719c6a4     : 00000000`00000000 00000000`00000001 00000000`00000000 00000000`00000000 : ubm_desktop_core!napi_register_module_v1+0x19ab15
00007ffc`971a795a     : 00000256`89127c40 00000000`00000040 00000000`00000000 00000256`8916e710 : ubm_desktop_core!napi_register_module_v1+0x188c54
00007ffc`97194731     : 000000a6`5ebff650 00000000`00000001 00000000`00000000 01000000`00000000 : ubm_desktop_core!napi_register_module_v1+0x193f0a
00007ffc`9719eca4     : 00000042`00160017 00000256`89000014 00000256`89000000 00000000`00000000 : ubm_desktop_core!napi_register_module_v1+0x180ce1
00007ffc`971ff723     : 00000256`89162270 00000256`89150a80 00000256`891146f0 00000000`00000000 : ubm_desktop_core!napi_register_module_v1+0x18b254
00007ffd`090dcd87     : 00000000`00000000 00000000`00000000 00000000`00000000 00000000`00000000 : ubm_desktop_core!napi_register_module_v1+0x1ebcd3
00007ffd`0a42caec     : 00000000`00000000 00000000`00000000 000004f0`fffffb30 000004d0`fffffb30 : KERNEL32!BaseThreadInitThunk+0x17
00000000`00000000     : 00000000`00000000 00000000`00000000 00000000`00000000 00000000`00000000 : ntdll!RtlUserThreadStart+0x2c

   6  Id: 2ef8.aa4 Suspend: 1 Teb: 000000a6`5781c000 Unfrozen "tokio-rt-worker"
RetAddr               : Args to Child                                                           : Call Site
00007ffd`0a418273     : 00000000`00000000 00000000`00000000 00000000`00000000 00000000`00000000 : ntdll!NtWaitForAlertByThreadId+0x17
00007ffd`07d6e298     : 00000256`89113414 00000000`00000000 000000a6`5edff2d0 00000000`00000000 : ntdll!RtlWaitOnAddress+0x213
00007ffc`971f70b3     : 00000000`ffffffff 00000000`00000000 00000000`00000000 00000000`00000000 : KERNELBASE!WaitOnAddress+0x38
00007ffc`971b0ddc     : 00000000`00000000 00000000`00000000 00000000`00000000 00000000`00000000 : ubm_desktop_core!napi_register_module_v1+0x1e3663
00007ffc`971b088f     : 00000000`00000000 00000000`00000000 00000000`00000000 00000000`00000000 : ubm_desktop_core!napi_register_module_v1+0x19d38c
00007ffc`971ac6e9     : 00000006`c198ee29 00007ffd`0a3ebab9 00000000`00000010 00007ffd`0789e3c5 : ubm_desktop_core!napi_register_module_v1+0x19ce3f
00007ffc`971ad62e     : 00000000`00000001 00000256`8914be70 00000000`00000000 000000a6`5edff5c0 : ubm_desktop_core!napi_register_module_v1+0x198c99
00007ffc`971a8667     : 00000000`00000000 00000000`00000000 00000000`00000000 00000000`00000000 : ubm_desktop_core!napi_register_module_v1+0x199bde
00007ffc`971a9748     : 00000000`00000000 00000000`00000000 000000a6`57809000 00000000`00000000 : ubm_desktop_core!napi_register_module_v1+0x194c17
00007ffc`971ae565     : 00000256`89001480 00000000`00000040 00000000`00000000 00000000`00000000 : ubm_desktop_core!napi_register_module_v1+0x195cf8
00007ffc`9719c6a4     : 00000000`00000000 00000000`00000001 00000000`00000000 00000000`00000000 : ubm_desktop_core!napi_register_module_v1+0x19ab15
00007ffc`971a795a     : 00000256`89127940 00000000`00000040 00000000`00000000 00000256`89160590 : ubm_desktop_core!napi_register_module_v1+0x188c54
00007ffc`97194731     : 000000a6`5edffa60 00000000`00000001 00000000`00000000 01000000`00000000 : ubm_desktop_core!napi_register_module_v1+0x193f0a
00007ffc`9719eca4     : 00000042`0012000c 00000256`89000014 00000256`89000000 00000000`00000000 : ubm_desktop_core!napi_register_module_v1+0x180ce1
00007ffc`971ff723     : 00000256`891625a0 00000256`89150a60 00000256`89114790 00000000`00000000 : ubm_desktop_core!napi_register_module_v1+0x18b254
00007ffd`090dcd87     : 00000000`00000000 00000000`00000000 00000000`00000000 00000000`00000000 : ubm_desktop_core!napi_register_module_v1+0x1ebcd3
00007ffd`0a42caec     : 00000000`00000000 00000000`00000000 000004f0`fffffb30 000004d0`fffffb30 : KERNEL32!BaseThreadInitThunk+0x17
00000000`00000000     : 00000000`00000000 00000000`00000000 00000000`00000000 00000000`00000000 : ntdll!RtlUserThreadStart+0x2c

   7  Id: 2ef8.1ddc Suspend: 1 Teb: 000000a6`5781e000 Unfrozen "tokio-rt-worker"
RetAddr               : Args to Child                                                           : Call Site
00007ffd`0a418273     : 00000000`00000000 00000087`00010003 00000000`00000000 00000256`89bf6680 : ntdll!NtWaitForAlertByThreadId+0x17
00007ffd`07d6e298     : 00000256`89150bbc 00000000`00000000 000000a6`5effeda0 00000000`00001292 : ntdll!RtlWaitOnAddress+0x213
00007ffc`971f70b3     : 00007ffc`9768e9c0 000000a6`5efff280 00000256`89975380 00000256`89975380 : KERNELBASE!WaitOnAddress+0x38
00007ffc`97193c38     : 000000a6`00000002 00000000`00000002 00000000`00000000 000000a6`5effebc0 : ubm_desktop_core!napi_register_module_v1+0x1e3663
00007ffc`971aa66d     : 00000256`89113438 000000a6`5efff201 000000a6`5effeed0 000000a6`5effee98 : ubm_desktop_core!napi_register_module_v1+0x1801e8
00007ffc`971b08aa     : ffffffff`fffffffe 00000256`8914ee60 00000000`00000008 00000256`891609e0 : ubm_desktop_core!napi_register_module_v1+0x196c1d
00007ffc`971ac6e9     : 00000006`e7423bea 00007ffd`0a3ebab9 00000256`89bfed00 00000256`8914ee40 : ubm_desktop_core!napi_register_module_v1+0x19ce5a
00007ffc`971ad62e     : 3ff00000`00000000 3feccccc`cccccccd 00000000`00000000 00000256`8914ee40 : ubm_desktop_core!napi_register_module_v1+0x198c99
00007ffc`971a8667     : 00000000`00000000 00000000`00000000 00000000`00000000 00000000`00000000 : ubm_desktop_core!napi_register_module_v1+0x199bde
00007ffc`971a9748     : 00000000`00000000 00000000`00000000 000000a6`57809000 00000000`00000000 : ubm_desktop_core!napi_register_module_v1+0x194c17
00007ffc`971ae565     : 00000256`89001480 00000000`00000040 00000000`00000000 00000000`00000000 : ubm_desktop_core!napi_register_module_v1+0x195cf8
00007ffc`9719c6a4     : 00000000`00000000 00000000`00000001 00000000`00000000 00000000`00000000 : ubm_desktop_core!napi_register_module_v1+0x19ab15
00007ffc`971a795a     : 00000256`89127c00 00000000`00000040 00000000`00000000 00000256`89160a40 : ubm_desktop_core!napi_register_module_v1+0x188c54
00007ffc`97194731     : 000000a6`5efff5b0 00000000`00000001 00000000`00000000 01000000`00000000 : ubm_desktop_core!napi_register_module_v1+0x193f0a
00007ffc`9719eca4     : 00000042`0014000e 00000256`89000014 00000256`89000000 00000000`00000000 : ubm_desktop_core!napi_register_module_v1+0x180ce1
00007ffc`971ff723     : 00000256`89162330 00000256`89150a40 00000256`891140b0 00000000`00000000 : ubm_desktop_core!napi_register_module_v1+0x18b254
00007ffd`090dcd87     : 00000000`00000000 00000000`00000000 00000000`00000000 00000000`00000000 : ubm_desktop_core!napi_register_module_v1+0x1ebcd3
00007ffd`0a42caec     : 00000000`00000000 00000000`00000000 000004f0`fffffb30 000004d0`fffffb30 : KERNEL32!BaseThreadInitThunk+0x17
00000000`00000000     : 00000000`00000000 00000000`00000000 00000000`00000000 00000000`00000000 : ntdll!RtlUserThreadStart+0x2c

   8  Id: 2ef8.ee8 Suspend: 1 Teb: 000000a6`57820000 Unfrozen "tokio-rt-worker"
RetAddr               : Args to Child                                                           : Call Site
00007ffd`0a418273     : ffffffff`fffffffe 00000256`899756c8 ffffffff`fffffffe 00000256`89975680 : ntdll!NtWaitForAlertByThreadId+0x17
00007ffd`07d6e298     : 00000256`89113da4 00000000`00000000 000000a6`5f1fef30 00000000`00001aa7 : ntdll!RtlWaitOnAddress+0x213
00007ffc`971f70b3     : 00000000`ffffffff 00000256`89975800 00ffffff`fffffffe ffffffff`fffffffe : KERNELBASE!WaitOnAddress+0x38
00007ffc`971b0ddc     : 000000a6`5f1fefc0 00007ffc`971aa6dc 00000256`89113438 00000000`00000000 : ubm_desktop_core!napi_register_module_v1+0x1e3663
00007ffc`971b088f     : ffffffff`fffffffe 00000256`89138e00 00000256`89975800 00000256`8916f9e0 : ubm_desktop_core!napi_register_module_v1+0x19d38c
00007ffc`971ac6e9     : 00000006`e8999903 00007ffd`0a3ebab9 00000256`89975680 00000256`89138de0 : ubm_desktop_core!napi_register_module_v1+0x19ce3f
00007ffc`971ad62e     : 4237ffff`ffb2aca7 3feccccc`cccccccd 00000000`00000000 00000256`89138de0 : ubm_desktop_core!napi_register_module_v1+0x198c99
00007ffc`971a8667     : 00000000`00000000 00000000`00000000 00000000`00000000 00000000`00000000 : ubm_desktop_core!napi_register_module_v1+0x199bde
00007ffc`971a9748     : 00000000`00000000 00000000`00000000 000000a6`57809000 00000000`00000000 : ubm_desktop_core!napi_register_module_v1+0x194c17
00007ffc`971ae565     : 00000256`89001480 00000000`00000040 00000000`00000000 00000000`00000000 : ubm_desktop_core!napi_register_module_v1+0x195cf8
00007ffc`9719c6a4     : 00000000`00000000 00000000`00000001 00000000`00000000 00000000`00000000 : ubm_desktop_core!napi_register_module_v1+0x19ab15
00007ffc`971a795a     : 00000256`89127cc0 00000000`00000040 00000000`00000000 00000256`8916fa40 : ubm_desktop_core!napi_register_module_v1+0x188c54
00007ffc`97194731     : 000000a6`5f1ff6c0 00000000`00000001 00000000`00000000 01000000`00000000 : ubm_desktop_core!napi_register_module_v1+0x193f0a
00007ffc`9719eca4     : 00000042`001c002b 00000256`89000014 00000256`89000000 00000000`00000000 : ubm_desktop_core!napi_register_module_v1+0x180ce1
00007ffc`971ff723     : 00000256`89162180 00000256`89150ee0 00000256`89114740 00000000`00000000 : ubm_desktop_core!napi_register_module_v1+0x18b254
00007ffd`090dcd87     : 00000000`00000000 00000000`00000000 00000000`00000000 00000000`00000000 : ubm_desktop_core!napi_register_module_v1+0x1ebcd3
00007ffd`0a42caec     : 00000000`00000000 00000000`00000000 000004f0`fffffb30 000004d0`fffffb30 : KERNEL32!BaseThreadInitThunk+0x17
00000000`00000000     : 00000000`00000000 00000000`00000000 00000000`00000000 00000000`00000000 : ntdll!RtlUserThreadStart+0x2c

   9  Id: 2ef8.2620 Suspend: 1 Teb: 000000a6`57822000 Unfrozen "tokio-rt-worker"
RetAddr               : Args to Child                                                           : Call Site
00007ffd`0a418273     : ffffffff`fffffffe 00000256`00000001 00000000`00000000 00000000`00000000 : ntdll!NtWaitForAlertByThreadId+0x17
00007ffd`07d6e298     : 00000256`891136b4 00000000`00000000 000000a6`5f3fef00 00000000`000016de : ntdll!RtlWaitOnAddress+0x213
00007ffc`971f70b3     : 00000000`ffffffff 00000256`89975b00 00000000`00000000 00000256`89975b30 : KERNELBASE!WaitOnAddress+0x38
00007ffc`971b0ddc     : 00000256`8900100a 00000000`00000000 00000070`00000000 00000000`00000020 : ubm_desktop_core!napi_register_module_v1+0x1e3663
00007ffc`971b088f     : ffffffff`fffffffe 00007ffc`96a44b3d 00000256`8914ef60 00000256`8916e9d0 : ubm_desktop_core!napi_register_module_v1+0x19d38c
00007ffc`971ac6e9     : 00000006`d3f043f6 00007ffd`0a3ebab9 00000256`89bfe080 00000256`8914ef60 : ubm_desktop_core!napi_register_module_v1+0x19ce3f
00007ffc`971ad62e     : 3ff00000`00000000 3feccccc`cccccccd 00000256`89bfe080 000000a6`5f3ff360 : ubm_desktop_core!napi_register_module_v1+0x198c99
00007ffc`971a8667     : 00000000`00000000 00000000`00000000 00000000`00000000 00000000`00000000 : ubm_desktop_core!napi_register_module_v1+0x199bde
00007ffc`971a9748     : 00000000`00000000 00000000`00000000 000000a6`57809000 00000000`00000000 : ubm_desktop_core!napi_register_module_v1+0x194c17
00007ffc`971ae565     : 00000256`89001480 00000000`00000040 00000000`00000000 00000000`00000000 : ubm_desktop_core!napi_register_module_v1+0x195cf8
00007ffc`9719c6a4     : 00000000`00000000 00000000`00000001 00000000`00000000 00000000`00000000 : ubm_desktop_core!napi_register_module_v1+0x19ab15
00007ffc`971a795a     : 00000256`89127e00 00000000`00000040 00000000`00000000 00000256`8916ea30 : ubm_desktop_core!napi_register_module_v1+0x188c54
00007ffc`97194731     : 000000a6`5f3ff690 00000000`00000001 00000000`00000000 01000000`00000000 : ubm_desktop_core!napi_register_module_v1+0x193f0a
00007ffc`9719eca4     : 00000042`0018000d 00000256`89000014 00000256`89000000 00000000`00000000 : ubm_desktop_core!napi_register_module_v1+0x180ce1
00007ffc`971ff723     : 00000256`89162540 00000256`89150ec0 00000256`891142e0 00000000`00000000 : ubm_desktop_core!napi_register_module_v1+0x18b254
00007ffd`090dcd87     : 00000000`00000000 00000000`00000000 00000000`00000000 00000000`00000000 : ubm_desktop_core!napi_register_module_v1+0x1ebcd3
00007ffd`0a42caec     : 00000000`00000000 00000000`00000000 000004f0`fffffb30 000004d0`fffffb30 : KERNEL32!BaseThreadInitThunk+0x17
00000000`00000000     : 00000000`00000000 00000000`00000000 00000000`00000000 00000000`00000000 : ntdll!RtlUserThreadStart+0x2c

  10  Id: 2ef8.20ec Suspend: 1 Teb: 000000a6`57824000 Unfrozen "tokio-rt-worker"
RetAddr               : Args to Child                                                           : Call Site
00007ffd`0a418273     : ffffffff`fffffffe 00000256`89975080 000000a6`5f5ff3d0 00007ffc`971f65de : ntdll!NtWaitForAlertByThreadId+0x17
00007ffd`07d6e298     : 00000256`89113fb4 00000000`00000000 000000a6`5f5ff450 00000000`00002f40 : ntdll!RtlWaitOnAddress+0x213
00007ffc`971f70b3     : 00000000`ffffffff 00000256`89975080 00ffffff`fffffffe 00000256`899750b0 : KERNELBASE!WaitOnAddress+0x38
00007ffc`971b0ddc     : 000000a6`5f5ff4e0 00007ffc`971aa6dc 00000256`89113438 00000000`00000000 : ubm_desktop_core!napi_register_module_v1+0x1e3663
00007ffc`971b088f     : ffffffff`fffffffe 00000000`00000001 00000256`89138d50 00000256`8916ef20 : ubm_desktop_core!napi_register_module_v1+0x19d38c
00007ffc`971ac6e9     : 00000006`e899bd13 00007ffd`0a3ebab9 00000256`89975080 00000256`89138d50 : ubm_desktop_core!napi_register_module_v1+0x19ce3f
00007ffc`971ad62e     : 4237ffff`ffb2aca7 3feccccc`cccccccd 00000000`00000000 00000256`89138d50 : ubm_desktop_core!napi_register_module_v1+0x198c99
00007ffc`971a8667     : 00000000`00000000 00000000`00000000 00000000`00000000 00000000`00000000 : ubm_desktop_core!napi_register_module_v1+0x199bde
00007ffc`971a9748     : 00000000`00000000 00000000`00000000 000000a6`57809000 00000000`00000000 : ubm_desktop_core!napi_register_module_v1+0x194c17
00007ffc`971ae565     : 00000256`89001480 00000000`00000040 00000000`00000000 00000000`00000000 : ubm_desktop_core!napi_register_module_v1+0x195cf8
00007ffc`9719c6a4     : 00000000`00000000 00000000`00000001 00000000`00000000 00000000`00000000 : ubm_desktop_core!napi_register_module_v1+0x19ab15
00007ffc`971a795a     : 00000256`89127dc0 00000000`00000040 00000000`00000000 00000256`8916ef80 : ubm_desktop_core!napi_register_module_v1+0x188c54
00007ffc`97194731     : 000000a6`5f5ffbe0 00000000`00000001 00000000`00000000 01000000`00000000 : ubm_desktop_core!napi_register_module_v1+0x193f0a
00007ffc`9719eca4     : 00000042`001a0022 00000256`89000014 00000256`89000000 00000000`00000000 : ubm_desktop_core!napi_register_module_v1+0x180ce1
00007ffc`971ff723     : 00000256`891624b0 00000256`89150e00 00000256`89114880 00000000`00000000 : ubm_desktop_core!napi_register_module_v1+0x18b254
00007ffd`090dcd87     : 00000000`00000000 00000000`00000000 00000000`00000000 00000000`00000000 : ubm_desktop_core!napi_register_module_v1+0x1ebcd3
00007ffd`0a42caec     : 00000000`00000000 00000000`00000000 000004f0`fffffb30 000004d0`fffffb30 : KERNEL32!BaseThreadInitThunk+0x17
00000000`00000000     : 00000000`00000000 00000000`00000000 00000000`00000000 00000000`00000000 : ntdll!RtlUserThreadStart+0x2c

  11  Id: 2ef8.2924 Suspend: 1 Teb: 000000a6`57828000 Unfrozen "ubm-btleplug"
RetAddr               : Args to Child                                                           : Call Site
00007ffd`0a418273     : 00000256`89181401 00000000`00000001 00000256`89150058 00007ffc`971b0300 : ntdll!NtWaitForAlertByThreadId+0x17
00007ffd`07d6e298     : 00000256`8915073c 00000000`00000000 000000a6`609ff8c0 00000000`00000000 : ntdll!RtlWaitOnAddress+0x213
00007ffc`971f70b3     : 00007ffc`9768e9c0 00007ffc`971fec2f 960cc7d4`8e77f5fd 00000000`00000001 : KERNELBASE!WaitOnAddress+0x38
00007ffc`97193c38     : 00007ffc`973c7730 00000256`89181450 000000a6`609ffa00 00007ffc`97387c82 : ubm_desktop_core!napi_register_module_v1+0x1e3663
00007ffc`9707ddef     : 00000001`12e0c9d8 00000000`00000008 00000000`00000008 00000256`89181120 : ubm_desktop_core!napi_register_module_v1+0x1801e8
00007ffc`97064990     : 00000256`89183570 01010101`ffffffff ffffffff`fffffffe 00000000`00000002 : ubm_desktop_core!napi_register_module_v1+0x6a39f
00007ffc`970a10e5     : 000000a6`609ffaf0 00007ffc`9738a520 00000000`00000000 00000000`00000000 : ubm_desktop_core!napi_register_module_v1+0x50f40
00007ffc`9705a96b     : 000000a6`57828000 00000000`00000002 00000000`0000001a 00000042`00310034 : ubm_desktop_core!napi_register_module_v1+0x8d695
00007ffc`971ff723     : 00000256`891620c0 00000256`891506e0 00000256`89127e40 00000000`00000000 : ubm_desktop_core!napi_register_module_v1+0x46f1b
00007ffd`090dcd87     : 00000000`00000000 00000000`00000000 00000000`00000000 00000000`00000000 : ubm_desktop_core!napi_register_module_v1+0x1ebcd3
00007ffd`0a42caec     : 00000000`00000000 00000000`00000000 000004f0`fffffb30 000004d0`fffffb30 : KERNEL32!BaseThreadInitThunk+0x17
00000000`00000000     : 00000000`00000000 00000000`00000000 00000000`00000000 00000000`00000000 : ntdll!RtlUserThreadStart+0x2c

  12  Id: 2ef8.27b4 Suspend: 1 Teb: 000000a6`5782a000 Unfrozen "ubm-btleplug-worker"
RetAddr               : Args to Child                                                           : Call Site
00007ffd`0a418273     : 00007c17`9542eadf 00000000`00000000 00007ffc`f3cbba01 00007ffc`00000002 : ntdll!NtWaitForAlertByThreadId+0x17
00007ffd`07d6e298     : 00000256`891506fc 00000000`00000000 000000a6`60bff3f0 00000000`00000030 : ntdll!RtlWaitOnAddress+0x213
00007ffc`971f70b3     : 00007ffc`9768e9c0 00000000`00000000 000000a6`60bff3c0 00000000`00000002 : KERNELBASE!WaitOnAddress+0x38
00007ffc`97193c38     : 000000a6`60bff470 00000000`00000011 00000000`00000000 000000a6`60bff210 : ubm_desktop_core!napi_register_module_v1+0x1e3663
00007ffc`971aa66d     : 00000256`89162468 00000000`00000000 000000a6`60bff520 00007ffc`971aa6dc : ubm_desktop_core!napi_register_module_v1+0x1801e8
00007ffc`971b08aa     : 00000000`00000202 00007ffc`96ad0c7d 00000256`89197d00 00000256`89192cf0 : ubm_desktop_core!napi_register_module_v1+0x196c1d
00007ffc`971ac6e9     : 00000006`c8319efb 00007ffd`0a3ebab9 00000256`899f0200 00007ffd`0789e3c5 : ubm_desktop_core!napi_register_module_v1+0x19ce5a
00007ffc`971ad62e     : 3ff00000`00000000 3feccccc`cccccccd 00000000`00000000 00000256`89197d00 : ubm_desktop_core!napi_register_module_v1+0x198c99
00007ffc`971a8667     : 00000000`00000000 00000000`00000000 00000000`00000000 00000000`00000000 : ubm_desktop_core!napi_register_module_v1+0x199bde
00007ffc`971a9748     : 00000000`00000000 00000000`00000000 000000a6`57809000 00000000`00000000 : ubm_desktop_core!napi_register_module_v1+0x194c17
00007ffc`971ae565     : 00000256`89001480 00000000`00000040 00000000`00000000 00000000`00000000 : ubm_desktop_core!napi_register_module_v1+0x195cf8
00007ffc`9719c6a4     : 00000000`00000000 00000000`00000001 00000000`00000000 00000000`00000000 : ubm_desktop_core!napi_register_module_v1+0x19ab15
00007ffc`971a795a     : 00000256`89127f80 00000000`00000040 00000000`00000000 00000256`89192d50 : ubm_desktop_core!napi_register_module_v1+0x188c54
00007ffc`97194731     : 000000a6`60bffc00 00000001`00000001 00000000`00000000 01000000`00000000 : ubm_desktop_core!napi_register_module_v1+0x193f0a
00007ffc`9719eca4     : 00000042`00040035 00000256`89000014 00000256`89000000 00000000`00000000 : ubm_desktop_core!napi_register_module_v1+0x180ce1
00007ffc`971ff723     : 00000256`89162840 00000256`891504a0 00000256`89114a10 00000000`00000000 : ubm_desktop_core!napi_register_module_v1+0x18b254
00007ffd`090dcd87     : 00000000`00000000 00000000`00000000 00000000`00000000 00000000`00000000 : ubm_desktop_core!napi_register_module_v1+0x1ebcd3
00007ffd`0a42caec     : 00000000`00000000 00000000`00000000 000004f0`fffffb30 000004d0`fffffb30 : KERNEL32!BaseThreadInitThunk+0x17
00000000`00000000     : 00000000`00000000 00000000`00000000 00000000`00000000 00000000`00000000 : ntdll!RtlUserThreadStart+0x2c

  13  Id: 2ef8.35c8 Suspend: 1 Teb: 000000a6`5782c000 Unfrozen "ubm-btleplug-worker"
RetAddr               : Args to Child                                                           : Call Site
00007ffd`0a418273     : 000000a6`60dff1e0 00000000`0000002a 00000000`00000000 00000256`89192680 : ntdll!NtWaitForAlertByThreadId+0x17
00007ffd`07d6e298     : 00000256`89162084 00000000`00000000 000000a6`60dff260 00000000`0000001c : ntdll!RtlWaitOnAddress+0x213
00007ffc`971f70b3     : 00000000`ffffffff 00010000`ffffffff ffffffff`fffffffe 00000000`ffffffff : KERNELBASE!WaitOnAddress+0x38
00007ffc`971b0ddc     : 000000a6`60dff2f0 00007ffc`971aa6dc 00000000`00000000 00000256`891f5420 : ubm_desktop_core!napi_register_module_v1+0x1e3663
00007ffc`971b088f     : 000000a6`60dfea30 00007ffc`96ad0c7d 00007ffc`9719eba0 00000256`891929d0 : ubm_desktop_core!napi_register_module_v1+0x19d38c
00007ffc`971ac6e9     : 00000006`c831acd1 00007ffd`0a3ebab9 00000256`8992b200 00007ffd`0789e3c5 : ubm_desktop_core!napi_register_module_v1+0x19ce3f
00007ffc`971ad62e     : 3ff00000`00000000 3feccccc`cccccccd 00000000`00000000 00000256`89197f00 : ubm_desktop_core!napi_register_module_v1+0x198c99
00007ffc`971a8667     : 00000000`00000000 00000000`00000000 00000000`00000000 00000000`00000000 : ubm_desktop_core!napi_register_module_v1+0x199bde
00007ffc`971a9748     : 00000000`00000000 00000000`00000000 000000a6`57809000 00000000`00000000 : ubm_desktop_core!napi_register_module_v1+0x194c17
00007ffc`971ae565     : 00000256`89001480 00000000`00000040 00000000`00000000 00000000`00000000 : ubm_desktop_core!napi_register_module_v1+0x195cf8
00007ffc`9719c6a4     : 00000000`00000000 00000000`00000001 00000000`00000000 00000000`00000000 : ubm_desktop_core!napi_register_module_v1+0x19ab15
00007ffc`971a795a     : 00000256`89127c80 00000000`00000040 00000000`00000000 00000256`89192a30 : ubm_desktop_core!napi_register_module_v1+0x188c54
00007ffc`97194731     : 000000a6`60dff9f0 00000001`00000001 00000000`00000000 01000000`00000000 : ubm_desktop_core!napi_register_module_v1+0x193f0a
00007ffc`9719eca4     : 00000042`0003003b 00000256`89000014 00000256`89000000 00000000`00000000 : ubm_desktop_core!napi_register_module_v1+0x180ce1
00007ffc`971ff723     : 00000256`891626f0 00000256`89150700 00000256`89114650 00000000`00000000 : ubm_desktop_core!napi_register_module_v1+0x18b254
00007ffd`090dcd87     : 00000000`00000000 00000000`00000000 00000000`00000000 00000000`00000000 : ubm_desktop_core!napi_register_module_v1+0x1ebcd3
00007ffd`0a42caec     : 00000000`00000000 00000000`00000000 000004f0`fffffb30 000004d0`fffffb30 : KERNEL32!BaseThreadInitThunk+0x17
00000000`00000000     : 00000000`00000000 00000000`00000000 00000000`00000000 00000000`00000000 : ntdll!RtlUserThreadStart+0x2c

  14  Id: 2ef8.2a0c Suspend: 1 Teb: 000000a6`5782e000 Unfrozen
RetAddr               : Args to Child                                                           : Call Site
00007ffd`0a42298e     : 000000a6`61fffcf8 00007ffd`0a3b93d0 000000a6`61fffbc0 7ff00000`00000000 : ntdll!NtWaitForAlertByThreadId+0x17
00007ffd`07cb2a58     : 00000000`00000000 00007ffd`0a3ba130 000000a6`61fffb20 7ff00000`00000000 : ntdll!RtlSleepConditionVariableSRW+0x1de
00007ff6`bec86b84     : 00000000`0af14716 00000000`0af14716 000000a6`61fffbc0 000000a6`61fffb01 : KERNELBASE!SleepConditionVariableSRW+0x38
00007ff6`bec856b4     : 00000256`8ed36bb4 00000000`00000000 00000006`e854a7ac 00007ff6`be987be5 : bun!uv_poll_init_socket+0x9754
00007ff6`bec84b82     : 00000256`8ee52500 00000256`8ee52528 000000a6`61fffdf0 00000000`00000005 : bun!uv_poll_init_socket+0x8284
00007ff6`bec849ff     : 00000256`89162930 00000000`00000000 00000000`00000000 00000000`00000000 : bun!uv_poll_init_socket+0x7752
00007ff6`c23a293f     : 00000000`00000000 00000000`00000000 00000000`00000000 00000000`00000000 : bun!uv_poll_init_socket+0x75cf
00007ffd`090dcd87     : 00000000`00000000 00000000`00000000 00000000`00000000 00000000`00000000 : bun!bmalloc::Mutex::lockSlowCase+0x54ddcf
00007ffd`0a42caec     : 00000000`00000000 00000000`00000000 000004f0`fffffb30 000004d0`fffffb30 : KERNEL32!BaseThreadInitThunk+0x17
00000000`00000000     : 00000000`00000000 00000000`00000000 00000000`00000000 00000000`00000000 : ntdll!RtlUserThreadStart+0x2c

  15  Id: 2ef8.2fbc Suspend: 1 Teb: 000000a6`57830000 Unfrozen
RetAddr               : Args to Child                                                           : Call Site
00007ffd`0a42298e     : 000000a6`631ff8e8 00007ffd`0a3b93d0 000000a6`631ff7b0 7ff00000`00000000 : ntdll!NtWaitForAlertByThreadId+0x17
00007ffd`07cb2a58     : 00000000`00000000 00007ffd`0a3ba130 000000a6`631ff710 7ff00000`00000000 : ntdll!RtlSleepConditionVariableSRW+0x1de
00007ff6`bec86b84     : 00000000`bb02bfea 00000000`bb02bfea 000000a6`631ff7b0 000000a6`631ff701 : KERNELBASE!SleepConditionVariableSRW+0x38
00007ff6`bec856b4     : 00000256`8ed36c04 00000000`00000000 00000006`e854adac 00007ff6`be987be5 : bun!uv_poll_init_socket+0x9754
00007ff6`bec84b82     : 00000256`8ee524c0 00000256`8ee524e8 000000a6`631ff9e0 00000000`00000005 : bun!uv_poll_init_socket+0x8284
00007ff6`bec849ff     : 00000256`89162c00 00000000`00000000 00000000`00000000 00000000`00000000 : bun!uv_poll_init_socket+0x7752
00007ff6`c23a293f     : 00000000`00000000 00000000`00000000 00000000`00000000 00000000`00000000 : bun!uv_poll_init_socket+0x75cf
00007ffd`090dcd87     : 00000000`00000000 00000000`00000000 00000000`00000000 00000000`00000000 : bun!bmalloc::Mutex::lockSlowCase+0x54ddcf
00007ffd`0a42caec     : 00000000`00000000 00000000`00000000 000004f0`fffffb30 000004d0`fffffb30 : KERNEL32!BaseThreadInitThunk+0x17
00000000`00000000     : 00000000`00000000 00000000`00000000 00000000`00000000 00000000`00000000 : ntdll!RtlUserThreadStart+0x2c

  16  Id: 2ef8.5c4 Suspend: 1 Teb: 000000a6`57832000 Unfrozen
RetAddr               : Args to Child                                                           : Call Site
00007ffd`0a42298e     : 000000a6`643ffb58 00007ffd`0a3b93d0 000000a6`643ffa20 7ff00000`00000000 : ntdll!NtWaitForAlertByThreadId+0x17
00007ffd`07cb2a58     : 00000000`00000000 00007ffd`0a3ba130 000000a6`643ff980 7ff00000`00000000 : ntdll!RtlSleepConditionVariableSRW+0x1de
00007ff6`bec86b84     : 00000000`cc9b6ec6 00000000`cc9b6ec6 000000a6`643ffa20 000000a6`643ffa01 : KERNELBASE!SleepConditionVariableSRW+0x38
00007ff6`bec856b4     : 00000256`8ed36c54 00000000`00000000 00000006`e854b640 00007ff6`be987be5 : bun!uv_poll_init_socket+0x9754
00007ff6`bec84b82     : 00000256`8ee52480 00000256`8ee524a8 000000a6`643ffc50 00000000`00000005 : bun!uv_poll_init_socket+0x8284
00007ff6`bec849ff     : 00000256`89162ba0 00000000`00000000 00000000`00000000 00000000`00000000 : bun!uv_poll_init_socket+0x7752
00007ff6`c23a293f     : 00000000`00000000 00000000`00000000 00000000`00000000 00000000`00000000 : bun!uv_poll_init_socket+0x75cf
00007ffd`090dcd87     : 00000000`00000000 00000000`00000000 00000000`00000000 00000000`00000000 : bun!bmalloc::Mutex::lockSlowCase+0x54ddcf
00007ffd`0a42caec     : 00000000`00000000 00000000`00000000 000004f0`fffffb30 000004d0`fffffb30 : KERNEL32!BaseThreadInitThunk+0x17
00000000`00000000     : 00000000`00000000 00000000`00000000 00000000`00000000 00000000`00000000 : ntdll!RtlUserThreadStart+0x2c

  17  Id: 2ef8.1ef0 Suspend: 1 Teb: 000000a6`57834000 Unfrozen
RetAddr               : Args to Child                                                           : Call Site
00007ffd`0a42298e     : 000000a6`655ffc28 00007ffd`0a3b93d0 000000a6`655ffaf0 7ff00000`00000000 : ntdll!NtWaitForAlertByThreadId+0x17
00007ffd`07cb2a58     : 00000000`00000000 00007ffd`0a3ba130 000000a6`655ffa50 7ff00000`00000000 : ntdll!RtlSleepConditionVariableSRW+0x1de
00007ff6`bec86b84     : 00000000`1d42bed2 00000256`8a550088 000000a6`58bb68e0 000000a6`655ffae8 : KERNELBASE!SleepConditionVariableSRW+0x38
00007ff6`bec856b4     : 00000256`8ed36ca4 00000256`8efd0040 00000006`e854bb8d 00000256`8bd90010 : bun!uv_poll_init_socket+0x9754
00007ff6`bec84b82     : 00000256`8ee52440 00000256`8ee52468 000000a6`655ffd20 00000000`00000005 : bun!uv_poll_init_socket+0x8284
00007ff6`bec849ff     : 00000256`89162870 00000000`00000000 00000000`00000000 00000000`00000000 : bun!uv_poll_init_socket+0x7752
00007ff6`c23a293f     : 00000000`00000000 00000000`00000000 00000000`00000000 00000000`00000000 : bun!uv_poll_init_socket+0x75cf
00007ffd`090dcd87     : 00000000`00000000 00000000`00000000 00000000`00000000 00000000`00000000 : bun!bmalloc::Mutex::lockSlowCase+0x54ddcf
00007ffd`0a42caec     : 00000000`00000000 00000000`00000000 000004f0`fffffb30 000004d0`fffffb30 : KERNEL32!BaseThreadInitThunk+0x17
00000000`00000000     : 00000000`00000000 00000000`00000000 00000000`00000000 00000000`00000000 : ntdll!RtlUserThreadStart+0x2c

  18  Id: 2ef8.3624 Suspend: 1 Teb: 000000a6`57836000 Unfrozen
RetAddr               : Args to Child                                                           : Call Site
00007ffd`0a42298e     : 000000a6`667ff6e8 00007ffd`0a3b93d0 000000a6`667ff5b0 7ff00000`00000000 : ntdll!NtWaitForAlertByThreadId+0x17
00007ffd`07cb2a58     : 00000000`00000000 00007ffd`0a3ba130 000000a6`667ff510 7ff00000`00000000 : ntdll!RtlSleepConditionVariableSRW+0x1de
00007ff6`bec86b84     : 00000000`36db6fad 00000000`36db6fad 000000a6`667ff5b0 000000a6`667ff501 : KERNELBASE!SleepConditionVariableSRW+0x38
00007ff6`bec856b4     : 00000256`8ed36cf4 00000000`00000000 00000006`e854b376 00007ff6`be987be5 : bun!uv_poll_init_socket+0x9754
00007ff6`bec84b82     : 00000256`8ee52400 00000256`8ee52428 000000a6`667ff7e0 00000000`00000005 : bun!uv_poll_init_socket+0x8284
00007ff6`bec849ff     : 00000256`891629f0 00000000`00000000 00000000`00000000 00000000`00000000 : bun!uv_poll_init_socket+0x7752
00007ff6`c23a293f     : 00000000`00000000 00000000`00000000 00000000`00000000 00000000`00000000 : bun!uv_poll_init_socket+0x75cf
00007ffd`090dcd87     : 00000000`00000000 00000000`00000000 00000000`00000000 00000000`00000000 : bun!bmalloc::Mutex::lockSlowCase+0x54ddcf
00007ffd`0a42caec     : 00000000`00000000 00000000`00000000 000004f0`fffffb30 000004d0`fffffb30 : KERNEL32!BaseThreadInitThunk+0x17
00000000`00000000     : 00000000`00000000 00000000`00000000 00000000`00000000 00000000`00000000 : ntdll!RtlUserThreadStart+0x2c

  19  Id: 2ef8.14d4 Suspend: 1 Teb: 000000a6`57838000 Unfrozen
RetAddr               : Args to Child                                                           : Call Site
00007ffd`0a42298e     : 000000a6`679ff958 00007ffd`0a3b93d0 000000a6`679ff820 7ff00000`00000000 : ntdll!NtWaitForAlertByThreadId+0x17
00007ffd`07cb2a58     : 00000000`00000000 00007ffd`0a3ba130 000000a6`679ff780 7ff00000`00000000 : ntdll!RtlSleepConditionVariableSRW+0x1de
00007ff6`bec86b84     : 00000000`ef80461b 00000000`ef80461b 000000a6`679ff820 000000a6`679ff818 : KERNELBASE!SleepConditionVariableSRW+0x38
00007ff6`bec856b4     : 00000256`8ed36d44 00000000`00000000 00000006`e854aa8d 00007ff6`be987be5 : bun!uv_poll_init_socket+0x9754
00007ff6`bec84b82     : 00000256`8ee523c0 00000256`8ee523e8 000000a6`679ffa50 00000000`00000005 : bun!uv_poll_init_socket+0x8284
00007ff6`bec849ff     : 00000256`89162810 00000000`00000000 00000000`00000000 00000000`00000000 : bun!uv_poll_init_socket+0x7752
00007ff6`c23a293f     : 00000000`00000000 00000000`00000000 00000000`00000000 00000000`00000000 : bun!uv_poll_init_socket+0x75cf
00007ffd`090dcd87     : 00000000`00000000 00000000`00000000 00000000`00000000 00000000`00000000 : bun!bmalloc::Mutex::lockSlowCase+0x54ddcf
00007ffd`0a42caec     : 00000000`00000000 00000000`00000000 000004f0`fffffb30 000004d0`fffffb30 : KERNEL32!BaseThreadInitThunk+0x17
00000000`00000000     : 00000000`00000000 00000000`00000000 00000000`00000000 00000000`00000000 : ntdll!RtlUserThreadStart+0x2c

  20  Id: 2ef8.830 Suspend: 1 Teb: 000000a6`5783a000 Unfrozen
RetAddr               : Args to Child                                                           : Call Site
00007ffd`0a42298e     : 000000a6`68bff7f8 00007ffd`0a3b93d0 000000a6`68bff6c0 7ff00000`00000000 : ntdll!NtWaitForAlertByThreadId+0x17
00007ffd`07cb2a58     : 00000000`00000000 00007ffd`0a3ba130 000000a6`68bff620 7ff00000`00000000 : ntdll!RtlSleepConditionVariableSRW+0x1de
00007ff6`bec86b84     : 00000000`fddb5f82 00000000`fddb5f82 000000a6`68bff6c0 000000a6`68bff601 : KERNELBASE!SleepConditionVariableSRW+0x38
00007ff6`bec856b4     : 00000256`8ed36d94 00000000`00000000 00000006`e854b099 00007ff6`be987be5 : bun!uv_poll_init_socket+0x9754
00007ff6`bec84b82     : 00000256`8ee52380 00000256`8ee523a8 000000a6`68bff8f0 00000000`00000005 : bun!uv_poll_init_socket+0x8284
00007ff6`bec849ff     : 00000256`89162690 00000000`00000000 00000000`00000000 00000000`00000000 : bun!uv_poll_init_socket+0x7752
00007ff6`c23a293f     : 00000000`00000000 00000000`00000000 00000000`00000000 00000000`00000000 : bun!uv_poll_init_socket+0x75cf
00007ffd`090dcd87     : 00000000`00000000 00000000`00000000 00000000`00000000 00000000`00000000 : bun!bmalloc::Mutex::lockSlowCase+0x54ddcf
00007ffd`0a42caec     : 00000000`00000000 00000000`00000000 000004f0`fffffb30 000004d0`fffffb30 : KERNEL32!BaseThreadInitThunk+0x17
00000000`00000000     : 00000000`00000000 00000000`00000000 00000000`00000000 00000000`00000000 : ntdll!RtlUserThreadStart+0x2c

  21  Id: 2ef8.a54 Suspend: 1 Teb: 000000a6`57840000 Unfrozen
RetAddr               : Args to Child                                                           : Call Site
00007ffd`0a39a65e     : 00000000`0000ffff 00000000`00000000 00007ffd`0a398d70 00000256`89103280 : ntdll!NtWaitForWorkViaWorkerFactory+0x17
00007ffd`090dcd87     : 00000000`00000000 00000000`00000000 00000000`00000000 00000000`00000000 : ntdll!TppWorkerThread+0x37e
00007ffd`0a42caec     : 00000000`00000000 00000000`00000000 000004f0`fffffb30 000004d0`fffffb30 : KERNEL32!BaseThreadInitThunk+0x17
00000000`00000000     : 00000000`00000000 00000000`00000000 00000000`00000000 00000000`00000000 : ntdll!RtlUserThreadStart+0x2c

  22  Id: 2ef8.1108 Suspend: 1 Teb: 000000a6`57842000 Unfrozen
RetAddr               : Args to Child                                                           : Call Site
00007ffd`07cb2773     : 00000000`00000000 00000000`00000000 00000000`00000000 00000000`00000000 : ntdll!NtWaitForMultipleObjects+0x17
00007ffd`0929feae     : 00000000`00000330 00000000`00000000 00000000`00000330 00000000`00000000 : KERNELBASE!WaitForMultipleObjectsEx+0x123
(Inline Function)     : --------`-------- --------`-------- --------`-------- --------`-------- : combase!WaitCoalesced+0x79
00007ffd`093757af     : 00000256`891fe880 00000000`00000000 00000256`891f0660 00000000`00000000 : combase!CROIDTable::WorkerThreadLoop+0xae
00007ffd`093756bf     : 00000256`891f0660 00000000`00000000 00000256`891f0660 00000000`00000000 : combase!CRpcThread::WorkerLoop+0x5b
00007ffd`090dcd87     : 00000256`891f0660 00000000`00000000 00000000`00000000 00000000`00000000 : combase!CRpcThreadCache::RpcWorkerThreadEntry+0x4f
00007ffd`0a42caec     : 00000000`00000000 00000000`00000000 000004f0`fffffb30 000004d0`fffffb30 : KERNEL32!BaseThreadInitThunk+0x17
00000000`00000000     : 00000000`00000000 00000000`00000000 00000000`00000000 00000000`00000000 : ntdll!RtlUserThreadStart+0x2c

  23  Id: 2ef8.1948 Suspend: 1 Teb: 000000a6`57844000 Unfrozen
RetAddr               : Args to Child                                                           : Call Site
00007ffd`07cb2773     : 00007ffc`ff5ba126 00007ffc`ff5a65e8 00000000`00000002 00007ffc`ff5a6600 : ntdll!NtWaitForMultipleObjects+0x17
00007ffd`092886f5     : 00000000`00000000 00000000`00000000 00000000`00000000 00000000`00000001 : KERNELBASE!WaitForMultipleObjectsEx+0x123
00007ffd`092888d5     : 00000000`00000008 000000a6`6e5fcf68 00000000`00000001 000000a6`6e5fcf98 : combase!DefaultWaitForHandles+0x45
00007ffc`fe4c3e7e     : 00000000`00000000 000000a6`6e5fcf70 00000257`0d0f0e80 00000257`0d0fde68 : combase!CoWaitForMultipleHandles+0x85
00007ffc`fe4c43d5     : 00000257`0d0f9688 00000000`00000000 000000a6`00000000 00000257`0d0f2940 : Windows_Devices_Bluetooth!wil::details::WaitForCompletion<Windows::Foundation::IAsyncOperation<Microsoft::Bluetooth::Profiles::Gatt::Interface::GattClientReadResult * __ptr64> * __ptr64>+0xa6
00007ffc`fe4c3f46     : 000000a6`6e5fd0c8 000000a6`6e5fd0c8 00000000`00000000 00000256`898fd748 : Windows_Devices_Bluetooth!wil::wait_for_completion<Microsoft::Bluetooth::Profiles::Gatt::Interface::GattClientReadResult * __ptr64,Microsoft::WRL::ComPtr<Microsoft::Bluetooth::Profiles::Gatt::Interface::IGattClientReadResult> >+0x2d
00007ffc`fe4c1d5d     : 00000256`898fd748 000000a6`6e5fd070 00007ffc`00000001 00007ffc`00000000 : Windows_Devices_Bluetooth!wil::WaitForCompletion<Microsoft::Bluetooth::Profiles::Gatt::Interface::GattClientReadResult * __ptr64,Microsoft::WRL::ComPtr<Microsoft::Bluetooth::Profiles::Gatt::Interface::IGattClientReadResult> >+0xe
00007ffc`fe4caeba     : 000000a6`6e5fd0c8 00000256`899bbe50 00000257`0d0f0e80 00000257`0d0fde68 : Windows_Devices_Bluetooth!wil::CallAndWaitForCompletionWithSecurityOptions<Microsoft::Bluetooth::Profiles::Gatt::Interface::IGattClientCharacteristic * __ptr64,Microsoft::Bluetooth::Profiles::Gatt::Interface::IGattClientCharacteristic,Microsoft::Bluetooth::Profiles::Gatt::Interface::GattClientDescriptorInfo,enum Microsoft::Bluetooth::Profiles::Gatt::Interface::GattCacheOption,enum Microsoft::Bluetooth::Profiles::Gatt::Interface::GattSecurityFlags,Windows::Foundation::IAsyncOperation<Microsoft::Bluetooth::Profiles::Gatt::Interface::GattClientReadResult * __ptr64> * __ptr64 * __ptr64,Microsoft::Bluetooth::Profiles::Gatt::Interface::GattClientDescriptorInfo & __ptr64,enum Microsoft::Bluetooth::Profiles::Gatt::Interface::GattCacheOption,enum Microsoft::Bluetooth::Profiles::Gatt::Interface::GattSecurityFlags>+0x9d
00007ffc`fe4cbd96     : 00000257`0d0f0e80 00000256`899bbe40 00000000`00000000 00000000`00000000 : Windows_Devices_Bluetooth!Windows::Devices::Bluetooth::GenericAttributeProfile::GattCharacteristic::InitializeUserDescription+0x9e
00007ffc`fe4cba46     : 00000257`0d0f0f00 000000a6`6e5fd200 00000257`0d0f0f88 00000000`00000004 : Windows_Devices_Bluetooth!Windows::Devices::Bluetooth::GenericAttributeProfile::GattCharacteristic::ProcessDescriptorList+0x2b6
00007ffc`fe4c3c72     : 00000000`00000000 00000257`0d0f0f60 00007ffc`fe606038 00000257`0d0f0f98 : Windows_Devices_Bluetooth!Windows::Devices::Bluetooth::GenericAttributeProfile::GattCharacteristic::PopulateDescriptorList+0x21e
00007ffc`fe4cb7cc     : 00000257`0d0f0f60 00000257`0d0f0e80 00007ffc`fe5e2c30 000000a6`6e5fd2f0 : Windows_Devices_Bluetooth!wil::ResultFromException<<lambda_d79480c9f0567fcc187c3371cb18c38b> >+0x6a
00007ffc`fe4cdcf3     : 00000257`0d0f0e80 00000257`0d0f0e80 00000257`0d0f22a4 00007ffc`fe4b46c7 : Windows_Devices_Bluetooth!Windows::Devices::Bluetooth::GenericAttributeProfile::GattCharacteristic::OpenCharacteristicResources+0x54
00007ffc`fe4b2266     : 00000000`00000000 00000257`0d0f2290 000000a6`6e5fd438 00000257`0d0fd068 : Windows_Devices_Bluetooth!Windows::Devices::Bluetooth::GenericAttributeProfile::GattCharacteristic::RuntimeClassInitialize+0x17b
00007ffc`fe4b9944     : 00000257`0d0f0e80 00000257`0d0f2280 00000000`00000000 00000000`00000000 : Windows_Devices_Bluetooth!Microsoft::WRL::Details::MakeAndInitialize<Windows::Devices::Bluetooth::GenericAttributeProfile::GattCharacteristic,Windows::Devices::Bluetooth::GenericAttributeProfile::IGattCharacteristic,Windows::Devices::Bluetooth::GenericAttributeProfile::GattDeviceService * __ptr64,Microsoft::Bluetooth::Profiles::Gatt::Interface::GattClientCharacteristicInfo & __ptr64>+0x6a
00007ffc`fe4b7c72     : 00000257`0d0f2280 00000000`00000000 00000256`89cfbd40 00000256`89cfbd40 : Windows_Devices_Bluetooth!Windows::Devices::Bluetooth::GenericAttributeProfile::GattDeviceService::GetCharacteristicFromCharacteristicInfo+0xac
00007ffc`fe4b55b8     : 00000256`898f7318 00000256`89cfbe98 00000000`00000000 00007ffd`094b2562 : Windows_Devices_Bluetooth!Windows::Devices::Bluetooth::GenericAttributeProfile::GattDeviceService::CompleteGetCharacteristics+0x38a
00007ffc`fe4b17d6     : 00000000`00000000 00000257`0d0fd1b8 000000a6`6e5fd5e0 00007ffd`0a1b3526 : Windows_Devices_Bluetooth!<lambda_1da9705b6e5882fcc717816f7514e68b>::operator()+0x68
00007ffc`fe4b6854     : 00000257`0d0fd1b8 000000a6`6e5fd618 00000000`00000001 00007ffd`0a1b3526 : Windows_Devices_Bluetooth!wil::details::CallAndHandleErrorsWithReturnType<void,<lambda_1da9705b6e5882fcc717816f7514e68b> &,long &,Microsoft::Bluetooth::Profiles::Gatt::Interface::IGattClientCharacteristicsResult *,0>+0xe
00007ffc`fe4bcb2f     : 00000257`0d0fd068 00000000`00000003 00000000`00000000 00000257`0d0fd068 : Windows_Devices_Bluetooth!<lambda_e73f5ac645ba7aec6d65e8003fd4e85a>::operator()+0xa8
00007ffd`0a1b3573     : 00000256`899a9b00 00000257`0d0fd1b8 00000000`00000001 00007ffd`0a1b3526 : Windows_Devices_Bluetooth!Microsoft::WRL::Details::DelegateArgTraits<long (__cdecl Windows::Foundation::IAsyncOperationCompletedHandler_impl<Windows::Foundation::Internal::AggregateType<Microsoft::Bluetooth::Profiles::Gatt::Interface::GattClientCharacteristicsResult *,Microsoft::Bluetooth::Profiles::Gatt::Interface::IGattClientCharacteristicsResult *> >::*)(Windows::Foundation::IAsyncOperation<Microsoft::Bluetooth::Profiles::Gatt::Interface::GattClientCharacteristicsResult *> *,enum ABI::Windows::Foundation::AsyncStatus)>::DelegateInvokeHelper<Microsoft::WRL::Implements<Microsoft::WRL::RuntimeClassFlags<2>,Windows::Foundation::IAsyncOperationCompletedHandler<Microsoft::Bluetooth::Profiles::Gatt::Interface::GattClientCharacteristicsResult *>,IUnknown>,<lambda_e73f5ac645ba7aec6d65e8003fd4e85a>,-1,Windows::Foundation::IAsyncOperation<Microsoft::Bluetooth::Profiles::Gatt::Interface::GattClientCharacteristicsResult *> *,enum ABI::Windows::Foundation::AsyncStatus>::Invoke+0xf
00007ffd`0a1b570e     : 00007ffc`ff5a2be0 000000a6`6e5fdd50 00000257`0d0f89d0 00000000`00000000 : RPCRT4!Invoke+0x73
00007ffd`0a0e6680     : 00000000`00000000 00000000`00000000 00000000`00000000 00000000`00000000 : RPCRT4!Ndr64StubWorker+0x6ee
00007ffd`092680dd     : 00000000`00000000 000000a6`6e5fdeb0 00007ffc`ff59f7e0 00000000`00000000 : RPCRT4!NdrStubCall3+0xc0
00007ffd`0926801b     : 00000000`00000001 00000257`0d0f89d0 00000256`899bd8a0 00000000`00000001 : combase!CStdStubBuffer_Invoke+0x7d
(Inline Function)     : --------`-------- --------`-------- --------`-------- --------`-------- : combase!InvokeStubWithExceptionPolicyAndTracing::__l6::<lambda_c9f3956a20c9da92a64affc24fdd69ec>::operator()+0x26
00007ffd`09267596     : 00000256`899a9c00 000000a6`6e5fde60 000000a6`6e5fddf8 00007ffc`00000001 : combase!ObjectMethodExceptionHandlingAction<<lambda_c9f3956a20c9da92a64affc24fdd69ec> >+0x47
(Inline Function)     : --------`-------- --------`-------- --------`-------- --------`-------- : combase!InvokeStubWithExceptionPolicyAndTracing+0x182
00007ffd`092668a8     : 00000256`899a9c00 000000a6`6e5fe098 00000256`899754d0 00000000`00000000 : combase!DefaultStubInvoke+0x376
(Inline Function)     : --------`-------- --------`-------- --------`-------- --------`-------- : combase!SyncStubCall::Invoke+0x7
(Inline Function)     : --------`-------- --------`-------- --------`-------- --------`-------- : combase!SyncServerCall::StubInvoke+0x33
00007ffd`0933903f     : 00000256`89973050 000000a6`6e5fe0d8 00000256`891dc600 000000a6`6e5fe658 : combase!StubInvoke+0x138
00007ffd`0928963a     : 00000000`00000000 00000257`0d0f8940 00000257`0d0f8900 00000257`0d0f8940 : combase!ServerCall::ContextInvoke+0x28f
00007ffd`09279cdc     : 00000000`00000000 000000a6`6e5fe370 00000257`0d0f8940 00007ffd`092798c2 : combase!DefaultInvokeInApartment+0x8a
00007ffd`09282d6f     : 00000000`00000000 00000000`00000000 00000256`89973050 00000000`00000000 : combase!ComInvokeWithLockAndIPID+0xd0c
(Inline Function)     : --------`-------- --------`-------- --------`-------- --------`-------- : combase!ThreadInvokeReturnHresult+0x108
00007ffd`0a167b27     : 00000000`00000000 00007ffd`0a132900 00000401`03da4e01 00007ffd`0a133c00 : combase!ThreadInvoke+0x11f
00007ffd`0a130f44     : 00000000`00000010 00000000`00000000 000000a6`6e5fe860 fffffff8`fffffff8 : RPCRT4!DispatchToStubInCNoAvrf+0x17
00007ffd`0a131d0a     : 000000a6`6e5fe8d0 00000000`00000001 000000a6`00000000 00000256`899709f0 : RPCRT4!RPC_INTERFACE::DispatchToStubWorker+0x194
00007ffd`0a11f0e4     : 00000256`00000000 00000000`00000000 00000256`899709f0 00000000`00000000 : RPCRT4!LRPC_SCALL::DispatchRequest+0x85a
00007ffd`0a12f4ac     : 00000256`899a9a40 00000000`00000000 00000256`89b75a80 00000000`00000000 : RPCRT4!LRPC_SCALL::QueueOrDispatchCall+0xe4
00007ffd`0a1354ac     : 00000256`899709f0 00000256`899709f0 00000256`899709f0 00000256`899f6d00 : RPCRT4!LRPC_SCALL::HandleRequest+0x2bc
00007ffd`0a134633     : 00000256`89b75a80 00000256`89b63980 00000000`00000000 00000256`891c93a0 : RPCRT4!LRPC_ADDRESS::HandleRequest+0x3ac
00007ffd`0a1335d8     : 000000a6`6e5ff7f8 00000000`00000000 00000256`891c94a8 000000a6`6e5ff7f8 : RPCRT4!LRPC_ADDRESS::ProcessIO+0x2f3
00007ffd`0a399eee     : 00000256`89000000 00007ffd`0a3a61d7 00000000`00000390 00000000`00000000 : RPCRT4!LrpcIoComplete+0xc8
00007ffd`0a39a843     : 00000000`00000008 00000000`00000000 00000256`891f0e60 00000000`00000000 : ntdll!TppAlpcpExecuteCallback+0x44e
00007ffd`090dcd87     : 00000000`00000000 00000000`00000000 00000000`00000000 00000000`00000000 : ntdll!TppWorkerThread+0x563
00007ffd`0a42caec     : 00000000`00000000 00000000`00000000 000004f0`fffffb30 000004d0`fffffb30 : KERNEL32!BaseThreadInitThunk+0x17
00000000`00000000     : 00000000`00000000 00000000`00000000 00000000`00000000 00000000`00000000 : ntdll!RtlUserThreadStart+0x2c

  24  Id: 2ef8.2f04 Suspend: 1 Teb: 000000a6`57846000 Unfrozen
RetAddr               : Args to Child                                                           : Call Site
00007ffd`0a39a65e     : 00000000`00000008 00000000`00000000 00007ffd`0a399aa0 00000256`891c8e30 : ntdll!NtWaitForWorkViaWorkerFactory+0x17
00007ffd`090dcd87     : 00000000`00000000 00000000`00000000 00000000`00000000 00000000`00000000 : ntdll!TppWorkerThread+0x37e
00007ffd`0a42caec     : 00000000`00000000 00000000`00000000 000004f0`fffffb30 000004d0`fffffb30 : KERNEL32!BaseThreadInitThunk+0x17
00000000`00000000     : 00000000`00000000 00000000`00000000 00000000`00000000 00000000`00000000 : ntdll!RtlUserThreadStart+0x2c

  25  Id: 2ef8.31cc Suspend: 1 Teb: 000000a6`57848000 Unfrozen
RetAddr               : Args to Child                                                           : Call Site
00007ffd`0a39a65e     : 00000000`0000ffff 00000000`00000000 00007ffd`0a398d70 00000256`89103280 : ntdll!NtWaitForWorkViaWorkerFactory+0x17
00007ffd`090dcd87     : 00000000`00000000 00000000`00000000 00000000`00000000 00000000`00000000 : ntdll!TppWorkerThread+0x37e
00007ffd`0a42caec     : 00000000`00000000 00000000`00000000 000004f0`fffffb30 000004d0`fffffb30 : KERNEL32!BaseThreadInitThunk+0x17
00000000`00000000     : 00000000`00000000 00000000`00000000 00000000`00000000 00000000`00000000 : ntdll!RtlUserThreadStart+0x2c

  26  Id: 2ef8.3540 Suspend: 1 Teb: 000000a6`5784a000 Unfrozen
RetAddr               : Args to Child                                                           : Call Site
00007ffd`07cabe9f     : 00000000`00000000 00000000`00000000 00000000`00000000 00000000`00000000 : ntdll!NtWaitForSingleObject+0x17
00007ffc`e9651de4     : 00000256`898587a0 00000256`898587a0 00000000`00000001 00000000`000003a8 : KERNELBASE!WaitForSingleObjectEx+0xaf
00007ffc`e9651c7e     : 00000000`00000000 00000256`89a21c30 00000000`00000000 00000000`00000000 : WlanRadioManager!CWlanRadioManager::_RegisterServiceStatus+0xd4
00007ffd`090dcd87     : 00000000`00000000 00000000`00000000 00000000`00000000 00000000`00000000 : WlanRadioManager!CWlanRadioManager::NotifyServiceStatusChangeThread+0x2e
00007ffd`0a42caec     : 00000000`00000000 00000000`00000000 000004f0`fffffb30 000004d0`fffffb30 : KERNEL32!BaseThreadInitThunk+0x17
00000000`00000000     : 00000000`00000000 00000000`00000000 00000000`00000000 00000000`00000000 : ntdll!RtlUserThreadStart+0x2c

  27  Id: 2ef8.1674 Suspend: 1 Teb: 000000a6`5784c000 Unfrozen
RetAddr               : Args to Child                                                           : Call Site
00007ffd`07cabe9f     : 00000000`00000000 00000000`000000c0 00000000`00000000 00000000`00000000 : ntdll!NtWaitForSingleObject+0x17
00007ffc`fe13fce5     : 00000000`00000388 00000000`00000000 00000000`00000001 00000000`00000388 : KERNELBASE!WaitForSingleObjectEx+0xaf
00007ffd`090dcd87     : 00000000`00000000 00000000`00000000 00000000`00000000 00000000`00000000 : wlanapi!NotificationApcThreadProc+0x55
00007ffd`0a42caec     : 00000000`00000000 00000000`00000000 000004f0`fffffb30 000004d0`fffffb30 : KERNEL32!BaseThreadInitThunk+0x17
00000000`00000000     : 00000000`00000000 00000000`00000000 00000000`00000000 00000000`00000000 : ntdll!RtlUserThreadStart+0x2c

  28  Id: 2ef8.1104 Suspend: 1 Teb: 000000a6`5784e000 Unfrozen
RetAddr               : Args to Child                                                           : Call Site
00007ffd`0a39a65e     : 00000000`0000ffff 00000000`00000000 00007ffd`0a398d70 00000256`89103280 : ntdll!NtWaitForWorkViaWorkerFactory+0x17
00007ffd`090dcd87     : 00000000`00000000 00000000`00000000 00000000`00000000 00000000`00000000 : ntdll!TppWorkerThread+0x37e
00007ffd`0a42caec     : 00000000`00000000 00000000`00000000 000004f0`fffffb30 000004d0`fffffb30 : KERNEL32!BaseThreadInitThunk+0x17
00000000`00000000     : 00000000`00000000 00000000`00000000 00000000`00000000 00000000`00000000 : ntdll!RtlUserThreadStart+0x2c

  29  Id: 2ef8.f50 Suspend: 1 Teb: 000000a6`57850000 Unfrozen
RetAddr               : Args to Child                                                           : Call Site
00007ffd`0a39a65e     : 00000000`0000ffff 00000000`00000000 00007ffd`0a398d70 00000256`89103280 : ntdll!NtWaitForWorkViaWorkerFactory+0x17
00007ffd`090dcd87     : 00000000`00000000 00000000`00000000 00000000`00000000 00000000`00000000 : ntdll!TppWorkerThread+0x37e
00007ffd`0a42caec     : 00000000`00000000 00000000`00000000 000004f0`fffffb30 000004d0`fffffb30 : KERNEL32!BaseThreadInitThunk+0x17
00000000`00000000     : 00000000`00000000 00000000`00000000 00000000`00000000 00000000`00000000 : ntdll!RtlUserThreadStart+0x2c

  30  Id: 2ef8.2580 Suspend: 1 Teb: 000000a6`57854000 Unfrozen
RetAddr               : Args to Child                                                           : Call Site
00007ffd`0a39a65e     : 00000000`00000000 00000000`00000000 00007ffd`0a398d70 00000256`891c8e30 : ntdll!NtWaitForWorkViaWorkerFactory+0x17
00007ffd`090dcd87     : 00000000`00000000 00000000`00000000 00000000`00000000 00000000`00000000 : ntdll!TppWorkerThread+0x37e
00007ffd`0a42caec     : 00000000`00000000 00000000`00000000 000004f0`fffffb30 000004d0`fffffb30 : KERNEL32!BaseThreadInitThunk+0x17
00000000`00000000     : 00000000`00000000 00000000`00000000 00000000`00000000 00000000`00000000 : ntdll!RtlUserThreadStart+0x2c

  31  Id: 2ef8.158 Suspend: 1 Teb: 000000a6`57856000 Unfrozen
RetAddr               : Args to Child                                                           : Call Site
00007ffd`0a39a65e     : 00000000`0000ffff 00000000`00000000 00007ffd`0a398d70 00000256`89103280 : ntdll!NtWaitForWorkViaWorkerFactory+0x17
00007ffd`090dcd87     : 00000000`00000000 00000000`00000000 00000000`00000000 00000000`00000000 : ntdll!TppWorkerThread+0x37e
00007ffd`0a42caec     : 00000000`00000000 00000000`00000000 000004f0`fffffb30 000004d0`fffffb30 : KERNEL32!BaseThreadInitThunk+0x17
00000000`00000000     : 00000000`00000000 00000000`00000000 00000000`00000000 00000000`00000000 : ntdll!RtlUserThreadStart+0x2c

  32  Id: 2ef8.1e04 Suspend: 1 Teb: 000000a6`57858000 Unfrozen
RetAddr               : Args to Child                                                           : Call Site
00007ffd`0a39a65e     : 00000000`0000ffff 00000000`00000000 00007ffd`0a398d70 00000256`89103280 : ntdll!NtWaitForWorkViaWorkerFactory+0x17
00007ffd`090dcd87     : 00000000`00000000 00000000`00000000 00000000`00000000 00000000`00000000 : ntdll!TppWorkerThread+0x37e
00007ffd`0a42caec     : 00000000`00000000 00000000`00000000 000004f0`fffffb30 000004d0`fffffb30 : KERNEL32!BaseThreadInitThunk+0x17
00000000`00000000     : 00000000`00000000 00000000`00000000 00000000`00000000 00000000`00000000 : ntdll!RtlUserThreadStart+0x2c

  33  Id: 2ef8.190c Suspend: 1 Teb: 000000a6`5785a000 Unfrozen
RetAddr               : Args to Child                                                           : Call Site
00007ffd`0a39a65e     : 00000000`00000000 00000000`00000000 00007ffd`0a399aa0 00000256`89103280 : ntdll!NtWaitForWorkViaWorkerFactory+0x17
00007ffd`090dcd87     : 00000000`00000000 00000000`00000000 00000000`00000000 00000000`00000000 : ntdll!TppWorkerThread+0x37e
00007ffd`0a42caec     : 00000000`00000000 00000000`00000000 000004f0`fffffb30 000004d0`fffffb30 : KERNEL32!BaseThreadInitThunk+0x17
00000000`00000000     : 00000000`00000000 00000000`00000000 00000000`00000000 00000000`00000000 : ntdll!RtlUserThreadStart+0x2c

  34  Id: 2ef8.290 Suspend: 1 Teb: 000000a6`5785e000 Unfrozen
RetAddr               : Args to Child                                                           : Call Site
00007ffd`0a39a65e     : 00000256`89103280 000000a6`57809000 00000000`00000000 00000256`89103280 : ntdll!NtWaitForWorkViaWorkerFactory+0x17
00007ffd`090dcd87     : 00000000`00000000 00000000`00000000 00000000`00000000 00000000`00000000 : ntdll!TppWorkerThread+0x37e
00007ffd`0a42caec     : 00000000`00000000 00000000`00000000 000004f0`fffffb30 000004d0`fffffb30 : KERNEL32!BaseThreadInitThunk+0x17
00000000`00000000     : 00000000`00000000 00000000`00000000 00000000`00000000 00000000`00000000 : ntdll!RtlUserThreadStart+0x2c
quit:
NatVis script unloaded from 'C:\ubm-rc21-qualification\tools\windbg\amd64\Visualizers\atlmfc.natvis'
NatVis script unloaded from 'C:\ubm-rc21-qualification\tools\windbg\amd64\Visualizers\concurrency.natvis'
NatVis script unloaded from 'C:\ubm-rc21-qualification\tools\windbg\amd64\Visualizers\cpp_rest.natvis'
NatVis script unloaded from 'C:\ubm-rc21-qualification\tools\windbg\amd64\Visualizers\ObjectiveC.natvis'
NatVis script unloaded from 'C:\ubm-rc21-qualification\tools\windbg\amd64\Visualizers\stl.natvis'
NatVis script unloaded from 'C:\ubm-rc21-qualification\tools\windbg\amd64\Visualizers\Windows.Data.Json.natvis'
NatVis script unloaded from 'C:\ubm-rc21-qualification\tools\windbg\amd64\Visualizers\Windows.Devices.Geolocation.natvis'
NatVis script unloaded from 'C:\ubm-rc21-qualification\tools\windbg\amd64\Visualizers\Windows.Devices.Sensors.natvis'
NatVis script unloaded from 'C:\ubm-rc21-qualification\tools\windbg\amd64\Visualizers\Windows.Media.natvis'
NatVis script unloaded from 'C:\ubm-rc21-qualification\tools\windbg\amd64\Visualizers\windows.natvis'
NatVis script unloaded from 'C:\ubm-rc21-qualification\tools\windbg\amd64\Visualizers\winrt.natvis'
{"phase":"diagnostic-explicit-MTA","hresult":"0x0"}
{"phase":"native-call-start","name":"close","args":[]}
{"phase":"native-call-settled","name":"close","ok":true,"value":{"state":"released","failures":[]}}
{"phase":"runtime-capabilities","runtime":{"node":"26.3.0","bun":"1.4.2","boringssl":"41bf9b59c2ebf277a7aa427e1ecad5cc80dd4d4f","openssl":"1.1.0","llhttp":"9.3.0","libarchive":"ded82291ab41d5e355831b96b0e1ff49e24d8939","mimalloc":"6a64e1ba7f5b2130d4efccb67ec87fd0003f0f6a","picohttpparser":"066d2b1e9ab820703db0837a7255d92d30f0c9f5","uwebsockets":"744846f844374847c902b5e7fd59b4342a51ef99","webkit":"2e2aa2290fac856d6f451ceacb58f7f5b44dd057","zig":"04e7f6ac1e009525bc00934f20199c68f04e0a24","zlib":"12731092979c6d07f42da27da673a9f6c7b13586","tinycc":"05f0fafaa3be31e31d7b4b5c17dc60f62c991171","lolhtml":"725ce499aa9b71e38b7a2d0a9fbb6d7294a4079e","ares":"c7a3138dcfe3bb0eaaf10c0c24c36dc66dc790ab","libdeflate":"c8c56a20f8f621e6a966b716b31f1dedab6a41e3","usockets":"744846f844374847c902b5e7fd59b4342a51ef99","lshpack":"8905c024b6d052f083a3d11d0a169b3c2735c8a1","zstd":"f8745da6ff1ad1e7bab384bd1f9d742439278e99","v8":"14.6.202.34-node.20","uv":"1.51.1-dev","napi":"10","icu":"78.3","unicode":"17.0","sqlite":"3.53.2","modules":"147"},"features":[{"id":"connection:parameters","state":"limited","selectedSchemaRange":{"axis":"capability-schema","minimum":{"axis":"capability-schema","value":1},"maximum":{"axis":"capability-schema","value":1}},"implementationOrigin":"backend-native","tck":{"suiteId":"connection-controls","requiredScenarioIds":["connection.rssi-and-att-mtu-capability-contract"],"contractRange":{"axis":"capability-schema","minimum":{"axis":"capability-schema","value":1},"maximum":{"axis":"capability-schema","value":1}}},"evidence":{"receiptId":"winrt-rust-core-connection-parameters-v2:deterministic","evidenceLevel":"deterministic","implementationVersion":"5.0.0-rc.21","sourceDigest":"winrt-rust-core-connection-parameters-v2","scenarioIds":["connection.rssi-and-att-mtu-capability-contract"],"limitations":[{"code":"live-radio-qualification-pending","explanation":"The backend operation has deterministic contract coverage; physical-radio qualification remains separate.","affectedGuarantee":"reliability-qualified physical-radio interoperability"}]},"limitations":[{"code":"live-radio-qualification-pending","explanation":"The backend operation has deterministic contract coverage; physical-radio qualification remains separate.","affectedGuarantee":"reliability-qualified physical-radio interoperability"}],"limits":{"availability":{"maximum":1,"minimum":null,"unit":"boolean"}}},{"id":"connection:priority","state":"limited","selectedSchemaRange":{"axis":"capability-schema","minimum":{"axis":"capability-schema","value":1},"maximum":{"axis":"capability-schema","value":1}},"implementationOrigin":"backend-native","tck":{"suiteId":"connection-controls","requiredScenarioIds":["connection.rssi-and-att-mtu-capability-contract"],"contractRange":{"axis":"capability-schema","minimum":{"axis":"capability-schema","value":1},"maximum":{"axis":"capability-schema","value":1}}},"evidence":{"receiptId":"winrt-rust-core-connection-priority-v2:deterministic","evidenceLevel":"deterministic","implementationVersion":"5.0.0-rc.21","sourceDigest":"winrt-rust-core-connection-priority-v2","scenarioIds":["connection.rssi-and-att-mtu-capability-contract"],"limitations":[{"code":"live-radio-qualification-pending","explanation":"The backend operation has deterministic contract coverage; physical-radio qualification remains separate.","affectedGuarantee":"reliability-qualified physical-radio interoperability"}]},"limitations":[{"code":"live-radio-qualification-pending","explanation":"The backend operation has deterministic contract coverage; physical-radio qualification remains separate.","affectedGuarantee":"reliability-qualified physical-radio interoperability"}],"limits":{"availability":{"maximum":1,"minimum":null,"unit":"boolean"}}},{"id":"peer:known","state":"limited","selectedSchemaRange":{"axis":"capability-schema","minimum":{"axis":"capability-schema","value":1},"maximum":{"axis":"capability-schema","value":1}},"implementationOrigin":"backend-native","tck":{"suiteId":"capability.catalog-v2","requiredScenarioIds":["scenario.scan-connect-discover-read-notify-destroy"],"contractRange":{"axis":"capability-schema","minimum":{"axis":"capability-schema","value":1},"maximum":{"axis":"capability-schema","value":1}}},"evidence":{"receiptId":"winrt-rust-core-peer-known-v1:deterministic","evidenceLevel":"deterministic","implementationVersion":"5.0.0-rc.21","sourceDigest":"winrt-rust-core-peer-known-v1","scenarioIds":["scenario.scan-connect-discover-read-notify-destroy"],"limitations":[{"code":"live-radio-qualification-pending","explanation":"The backend operation has deterministic contract coverage; physical-radio qualification remains separate.","affectedGuarantee":"reliability-qualified physical-radio interoperability"}]},"limitations":[{"code":"live-radio-qualification-pending","explanation":"The backend operation has deterministic contract coverage; physical-radio qualification remains separate.","affectedGuarantee":"reliability-qualified physical-radio interoperability"}],"limits":{"availability":{"maximum":1,"minimum":null,"unit":"boolean"}}},{"id":"peer:system-connected","state":"limited","selectedSchemaRange":{"axis":"capability-schema","minimum":{"axis":"capability-schema","value":1},"maximum":{"axis":"capability-schema","value":1}},"implementationOrigin":"backend-native","tck":{"suiteId":"capability.catalog-v2","requiredScenarioIds":["scenario.scan-connect-discover-read-notify-destroy"],"contractRange":{"axis":"capability-schema","minimum":{"axis":"capability-schema","value":1},"maximum":{"axis":"capability-schema","value":1}}},"evidence":{"receiptId":"winrt-rust-core-peer-system-connected-v1:deterministic","evidenceLevel":"deterministic","implementationVersion":"5.0.0-rc.21","sourceDigest":"winrt-rust-core-peer-system-connected-v1","scenarioIds":["scenario.scan-connect-discover-read-notify-destroy"],"limitations":[{"code":"live-radio-qualification-pending","explanation":"The backend operation has deterministic contract coverage; physical-radio qualification remains separate.","affectedGuarantee":"reliability-qualified physical-radio interoperability"}]},"limitations":[{"code":"live-radio-qualification-pending","explanation":"The backend operation has deterministic contract coverage; physical-radio qualification remains separate.","affectedGuarantee":"reliability-qualified physical-radio interoperability"}],"limits":{"availability":{"maximum":1,"minimum":null,"unit":"boolean"}}}]}
{"phase":"system-directory-before-manager-scan","known":[],"connected":[],"counters":{"activeScanControllers":0,"scanConsumers":0,"chooserSessions":0,"connectionLeases":0,"physicalLinks":0,"databaseSnapshots":0,"physicalCccdEnablements":0,"subscriptionConsumers":0,"queuedOperations":0,"dispatchedOperations":0,"retainedByteBuffers":0,"restorationRecords":0,"orphanedIpcOwners":0}}
{"phase":"native-scan-target","name":"SIM Polar H10 0001","reference":null,"provenance":"platform-raw","origin":"advertisement","connectable":null}
{"phase":"heartbeat","at":1791405807312}
{"phase":"native-parameters-and-priority","snapshot":{"connectionGeneration":"1","observedAtMonotonicMs":5898.3793,"source":"backend","authority":"backend-observation","limitations":[{"code":"live-radio-qualification-pending","explanation":"The backend operation has deterministic contract coverage; physical-radio qualification remains separate.","affectedGuarantee":"reliability-qualified physical-radio interoperability"}],"state":"measured","intervalMs":20,"peripheralLatency":0,"supervisionTimeoutMs":9600,"subrateFactor":null,"connectionEventLengthMs":null},"initial":{"connectionGeneration":"1","observedAtMonotonicMs":5901.9801,"source":"backend","authority":"backend-observation","limitations":[{"code":"live-radio-qualification-pending","explanation":"The backend operation has deterministic contract coverage; physical-radio qualification remains separate.","affectedGuarantee":"reliability-qualified physical-radio interoperability"}],"state":"measured","intervalMs":20,"peripheralLatency":0,"supervisionTimeoutMs":9600,"subrateFactor":null,"connectionEventLengthMs":null},"priorities":[{"connectionGeneration":"1","observedAtMonotonicMs":5909.9864,"source":"backend","authority":"backend-operation","limitations":[{"code":"live-radio-qualification-pending","explanation":"The backend operation has deterministic contract coverage; physical-radio qualification remains separate.","affectedGuarantee":"reliability-qualified physical-radio interoperability"}],"state":"accepted","requested":"low-power"},{"connectionGeneration":"1","observedAtMonotonicMs":5919.9724,"source":"backend","authority":"backend-operation","limitations":[{"code":"live-radio-qualification-pending","explanation":"The backend operation has deterministic contract coverage; physical-radio qualification remains separate.","affectedGuarantee":"reliability-qualified physical-radio interoperability"}],"state":"accepted","requested":"balanced"},{"connectionGeneration":"1","observedAtMonotonicMs":5925.2364,"source":"backend","authority":"backend-operation","limitations":[{"code":"live-radio-qualification-pending","explanation":"The backend operation has deterministic contract coverage; physical-radio qualification remains separate.","affectedGuarantee":"reliability-qualified physical-radio interoperability"}],"state":"accepted","requested":"high-throughput"}]}
{"phase":"parameter-return-start"}
{"phase":"parameter-return-complete"}
{"phase":"diagnostic-before-discovery-apartment","hresult":"0x0","type":1,"qualifier":0}
{"phase":"discover-start"}
{"phase":"native-call-start","name":"discover","args":[{"peerId":"public:DC:56:7B:D9:E8:A4","lease":"winrt-core-lease-5","ticket":"ticket-10","timeoutMs":24997}]}
{"phase":"heartbeat","at":1791405812313}
{"phase":"heartbeat","at":1791405817314}
{"phase":"heartbeat","at":1791405822315}
{"phase":"heartbeat","at":1791405827316}
{"phase":"heartbeat","at":1791405832316}
{"phase":"native-call-settled","name":"discover","ok":false,"error":"Error: operation.timed-out|connection|discovery.complete|caller-decides|||"}
{"phase":"primary-scenario-error","code":"operation.timed-out","message":"operation.timed-out: winrt.gatt.discover","platform":{"domain":"desktop-rust-core","code":"core-detail","safeMessage":"","metadata":{"coreOperation":"discovery.complete"}}}
{"phase":"cleanup-start"}
{"phase":"cleanup-resource-start","name":"connection"}
{"phase":"native-call-start","name":"disconnect","args":[{"peerId":"public:DC:56:7B:D9:E8:A4","lease":"winrt-core-lease-5"}]}
{"phase":"heartbeat","at":1791405837317}
{"phase":"heartbeat","at":1791405842319}
{"phase":"heartbeat","at":1791405847319}
{"phase":"heartbeat","at":1791405852319}
{"phase":"heartbeat","at":1791405857320}
{"phase":"heartbeat","at":1791405862320}
{"phase":"heartbeat","at":1791405867321}
{"phase":"heartbeat","at":1791405874629}
{"phase":"heartbeat","at":1791405879629}
{"phase":"heartbeat","at":1791405884629}
{"phase":"heartbeat","at":1791405889630}
{"phase":"heartbeat","at":1791405894631}

#< CLIXML
<Objs Version="1.1.0.1" xmlns="http://schemas.microsoft.com/powershell/2004/04"><S S="Error">Retained Bun diagnostic exceeded bounded native lifetime_x000D__x000A_</S><S S="Error">At line:22 char:3_x000D__x000A_</S><S S="Error">+   throw 'Retained Bun diagnostic exceeded bounded native lifetime'_x000D__x000A_</S><S S="Error">+   ~~~~~~~~~~~~~~~~~~~~~~~~~~~~~~~~~~~~~~~~~~~~~~~~~~~~~~~~~~~~~~~~_x000D__x000A_</S><S S="Error">    + CategoryInfo          : OperationStopped: (Retained Bun di...native lifetime:String) [], RuntimeException_x000D__x000A_</S><S S="Error">    + FullyQualifiedErrorId : Retained Bun diagnostic exceeded bounded native lifetime_x000D__x000A_</S><S S="Error"> _x000D__x000A_</S></Objs>
{"exitcode": 1, "outTruncated": false, "errTruncated": false}
