{"guestPid": 8932}
{"pendingGuestPid": 8932}
{"guestPid": 8932}
{"phase":"owned-bun-diagnostic-start","pid":12784,"source":"f0d0a3e8"}

************* Preparing the environment for Debugger Extensions Gallery repositories **************
   ExtensionRepository : Implicit
   UseExperimentalFeatureForNugetShare : true
   AllowNugetExeUpdate : true
   NonInteractiveNuget : true
   AllowNugetMSCredentialProviderInstall : true
   AllowParallelInitializationOfLocalRepositories : true

   -- Configuring repositories
      ----> Repository : LocalInstalled, Enabled: true
      ----> Repository : UserExtensions, Enabled: true

>>>>>>>>>>>>> Preparing the environment for Debugger Extensions Gallery repositories completed, duration 0.032 seconds

************* Waiting for Debugger Extensions Gallery to Initialize **************

>>>>>>>>>>>>> Waiting for Debugger Extensions Gallery to Initialize completed, duration 0.531 seconds
   ----> Repository : UserExtensions, Enabled: true, Packages count: 0
   ----> Repository : LocalInstalled, Enabled: true, Packages count: 46

Microsoft (R) Windows Debugger Version 10.0.29661.1004 AMD64
Copyright (c) Microsoft Corporation. All rights reserved.

*** wait with pending attach

************* Path validation summary **************
Response                         Time (ms)     Location
Deferred                                       srv*
Symbol search path is: srv*
Executable search path is: 
WARNING: Process 12784 is not attached as a debuggee
         The process can be examined but debug events will not be received
.................................................
(31f0.ac0): Wake debugger - code 80000007 (first chance)
ntdll!NtRemoveIoCompletionEx+0x17:
00007ffd`0a4e3d97 c3              ret
0:000> cdb: Reading initial command '~* kb;qd'

.  0  Id: 31f0.ac0 Suspend: 1 Teb: 000000b0`59ce9000 Unfrozen
RetAddr               : Args to Child                                                           : Call Site
00007ffd`07d5147f     : 00000000`00000000 00000209`a52a0460 000000b0`5afb6070 00007ffd`07d43cb2 : ntdll!NtRemoveIoCompletionEx+0x17
00007ff6`becd44b0     : 00000209`a5750000 00000000`00000000 00000209`a410b480 00000209`a410b480 : KERNELBASE!GetQueuedCompletionStatusEx+0xcf
00007ff6`bf92a1c9     : 000000b0`5afb7290 00007ff6`beaf14f8 00007ff6`c38280f0 00000000`00000000 : bun!uv_run+0x380
00007ff6`bead8a14     : 00000209`a5886ce0 00000000`00000000 00000000`000000ff 00000209`a5880000 : bun!uv_tty_get_vterm_state+0x4a5499
00007ff6`be9b6543     : 00000209`a5780000 000000b0`5afcf538 000000b0`5afb74c0 00007ff6`be9a3952 : bun!uv_timer_stop+0xcdb04
00007ff6`bebf3977     : 00000000`00000000 00000000`00000000 00000000`00000000 00007ff6`be9f47f0 : bun!uv_disable_stdio_inheritance+0x26153
00007ff6`be9963cb     : 00000000`00000000 00000000`00000000 00000000`00000000 00000000`00000000 : bun!uv_guess_handle+0xc77
00007ff6`be991a09     : 00000000`00000000 00000000`00000000 00000209`a4110b00 0000bf9b`ef97ca92 : bun!uv_disable_stdio_inheritance+0x5fdb
00007ff6`be990bc8     : 000000b0`5afffb70 00007ff6`be9907a0 00000000`00000000 00000000`00000aa4 : bun!uv_disable_stdio_inheritance+0x1619
00007ff6`be986747     : 00000209`a4110a70 00000000`00000000 00000000`00000000 00007ff6`c2398046 : bun!uv_disable_stdio_inheritance+0x7d8
00007ff6`c23982d4     : 00007ff6`c30da5f8 00007ff6`c239810d 00000000`00000000 00000000`00000000 : bun+0x6747
00007ffd`090dcd87     : 00000000`00000000 00000000`00000000 00000000`00000000 00000000`00000000 : bun!bmalloc::Mutex::lockSlowCase+0x543764
00007ffd`0a42caec     : 00000000`00000000 00000000`00000000 000004f0`fffffb30 000004d0`fffffb30 : KERNEL32!BaseThreadInitThunk+0x17
00000000`00000000     : 00000000`00000000 00000000`00000000 00000000`00000000 00000000`00000000 : ntdll!RtlUserThreadStart+0x2c

   1  Id: 31f0.2e70 Suspend: 1 Teb: 000000b0`59ced000 Unfrozen
RetAddr               : Args to Child                                                           : Call Site
00007ffd`0a39a65e     : 00000000`00000000 00000000`00000000 00007ffd`0a398d70 00000209`a410e1f0 : ntdll!NtWaitForWorkViaWorkerFactory+0x17
00007ffd`090dcd87     : 00000000`00000000 00000000`00000000 00000000`00000000 00000000`00000000 : ntdll!TppWorkerThread+0x37e
00007ffd`0a42caec     : 00000000`00000000 00000000`00000000 000004f0`fffffb30 000004d0`fffffb30 : KERNEL32!BaseThreadInitThunk+0x17
00000000`00000000     : 00000000`00000000 00000000`00000000 00000000`00000000 00000000`00000000 : ntdll!RtlUserThreadStart+0x2c

   2  Id: 31f0.27f8 Suspend: 1 Teb: 000000b0`59cf1000 Unfrozen "mi-scavenger"
RetAddr               : Args to Child                                                           : Call Site
00007ffd`0a418273     : 00000000`00208d8c 00000000`00000002 00000000`00000000 00000000`00000000 : ntdll!NtWaitForAlertByThreadId+0x17
00007ffd`07d6e298     : 00007ff6`c38b79b8 00000000`00000000 000000b0`5f7ff810 000000b0`5f7ff808 : ntdll!RtlWaitOnAddress+0x213
00007ff6`bec87781     : 00000000`00000002 00007ffd`07d76ae0 00000004`f79935d7 00000000`00000000 : KERNELBASE!WaitOnAddress+0x38
00007ffd`090dcd87     : 00000000`00000000 00000000`00000000 00000000`00000000 00000000`00000000 : bun!uv_poll_init_socket+0xa351
00007ffd`0a42caec     : 00000000`00000000 00000000`00000000 000004f0`fffffb30 000004d0`fffffb30 : KERNEL32!BaseThreadInitThunk+0x17
00000000`00000000     : 00000000`00000000 00000000`00000000 00000000`00000000 00000000`00000000 : ntdll!RtlUserThreadStart+0x2c

   3  Id: 31f0.3674 Suspend: 1 Teb: 000000b0`59cf5000 Unfrozen "tokio-rt-worker"
RetAddr               : Args to Child                                                           : Call Site
00007ffd`0a418273     : 00000000`00000000 00000000`00000000 00000000`00000000 00000000`00000000 : ntdll!NtWaitForAlertByThreadId+0x17
00007ffd`07d6e298     : 00000209`a4113594 00000000`00000000 000000b0`60bff180 00000000`00000000 : ntdll!RtlWaitOnAddress+0x213
*** WARNING: Unable to verify checksum for C:\ubm-rc21-qualification\f0d0a3e8\node_modules\unified-ble-manager\native\desktop-core\prebuilds\win32-x64\ubm_desktop_core.node
00007ffc`971f70b3     : 00000000`ffffffff 00000000`00000000 00000000`00000000 00000000`00000000 : KERNELBASE!WaitOnAddress+0x38
00007ffc`971b0ddc     : 00000000`00000000 00000000`00000000 00000000`00000000 00000000`00000000 : ubm_desktop_core!napi_register_module_v1+0x1e3663
00007ffc`971b088f     : 00000000`00000000 00000000`00000000 00000000`00000000 00000000`00000000 : ubm_desktop_core!napi_register_module_v1+0x19d38c
00007ffc`971ac6e9     : 00000000`00000001 00000209`a4138298 00000000`00000000 00000209`a413b460 : ubm_desktop_core!napi_register_module_v1+0x19ce3f
00007ffc`971ad62e     : 00000000`00000001 00000209`a41381a0 00000000`00000000 000000b0`60bff470 : ubm_desktop_core!napi_register_module_v1+0x198c99
00007ffc`971a8667     : 00000000`00000000 00000000`00000000 00000000`00000000 00000000`00000000 : ubm_desktop_core!napi_register_module_v1+0x199bde
00007ffc`971a9748     : 00000000`00000000 00000000`00000000 00000000`01000044 000000b0`60bff590 : ubm_desktop_core!napi_register_module_v1+0x194c17
00007ffc`971ae565     : 00000209`a4001480 00000000`00000040 00000000`00000000 00000000`00000000 : ubm_desktop_core!napi_register_module_v1+0x195cf8
00007ffc`9719c6a4     : 00000000`00000000 00000000`00000001 00000000`00000000 00000000`00000000 : ubm_desktop_core!napi_register_module_v1+0x19ab15
00007ffc`971a795a     : 00000209`a4127140 00000000`00000040 00000000`00000000 00000209`a4146110 : ubm_desktop_core!napi_register_module_v1+0x188c54
00007ffc`97194731     : 000000b0`60bff910 00007ffc`973fa280 00000000`00000000 010000b0`00000000 : ubm_desktop_core!napi_register_module_v1+0x193f0a
00007ffc`9719eca4     : 00000042`00020061 00000000`00000000 00000209`a4000000 00000000`00000000 : ubm_desktop_core!napi_register_module_v1+0x180ce1
00007ffc`971ff723     : 00000209`a41521e0 00000209`a4150a00 00000209`a4114f10 00000000`00000000 : ubm_desktop_core!napi_register_module_v1+0x18b254
00007ffd`090dcd87     : 00000000`00000000 00000000`00000000 00000000`00000000 00000000`00000000 : ubm_desktop_core!napi_register_module_v1+0x1ebcd3
00007ffd`0a42caec     : 00000000`00000000 00000000`00000000 000004f0`fffffb30 000004d0`fffffb30 : KERNEL32!BaseThreadInitThunk+0x17
00000000`00000000     : 00000000`00000000 00000000`00000000 00000000`00000000 00000000`00000000 : ntdll!RtlUserThreadStart+0x2c

   4  Id: 31f0.41c Suspend: 1 Teb: 000000b0`59cf7000 Unfrozen "tokio-rt-worker"
RetAddr               : Args to Child                                                           : Call Site
00007ffd`0a38ff6d     : 000000b0`60dfbe89 000000b0`59cf7000 4574598d`cf7d5bcd 00000000`00000000 : ntdll!NtWaitForAlertByThreadId+0x17
00007ffd`0a39166f     : 00000000`00000001 00000000`00000000 0000020a`270df000 00000000`000007d0 : ntdll!RtlpWaitOnCriticalSection+0x5ad
00007ffd`0a3928e2     : 0000020a`270df120 00000209`a3860101 000000b0`60dfc000 0000020a`00000000 : ntdll!RtlpEnterCriticalSectionContended+0x1ef
00007ffc`fe4b7583     : 0000020a`270df120 000000b0`60dfbfd0 00007ffc`fe44b000 00007ffc`fe45e38b : ntdll!RtlEnterCriticalSection+0xf2
00007ffc`fe4b7326     : 0000020a`270df020 00007ffc`fe46f600 0000020a`270df570 0000020a`270e8280 : Windows_Devices_Bluetooth!Windows::Devices::Bluetooth::GenericAttributeProfile::GattDeviceService::CloseServiceResources+0x1f7
00007ffc`971874e9     : 00000209`00000001 000000b0`60dfc178 000000b0`60dfc0d0 00007ffc`97186300 : Windows_Devices_Bluetooth!Windows::Devices::Bluetooth::GenericAttributeProfile::GattDeviceService::Close+0xa6
00007ffc`9715aa86     : 00000209`a41b8b88 00000000`00040047 0000020a`271e0f00 00020057`00210020 : ubm_desktop_core!napi_register_module_v1+0x173a99
00007ffc`9712b33e     : 0000020a`270e57e0 ffffffff`fffffffe ffffffff`ffffffff ffffffff`ffffffff : ubm_desktop_core!napi_register_module_v1+0x147036
00007ffc`9712e419     : 00000002`0088001f 00000000`00000001 00000209`a40016c0 00000000`00000090 : ubm_desktop_core!napi_register_module_v1+0x1178ee
00007ffc`96edad63     : 00000000`00000001 00007ffc`97688201 00000209`a6be1cc0 000000b0`5afb5440 : ubm_desktop_core!napi_register_module_v1+0x11a9c9
00007ffc`96f0a17d     : 00007ffd`0711f32a 00007ffc`9719d8a2 00000000`00000001 000000b0`60dfbf10 : ubm_desktop_core+0x53ad63
00007ffc`96db09c0     : 00000000`00000000 00000209`a41c8e10 00000209`a41c8f59 00000209`a41c8d38 : ubm_desktop_core+0x56a17d
00007ffc`96ca8b7a     : 00000209`a4000000 00000209`00000000 0000020a`271e31e0 00000000`00000000 : ubm_desktop_core+0x4109c0
00007ffc`96cb4c47     : 00000209`a4977178 00000209`a85f91a0 00007ffc`97688690 00000209`a4977178 : ubm_desktop_core+0x308b7a
00007ffc`96c767a3     : 000000b0`60dff210 00000000`000017dc 00000000`00000000 00000000`00000000 : ubm_desktop_core+0x314c47
00007ffc`96a06e5c     : 00000000`00000000 00000000`00000000 00000000`00000000 000000b0`60dff288 : ubm_desktop_core+0x2d67a3
00007ffc`971adecd     : 00000000`00000003 00000209`a4138c00 00000209`a4138c20 00000209`a4138c00 : ubm_desktop_core+0x66e5c
00007ffc`971ad1a6     : 4237ffff`ffb2aca7 3feccccc`cccccccd 00000000`00000000 00000209`a4138c00 : ubm_desktop_core!napi_register_module_v1+0x19a47d
00007ffc`971a8667     : 00000000`00000000 00000000`00000000 00000000`00000000 00000000`00000000 : ubm_desktop_core!napi_register_module_v1+0x199756
00007ffc`971a9748     : 00000000`00000000 00000000`00000000 000000b0`59ce8000 00000000`00000000 : ubm_desktop_core!napi_register_module_v1+0x194c17
00007ffc`971ae565     : 00000209`a4001480 00000000`00000040 00000000`00000000 00000000`00000000 : ubm_desktop_core!napi_register_module_v1+0x195cf8
00007ffc`9719c6a4     : 00000000`00000000 00000000`00000001 00000000`00000000 00000000`00000000 : ubm_desktop_core!napi_register_module_v1+0x19ab15
00007ffc`971a795a     : 00000209`a4127e80 00000000`00000040 00000000`00000000 00000209`a415e710 : ubm_desktop_core!napi_register_module_v1+0x188c54
00007ffc`97194731     : 000000b0`60dff9a0 00000000`00000001 00000000`00000000 01000000`00000000 : ubm_desktop_core!napi_register_module_v1+0x193f0a
00007ffc`9719eca4     : 00000042`000c0069 00000209`a4000014 00000209`a4000000 00000000`00000000 : ubm_desktop_core!napi_register_module_v1+0x180ce1
00007ffc`971ff723     : 00000209`a41524e0 00000209`a4150920 00000209`a4114ce0 00000000`00000000 : ubm_desktop_core!napi_register_module_v1+0x18b254
00007ffd`090dcd87     : 00000000`00000000 00000000`00000000 00000000`00000000 00000000`00000000 : ubm_desktop_core!napi_register_module_v1+0x1ebcd3
00007ffd`0a42caec     : 00000000`00000000 00000000`00000000 000004f0`fffffb30 000004d0`fffffb30 : KERNEL32!BaseThreadInitThunk+0x17
00000000`00000000     : 00000000`00000000 00000000`00000000 00000000`00000000 00000000`00000000 : ntdll!RtlUserThreadStart+0x2c

   5  Id: 31f0.2bb8 Suspend: 1 Teb: 000000b0`59cf9000 Unfrozen "tokio-rt-worker"
RetAddr               : Args to Child                                                           : Call Site
00007ffd`0a418273     : 00000000`00000000 00000081`00040009 00000000`00000000 00000209`a4625a60 : ntdll!NtWaitForAlertByThreadId+0x17
00007ffd`07d6e298     : 00000209`a4150afc 00000000`00000000 000000b0`60ffef70 00000000`000015d2 : ntdll!RtlWaitOnAddress+0x213
00007ffc`971f70b3     : 00007ffc`9768e9c0 000000b0`60fff450 00000209`a46f2c80 00000209`a46f2c80 : KERNELBASE!WaitOnAddress+0x38
00007ffc`97193c38     : 000000b0`00000002 00000000`00000002 00000000`00000000 000000b0`60ffed90 : ubm_desktop_core!napi_register_module_v1+0x1e3663
00007ffc`971aa66d     : 00000209`a4113348 00000000`00000000 000000b0`60fff0a0 000000b0`60fff068 : ubm_desktop_core!napi_register_module_v1+0x1801e8
00007ffc`971b08aa     : ffffffff`fffffffe 00000000`00000002 00000209`a413c430 00000209`a415efa0 : ubm_desktop_core!napi_register_module_v1+0x196c1d
00007ffc`971ac6e9     : 00000004`fb662a6d 00007ffd`0a3ebab9 00000209`a46f2c80 00007ffd`0a392eba : ubm_desktop_core!napi_register_module_v1+0x19ce5a
00007ffc`971ad62e     : 4237ffff`ffb2aca7 3feccccc`cccccccd 00000000`00000000 00000209`a413c430 : ubm_desktop_core!napi_register_module_v1+0x198c99
00007ffc`971a8667     : 00000000`00000000 00000000`00000000 00000000`00000000 00000000`00000000 : ubm_desktop_core!napi_register_module_v1+0x199bde
00007ffc`971a9748     : 00000000`00000000 00000000`00000000 000000b0`59ce8000 00000000`00000000 : ubm_desktop_core!napi_register_module_v1+0x194c17
00007ffc`971ae565     : 00000209`a4001480 00000000`00000040 00000000`00000000 00000000`00000000 : ubm_desktop_core!napi_register_module_v1+0x195cf8
00007ffc`9719c6a4     : 00000000`00000000 00000000`00000001 00000000`00000000 00000000`00000000 : ubm_desktop_core!napi_register_module_v1+0x19ab15
00007ffc`971a795a     : 00000209`a4127a40 00000000`00000040 00000000`00000000 00000209`a415f000 : ubm_desktop_core!napi_register_module_v1+0x188c54
00007ffc`97194731     : 000000b0`60fff780 00000000`00000001 00000000`00000000 01000000`00000000 : ubm_desktop_core!napi_register_module_v1+0x193f0a
00007ffc`9719eca4     : 00000042`00080073 00000209`a4000014 00000209`a4000000 00000000`00000000 : ubm_desktop_core!napi_register_module_v1+0x180ce1
00007ffc`971ff723     : 00000209`a41524b0 00000209`a4150960 00000209`a4114fb0 00000000`00000000 : ubm_desktop_core!napi_register_module_v1+0x18b254
00007ffd`090dcd87     : 00000000`00000000 00000000`00000000 00000000`00000000 00000000`00000000 : ubm_desktop_core!napi_register_module_v1+0x1ebcd3
00007ffd`0a42caec     : 00000000`00000000 00000000`00000000 000004f0`fffffb30 000004d0`fffffb30 : KERNEL32!BaseThreadInitThunk+0x17
00000000`00000000     : 00000000`00000000 00000000`00000000 00000000`00000000 00000000`00000000 : ntdll!RtlUserThreadStart+0x2c

   6  Id: 31f0.2d7c Suspend: 1 Teb: 000000b0`59cfb000 Unfrozen "tokio-rt-worker"
RetAddr               : Args to Child                                                           : Call Site
00007ffd`0a418273     : 00000000`00000000 00000000`00000000 00000000`00000000 00000000`00000000 : ntdll!NtWaitForAlertByThreadId+0x17
00007ffd`07d6e298     : 00000209`a41130b4 00000000`00000000 000000b0`611fede0 00000000`00000000 : ntdll!RtlWaitOnAddress+0x213
00007ffc`971f70b3     : 00000000`ffffffff 00000000`00000000 00000000`00000000 00000000`00000000 : KERNELBASE!WaitOnAddress+0x38
00007ffc`971b0ddc     : 00000000`00000000 00000000`00000000 00000000`00000000 00000000`00000000 : ubm_desktop_core!napi_register_module_v1+0x1e3663
00007ffc`971b088f     : 00000000`00000000 00000000`00000000 00000000`00000000 00000000`00000000 : ubm_desktop_core!napi_register_module_v1+0x19d38c
00007ffc`971ac6e9     : 00000004`d3d82025 00007ffd`0a3ebab9 00000000`00000010 00007ffd`0789e3c5 : ubm_desktop_core!napi_register_module_v1+0x19ce3f
00007ffc`971ad62e     : 00000000`00000001 00000209`a41381a0 00000000`00000000 000000b0`611ff0d0 : ubm_desktop_core!napi_register_module_v1+0x198c99
00007ffc`971a8667     : 00000000`00000000 00000000`00000000 00000000`00000000 00000000`00000000 : ubm_desktop_core!napi_register_module_v1+0x199bde
00007ffc`971a9748     : 00000000`00000000 00000000`00000000 000000b0`59ce8000 00000000`00000000 : ubm_desktop_core!napi_register_module_v1+0x194c17
00007ffc`971ae565     : 00000209`a4001480 00000000`00000040 00000000`00000000 00000000`00000000 : ubm_desktop_core!napi_register_module_v1+0x195cf8
00007ffc`9719c6a4     : 00000000`00000000 00000000`00000001 00000000`00000000 00000000`00000000 : ubm_desktop_core!napi_register_module_v1+0x19ab15
00007ffc`971a795a     : 00000209`a4127100 00000000`00000040 00000000`00000000 00000209`a415ec50 : ubm_desktop_core!napi_register_module_v1+0x188c54
00007ffc`97194731     : 000000b0`611ff570 00000000`00000001 00000000`00000000 01000000`00000000 : ubm_desktop_core!napi_register_module_v1+0x193f0a
00007ffc`9719eca4     : 00000042`00060064 00000209`a4000014 00000209`a4000000 00000000`00000000 : ubm_desktop_core!napi_register_module_v1+0x180ce1
00007ffc`971ff723     : 00000209`a4152330 00000209`a41508c0 00000209`a4114b00 00000000`00000000 : ubm_desktop_core!napi_register_module_v1+0x18b254
00007ffd`090dcd87     : 00000000`00000000 00000000`00000000 00000000`00000000 00000000`00000000 : ubm_desktop_core!napi_register_module_v1+0x1ebcd3
00007ffd`0a42caec     : 00000000`00000000 00000000`00000000 000004f0`fffffb30 000004d0`fffffb30 : KERNEL32!BaseThreadInitThunk+0x17
00000000`00000000     : 00000000`00000000 00000000`00000000 00000000`00000000 00000000`00000000 : ntdll!RtlUserThreadStart+0x2c

   7  Id: 31f0.3298 Suspend: 1 Teb: 000000b0`59cfd000 Unfrozen "tokio-rt-worker"
RetAddr               : Args to Child                                                           : Call Site
00007ffd`0a418273     : 000000b0`613ff200 00000000`000015d1 00000000`00000000 00007ffc`971f65de : ntdll!NtWaitForAlertByThreadId+0x17
00007ffd`07d6e298     : 00000209`a4113264 00000000`00000000 000000b0`613ff280 00000000`0000139f : ntdll!RtlWaitOnAddress+0x213
00007ffc`971f70b3     : 00000000`ffffffff 00010000`ffffffff ffffffff`fffffffe 00000000`ffffffff : KERNELBASE!WaitOnAddress+0x38
00007ffc`971b0ddc     : 000000b0`613ff310 00007ffc`971aa6dc 00000209`a4113348 00000000`00000000 : ubm_desktop_core!napi_register_module_v1+0x1e3663
00007ffc`971b088f     : ffffffff`fffffffe 00000000`00000001 00000209`a413b4f0 00000209`a415fb80 : ubm_desktop_core!napi_register_module_v1+0x19d38c
00007ffc`971ac6e9     : 00000004`fb662f3d 00007ffd`0a3ebab9 00000209`a46f2200 00000209`a413b4f0 : ubm_desktop_core!napi_register_module_v1+0x19ce3f
00007ffc`971ad62e     : 4237ffff`ffb2aca7 3feccccc`cccccccd 00000000`00000000 00000209`a413b4f0 : ubm_desktop_core!napi_register_module_v1+0x198c99
00007ffc`971a8667     : 00000000`00000000 00000000`00000000 00000000`00000000 00000000`00000000 : ubm_desktop_core!napi_register_module_v1+0x199bde
00007ffc`971a9748     : 00000000`00000000 00000000`00000000 000000b0`59ce8000 00000000`00000000 : ubm_desktop_core!napi_register_module_v1+0x194c17
00007ffc`971ae565     : 00000209`a4001480 00000000`00000040 00000000`00000000 00000000`00000000 : ubm_desktop_core!napi_register_module_v1+0x195cf8
00007ffc`9719c6a4     : 00000000`00000000 00000000`00000001 00000000`00000000 00000000`00000000 : ubm_desktop_core!napi_register_module_v1+0x19ab15
00007ffc`971a795a     : 00000209`a4127080 00000000`00000040 00000000`00000000 00000209`a415fbe0 : ubm_desktop_core!napi_register_module_v1+0x188c54
00007ffc`97194731     : 000000b0`613ffa10 00000000`00000001 00000000`00000000 01000000`00000000 : ubm_desktop_core!napi_register_module_v1+0x193f0a
00007ffc`9719eca4     : 00000042`0004007a 00000209`a4000014 00000209`a4000000 00000000`00000000 : ubm_desktop_core!napi_register_module_v1+0x180ce1
00007ffc`971ff723     : 00000209`a4152570 00000209`a4150c60 00000209`a4114c40 00000000`00000000 : ubm_desktop_core!napi_register_module_v1+0x18b254
00007ffd`090dcd87     : 00000000`00000000 00000000`00000000 00000000`00000000 00000000`00000000 : ubm_desktop_core!napi_register_module_v1+0x1ebcd3
00007ffd`0a42caec     : 00000000`00000000 00000000`00000000 000004f0`fffffb30 000004d0`fffffb30 : KERNEL32!BaseThreadInitThunk+0x17
00000000`00000000     : 00000000`00000000 00000000`00000000 00000000`00000000 00000000`00000000 : ntdll!RtlUserThreadStart+0x2c

   8  Id: 31f0.1e3c Suspend: 1 Teb: 000000b0`59cff000 Unfrozen "tokio-rt-worker"
RetAddr               : Args to Child                                                           : Call Site
00007ffd`0a418273     : ffffffff`fffffffe 00000209`a46f2b00 000000b0`615fee30 00007ffc`971f65de : ntdll!NtWaitForAlertByThreadId+0x17
00007ffd`07d6e298     : 00000209`a4113174 00000000`00000000 000000b0`615feeb0 00000000`00001e78 : ntdll!RtlWaitOnAddress+0x213
00007ffc`971f70b3     : 00000000`ffffffff 00000209`a46f2b00 00000000`00000000 00000209`a46f2b30 : KERNELBASE!WaitOnAddress+0x38
00007ffc`971b0ddc     : 00000209`a400100a 00000000`00000000 0000006e`00000000 00000000`00000020 : ubm_desktop_core!napi_register_module_v1+0x1e3663
00007ffc`971b088f     : ffffffff`fffffffe 00007ffc`96a44b3d 00000209`a4138b70 00000209`a415fd30 : ubm_desktop_core!napi_register_module_v1+0x19d38c
00007ffc`971ac6e9     : 00000004`e84fd118 00007ffd`0a3ebab9 00000209`a46f2b00 00000209`a41382a8 : ubm_desktop_core!napi_register_module_v1+0x19ce3f
00007ffc`971ad62e     : 4237ffff`ffb2aca7 3feccccc`cccccccd 00000000`00000000 00000209`a4138b70 : ubm_desktop_core!napi_register_module_v1+0x198c99
00007ffc`971a8667     : 00000000`00000000 00000000`00000000 00000000`00000000 00000000`00000000 : ubm_desktop_core!napi_register_module_v1+0x199bde
00007ffc`971a9748     : 00000000`00000000 00000000`00000000 000000b0`59ce8000 00000000`00000000 : ubm_desktop_core!napi_register_module_v1+0x194c17
00007ffc`971ae565     : 00000209`a4001480 00000000`00000040 00000000`00000000 00000000`00000000 : ubm_desktop_core!napi_register_module_v1+0x195cf8
00007ffc`9719c6a4     : 00000000`00000000 00000000`00000001 00000000`00000000 00000000`00000000 : ubm_desktop_core!napi_register_module_v1+0x19ab15
00007ffc`971a795a     : 00000209`a41279c0 00000000`00000040 00000000`00000000 00000209`a415fd90 : ubm_desktop_core!napi_register_module_v1+0x188c54
00007ffc`97194731     : 000000b0`615ff640 00000000`00000001 00000000`00000000 01000000`00000000 : ubm_desktop_core!napi_register_module_v1+0x193f0a
00007ffc`9719eca4     : 00000042`000a0077 00000209`a4000014 00000209`a4000000 00000000`00000000 : ubm_desktop_core!napi_register_module_v1+0x180ce1
00007ffc`971ff723     : 00000209`a41525a0 00000209`a41508a0 00000209`a4114d80 00000000`00000000 : ubm_desktop_core!napi_register_module_v1+0x18b254
00007ffd`090dcd87     : 00000000`00000000 00000000`00000000 00000000`00000000 00000000`00000000 : ubm_desktop_core!napi_register_module_v1+0x1ebcd3
00007ffd`0a42caec     : 00000000`00000000 00000000`00000000 000004f0`fffffb30 000004d0`fffffb30 : KERNEL32!BaseThreadInitThunk+0x17
00000000`00000000     : 00000000`00000000 00000000`00000000 00000000`00000000 00000000`00000000 : ntdll!RtlUserThreadStart+0x2c

   9  Id: 31f0.1fe0 Suspend: 1 Teb: 000000b0`59d01000 Unfrozen "tokio-rt-worker"
RetAddr               : Args to Child                                                           : Call Site
00007ffd`0a418273     : ffffffff`fffffffe 00000209`a46f20c8 ffffffff`fffffffe 00000209`a46f2080 : ntdll!NtWaitForAlertByThreadId+0x17
00007ffd`07d6e298     : 00000209`a4113e94 00000000`00000000 000000b0`617ff2c0 00000000`0000356c : ntdll!RtlWaitOnAddress+0x213
00007ffc`971f70b3     : 00000000`ffffffff 00000209`a46f2080 00ffffff`fffffffe ffffffff`fffffffe : KERNELBASE!WaitOnAddress+0x38
00007ffc`971b0ddc     : 000000b0`617ff350 00007ffc`971aa6dc 00000209`a4113348 000000b0`617ff701 : ubm_desktop_core!napi_register_module_v1+0x1e3663
00007ffc`971b088f     : ffffffff`fffffffe 00000209`a413f7c0 00000209`a46f2200 00000209`a4160450 : ubm_desktop_core!napi_register_module_v1+0x19d38c
00007ffc`971ac6e9     : 00000004`fb61c029 00007ffd`0a3ebab9 00000209`a46f2080 00000209`a413f7a0 : ubm_desktop_core!napi_register_module_v1+0x19ce3f
00007ffc`971ad62e     : 3ff00000`00000000 3feccccc`cccccccd 00000000`00000000 00000209`a413f7a0 : ubm_desktop_core!napi_register_module_v1+0x198c99
00007ffc`971a8667     : 00000000`00000000 00000000`00000000 00000000`00000000 00000000`00000000 : ubm_desktop_core!napi_register_module_v1+0x199bde
00007ffc`971a9748     : 00000000`00000000 00000000`00000000 000000b0`59ce8000 00000000`00000000 : ubm_desktop_core!napi_register_module_v1+0x194c17
00007ffc`971ae565     : 00000209`a4001480 00000000`00000040 00000000`00000000 00000000`00000000 : ubm_desktop_core!napi_register_module_v1+0x195cf8
00007ffc`9719c6a4     : 00000000`00000000 00000000`00000001 00000000`00000000 00000000`00000000 : ubm_desktop_core!napi_register_module_v1+0x19ab15
00007ffc`971a795a     : 00000209`a4127900 00000000`00000040 00000000`00000000 00000209`a41604b0 : ubm_desktop_core!napi_register_module_v1+0x188c54
00007ffc`97194731     : 000000b0`617ffa50 00000000`00000001 00000000`00000000 01000000`00000000 : ubm_desktop_core!napi_register_module_v1+0x193f0a
00007ffc`9719eca4     : 00000042`00100063 00000209`a4000014 00000209`a4000000 00000000`00000000 : ubm_desktop_core!napi_register_module_v1+0x180ce1
00007ffc`971ff723     : 00000209`a41525d0 00000209`a4150ac0 00000209`a4114ec0 00000000`00000000 : ubm_desktop_core!napi_register_module_v1+0x18b254
00007ffd`090dcd87     : 00000000`00000000 00000000`00000000 00000000`00000000 00000000`00000000 : ubm_desktop_core!napi_register_module_v1+0x1ebcd3
00007ffd`0a42caec     : 00000000`00000000 00000000`00000000 000004f0`fffffb30 000004d0`fffffb30 : KERNEL32!BaseThreadInitThunk+0x17
00000000`00000000     : 00000000`00000000 00000000`00000000 00000000`00000000 00000000`00000000 : ntdll!RtlUserThreadStart+0x2c

  10  Id: 31f0.1414 Suspend: 1 Teb: 000000b0`59d03000 Unfrozen "tokio-rt-worker"
RetAddr               : Args to Child                                                           : Call Site
00007ffd`0a418273     : ffffffff`fffffffe 00000209`a46f26c8 ffffffff`fffffffe 00000209`a4138c90 : ntdll!NtWaitForAlertByThreadId+0x17
00007ffd`07d6e298     : 00000209`a4113b04 00000000`00000000 000000b0`619ff510 00000000`00001fbe : ntdll!RtlWaitOnAddress+0x213
00007ffc`971f70b3     : 00000000`ffffffff 00000209`a46f2200 00ffffff`fffffffe ffffffff`fffffffe : KERNELBASE!WaitOnAddress+0x38
00007ffc`971b0ddc     : 000000b0`619ff5a0 00007ffc`971aa6dc 00000209`a4113348 000000b0`619ff901 : ubm_desktop_core!napi_register_module_v1+0x1e3663
00007ffc`971b088f     : ffffffff`fffffffe 00000209`a4138cb0 00000209`a46f2680 00000209`a41602a0 : ubm_desktop_core!napi_register_module_v1+0x19d38c
00007ffc`971ac6e9     : 00000004`fb273053 00007ffd`0a3ebab9 00000209`a46f2680 00000209`a4138c90 : ubm_desktop_core!napi_register_module_v1+0x19ce3f
00007ffc`971ad62e     : 3ff00000`00000000 3feccccc`cccccccd 00000000`00000000 00000209`a4138c90 : ubm_desktop_core!napi_register_module_v1+0x198c99
00007ffc`971a8667     : 00000000`00000000 00000000`00000000 00000000`00000000 00000000`00000000 : ubm_desktop_core!napi_register_module_v1+0x199bde
00007ffc`971a9748     : 00000000`00000000 00000000`00000000 000000b0`59ce8000 00000000`00000000 : ubm_desktop_core!napi_register_module_v1+0x194c17
00007ffc`971ae565     : 00000209`a4001480 00000000`00000040 00000000`00000000 00000000`00000000 : ubm_desktop_core!napi_register_module_v1+0x195cf8
00007ffc`9719c6a4     : 00000000`00000000 00000000`00000001 00000000`00000000 00000000`00000000 : ubm_desktop_core!napi_register_module_v1+0x19ab15
00007ffc`971a795a     : 00000209`a4127bc0 00000000`00000040 00000000`00000000 00000209`a4160300 : ubm_desktop_core!napi_register_module_v1+0x188c54
00007ffc`97194731     : 000000b0`619ffca0 00000000`00000001 00000000`00000000 01000000`00000000 : ubm_desktop_core!napi_register_module_v1+0x193f0a
00007ffc`9719eca4     : 00000042`000e0062 00000209`a4000014 00000209`a4000000 00000000`00000000 : ubm_desktop_core!napi_register_module_v1+0x180ce1
00007ffc`971ff723     : 00000209`a41522a0 00000209`a4150fe0 00000209`a4114f60 00000000`00000000 : ubm_desktop_core!napi_register_module_v1+0x18b254
00007ffd`090dcd87     : 00000000`00000000 00000000`00000000 00000000`00000000 00000000`00000000 : ubm_desktop_core!napi_register_module_v1+0x1ebcd3
00007ffd`0a42caec     : 00000000`00000000 00000000`00000000 000004f0`fffffb30 000004d0`fffffb30 : KERNEL32!BaseThreadInitThunk+0x17
00000000`00000000     : 00000000`00000000 00000000`00000000 00000000`00000000 00000000`00000000 : ntdll!RtlUserThreadStart+0x2c

  11  Id: 31f0.3470 Suspend: 1 Teb: 000000b0`59d05000 Unfrozen "ubm-btleplug"
RetAddr               : Args to Child                                                           : Call Site
00007ffd`0a418273     : 00000209`a4170d01 00000000`00000001 00000209`a4150058 00007ffc`971b0300 : ntdll!NtWaitForAlertByThreadId+0x17
00007ffd`07d6e298     : 00000209`a415061c 00000000`00000000 000000b0`61bff790 00000000`00000000 : ntdll!RtlWaitOnAddress+0x213
00007ffc`971f70b3     : 00007ffc`9768e9c0 00007ffc`971fec2f 839cbca2`952eb053 00000000`00000001 : KERNELBASE!WaitOnAddress+0x38
00007ffc`97193c38     : 00007ffc`973c7730 00000209`a4170d50 000000b0`61bff8d0 00007ffc`97387c82 : ubm_desktop_core!napi_register_module_v1+0x1e3663
00007ffc`9707ddef     : 00000001`12e0c69c 00000000`00000008 00000000`00000008 00000209`a4170ba0 : ubm_desktop_core!napi_register_module_v1+0x1801e8
00007ffc`97064990     : 00000209`a4172fb0 01010101`ffffffff ffffffff`fffffffe 00000000`00000002 : ubm_desktop_core!napi_register_module_v1+0x6a39f
00007ffc`970a10e5     : 000000b0`61bff9c0 00007ffc`9738a520 00000000`00000000 00000000`00000000 : ubm_desktop_core!napi_register_module_v1+0x50f40
00007ffc`9705a96b     : 000000b0`59d05000 00000000`00000002 00000000`0000001a 00000042`00250009 : ubm_desktop_core!napi_register_module_v1+0x8d695
00007ffc`971ff723     : 00000209`a4152060 00000209`a4150180 00000209`a4127880 00000000`00000000 : ubm_desktop_core!napi_register_module_v1+0x46f1b
00007ffd`090dcd87     : 00000000`00000000 00000000`00000000 00000000`00000000 00000000`00000000 : ubm_desktop_core!napi_register_module_v1+0x1ebcd3
00007ffd`0a42caec     : 00000000`00000000 00000000`00000000 000004f0`fffffb30 000004d0`fffffb30 : KERNEL32!BaseThreadInitThunk+0x17
00000000`00000000     : 00000000`00000000 00000000`00000000 00000000`00000000 00000000`00000000 : ntdll!RtlUserThreadStart+0x2c

  12  Id: 31f0.18bc Suspend: 1 Teb: 000000b0`59d07000 Unfrozen "ubm-btleplug-worker"
RetAddr               : Args to Child                                                           : Call Site
00007ffd`0a418273     : 000000b0`61dff530 00000000`00000078 00000000`00000000 00000209`a4181000 : ntdll!NtWaitForAlertByThreadId+0x17
00007ffd`07d6e298     : 00000209`a4152324 00000000`00000000 000000b0`61dff5b0 00000000`00000043 : ntdll!RtlWaitOnAddress+0x213
00007ffc`971f70b3     : 00000000`ffffffff 00010000`ffffffff ffffffff`fffffffe 00000000`ffffffff : KERNELBASE!WaitOnAddress+0x38
00007ffc`971b0ddc     : 000000b0`61dff640 00007ffc`971aa6dc 00000000`00000000 00000209`a4625ba0 : ubm_desktop_core!napi_register_module_v1+0x1e3663
00007ffc`971b088f     : 000000b0`61dfed80 00007ffc`96ad0c7d 00007ffc`9719eba0 00000209`a4180ec0 : ubm_desktop_core!napi_register_module_v1+0x19d38c
00007ffc`971ac6e9     : 00000004`da7f7ef5 00007ffd`0a3ebab9 00000209`a414ab80 00007ffd`0789e3c5 : ubm_desktop_core!napi_register_module_v1+0x19ce3f
00007ffc`971ad62e     : 3ff00000`00000000 3feccccc`cccccccd 00000000`00000000 00000209`a4198a00 : ubm_desktop_core!napi_register_module_v1+0x198c99
00007ffc`971a8667     : 00000000`00000000 00000000`00000000 00000000`00000000 00000000`00000000 : ubm_desktop_core!napi_register_module_v1+0x199bde
00007ffc`971a9748     : 00000000`00000000 00000000`00000000 000000b0`59ce8000 00000000`00000000 : ubm_desktop_core!napi_register_module_v1+0x194c17
00007ffc`971ae565     : 00000209`a4001480 00000000`00000040 00000000`00000000 00000000`00000000 : ubm_desktop_core!napi_register_module_v1+0x195cf8
00007ffc`9719c6a4     : 00000000`00000000 00000000`00000001 00000000`00000000 00000000`00000000 : ubm_desktop_core!napi_register_module_v1+0x19ab15
00007ffc`971a795a     : 00000209`a4127dc0 00000000`00000040 00000000`00000000 00000209`a4180f20 : ubm_desktop_core!napi_register_module_v1+0x188c54
00007ffc`97194731     : 000000b0`61dffd40 00000001`00000001 00000000`00000000 01000000`00000000 : ubm_desktop_core!napi_register_module_v1+0x193f0a
00007ffc`9719eca4     : 00000042`0028001e 00000209`a4000014 00000209`a4000000 00000000`00000000 : ubm_desktop_core!napi_register_module_v1+0x180ce1
00007ffc`971ff723     : 00000209`a4152210 00000209`a4150320 00000209`a41146a0 00000000`00000000 : ubm_desktop_core!napi_register_module_v1+0x18b254
00007ffd`090dcd87     : 00000000`00000000 00000000`00000000 00000000`00000000 00000000`00000000 : ubm_desktop_core!napi_register_module_v1+0x1ebcd3
00007ffd`0a42caec     : 00000000`00000000 00000000`00000000 000004f0`fffffb30 000004d0`fffffb30 : KERNEL32!BaseThreadInitThunk+0x17
00000000`00000000     : 00000000`00000000 00000000`00000000 00000000`00000000 00000000`00000000 : ntdll!RtlUserThreadStart+0x2c

  13  Id: 31f0.608 Suspend: 1 Teb: 000000b0`59d09000 Unfrozen "ubm-btleplug-worker"
RetAddr               : Args to Child                                                           : Call Site
00007ffd`0a418273     : 00000000`00000000 00000000`00000000 00007ffc`f3cbba01 00007ffc`00000002 : ntdll!NtWaitForAlertByThreadId+0x17
00007ffd`07d6e298     : 00000209`a415013c 00000000`00000000 000000b0`61ffee50 00000000`0000007b : ntdll!RtlWaitOnAddress+0x213
00007ffc`971f70b3     : 00007ffc`9768e9c0 00000000`00000000 000000b0`61ffee20 00000000`00000002 : KERNELBASE!WaitOnAddress+0x38
00007ffc`97193c38     : 000000b0`61ffeed0 00000000`00000037 00000000`00000000 000000b0`61ffec70 : ubm_desktop_core!napi_register_module_v1+0x1e3663
00007ffc`971aa66d     : 00000209`a4152378 00000000`00000000 000000b0`61ffef80 00007ffc`971aa6dc : ubm_desktop_core!napi_register_module_v1+0x1801e8
00007ffc`971b08aa     : 00000000`00000202 00007ffc`96ad0c7d 00000209`a4198c80 00000209`a4181370 : ubm_desktop_core!napi_register_module_v1+0x196c1d
00007ffc`971ac6e9     : 00000004`da7f6ba0 00007ffd`0a3ebab9 00000209`a4cec280 00007ffd`0789e3c5 : ubm_desktop_core!napi_register_module_v1+0x19ce5a
00007ffc`971ad62e     : 3ff00000`00000000 3feccccc`cccccccd 00000000`00000000 00000209`a4198c80 : ubm_desktop_core!napi_register_module_v1+0x198c99
00007ffc`971a8667     : 00000000`00000000 00000000`00000000 00000000`00000000 00000000`00000000 : ubm_desktop_core!napi_register_module_v1+0x199bde
00007ffc`971a9748     : 00000000`00000000 00000000`00000000 000000b0`59ce8000 00000000`00000000 : ubm_desktop_core!napi_register_module_v1+0x194c17
00007ffc`971ae565     : 00000209`a4001480 00000000`00000040 00000000`00000000 00000000`00000000 : ubm_desktop_core!napi_register_module_v1+0x195cf8
00007ffc`9719c6a4     : 00000000`00000000 00000000`00000001 00000000`00000000 00000000`00000000 : ubm_desktop_core!napi_register_module_v1+0x19ab15
00007ffc`971a795a     : 00000209`a4127980 00000000`00000040 00000000`00000000 00000209`a41813d0 : ubm_desktop_core!napi_register_module_v1+0x188c54
00007ffc`97194731     : 000000b0`61fff660 00000001`00000001 00000000`00000000 01000000`00000000 : ubm_desktop_core!napi_register_module_v1+0x193f0a
00007ffc`9719eca4     : 00000042`00290016 00000209`a4000014 00000209`a4000000 00000000`00000000 : ubm_desktop_core!napi_register_module_v1+0x180ce1
00007ffc`971ff723     : 00000209`a4152870 00000209`a41505a0 00000209`a4114060 00000000`00000000 : ubm_desktop_core!napi_register_module_v1+0x18b254
00007ffd`090dcd87     : 00000000`00000000 00000000`00000000 00000000`00000000 00000000`00000000 : ubm_desktop_core!napi_register_module_v1+0x1ebcd3
00007ffd`0a42caec     : 00000000`00000000 00000000`00000000 000004f0`fffffb30 000004d0`fffffb30 : KERNEL32!BaseThreadInitThunk+0x17
00000000`00000000     : 00000000`00000000 00000000`00000000 00000000`00000000 00000000`00000000 : ntdll!RtlUserThreadStart+0x2c

  14  Id: 31f0.28f0 Suspend: 1 Teb: 000000b0`59d0b000 Unfrozen
RetAddr               : Args to Child                                                           : Call Site
00007ffd`0a42298e     : 000000b0`631ffa08 00007ffd`0a3b93d0 000000b0`631ff8d0 7ff00000`00000000 : ntdll!NtWaitForAlertByThreadId+0x17
00007ffd`07cb2a58     : 00000000`00000000 00007ffd`0a3ba130 000000b0`631ff830 7ff00000`00000000 : ntdll!RtlSleepConditionVariableSRW+0x1de
00007ff6`bec86b84     : 00000000`39d398a6 00000000`39d398a6 000000b0`631ff8d0 000000b0`631ff801 : KERNELBASE!SleepConditionVariableSRW+0x38
00007ff6`bec856b4     : 00000209`a7a068e4 00000000`00000000 00000004`fb2a3753 00007ff6`be987be5 : bun!uv_poll_init_socket+0x9754
00007ff6`bec84b82     : 00000209`a7b62680 00000209`a7b626a8 000000b0`631ffb00 00000000`00000005 : bun!uv_poll_init_socket+0x8284
00007ff6`bec849ff     : 00000209`a4152b70 00000000`00000000 00000000`00000000 00000000`00000000 : bun!uv_poll_init_socket+0x7752
00007ff6`c23a293f     : 00000000`00000000 00000000`00000000 00000000`00000000 00000000`00000000 : bun!uv_poll_init_socket+0x75cf
00007ffd`090dcd87     : 00000000`00000000 00000000`00000000 00000000`00000000 00000000`00000000 : bun!bmalloc::Mutex::lockSlowCase+0x54ddcf
00007ffd`0a42caec     : 00000000`00000000 00000000`00000000 000004f0`fffffb30 000004d0`fffffb30 : KERNEL32!BaseThreadInitThunk+0x17
00000000`00000000     : 00000000`00000000 00000000`00000000 00000000`00000000 00000000`00000000 : ntdll!RtlUserThreadStart+0x2c

  15  Id: 31f0.a68 Suspend: 1 Teb: 000000b0`59d0d000 Unfrozen
RetAddr               : Args to Child                                                           : Call Site
00007ffd`0a42298e     : 000000b0`643ffa78 00007ffd`0a3b93d0 000000b0`643ff940 7ff00000`00000000 : ntdll!NtWaitForAlertByThreadId+0x17
00007ffd`07cb2a58     : 00000000`00000000 00007ffd`0a3ba130 000000b0`643ff8a0 7ff00000`00000000 : ntdll!RtlSleepConditionVariableSRW+0x1de
00007ff6`bec86b84     : 00000000`2f12469f 00000000`2f12469f 000000b0`643ff940 000000b0`643ff901 : KERNELBASE!SleepConditionVariableSRW+0x38
00007ff6`bec856b4     : 00000209`a7a06934 00000000`00000000 00000004`fb2a2bff 00007ff6`be987be5 : bun!uv_poll_init_socket+0x9754
00007ff6`bec84b82     : 00000209`a7b62640 00000209`a7b62668 000000b0`643ffb70 00000000`00000005 : bun!uv_poll_init_socket+0x8284
00007ff6`bec849ff     : 00000209`a4152750 00000000`00000000 00000000`00000000 00000000`00000000 : bun!uv_poll_init_socket+0x7752
00007ff6`c23a293f     : 00000000`00000000 00000000`00000000 00000000`00000000 00000000`00000000 : bun!uv_poll_init_socket+0x75cf
00007ffd`090dcd87     : 00000000`00000000 00000000`00000000 00000000`00000000 00000000`00000000 : bun!bmalloc::Mutex::lockSlowCase+0x54ddcf
00007ffd`0a42caec     : 00000000`00000000 00000000`00000000 000004f0`fffffb30 000004d0`fffffb30 : KERNEL32!BaseThreadInitThunk+0x17
00000000`00000000     : 00000000`00000000 00000000`00000000 00000000`00000000 00000000`00000000 : ntdll!RtlUserThreadStart+0x2c

  16  Id: 31f0.3770 Suspend: 1 Teb: 000000b0`59d0f000 Unfrozen
RetAddr               : Args to Child                                                           : Call Site
00007ffd`0a42298e     : 000000b0`655ff818 00007ffd`0a3b93d0 000000b0`655ff6e0 7ff00000`00000000 : ntdll!NtWaitForAlertByThreadId+0x17
00007ffd`07cb2a58     : 00000000`00000000 00007ffd`0a3ba130 000000b0`655ff640 7ff00000`00000000 : ntdll!RtlSleepConditionVariableSRW+0x1de
00007ff6`bec86b84     : 00000000`1a54ee7b 00000000`1a54ee7b 000000b0`655ff6e0 000000b0`655ff601 : KERNELBASE!SleepConditionVariableSRW+0x38
00007ff6`bec856b4     : 00000209`a7a06984 00000000`00000000 00000004`fb2a2ee0 00007ff6`be987be5 : bun!uv_poll_init_socket+0x9754
00007ff6`bec84b82     : 00000209`a7b62600 00000209`a7b62628 000000b0`655ff910 00000000`00000005 : bun!uv_poll_init_socket+0x8284
00007ff6`bec849ff     : 00000209`a41526f0 00000000`00000000 00000000`00000000 00000000`00000000 : bun!uv_poll_init_socket+0x7752
00007ff6`c23a293f     : 00000000`00000000 00000000`00000000 00000000`00000000 00000000`00000000 : bun!uv_poll_init_socket+0x75cf
00007ffd`090dcd87     : 00000000`00000000 00000000`00000000 00000000`00000000 00000000`00000000 : bun!bmalloc::Mutex::lockSlowCase+0x54ddcf
00007ffd`0a42caec     : 00000000`00000000 00000000`00000000 000004f0`fffffb30 000004d0`fffffb30 : KERNEL32!BaseThreadInitThunk+0x17
00000000`00000000     : 00000000`00000000 00000000`00000000 00000000`00000000 00000000`00000000 : ntdll!RtlUserThreadStart+0x2c

  17  Id: 31f0.1efc Suspend: 1 Teb: 000000b0`59d11000 Unfrozen
RetAddr               : Args to Child                                                           : Call Site
00007ffd`0a42298e     : 000000b0`667ffbe8 00007ffd`0a3b93d0 000000b0`667ffab0 7ff00000`00000000 : ntdll!NtWaitForAlertByThreadId+0x17
00007ffd`07cb2a58     : 00000000`00000000 00007ffd`0a3ba130 000000b0`667ffa10 7ff00000`00000000 : ntdll!RtlSleepConditionVariableSRW+0x1de
00007ff6`bec86b84     : 00000000`608a4f56 00000000`608a4f56 000000b0`667ffab0 000000b0`667ffaa8 : KERNELBASE!SleepConditionVariableSRW+0x38
00007ff6`bec856b4     : 00000209`a7a069d4 00000000`00000000 00000004`fb2a3446 00007ff6`be987be5 : bun!uv_poll_init_socket+0x9754
00007ff6`bec84b82     : 00000209`a7b625c0 00000209`a7b625e8 000000b0`667ffce0 00000000`00000005 : bun!uv_poll_init_socket+0x8284
00007ff6`bec849ff     : 00000209`a4152960 00000000`00000000 00000000`00000000 00000000`00000000 : bun!uv_poll_init_socket+0x7752
00007ff6`c23a293f     : 00000000`00000000 00000000`00000000 00000000`00000000 00000000`00000000 : bun!uv_poll_init_socket+0x75cf
00007ffd`090dcd87     : 00000000`00000000 00000000`00000000 00000000`00000000 00000000`00000000 : bun!bmalloc::Mutex::lockSlowCase+0x54ddcf
00007ffd`0a42caec     : 00000000`00000000 00000000`00000000 000004f0`fffffb30 000004d0`fffffb30 : KERNEL32!BaseThreadInitThunk+0x17
00000000`00000000     : 00000000`00000000 00000000`00000000 00000000`00000000 00000000`00000000 : ntdll!RtlUserThreadStart+0x2c

  18  Id: 31f0.24a0 Suspend: 1 Teb: 000000b0`59d13000 Unfrozen
RetAddr               : Args to Child                                                           : Call Site
00007ffd`0a42298e     : 000000b0`679ffdb8 00007ffd`0a3b93d0 000000b0`679ffc80 7ff00000`00000000 : ntdll!NtWaitForAlertByThreadId+0x17
00007ffd`07cb2a58     : 00000000`00000000 00007ffd`0a3ba130 000000b0`679ffbe0 7ff00000`00000000 : ntdll!RtlSleepConditionVariableSRW+0x1de
00007ff6`bec86b84     : 00000000`8a274fec 00000209`a5310088 000000b0`5afb69d0 000000b0`679ffc78 : KERNELBASE!SleepConditionVariableSRW+0x38
00007ff6`bec856b4     : 00000209`a7a06a24 00000209`a7d10080 00000004`fb2a3da9 00000209`a6b50010 : bun!uv_poll_init_socket+0x9754
00007ff6`bec84b82     : 00000209`a7b62580 00000209`a7b625a8 000000b0`679ffeb0 00000000`00000005 : bun!uv_poll_init_socket+0x8284
00007ff6`bec849ff     : 00000209`a4152720 00000000`00000000 00000000`00000000 00000000`00000000 : bun!uv_poll_init_socket+0x7752
00007ff6`c23a293f     : 00000000`00000000 00000000`00000000 00000000`00000000 00000000`00000000 : bun!uv_poll_init_socket+0x75cf
00007ffd`090dcd87     : 00000000`00000000 00000000`00000000 00000000`00000000 00000000`00000000 : bun!bmalloc::Mutex::lockSlowCase+0x54ddcf
00007ffd`0a42caec     : 00000000`00000000 00000000`00000000 000004f0`fffffb30 000004d0`fffffb30 : KERNEL32!BaseThreadInitThunk+0x17
00000000`00000000     : 00000000`00000000 00000000`00000000 00000000`00000000 00000000`00000000 : ntdll!RtlUserThreadStart+0x2c

  19  Id: 31f0.11a0 Suspend: 1 Teb: 000000b0`59d15000 Unfrozen
RetAddr               : Args to Child                                                           : Call Site
00007ffd`0a42298e     : 000000b0`68bffd88 00007ffd`0a3b93d0 000000b0`68bffc50 7ff00000`00000000 : ntdll!NtWaitForAlertByThreadId+0x17
00007ffd`07cb2a58     : 00000000`00000000 00007ffd`0a3ba130 000000b0`68bffbb0 7ff00000`00000000 : ntdll!RtlSleepConditionVariableSRW+0x1de
00007ff6`bec86b84     : 00000000`909ceecf 00000000`909ceecf 000000b0`68bffc50 000000b0`68bffc01 : KERNELBASE!SleepConditionVariableSRW+0x38
00007ff6`bec856b4     : 00000209`a7a06a74 00000000`00000000 00000004`fb2a296b 00007ff6`be987be5 : bun!uv_poll_init_socket+0x9754
00007ff6`bec84b82     : 00000209`a7b62540 00000209`a7b62568 000000b0`68bffe80 00000000`00000005 : bun!uv_poll_init_socket+0x8284
00007ff6`bec849ff     : 00000209`a41529c0 00000000`00000000 00000000`00000000 00000000`00000000 : bun!uv_poll_init_socket+0x7752
00007ff6`c23a293f     : 00000000`00000000 00000000`00000000 00000000`00000000 00000000`00000000 : bun!uv_poll_init_socket+0x75cf
00007ffd`090dcd87     : 00000000`00000000 00000000`00000000 00000000`00000000 00000000`00000000 : bun!bmalloc::Mutex::lockSlowCase+0x54ddcf
00007ffd`0a42caec     : 00000000`00000000 00000000`00000000 000004f0`fffffb30 000004d0`fffffb30 : KERNEL32!BaseThreadInitThunk+0x17
00000000`00000000     : 00000000`00000000 00000000`00000000 00000000`00000000 00000000`00000000 : ntdll!RtlUserThreadStart+0x2c

  20  Id: 31f0.4dc Suspend: 1 Teb: 000000b0`59d17000 Unfrozen
RetAddr               : Args to Child                                                           : Call Site
00007ffd`0a42298e     : 000000b0`69dffb58 00007ffd`0a3b93d0 000000b0`69dffa20 7ff00000`00000000 : ntdll!NtWaitForAlertByThreadId+0x17
00007ffd`07cb2a58     : 00000000`00000000 00007ffd`0a3ba130 000000b0`69dff980 7ff00000`00000000 : ntdll!RtlSleepConditionVariableSRW+0x1de
00007ff6`bec86b84     : 00000000`cfd046ab 00000000`cfd046ab 000000b0`69dffa20 000000b0`69dffa01 : KERNELBASE!SleepConditionVariableSRW+0x38
00007ff6`bec856b4     : 00000209`a7a06ac4 00000000`00000000 00000004`fb2a318b 00007ff6`be987be5 : bun!uv_poll_init_socket+0x9754
00007ff6`bec84b82     : 00000209`a7b62500 00000209`a7b62528 000000b0`69dffc50 00000000`00000005 : bun!uv_poll_init_socket+0x8284
00007ff6`bec849ff     : 00000209`a4152810 00000000`00000000 00000000`00000000 00000000`00000000 : bun!uv_poll_init_socket+0x7752
00007ff6`c23a293f     : 00000000`00000000 00000000`00000000 00000000`00000000 00000000`00000000 : bun!uv_poll_init_socket+0x75cf
00007ffd`090dcd87     : 00000000`00000000 00000000`00000000 00000000`00000000 00000000`00000000 : bun!bmalloc::Mutex::lockSlowCase+0x54ddcf
00007ffd`0a42caec     : 00000000`00000000 00000000`00000000 000004f0`fffffb30 000004d0`fffffb30 : KERNEL32!BaseThreadInitThunk+0x17
00000000`00000000     : 00000000`00000000 00000000`00000000 00000000`00000000 00000000`00000000 : ntdll!RtlUserThreadStart+0x2c

  21  Id: 31f0.1214 Suspend: 1 Teb: 000000b0`59d1d000 Unfrozen
RetAddr               : Args to Child                                                           : Call Site
00007ffd`0a39a65e     : 00000000`0000ffff 00000000`00000000 00007ffd`0a398d70 00000209`a4103280 : ntdll!NtWaitForWorkViaWorkerFactory+0x17
00007ffd`090dcd87     : 00000000`00000000 00000000`00000000 00000000`00000000 00000000`00000000 : ntdll!TppWorkerThread+0x37e
00007ffd`0a42caec     : 00000000`00000000 00000000`00000000 000004f0`fffffb30 000004d0`fffffb30 : KERNEL32!BaseThreadInitThunk+0x17
00000000`00000000     : 00000000`00000000 00000000`00000000 00000000`00000000 00000000`00000000 : ntdll!RtlUserThreadStart+0x2c

  22  Id: 31f0.300c Suspend: 1 Teb: 000000b0`59d1f000 Unfrozen
RetAddr               : Args to Child                                                           : Call Site
00007ffd`07cb2773     : 00000000`00000000 00000000`00000000 00000000`00000000 00000000`00000000 : ntdll!NtWaitForMultipleObjects+0x17
00007ffd`0929feae     : 00000000`00000324 00000000`00000000 00000000`00000324 00000000`00000000 : KERNELBASE!WaitForMultipleObjectsEx+0x123
(Inline Function)     : --------`-------- --------`-------- --------`-------- --------`-------- : combase!WaitCoalesced+0x79
00007ffd`093757af     : 00000209`a41f5ac0 00000000`00000000 00000209`a41ca3f0 00000000`00000000 : combase!CROIDTable::WorkerThreadLoop+0xae
00007ffd`093756bf     : 00000209`a41ca3f0 00000000`00000000 00000209`a41ca3f0 00000000`00000000 : combase!CRpcThread::WorkerLoop+0x5b
00007ffd`090dcd87     : 00000209`a41ca3f0 00000000`00000000 00000000`00000000 00000000`00000000 : combase!CRpcThreadCache::RpcWorkerThreadEntry+0x4f
00007ffd`0a42caec     : 00000000`00000000 00000000`00000000 000004f0`fffffb30 000004d0`fffffb30 : KERNEL32!BaseThreadInitThunk+0x17
00000000`00000000     : 00000000`00000000 00000000`00000000 00000000`00000000 00000000`00000000 : ntdll!RtlUserThreadStart+0x2c

  23  Id: 31f0.24f8 Suspend: 1 Teb: 000000b0`59d21000 Unfrozen
RetAddr               : Args to Child                                                           : Call Site
00007ffd`0a39a65e     : 00000000`00000000 00000000`00000000 00007ffd`0a398d70 00000209`a41b67c0 : ntdll!NtWaitForWorkViaWorkerFactory+0x17
00007ffd`090dcd87     : 00000000`00000000 00000000`00000000 00000000`00000000 00000000`00000000 : ntdll!TppWorkerThread+0x37e
00007ffd`0a42caec     : 00000000`00000000 00000000`00000000 000004f0`fffffb30 000004d0`fffffb30 : KERNEL32!BaseThreadInitThunk+0x17
00000000`00000000     : 00000000`00000000 00000000`00000000 00000000`00000000 00000000`00000000 : ntdll!RtlUserThreadStart+0x2c

  24  Id: 31f0.2cc0 Suspend: 1 Teb: 000000b0`59d23000 Unfrozen
RetAddr               : Args to Child                                                           : Call Site
00007ffd`0a39a65e     : 00000000`00000008 00000000`00000000 00007ffd`0a399aa0 00000209`a41b67c0 : ntdll!NtWaitForWorkViaWorkerFactory+0x17
00007ffd`090dcd87     : 00000000`00000000 00000000`00000000 00000000`00000000 00000000`00000000 : ntdll!TppWorkerThread+0x37e
00007ffd`0a42caec     : 00000000`00000000 00000000`00000000 000004f0`fffffb30 000004d0`fffffb30 : KERNEL32!BaseThreadInitThunk+0x17
00000000`00000000     : 00000000`00000000 00000000`00000000 00000000`00000000 00000000`00000000 : ntdll!RtlUserThreadStart+0x2c

  25  Id: 31f0.2ee8 Suspend: 1 Teb: 000000b0`59d25000 Unfrozen
RetAddr               : Args to Child                                                           : Call Site
00007ffd`0a39a65e     : 00000000`0000ffff 00000000`00000000 00007ffd`0a398d70 00000209`a4103280 : ntdll!NtWaitForWorkViaWorkerFactory+0x17
00007ffd`090dcd87     : 00000000`00000000 00000000`00000000 00000000`00000000 00000000`00000000 : ntdll!TppWorkerThread+0x37e
00007ffd`0a42caec     : 00000000`00000000 00000000`00000000 000004f0`fffffb30 000004d0`fffffb30 : KERNEL32!BaseThreadInitThunk+0x17
00000000`00000000     : 00000000`00000000 00000000`00000000 00000000`00000000 00000000`00000000 : ntdll!RtlUserThreadStart+0x2c

  26  Id: 31f0.1e60 Suspend: 1 Teb: 000000b0`59d27000 Unfrozen
RetAddr               : Args to Child                                                           : Call Site
00007ffd`07cabe9f     : 00000000`00000000 00000000`00000000 00000000`00000000 00000000`00000000 : ntdll!NtWaitForSingleObject+0x17
00007ffc`e9651de4     : 00000209`a46fafa0 00000209`a46fafa0 00000000`00000001 00000000`000003a4 : KERNELBASE!WaitForSingleObjectEx+0xaf
00007ffc`e9651c7e     : 00000000`00000000 00000209`a4a21c30 00000000`00000000 00000000`00000000 : WlanRadioManager!CWlanRadioManager::_RegisterServiceStatus+0xd4
00007ffd`090dcd87     : 00000000`00000000 00000000`00000000 00000000`00000000 00000000`00000000 : WlanRadioManager!CWlanRadioManager::NotifyServiceStatusChangeThread+0x2e
00007ffd`0a42caec     : 00000000`00000000 00000000`00000000 000004f0`fffffb30 000004d0`fffffb30 : KERNEL32!BaseThreadInitThunk+0x17
00000000`00000000     : 00000000`00000000 00000000`00000000 00000000`00000000 00000000`00000000 : ntdll!RtlUserThreadStart+0x2c

  27  Id: 31f0.1a44 Suspend: 1 Teb: 000000b0`59d29000 Unfrozen
RetAddr               : Args to Child                                                           : Call Site
00007ffd`07cabe9f     : 00000000`00000000 00000000`000000c0 00000000`00000000 00000000`00000000 : ntdll!NtWaitForSingleObject+0x17
00007ffc`fe13fce5     : 00000000`000003ec 00000000`00000000 00000000`00000001 00000000`000003ec : KERNELBASE!WaitForSingleObjectEx+0xaf
00007ffd`090dcd87     : 00000000`00000000 00000000`00000000 00000000`00000000 00000000`00000000 : wlanapi!NotificationApcThreadProc+0x55
00007ffd`0a42caec     : 00000000`00000000 00000000`00000000 000004f0`fffffb30 000004d0`fffffb30 : KERNEL32!BaseThreadInitThunk+0x17
00000000`00000000     : 00000000`00000000 00000000`00000000 00000000`00000000 00000000`00000000 : ntdll!RtlUserThreadStart+0x2c

  28  Id: 31f0.d60 Suspend: 1 Teb: 000000b0`59d2b000 Unfrozen
RetAddr               : Args to Child                                                           : Call Site
00007ffd`0a39a65e     : 00000000`0000ffff 00000000`00000000 00007ffd`0a398d70 00000209`a4103280 : ntdll!NtWaitForWorkViaWorkerFactory+0x17
00007ffd`090dcd87     : 00000000`00000000 00000000`00000000 00000000`00000000 00000000`00000000 : ntdll!TppWorkerThread+0x37e
00007ffd`0a42caec     : 00000000`00000000 00000000`00000000 000004f0`fffffb30 000004d0`fffffb30 : KERNEL32!BaseThreadInitThunk+0x17
00000000`00000000     : 00000000`00000000 00000000`00000000 00000000`00000000 00000000`00000000 : ntdll!RtlUserThreadStart+0x2c

  29  Id: 31f0.1074 Suspend: 1 Teb: 000000b0`59d2d000 Unfrozen
RetAddr               : Args to Child                                                           : Call Site
00007ffd`0a39a65e     : 00000000`0000ffff 00000000`00000000 00007ffd`0a398d70 00000209`a4103280 : ntdll!NtWaitForWorkViaWorkerFactory+0x17
00007ffd`090dcd87     : 00000000`00000000 00000000`00000000 00000000`00000000 00000000`00000000 : ntdll!TppWorkerThread+0x37e
00007ffd`0a42caec     : 00000000`00000000 00000000`00000000 000004f0`fffffb30 000004d0`fffffb30 : KERNEL32!BaseThreadInitThunk+0x17
00000000`00000000     : 00000000`00000000 00000000`00000000 00000000`00000000 00000000`00000000 : ntdll!RtlUserThreadStart+0x2c

  30  Id: 31f0.1208 Suspend: 1 Teb: 000000b0`59d33000 Unfrozen
RetAddr               : Args to Child                                                           : Call Site
00007ffd`0a39a65e     : 00000000`00000008 00000000`00000000 00007ffd`0a399aa0 00000209`a41b67c0 : ntdll!NtWaitForWorkViaWorkerFactory+0x17
00007ffd`090dcd87     : 00000000`00000000 00000000`00000000 00000000`00000000 00000000`00000000 : ntdll!TppWorkerThread+0x37e
00007ffd`0a42caec     : 00000000`00000000 00000000`00000000 000004f0`fffffb30 000004d0`fffffb30 : KERNEL32!BaseThreadInitThunk+0x17
00000000`00000000     : 00000000`00000000 00000000`00000000 00000000`00000000 00000000`00000000 : ntdll!RtlUserThreadStart+0x2c

  31  Id: 31f0.1b88 Suspend: 1 Teb: 000000b0`59d35000 Unfrozen
RetAddr               : Args to Child                                                           : Call Site
00007ffd`07cb2773     : 00007ffc`ff5ba126 00007ffc`ff5a65e8 00000000`00000002 00007ffc`ff5a6600 : ntdll!NtWaitForMultipleObjects+0x17
00007ffd`092886f5     : 00000000`00000000 00000000`00000000 00000000`00000000 00000000`00000001 : KERNELBASE!WaitForMultipleObjectsEx+0x123
00007ffd`092888d5     : 00000000`00000008 000000b0`7abfcd58 00000000`00000001 000000b0`7abfcd88 : combase!DefaultWaitForHandles+0x45
00007ffc`fe4c3e7e     : 00000000`00000000 000000b0`7abfcd60 0000020a`271deba0 00000209`a4968a78 : combase!CoWaitForMultipleHandles+0x85
00007ffc`fe4c43d5     : 0000020a`270eed48 00000000`00000000 000000b0`00000000 0000020a`271eec00 : Windows_Devices_Bluetooth!wil::details::WaitForCompletion<Windows::Foundation::IAsyncOperation<Microsoft::Bluetooth::Profiles::Gatt::Interface::GattClientReadResult * __ptr64> * __ptr64>+0xa6
00007ffc`fe4c3f46     : 000000b0`7abfceb8 000000b0`7abfceb8 00000000`00000000 0000020a`270fa588 : Windows_Devices_Bluetooth!wil::wait_for_completion<Microsoft::Bluetooth::Profiles::Gatt::Interface::GattClientReadResult * __ptr64,Microsoft::WRL::ComPtr<Microsoft::Bluetooth::Profiles::Gatt::Interface::IGattClientReadResult> >+0x2d
00007ffc`fe4c1d5d     : 0000020a`270fa588 000000b0`7abfce60 00007ffc`00000001 00007ffc`00000000 : Windows_Devices_Bluetooth!wil::WaitForCompletion<Microsoft::Bluetooth::Profiles::Gatt::Interface::GattClientReadResult * __ptr64,Microsoft::WRL::ComPtr<Microsoft::Bluetooth::Profiles::Gatt::Interface::IGattClientReadResult> >+0xe
00007ffc`fe4caeba     : 000000b0`7abfceb8 0000020a`270ecd00 0000020a`271deba0 00000209`a4968a78 : Windows_Devices_Bluetooth!wil::CallAndWaitForCompletionWithSecurityOptions<Microsoft::Bluetooth::Profiles::Gatt::Interface::IGattClientCharacteristic * __ptr64,Microsoft::Bluetooth::Profiles::Gatt::Interface::IGattClientCharacteristic,Microsoft::Bluetooth::Profiles::Gatt::Interface::GattClientDescriptorInfo,enum Microsoft::Bluetooth::Profiles::Gatt::Interface::GattCacheOption,enum Microsoft::Bluetooth::Profiles::Gatt::Interface::GattSecurityFlags,Windows::Foundation::IAsyncOperation<Microsoft::Bluetooth::Profiles::Gatt::Interface::GattClientReadResult * __ptr64> * __ptr64 * __ptr64,Microsoft::Bluetooth::Profiles::Gatt::Interface::GattClientDescriptorInfo & __ptr64,enum Microsoft::Bluetooth::Profiles::Gatt::Interface::GattCacheOption,enum Microsoft::Bluetooth::Profiles::Gatt::Interface::GattSecurityFlags>+0x9d
00007ffc`fe4cbd96     : 0000020a`271deba0 0000020a`270eccf0 00000000`00000000 00000000`00000000 : Windows_Devices_Bluetooth!Windows::Devices::Bluetooth::GenericAttributeProfile::GattCharacteristic::InitializeUserDescription+0x9e
00007ffc`fe4cba46     : 0000020a`271dec00 000000b0`7abfd000 0000020a`271deca8 00000000`00000006 : Windows_Devices_Bluetooth!Windows::Devices::Bluetooth::GenericAttributeProfile::GattCharacteristic::ProcessDescriptorList+0x2b6
00007ffc`fe4c3c72     : 00000000`00000000 0000020a`271dec80 00007ffc`fe606038 0000020a`271decb8 : Windows_Devices_Bluetooth!Windows::Devices::Bluetooth::GenericAttributeProfile::GattCharacteristic::PopulateDescriptorList+0x21e
00007ffc`fe4cb7cc     : 0000020a`271dec80 0000020a`271deba0 00007ffc`fe5e2c30 000000b0`7abfd0e0 : Windows_Devices_Bluetooth!wil::ResultFromException<<lambda_d79480c9f0567fcc187c3371cb18c38b> >+0x6a
00007ffc`fe4cdcf3     : 0000020a`271deba0 0000020a`271deba0 00000209`a495f3a4 00007ffc`fe4b46c7 : Windows_Devices_Bluetooth!Windows::Devices::Bluetooth::GenericAttributeProfile::GattCharacteristic::OpenCharacteristicResources+0x54
00007ffc`fe4b2266     : 00000000`00000000 00000209`a495f390 000000b0`7abfd228 00000209`a4972ae8 : Windows_Devices_Bluetooth!Windows::Devices::Bluetooth::GenericAttributeProfile::GattCharacteristic::RuntimeClassInitialize+0x17b
00007ffc`fe4b9944     : 0000020a`271deba0 00000209`a495f380 00000000`00000000 00000000`00000000 : Windows_Devices_Bluetooth!Microsoft::WRL::Details::MakeAndInitialize<Windows::Devices::Bluetooth::GenericAttributeProfile::GattCharacteristic,Windows::Devices::Bluetooth::GenericAttributeProfile::IGattCharacteristic,Windows::Devices::Bluetooth::GenericAttributeProfile::GattDeviceService * __ptr64,Microsoft::Bluetooth::Profiles::Gatt::Interface::GattClientCharacteristicInfo & __ptr64>+0x6a
00007ffc`fe4b7c72     : 00000209`a495f380 00000000`00000000 0000020a`270df020 0000020a`270df020 : Windows_Devices_Bluetooth!Windows::Devices::Bluetooth::GenericAttributeProfile::GattDeviceService::GetCharacteristicFromCharacteristicInfo+0xac
00007ffc`fe4b55b8     : 00000209`a4957058 0000020a`270df178 00000000`00000000 00007ffd`094b2562 : Windows_Devices_Bluetooth!Windows::Devices::Bluetooth::GenericAttributeProfile::GattDeviceService::CompleteGetCharacteristics+0x38a
00007ffc`fe4b17d6     : 00000000`00000000 00000209`a4972b58 000000b0`7abfd3d0 00007ffd`0a1b3526 : Windows_Devices_Bluetooth!<lambda_1da9705b6e5882fcc717816f7514e68b>::operator()+0x68
00007ffc`fe4b6854     : 00000209`a4972b58 000000b0`7abfd408 00000000`00000001 00007ffd`0a1b3526 : Windows_Devices_Bluetooth!wil::details::CallAndHandleErrorsWithReturnType<void,<lambda_1da9705b6e5882fcc717816f7514e68b> &,long &,Microsoft::Bluetooth::Profiles::Gatt::Interface::IGattClientCharacteristicsResult *,0>+0xe
00007ffc`fe4bcb2f     : 00000209`a4972ae8 00000000`00000003 00000000`00000000 00000209`a4972ae8 : Windows_Devices_Bluetooth!<lambda_e73f5ac645ba7aec6d65e8003fd4e85a>::operator()+0xa8
00007ffd`0a1b3573     : 0000020a`270ffbf0 00000209`a4972b58 00000000`00000001 00007ffd`0a1b3526 : Windows_Devices_Bluetooth!Microsoft::WRL::Details::DelegateArgTraits<long (__cdecl Windows::Foundation::IAsyncOperationCompletedHandler_impl<Windows::Foundation::Internal::AggregateType<Microsoft::Bluetooth::Profiles::Gatt::Interface::GattClientCharacteristicsResult *,Microsoft::Bluetooth::Profiles::Gatt::Interface::IGattClientCharacteristicsResult *> >::*)(Windows::Foundation::IAsyncOperation<Microsoft::Bluetooth::Profiles::Gatt::Interface::GattClientCharacteristicsResult *> *,enum ABI::Windows::Foundation::AsyncStatus)>::DelegateInvokeHelper<Microsoft::WRL::Implements<Microsoft::WRL::RuntimeClassFlags<2>,Windows::Foundation::IAsyncOperationCompletedHandler<Microsoft::Bluetooth::Profiles::Gatt::Interface::GattClientCharacteristicsResult *>,IUnknown>,<lambda_e73f5ac645ba7aec6d65e8003fd4e85a>,-1,Windows::Foundation::IAsyncOperation<Microsoft::Bluetooth::Profiles::Gatt::Interface::GattClientCharacteristicsResult *> *,enum ABI::Windows::Foundation::AsyncStatus>::Invoke+0xf
00007ffd`0a1b570e     : 00007ffc`ff5a2be0 000000b0`7abfdb40 0000020a`270f2640 00000000`00000000 : RPCRT4!Invoke+0x73
00007ffd`0a0e6680     : 00000000`00000000 00000000`00000000 00000000`00000000 00000000`00000000 : RPCRT4!Ndr64StubWorker+0x6ee
00007ffd`092680dd     : 00000000`00000000 000000b0`7abfdca0 00007ffc`ff59f7e0 00000000`00000000 : RPCRT4!NdrStubCall3+0xc0
00007ffd`0926801b     : 00000000`00000001 0000020a`270f2640 0000020a`270e75c0 00000000`00000001 : combase!CStdStubBuffer_Invoke+0x7d
(Inline Function)     : --------`-------- --------`-------- --------`-------- --------`-------- : combase!InvokeStubWithExceptionPolicyAndTracing::__l6::<lambda_c9f3956a20c9da92a64affc24fdd69ec>::operator()+0x26
00007ffd`09267596     : 0000020a`270ffed0 000000b0`7abfdc50 000000b0`7abfdbe8 00007ffc`00000001 : combase!ObjectMethodExceptionHandlingAction<<lambda_c9f3956a20c9da92a64affc24fdd69ec> >+0x47
(Inline Function)     : --------`-------- --------`-------- --------`-------- --------`-------- : combase!InvokeStubWithExceptionPolicyAndTracing+0x182
00007ffd`092668a8     : 0000020a`270ffed0 000000b0`7abfde88 00000209`a46f2dd0 00000000`00000000 : combase!DefaultStubInvoke+0x376
(Inline Function)     : --------`-------- --------`-------- --------`-------- --------`-------- : combase!SyncStubCall::Invoke+0x7
(Inline Function)     : --------`-------- --------`-------- --------`-------- --------`-------- : combase!SyncServerCall::StubInvoke+0x33
00007ffd`0933903f     : 00000209`a46f99c0 000000b0`7abfdec8 00000209`a41b84d0 000000b0`7abfe448 : combase!StubInvoke+0x138
00007ffd`0928963a     : 00000000`00000000 0000020a`270f25b0 0000020a`270f2500 0000020a`270f25b0 : combase!ServerCall::ContextInvoke+0x28f
00007ffd`09279cdc     : 00000000`00000000 000000b0`7abfe160 0000020a`270f25b0 00007ffd`092798c2 : combase!DefaultInvokeInApartment+0x8a
00007ffd`09282d6f     : 00000000`00000000 00000000`00000000 00000209`a46f99c0 00000000`00000000 : combase!ComInvokeWithLockAndIPID+0xd0c
(Inline Function)     : --------`-------- --------`-------- --------`-------- --------`-------- : combase!ThreadInvokeReturnHresult+0x108
00007ffd`0a167b27     : 00000000`00000000 00007ffd`0a132900 00003c83`547f6601 00007ffd`0a133c00 : combase!ThreadInvoke+0x11f
00007ffd`0a130f44     : 00000000`00000000 00000000`00000000 000000b0`7abfe650 00000000`00000000 : RPCRT4!DispatchToStubInCNoAvrf+0x17
00007ffd`0a131d0a     : 000000b0`7abfe6c0 00000000`00000001 000000b0`00000000 00000209`a497a4d0 : RPCRT4!RPC_INTERFACE::DispatchToStubWorker+0x194
00007ffd`0a11f0e4     : 00000209`00000000 00000000`00000000 00000209`a497a4d0 00000000`00000000 : RPCRT4!LRPC_SCALL::DispatchRequest+0x85a
00007ffd`0a12f4ac     : 0000020a`270e4f90 00000000`00000000 00000209`a49ef480 00000000`00000000 : RPCRT4!LRPC_SCALL::QueueOrDispatchCall+0xe4
00007ffd`0a1354ac     : 00000209`a497a4d0 00000209`a497a4d0 00000209`a497a4d0 00000000`00000000 : RPCRT4!LRPC_SCALL::HandleRequest+0x2bc
00007ffd`0a134633     : 00000209`a49ef480 00000209`a49ef480 00000000`00000000 00000001`00000001 : RPCRT4!LRPC_ADDRESS::HandleRequest+0x3ac
00007ffd`0a1335d8     : 000000b0`7abff5e8 00000000`00000000 00000209`a41b6f38 000000b0`7abff5e8 : RPCRT4!LRPC_ADDRESS::ProcessIO+0x2f3
00007ffd`0a399eee     : 00000209`a4000000 00007ffd`0a3a61d7 00000000`00000390 00000000`00000000 : RPCRT4!LrpcIoComplete+0xc8
00007ffd`0a39a843     : 00000000`00000008 00000000`00000000 00000209`a49adf60 00000000`00000000 : ntdll!TppAlpcpExecuteCallback+0x44e
00007ffd`090dcd87     : 00000000`00000000 00000000`00000000 00000000`00000000 00000000`00000000 : ntdll!TppWorkerThread+0x563
00007ffd`0a42caec     : 00000000`00000000 00000000`00000000 000004f0`fffffb30 000004d0`fffffb30 : KERNEL32!BaseThreadInitThunk+0x17
00000000`00000000     : 00000000`00000000 00000000`00000000 00000000`00000000 00000000`00000000 : ntdll!RtlUserThreadStart+0x2c

  32  Id: 31f0.2090 Suspend: 1 Teb: 000000b0`59d37000 Unfrozen
RetAddr               : Args to Child                                                           : Call Site
00007ffd`0a39a65e     : 00000000`0000ffff 00000000`00000000 00007ffd`0a398d70 00000209`a4103280 : ntdll!NtWaitForWorkViaWorkerFactory+0x17
00007ffd`090dcd87     : 00000000`00000000 00000000`00000000 00000000`00000000 00000000`00000000 : ntdll!TppWorkerThread+0x37e
00007ffd`0a42caec     : 00000000`00000000 00000000`00000000 000004f0`fffffb30 000004d0`fffffb30 : KERNEL32!BaseThreadInitThunk+0x17
00000000`00000000     : 00000000`00000000 00000000`00000000 00000000`00000000 00000000`00000000 : ntdll!RtlUserThreadStart+0x2c

  33  Id: 31f0.8b0 Suspend: 1 Teb: 000000b0`59d39000 Unfrozen
RetAddr               : Args to Child                                                           : Call Site
00007ffd`0a39a65e     : 00000000`0000ffff 00000000`00000000 00007ffd`0a398d70 00000209`a4103280 : ntdll!NtWaitForWorkViaWorkerFactory+0x17
00007ffd`090dcd87     : 00000000`00000000 00000000`00000000 00000000`00000000 00000000`00000000 : ntdll!TppWorkerThread+0x37e
00007ffd`0a42caec     : 00000000`00000000 00000000`00000000 000004f0`fffffb30 000004d0`fffffb30 : KERNEL32!BaseThreadInitThunk+0x17
00000000`00000000     : 00000000`00000000 00000000`00000000 00000000`00000000 00000000`00000000 : ntdll!RtlUserThreadStart+0x2c

  34  Id: 31f0.1e48 Suspend: 1 Teb: 000000b0`59d3b000 Unfrozen
RetAddr               : Args to Child                                                           : Call Site
00007ffd`0a39a65e     : 00000000`00000000 00000000`00000000 00007ffd`0a399aa0 00000209`a4103280 : ntdll!NtWaitForWorkViaWorkerFactory+0x17
00007ffd`090dcd87     : 00000000`00000000 00000000`00000000 00000000`00000000 00000000`00000000 : ntdll!TppWorkerThread+0x37e
00007ffd`0a42caec     : 00000000`00000000 00000000`00000000 000004f0`fffffb30 000004d0`fffffb30 : KERNEL32!BaseThreadInitThunk+0x17
00000000`00000000     : 00000000`00000000 00000000`00000000 00000000`00000000 00000000`00000000 : ntdll!RtlUserThreadStart+0x2c

  35  Id: 31f0.339c Suspend: 1 Teb: 000000b0`59d3f000 Unfrozen
RetAddr               : Args to Child                                                           : Call Site
00007ffd`0a39a65e     : 00000209`a4103280 000000b0`59ce8000 00000000`00000000 00000209`a4103280 : ntdll!NtWaitForWorkViaWorkerFactory+0x17
00007ffd`090dcd87     : 00000000`00000000 00000000`00000000 00000000`00000000 00000000`00000000 : ntdll!TppWorkerThread+0x37e
00007ffd`0a42caec     : 00000000`00000000 00000000`00000000 000004f0`fffffb30 000004d0`fffffb30 : KERNEL32!BaseThreadInitThunk+0x17
00000000`00000000     : 00000000`00000000 00000000`00000000 00000000`00000000 00000000`00000000 : ntdll!RtlUserThreadStart+0x2c
quit:
NatVis script unloaded from 'C:\ubm-rc21-qualification\tools\windbg\amd64\Visualizers\atlmfc.natvis'
NatVis script unloaded from 'C:\ubm-rc21-qualification\tools\windbg\amd64\Visualizers\concurrency.natvis'
NatVis script unloaded from 'C:\ubm-rc21-qualification\tools\windbg\amd64\Visualizers\cpp_rest.natvis'
NatVis script unloaded from 'C:\ubm-rc21-qualification\tools\windbg\amd64\Visualizers\ObjectiveC.natvis'
NatVis script unloaded from 'C:\ubm-rc21-qualification\tools\windbg\amd64\Visualizers\stl.natvis'
NatVis script unloaded from 'C:\ubm-rc21-qualification\tools\windbg\amd64\Visualizers\Windows.Data.Json.natvis'
NatVis script unloaded from 'C:\ubm-rc21-qualification\tools\windbg\amd64\Visualizers\Windows.Devices.Geolocation.natvis'
NatVis script unloaded from 'C:\ubm-rc21-qualification\tools\windbg\amd64\Visualizers\Windows.Devices.Sensors.natvis'
NatVis script unloaded from 'C:\ubm-rc21-qualification\tools\windbg\amd64\Visualizers\Windows.Media.natvis'
NatVis script unloaded from 'C:\ubm-rc21-qualification\tools\windbg\amd64\Visualizers\windows.natvis'
NatVis script unloaded from 'C:\ubm-rc21-qualification\tools\windbg\amd64\Visualizers\winrt.natvis'
{"phase":"native-call-start","name":"close","args":[]}
{"phase":"native-call-settled","name":"close","ok":true,"value":{"state":"released","failures":[]}}
{"phase":"runtime-capabilities","runtime":{"node":"26.3.0","bun":"1.4.2","boringssl":"41bf9b59c2ebf277a7aa427e1ecad5cc80dd4d4f","openssl":"1.1.0","llhttp":"9.3.0","libarchive":"ded82291ab41d5e355831b96b0e1ff49e24d8939","mimalloc":"6a64e1ba7f5b2130d4efccb67ec87fd0003f0f6a","picohttpparser":"066d2b1e9ab820703db0837a7255d92d30f0c9f5","uwebsockets":"744846f844374847c902b5e7fd59b4342a51ef99","webkit":"2e2aa2290fac856d6f451ceacb58f7f5b44dd057","zig":"04e7f6ac1e009525bc00934f20199c68f04e0a24","zlib":"12731092979c6d07f42da27da673a9f6c7b13586","tinycc":"05f0fafaa3be31e31d7b4b5c17dc60f62c991171","lolhtml":"725ce499aa9b71e38b7a2d0a9fbb6d7294a4079e","ares":"c7a3138dcfe3bb0eaaf10c0c24c36dc66dc790ab","libdeflate":"c8c56a20f8f621e6a966b716b31f1dedab6a41e3","usockets":"744846f844374847c902b5e7fd59b4342a51ef99","lshpack":"8905c024b6d052f083a3d11d0a169b3c2735c8a1","zstd":"f8745da6ff1ad1e7bab384bd1f9d742439278e99","v8":"14.6.202.34-node.20","uv":"1.51.1-dev","napi":"10","icu":"78.3","unicode":"17.0","sqlite":"3.53.2","modules":"147"},"features":[{"id":"connection:parameters","state":"limited","selectedSchemaRange":{"axis":"capability-schema","minimum":{"axis":"capability-schema","value":1},"maximum":{"axis":"capability-schema","value":1}},"implementationOrigin":"backend-native","tck":{"suiteId":"connection-controls","requiredScenarioIds":["connection.rssi-and-att-mtu-capability-contract"],"contractRange":{"axis":"capability-schema","minimum":{"axis":"capability-schema","value":1},"maximum":{"axis":"capability-schema","value":1}}},"evidence":{"receiptId":"winrt-rust-core-connection-parameters-v2:deterministic","evidenceLevel":"deterministic","implementationVersion":"5.0.0-rc.21","sourceDigest":"winrt-rust-core-connection-parameters-v2","scenarioIds":["connection.rssi-and-att-mtu-capability-contract"],"limitations":[{"code":"live-radio-qualification-pending","explanation":"The backend operation has deterministic contract coverage; physical-radio qualification remains separate.","affectedGuarantee":"reliability-qualified physical-radio interoperability"}]},"limitations":[{"code":"live-radio-qualification-pending","explanation":"The backend operation has deterministic contract coverage; physical-radio qualification remains separate.","affectedGuarantee":"reliability-qualified physical-radio interoperability"}],"limits":{"availability":{"maximum":1,"minimum":null,"unit":"boolean"}}},{"id":"connection:priority","state":"limited","selectedSchemaRange":{"axis":"capability-schema","minimum":{"axis":"capability-schema","value":1},"maximum":{"axis":"capability-schema","value":1}},"implementationOrigin":"backend-native","tck":{"suiteId":"connection-controls","requiredScenarioIds":["connection.rssi-and-att-mtu-capability-contract"],"contractRange":{"axis":"capability-schema","minimum":{"axis":"capability-schema","value":1},"maximum":{"axis":"capability-schema","value":1}}},"evidence":{"receiptId":"winrt-rust-core-connection-priority-v2:deterministic","evidenceLevel":"deterministic","implementationVersion":"5.0.0-rc.21","sourceDigest":"winrt-rust-core-connection-priority-v2","scenarioIds":["connection.rssi-and-att-mtu-capability-contract"],"limitations":[{"code":"live-radio-qualification-pending","explanation":"The backend operation has deterministic contract coverage; physical-radio qualification remains separate.","affectedGuarantee":"reliability-qualified physical-radio interoperability"}]},"limitations":[{"code":"live-radio-qualification-pending","explanation":"The backend operation has deterministic contract coverage; physical-radio qualification remains separate.","affectedGuarantee":"reliability-qualified physical-radio interoperability"}],"limits":{"availability":{"maximum":1,"minimum":null,"unit":"boolean"}}},{"id":"peer:known","state":"limited","selectedSchemaRange":{"axis":"capability-schema","minimum":{"axis":"capability-schema","value":1},"maximum":{"axis":"capability-schema","value":1}},"implementationOrigin":"backend-native","tck":{"suiteId":"capability.catalog-v2","requiredScenarioIds":["scenario.scan-connect-discover-read-notify-destroy"],"contractRange":{"axis":"capability-schema","minimum":{"axis":"capability-schema","value":1},"maximum":{"axis":"capability-schema","value":1}}},"evidence":{"receiptId":"winrt-rust-core-peer-known-v1:deterministic","evidenceLevel":"deterministic","implementationVersion":"5.0.0-rc.21","sourceDigest":"winrt-rust-core-peer-known-v1","scenarioIds":["scenario.scan-connect-discover-read-notify-destroy"],"limitations":[{"code":"live-radio-qualification-pending","explanation":"The backend operation has deterministic contract coverage; physical-radio qualification remains separate.","affectedGuarantee":"reliability-qualified physical-radio interoperability"}]},"limitations":[{"code":"live-radio-qualification-pending","explanation":"The backend operation has deterministic contract coverage; physical-radio qualification remains separate.","affectedGuarantee":"reliability-qualified physical-radio interoperability"}],"limits":{"availability":{"maximum":1,"minimum":null,"unit":"boolean"}}},{"id":"peer:system-connected","state":"limited","selectedSchemaRange":{"axis":"capability-schema","minimum":{"axis":"capability-schema","value":1},"maximum":{"axis":"capability-schema","value":1}},"implementationOrigin":"backend-native","tck":{"suiteId":"capability.catalog-v2","requiredScenarioIds":["scenario.scan-connect-discover-read-notify-destroy"],"contractRange":{"axis":"capability-schema","minimum":{"axis":"capability-schema","value":1},"maximum":{"axis":"capability-schema","value":1}}},"evidence":{"receiptId":"winrt-rust-core-peer-system-connected-v1:deterministic","evidenceLevel":"deterministic","implementationVersion":"5.0.0-rc.21","sourceDigest":"winrt-rust-core-peer-system-connected-v1","scenarioIds":["scenario.scan-connect-discover-read-notify-destroy"],"limitations":[{"code":"live-radio-qualification-pending","explanation":"The backend operation has deterministic contract coverage; physical-radio qualification remains separate.","affectedGuarantee":"reliability-qualified physical-radio interoperability"}]},"limitations":[{"code":"live-radio-qualification-pending","explanation":"The backend operation has deterministic contract coverage; physical-radio qualification remains separate.","affectedGuarantee":"reliability-qualified physical-radio interoperability"}],"limits":{"availability":{"maximum":1,"minimum":null,"unit":"boolean"}}}]}
{"phase":"system-directory-before-manager-scan","known":[],"connected":[],"counters":{"activeScanControllers":0,"scanConsumers":0,"chooserSessions":0,"connectionLeases":0,"physicalLinks":0,"databaseSnapshots":0,"physicalCccdEnablements":0,"subscriptionConsumers":0,"queuedOperations":0,"dispatchedOperations":0,"retainedByteBuffers":0,"restorationRecords":0,"orphanedIpcOwners":0}}
{"phase":"heartbeat","at":1791404978943}
{"phase":"native-scan-target","name":"SIM Polar H10 0001","reference":null,"provenance":"platform-raw","origin":"advertisement","connectable":null}
{"phase":"native-parameters-and-priority","snapshot":{"connectionGeneration":"1","observedAtMonotonicMs":9433.3569,"source":"backend","authority":"backend-observation","limitations":[{"code":"live-radio-qualification-pending","explanation":"The backend operation has deterministic contract coverage; physical-radio qualification remains separate.","affectedGuarantee":"reliability-qualified physical-radio interoperability"}],"state":"measured","intervalMs":20,"peripheralLatency":0,"supervisionTimeoutMs":9600,"subrateFactor":null,"connectionEventLengthMs":null},"initial":{"connectionGeneration":"1","observedAtMonotonicMs":9438.3323,"source":"backend","authority":"backend-observation","limitations":[{"code":"live-radio-qualification-pending","explanation":"The backend operation has deterministic contract coverage; physical-radio qualification remains separate.","affectedGuarantee":"reliability-qualified physical-radio interoperability"}],"state":"measured","intervalMs":20,"peripheralLatency":0,"supervisionTimeoutMs":9600,"subrateFactor":null,"connectionEventLengthMs":null},"priorities":[{"connectionGeneration":"1","observedAtMonotonicMs":9450.5938,"source":"backend","authority":"backend-operation","limitations":[{"code":"live-radio-qualification-pending","explanation":"The backend operation has deterministic contract coverage; physical-radio qualification remains separate.","affectedGuarantee":"reliability-qualified physical-radio interoperability"}],"state":"accepted","requested":"low-power"},{"connectionGeneration":"1","observedAtMonotonicMs":9466.4713,"source":"backend","authority":"backend-operation","limitations":[{"code":"live-radio-qualification-pending","explanation":"The backend operation has deterministic contract coverage; physical-radio qualification remains separate.","affectedGuarantee":"reliability-qualified physical-radio interoperability"}],"state":"accepted","requested":"balanced"},{"connectionGeneration":"1","observedAtMonotonicMs":9475.0506,"source":"backend","authority":"backend-operation","limitations":[{"code":"live-radio-qualification-pending","explanation":"The backend operation has deterministic contract coverage; physical-radio qualification remains separate.","affectedGuarantee":"reliability-qualified physical-radio interoperability"}],"state":"accepted","requested":"high-throughput"}]}
{"phase":"parameter-return-start"}
{"phase":"parameter-return-complete"}
{"phase":"discover-start"}
{"phase":"native-call-start","name":"discover","args":[{"peerId":"public:DC:56:7B:D9:E8:A4","lease":"winrt-core-lease-5","ticket":"ticket-10","timeoutMs":24994}]}
{"phase":"heartbeat","at":1791404983943}
{"phase":"heartbeat","at":1791404988944}
{"phase":"heartbeat","at":1791404993945}
{"phase":"heartbeat","at":1791404998947}
{"phase":"heartbeat","at":1791405003947}
{"phase":"native-call-settled","name":"discover","ok":false,"error":"Error: operation.timed-out|connection|discovery.complete|caller-decides|||"}
{"phase":"primary-scenario-error","code":"operation.timed-out","message":"operation.timed-out: winrt.gatt.discover","platform":{"domain":"desktop-rust-core","code":"core-detail","safeMessage":"","metadata":{"coreOperation":"discovery.complete"}}}
{"phase":"cleanup-start"}
{"phase":"cleanup-resource-start","name":"connection"}
{"phase":"native-call-start","name":"disconnect","args":[{"peerId":"public:DC:56:7B:D9:E8:A4","lease":"winrt-core-lease-5"}]}
{"phase":"heartbeat","at":1791405008947}
{"phase":"heartbeat","at":1791405013948}
{"phase":"heartbeat","at":1791405018949}
{"phase":"heartbeat","at":1791405023950}
{"phase":"heartbeat","at":1791405028952}
{"phase":"heartbeat","at":1791405033952}
{"phase":"heartbeat","at":1791405038953}
{"phase":"heartbeat","at":1791405050154}
{"phase":"heartbeat","at":1791405055144}
{"phase":"heartbeat","at":1791405060145}
{"phase":"heartbeat","at":1791405065146}
{"phase":"heartbeat","at":1791405070147}

#< CLIXML
<Objs Version="1.1.0.1" xmlns="http://schemas.microsoft.com/powershell/2004/04"><S S="Error">Retained Bun diagnostic exceeded bounded native lifetime_x000D__x000A_</S><S S="Error">At line:22 char:3_x000D__x000A_</S><S S="Error">+   throw 'Retained Bun diagnostic exceeded bounded native lifetime'_x000D__x000A_</S><S S="Error">+   ~~~~~~~~~~~~~~~~~~~~~~~~~~~~~~~~~~~~~~~~~~~~~~~~~~~~~~~~~~~~~~~~_x000D__x000A_</S><S S="Error">    + CategoryInfo          : OperationStopped: (Retained Bun di...native lifetime:String) [], RuntimeException_x000D__x000A_</S><S S="Error">    + FullyQualifiedErrorId : Retained Bun diagnostic exceeded bounded native lifetime_x000D__x000A_</S><S S="Error"> _x000D__x000A_</S></Objs>
{"exitcode": 1, "outTruncated": false, "errTruncated": false}
